
 Start         Length     Name                   Class
 0001:00401000 00009728H .text                   CODE
 0002:0040B000 00000448H .itext                  ICODE
 0003:0040C000 00000098H .data                   DATA
 0004:0040D000 00000078H .bss                    BSS
 0005:00000000 00000000H .tls                    TLS
 0006:00400000 00000000H .pdata                  PDATA


Detailed map of segments

 0001:00000000 00000130 C=CODE     S=.text    G=(none)   M=System   ACBP=A9
 0001:00000130 00000CF4 C=CODE     S=.text    G=(none)   M=SysInit  ACBP=A9
 0001:00000E24 00000008 C=CODE     S=.text    G=(none)   M=System.UITypes ACBP=A9
 0001:00000E2C 0000006C C=CODE     S=.text    G=(none)   M=Winapi.Windows ACBP=A9
 0001:00000E98 00000024 C=CODE     S=.text    G=(none)   M=Winapi.PsAPI ACBP=A9
 0001:00000EBC 00000008 C=CODE     S=.text    G=(none)   M=System.Character ACBP=A9
 0001:00000EC4 00000008 C=CODE     S=.text    G=(none)   M=System.Internal.ExcUtils ACBP=A9
 0001:00000ECC 00000078 C=CODE     S=.text    G=(none)   M=System.SysUtils ACBP=A9
 0001:00000F44 00000008 C=CODE     S=.text    G=(none)   M=System.VarUtils ACBP=A9
 0001:00000F4C 00000030 C=CODE     S=.text    G=(none)   M=System.Variants ACBP=A9
 0001:00000F7C 00000008 C=CODE     S=.text    G=(none)   M=System.TypInfo ACBP=A9
 0001:00000F84 00000008 C=CODE     S=.text    G=(none)   M=System.Math ACBP=A9
 0001:00000F8C 00000010 C=CODE     S=.text    G=(none)   M=System.Generics.Defaults ACBP=A9
 0001:00000F9C 00000010 C=CODE     S=.text    G=(none)   M=System.Rtti ACBP=A9
 0001:00000FAC 00000008 C=CODE     S=.text    G=(none)   M=System.TimeSpan ACBP=A9
 0001:00000FB4 00000108 C=CODE     S=.text    G=(none)   M=System.Classes ACBP=A9
 0001:000010BC 00000028 C=CODE     S=.text    G=(none)   M=System.Contnrs ACBP=A9
 0001:000010E4 00000B9C C=CODE     S=.text    G=(none)   M=LCDPRBlocos ACBP=A9
 0001:00001C80 00000008 C=CODE     S=.text    G=(none)   M=System.SyncObjs ACBP=A9
 0001:00001C88 00000010 C=CODE     S=.text    G=(none)   M=System.DateUtils ACBP=A9
 0001:00001C98 00000008 C=CODE     S=.text    G=(none)   M=System.IOUtils ACBP=A9
 0001:00001CA0 00000008 C=CODE     S=.text    G=(none)   M=System.IniFiles ACBP=A9
 0001:00001CA8 00000008 C=CODE     S=.text    G=(none)   M=System.Win.Registry ACBP=A9
 0001:00001CB0 00000008 C=CODE     S=.text    G=(none)   M=System.UIConsts ACBP=A9
 0001:00001CB8 00000010 C=CODE     S=.text    G=(none)   M=Vcl.Graphics ACBP=A9
 0001:00001CC8 00000008 C=CODE     S=.text    G=(none)   M=System.Messaging ACBP=A9
 0001:00001CD0 00000008 C=CODE     S=.text    G=(none)   M=System.Actions ACBP=A9
 0001:00001CD8 00000008 C=CODE     S=.text    G=(none)   M=Winapi.UxTheme ACBP=A9
 0001:00001CE0 00000008 C=CODE     S=.text    G=(none)   M=Vcl.ActnList ACBP=A9
 0001:00001CE8 00000008 C=CODE     S=.text    G=(none)   M=System.AnsiStrings ACBP=A9
 0001:00001CF0 00000010 C=CODE     S=.text    G=(none)   M=System.Win.ComObj ACBP=A9
 0001:00001D00 00000068 C=CODE     S=.text    G=(none)   M=Winapi.MsCTF ACBP=A9
 0001:00001D68 00000008 C=CODE     S=.text    G=(none)   M=Vcl.GraphUtil ACBP=A9
 0001:00001D70 00000008 C=CODE     S=.text    G=(none)   M=Vcl.Controls ACBP=A9
 0001:00001D78 00000098 C=CODE     S=.text    G=(none)   M=Vcl.StdCtrls ACBP=A9
 0001:00001E10 00000008 C=CODE     S=.text    G=(none)   M=Vcl.Clipbrd ACBP=A9
 0001:00001E18 00000030 C=CODE     S=.text    G=(none)   M=Vcl.ExtCtrls ACBP=A9
 0001:00001E48 00000010 C=CODE     S=.text    G=(none)   M=Vcl.Themes ACBP=A9
 0001:00001E58 00000008 C=CODE     S=.text    G=(none)   M=Vcl.Menus ACBP=A9
 0001:00001E60 00000008 C=CODE     S=.text    G=(none)   M=System.HelpIntfs ACBP=A9
 0001:00001E68 00000008 C=CODE     S=.text    G=(none)   M=Winapi.FlatSB ACBP=A9
 0001:00001E70 000000C8 C=CODE     S=.text    G=(none)   M=Vcl.ComCtrls ACBP=A9
 0001:00001F38 00000020 C=CODE     S=.text    G=(none)   M=Vcl.Forms ACBP=A9
 0001:00001F58 00000008 C=CODE     S=.text    G=(none)   M=Vcl.Printers ACBP=A9
 0001:00001F60 00000008 C=CODE     S=.text    G=(none)   M=Vcl.Dialogs ACBP=A9
 0001:00001F68 00000008 C=CODE     S=.text    G=(none)   M=ACBrConsts ACBP=A9
 0001:00001F70 00000008 C=CODE     S=.text    G=(none)   M=ACBrUtil.Strings ACBP=A9
 0001:00001F78 00000008 C=CODE     S=.text    G=(none)   M=synautil ACBP=A9
 0001:00001F80 00000008 C=CODE     S=.text    G=(none)   M=System.Zip ACBP=A9
 0001:00001F88 00000008 C=CODE     S=.text    G=(none)   M=ACBrUtil.Base ACBP=A9
 0001:00001F90 00000008 C=CODE     S=.text    G=(none)   M=ACBrUtil.FilesIO ACBP=A9
 0001:00001F98 00000018 C=CODE     S=.text    G=(none)   M=ACBrUtil ACBP=A9
 0001:00001FB0 00000F3C C=CODE     S=.text    G=(none)   M=Registro0040 ACBP=A9
 0001:00002EEC 00000674 C=CODE     S=.text    G=(none)   M=Registro0045 ACBP=A9
 0001:00003560 000007F8 C=CODE     S=.text    G=(none)   M=Bloco0040 ACBP=A9
 0001:00003D58 000006D0 C=CODE     S=.text    G=(none)   M=Registro0050 ACBP=A9
 0001:00004428 00000368 C=CODE     S=.text    G=(none)   M=Bloco0050 ACBP=A9
 0001:00004790 00000930 C=CODE     S=.text    G=(none)   M=RegistroQ100 ACBP=A9
 0001:000050C0 00000648 C=CODE     S=.text    G=(none)   M=RegistroQ200 ACBP=A9
 0001:00005708 000005FC C=CODE     S=.text    G=(none)   M=BlocoQ   ACBP=A9
 0001:00005D04 00000460 C=CODE     S=.text    G=(none)   M=Registro0000 ACBP=A9
 0001:00006164 00000110 C=CODE     S=.text    G=(none)   M=Registro0010 ACBP=A9
 0001:00006274 00000964 C=CODE     S=.text    G=(none)   M=Registro0030 ACBP=A9
 0001:00006BD8 00000108 C=CODE     S=.text    G=(none)   M=Registro9999 ACBP=A9
 0001:00006CE0 00000194 C=CODE     S=.text    G=(none)   M=LCDPRUtils ACBP=A9
 0001:00006E74 000002F4 C=CODE     S=.text    G=(none)   M=uDadosContador ACBP=A9
 0001:00007168 00001D6C C=CODE     S=.text    G=(none)   M=UACBrLCDPR ACBP=A9
 0001:00008ED4 00000854 C=CODE     S=.text    G=(none)   M=.ACBr_LCDPR ACBP=A9
 0002:00000000 00000008 C=ICODE    S=.itext   G=(none)   M=System   ACBP=A9
 0002:00000008 00000008 C=ICODE    S=.itext   G=(none)   M=SysInit  ACBP=A9
 0002:00000010 00000008 C=ICODE    S=.itext   G=(none)   M=System.UITypes ACBP=A9
 0002:00000018 00000018 C=ICODE    S=.itext   G=(none)   M=Winapi.Windows ACBP=A9
 0002:00000030 00000008 C=ICODE    S=.itext   G=(none)   M=Winapi.PsAPI ACBP=A9
 0002:00000038 00000008 C=ICODE    S=.itext   G=(none)   M=System.Character ACBP=A9
 0002:00000040 00000008 C=ICODE    S=.itext   G=(none)   M=System.Internal.ExcUtils ACBP=A9
 0002:00000048 00000028 C=ICODE    S=.itext   G=(none)   M=System.SysUtils ACBP=A9
 0002:00000070 00000008 C=ICODE    S=.itext   G=(none)   M=System.VarUtils ACBP=A9
 0002:00000078 00000008 C=ICODE    S=.itext   G=(none)   M=System.Variants ACBP=A9
 0002:00000080 00000008 C=ICODE    S=.itext   G=(none)   M=System.TypInfo ACBP=A9
 0002:00000088 00000008 C=ICODE    S=.itext   G=(none)   M=System.Math ACBP=A9
 0002:00000090 00000010 C=ICODE    S=.itext   G=(none)   M=System.Generics.Defaults ACBP=A9
 0002:000000A0 00000010 C=ICODE    S=.itext   G=(none)   M=System.Rtti ACBP=A9
 0002:000000B0 00000008 C=ICODE    S=.itext   G=(none)   M=System.TimeSpan ACBP=A9
 0002:000000B8 00000040 C=ICODE    S=.itext   G=(none)   M=System.Classes ACBP=A9
 0002:000000F8 00000008 C=ICODE    S=.itext   G=(none)   M=LCDPRBlocos ACBP=A9
 0002:00000100 00000008 C=ICODE    S=.itext   G=(none)   M=System.SyncObjs ACBP=A9
 0002:00000108 00000010 C=ICODE    S=.itext   G=(none)   M=System.DateUtils ACBP=A9
 0002:00000118 00000008 C=ICODE    S=.itext   G=(none)   M=System.IOUtils ACBP=A9
 0002:00000120 00000008 C=ICODE    S=.itext   G=(none)   M=System.IniFiles ACBP=A9
 0002:00000128 00000008 C=ICODE    S=.itext   G=(none)   M=System.Win.Registry ACBP=A9
 0002:00000130 00000008 C=ICODE    S=.itext   G=(none)   M=System.UIConsts ACBP=A9
 0002:00000138 00000010 C=ICODE    S=.itext   G=(none)   M=Vcl.Graphics ACBP=A9
 0002:00000148 00000008 C=ICODE    S=.itext   G=(none)   M=System.Messaging ACBP=A9
 0002:00000150 00000008 C=ICODE    S=.itext   G=(none)   M=System.Actions ACBP=A9
 0002:00000158 00000008 C=ICODE    S=.itext   G=(none)   M=Winapi.UxTheme ACBP=A9
 0002:00000160 00000008 C=ICODE    S=.itext   G=(none)   M=Vcl.ActnList ACBP=A9
 0002:00000168 00000008 C=ICODE    S=.itext   G=(none)   M=System.AnsiStrings ACBP=A9
 0002:00000170 00000010 C=ICODE    S=.itext   G=(none)   M=System.Win.ComObj ACBP=A9
 0002:00000180 00000010 C=ICODE    S=.itext   G=(none)   M=Winapi.MsCTF ACBP=A9
 0002:00000190 00000008 C=ICODE    S=.itext   G=(none)   M=Vcl.GraphUtil ACBP=A9
 0002:00000198 00000008 C=ICODE    S=.itext   G=(none)   M=Vcl.Controls ACBP=A9
 0002:000001A0 00000098 C=ICODE    S=.itext   G=(none)   M=Vcl.StdCtrls ACBP=A9
 0002:00000238 00000008 C=ICODE    S=.itext   G=(none)   M=Vcl.Clipbrd ACBP=A9
 0002:00000240 00000030 C=ICODE    S=.itext   G=(none)   M=Vcl.ExtCtrls ACBP=A9
 0002:00000270 00000010 C=ICODE    S=.itext   G=(none)   M=Vcl.Themes ACBP=A9
 0002:00000280 00000008 C=ICODE    S=.itext   G=(none)   M=Vcl.Menus ACBP=A9
 0002:00000288 00000008 C=ICODE    S=.itext   G=(none)   M=System.HelpIntfs ACBP=A9
 0002:00000290 00000008 C=ICODE    S=.itext   G=(none)   M=Winapi.FlatSB ACBP=A9
 0002:00000298 000000C8 C=ICODE    S=.itext   G=(none)   M=Vcl.ComCtrls ACBP=A9
 0002:00000360 00000020 C=ICODE    S=.itext   G=(none)   M=Vcl.Forms ACBP=A9
 0002:00000380 00000008 C=ICODE    S=.itext   G=(none)   M=Vcl.Printers ACBP=A9
 0002:00000388 00000008 C=ICODE    S=.itext   G=(none)   M=Vcl.Dialogs ACBP=A9
 0002:00000390 00000008 C=ICODE    S=.itext   G=(none)   M=ACBrConsts ACBP=A9
 0002:00000398 00000008 C=ICODE    S=.itext   G=(none)   M=ACBrUtil.Strings ACBP=A9
 0002:000003A0 00000008 C=ICODE    S=.itext   G=(none)   M=synautil ACBP=A9
 0002:000003A8 00000008 C=ICODE    S=.itext   G=(none)   M=System.Zip ACBP=A9
 0002:000003B0 00000008 C=ICODE    S=.itext   G=(none)   M=ACBrUtil.Base ACBP=A9
 0002:000003B8 00000008 C=ICODE    S=.itext   G=(none)   M=ACBrUtil.FilesIO ACBP=A9
 0002:000003C0 00000008 C=ICODE    S=.itext   G=(none)   M=ACBrUtil ACBP=A9
 0002:000003C8 00000008 C=ICODE    S=.itext   G=(none)   M=Registro0040 ACBP=A9
 0002:000003D0 00000008 C=ICODE    S=.itext   G=(none)   M=Registro0045 ACBP=A9
 0002:000003D8 00000008 C=ICODE    S=.itext   G=(none)   M=Bloco0040 ACBP=A9
 0002:000003E0 00000008 C=ICODE    S=.itext   G=(none)   M=Registro0050 ACBP=A9
 0002:000003E8 00000008 C=ICODE    S=.itext   G=(none)   M=Bloco0050 ACBP=A9
 0002:000003F0 00000008 C=ICODE    S=.itext   G=(none)   M=RegistroQ100 ACBP=A9
 0002:000003F8 00000008 C=ICODE    S=.itext   G=(none)   M=RegistroQ200 ACBP=A9
 0002:00000400 00000008 C=ICODE    S=.itext   G=(none)   M=BlocoQ   ACBP=A9
 0002:00000408 00000008 C=ICODE    S=.itext   G=(none)   M=Registro0000 ACBP=A9
 0002:00000410 00000008 C=ICODE    S=.itext   G=(none)   M=Registro0010 ACBP=A9
 0002:00000418 00000008 C=ICODE    S=.itext   G=(none)   M=Registro0030 ACBP=A9
 0002:00000420 00000008 C=ICODE    S=.itext   G=(none)   M=Registro9999 ACBP=A9
 0002:00000428 00000008 C=ICODE    S=.itext   G=(none)   M=LCDPRUtils ACBP=A9
 0002:00000430 00000008 C=ICODE    S=.itext   G=(none)   M=uDadosContador ACBP=A9
 0002:00000438 00000008 C=ICODE    S=.itext   G=(none)   M=UACBrLCDPR ACBP=A9
 0002:00000440 00000008 C=ICODE    S=.itext   G=(none)   M=.ACBr_LCDPR ACBP=A9
 0003:00000000 00000088 C=DATA     S=.data    G=DGROUP   M=SysInit  ACBP=A9
 0003:00000088 0000000C C=DATA     S=.data    G=DGROUP   M=Winapi.Windows ACBP=A9
 0003:00000094 00000004 C=DATA     S=.data    G=DGROUP   M=Winapi.MsCTF ACBP=A9
 0004:00000000 00000024 C=BSS      S=.bss     G=DGROUP   M=SysInit  ACBP=A9
 0004:00000024 00000008 C=BSS      S=.bss     G=DGROUP   M=Winapi.Windows ACBP=A9
 0004:0000002C 00000008 C=BSS      S=.bss     G=DGROUP   M=Winapi.PsAPI ACBP=A9
 0004:00000034 00000004 C=BSS      S=.bss     G=DGROUP   M=LCDPRBlocos ACBP=A9
 0004:00000038 00000004 C=BSS      S=.bss     G=DGROUP   M=Winapi.MsCTF ACBP=A9
 0004:0000003C 00000004 C=BSS      S=.bss     G=DGROUP   M=Registro0040 ACBP=A9
 0004:00000040 00000004 C=BSS      S=.bss     G=DGROUP   M=Registro0045 ACBP=A9
 0004:00000044 00000004 C=BSS      S=.bss     G=DGROUP   M=Bloco0040 ACBP=A9
 0004:00000048 00000004 C=BSS      S=.bss     G=DGROUP   M=Registro0050 ACBP=A9
 0004:0000004C 00000004 C=BSS      S=.bss     G=DGROUP   M=Bloco0050 ACBP=A9
 0004:00000050 00000004 C=BSS      S=.bss     G=DGROUP   M=RegistroQ100 ACBP=A9
 0004:00000054 00000004 C=BSS      S=.bss     G=DGROUP   M=RegistroQ200 ACBP=A9
 0004:00000058 00000004 C=BSS      S=.bss     G=DGROUP   M=BlocoQ   ACBP=A9
 0004:0000005C 00000004 C=BSS      S=.bss     G=DGROUP   M=Registro0000 ACBP=A9
 0004:00000060 00000004 C=BSS      S=.bss     G=DGROUP   M=Registro0010 ACBP=A9
 0004:00000064 00000004 C=BSS      S=.bss     G=DGROUP   M=Registro0030 ACBP=A9
 0004:00000068 00000004 C=BSS      S=.bss     G=DGROUP   M=Registro9999 ACBP=A9
 0004:0000006C 00000004 C=BSS      S=.bss     G=DGROUP   M=LCDPRUtils ACBP=A9
 0004:00000070 00000004 C=BSS      S=.bss     G=DGROUP   M=uDadosContador ACBP=A9
 0004:00000074 00000004 C=BSS      S=.bss     G=DGROUP   M=UACBrLCDPR ACBP=A9


  Address             Publics by Name

 0002:00000440       .ACBr_LCDPR..ACBr_LCDPR
 0001:00009708       .ACBr_LCDPR.@GetPackageInfoTable
 0001:00009710       .ACBr_LCDPR.@PackageLoad
 0001:0000971C       .ACBr_LCDPR.@PackageUnload
 0002:00000390       ACBrConsts.ACBrConsts
 0001:00001F68       ACBrConsts.Finalization
 0002:000003C0       ACBrUtil.ACBrUtil
 0001:00001FA8       ACBrUtil.Finalization
 0001:00001FA0       ACBrUtil.OnlyNumber
 0001:00001F98       ACBrUtil.PadLeft
 0002:000003B0       ACBrUtil.Base.ACBrUtil.Base
 0001:00001F88       ACBrUtil.Base.Finalization
 0002:000003B8       ACBrUtil.FilesIO.ACBrUtil.FilesIO
 0001:00001F90       ACBrUtil.FilesIO.Finalization
 0002:00000398       ACBrUtil.Strings.ACBrUtil.Strings
 0001:00001F70       ACBrUtil.Strings.Finalization
 0004:00000044       Bloco0040..4
 0001:00003560       Bloco0040..TBloco0040
 0001:00003764       Bloco0040..TBloco0040List
 0001:000038D8       Bloco0040..TBlocos0040
 0002:000003D8       Bloco0040.Bloco0040
 0001:00003D50       Bloco0040.Finalization
 0001:00003A48       Bloco0040.TBloco0040.AddRegistro0045
 0001:00003B08       Bloco0040.TBloco0040.Create
 0001:00003B64       Bloco0040.TBloco0040.Destroy
 0001:00003BAC       Bloco0040.TBloco0040.Registro0045New
 0001:00003BDC       Bloco0040.TBloco0040.SetBloco0040
 0001:00003BF8       Bloco0040.TBloco0040.SetBloco0045
 0001:00003CDC       Bloco0040.TBloco0040List.GetItem
 0001:00003D24       Bloco0040.TBloco0040List.New
 0001:00003D00       Bloco0040.TBloco0040List.SetItem
 0001:00003CA0       Bloco0040.TBlocos0040.Bloco0040New
 0001:00003C14       Bloco0040.TBlocos0040.Create
 0001:00003C60       Bloco0040.TBlocos0040.Destroy
 0001:00003CC0       Bloco0040.TBlocos0040.SetBlocos
 0004:0000004C       Bloco0050..2
 0001:00004428       Bloco0050..TBloco0050
 0002:000003E8       Bloco0050.Bloco0050
 0001:00004788       Bloco0050.Finalization
 0001:000045DC       Bloco0050.TBloco0050.AddConta
 0001:000046B4       Bloco0050.TBloco0050.Create
 0001:00004700       Bloco0050.TBloco0050.Destroy
 0001:0000473C       Bloco0050.TBloco0050.Registro0050New
 0001:0000476C       Bloco0050.TBloco0050.SetCONTAS
 0004:00000058       BlocoQ..2
 0001:00005708       BlocoQ..TBlocoQ
 0002:00000400       BlocoQ.BlocoQ
 0001:00005CFC       BlocoQ.Finalization
 0001:00005994       BlocoQ.TBlocoQ.AddRegistroQ100
 0001:00005AF4       BlocoQ.TBlocoQ.AddRegistroQ200
 0001:00005BBC       BlocoQ.TBlocoQ.Create
 0001:00005C18       BlocoQ.TBlocoQ.Destroy
 0001:00005C64       BlocoQ.TBlocoQ.RegistroQ100New
 0001:00005C94       BlocoQ.TBlocoQ.RegistroQ200New
 0001:00005CE0       BlocoQ.TBlocoQ.SetRegistrosQ100
 0001:00005CC4       BlocoQ.TBlocoQ.SetRegistrosQ200
 0004:00000034       LCDPRBlocos..1
 0001:000014FC       LCDPRBlocos.CodVerToStr
 0001:00001C78       LCDPRBlocos.Finalization
 0001:000018EC       LCDPRBlocos.IndFormaApurToStr
 0001:000016B0       LCDPRBlocos.IndInicioToStr
 0001:0000184C       LCDPRBlocos.IndSitEspToStr
 0002:000000F8       LCDPRBlocos.LCDPRBlocos
 0001:00001590       LCDPRBlocos.StrtoCodVer
 0001:000013E4       LCDPRBlocos.StrToEnumerado
 0001:0000172C       LCDPRBlocos.StrtoIndInicio
 0001:00001A38       LCDPRBlocos.TipoContraparteToStr
 0001:00001B08       LCDPRBlocos.TipoDocToStr
 0001:00001944       LCDPRBlocos.TipoExploracaoToStr
 0001:00001BFC       LCDPRBlocos.TipoLancToStr
 0004:0000006C       LCDPRUtils..1
 0001:00006E6C       LCDPRUtils.Finalization
 0001:00006CE0       LCDPRUtils.formatDate
 0001:00006DB0       LCDPRUtils.formatNumeric
 0002:00000428       LCDPRUtils.LCDPRUtils
 0004:0000005C       Registro0000..2
 0001:00005D04       Registro0000..TRegistro0000
 0001:0000615C       Registro0000.Finalization
 0002:00000408       Registro0000.Registro0000
 0001:00005FC0       Registro0000.TRegistro0000.SetCOD_VER
 0001:00005FDC       Registro0000.TRegistro0000.SetCPF
 0001:000060B0       Registro0000.TRegistro0000.SetDT_FIN
 0001:000060CC       Registro0000.TRegistro0000.SetDT_INI
 0001:000060E8       Registro0000.TRegistro0000.SetDT_SIT_ESP
 0001:00006104       Registro0000.TRegistro0000.SetIND_SIT_INI_PER
 0001:00006120       Registro0000.TRegistro0000.SetNOME
 0001:00006140       Registro0000.TRegistro0000.SetSIT_ESPECIAL
 0004:00000060       Registro0010..2
 0001:00006164       Registro0010..TRegistro0010
 0001:0000626C       Registro0010.Finalization
 0002:00000410       Registro0010.Registro0010
 0001:00006250       Registro0010.TRegistro0010.SetFORMA_APUR
 0004:00000064       Registro0030..2
 0001:00006274       Registro0030..TRegistro0030
 0001:00006BD0       Registro0030.Finalization
 0002:00000418       Registro0030.Registro0030
 0001:00006574       Registro0030.TRegistro0030.SetBAIRRO
 0001:0000662C       Registro0030.TRegistro0030.SetCEP
 0001:000066DC       Registro0030.TRegistro0030.SetCOD_MUN
 0001:00006794       Registro0030.TRegistro0030.SetCOMPL
 0001:00006848       Registro0030.TRegistro0030.SetEMAIL
 0001:00006900       Registro0030.TRegistro0030.SetENDERECO
 0001:000069BC       Registro0030.TRegistro0030.SetNUM
 0001:00006A6C       Registro0030.TRegistro0030.SetNUM_TEL
 0001:00006B24       Registro0030.TRegistro0030.SetUF
 0004:0000003C       Registro0040..2
 0001:00001FB0       Registro0040..TRegistro0040
 0001:00002EE4       Registro0040.Finalization
 0002:000003C8       Registro0040.Registro0040
 0001:0000249C       Registro0040.TRegistro0040.SetBAIRRO
 0001:00002554       Registro0040.TRegistro0040.SetCAD_ITR
 0001:00002644       Registro0040.TRegistro0040.SetCAEPF
 0001:000026F8       Registro0040.TRegistro0040.SetCEP
 0001:000027E4       Registro0040.TRegistro0040.SetCOD_IMOVEL
 0001:00002800       Registro0040.TRegistro0040.SetCOD_MUN
 0001:000028B8       Registro0040.TRegistro0040.SetCOMPL
 0001:0000296C       Registro0040.TRegistro0040.SetENDERECO
 0001:00002A28       Registro0040.TRegistro0040.SetINSCR_ESTADUAL
 0001:00002B2C       Registro0040.TRegistro0040.SetMOEDA
 0001:00002BE0       Registro0040.TRegistro0040.SetNOME_IMOVEL
 0001:00002CA0       Registro0040.TRegistro0040.SetNUM
 0001:00002D50       Registro0040.TRegistro0040.SetPAIS
 0001:00002E00       Registro0040.TRegistro0040.SetPARTICIPACAO
 0001:00002E1C       Registro0040.TRegistro0040.SetTIPO_EXPLORACAO
 0001:00002E38       Registro0040.TRegistro0040.SetUF
 0004:00000040       Registro0045..3
 0001:00002EEC       Registro0045..TRegistro0045
 0001:00003128       Registro0045..TRegistro0045List
 0001:00003558       Registro0045.Finalization
 0002:000003D0       Registro0045.Registro0045
 0001:000032A4       Registro0045.TRegistro0045.SetCOD_IMOVEL
 0001:000032C0       Registro0045.TRegistro0045.SetID_CONTRAPARTE
 0001:000033E0       Registro0045.TRegistro0045.SetNOME_CONTRAPARTE
 0001:000034AC       Registro0045.TRegistro0045.SetPERC_CONTRAPARTE
 0001:000034C8       Registro0045.TRegistro0045.SetTIPO_CONTRAPARTE
 0001:000034E4       Registro0045.TRegistro0045List.GetItem
 0001:00003508       Registro0045.TRegistro0045List.New
 0001:00003534       Registro0045.TRegistro0045List.SetItem
 0004:00000048       Registro0050..3
 0001:00003D58       Registro0050..TRegistro0050
 0001:00003FA8       Registro0050..TRegistro0050List
 0001:00004420       Registro0050.Finalization
 0002:000003E0       Registro0050.Registro0050
 0001:00004124       Registro0050.TRegistro0050.SetAGENCIA
 0001:000041DC       Registro0050.TRegistro0050.SetBANCO
 0001:000041F8       Registro0050.TRegistro0050.SetCOD_CONTA
 0001:00004214       Registro0050.TRegistro0050.SetNOME_BANCO
 0001:000042D4       Registro0050.TRegistro0050.SetNUM_CONTA
 0001:000042F4       Registro0050.TRegistro0050.SetPAIS_CTA
 0001:000043AC       Registro0050.TRegistro0050List.GetItem
 0001:000043F4       Registro0050.TRegistro0050List.New
 0001:000043D0       Registro0050.TRegistro0050List.SetItem
 0004:00000068       Registro9999..2
 0001:00006BD8       Registro9999..TRegistro9999
 0001:00006CD8       Registro9999.Finalization
 0002:00000420       Registro9999.Registro9999
 0001:00006CBC       Registro9999.TRegistro9999.SetQTD_LIN
 0004:00000050       RegistroQ100..3
 0001:00004790       RegistroQ100..TRegistroQ100
 0001:00004B90       RegistroQ100..TRegistroQ100List
 0001:000050B8       RegistroQ100.Finalization
 0002:000003F0       RegistroQ100.RegistroQ100
 0001:00004D0C       RegistroQ100.TRegistroQ100.Create
 0001:00004D5C       RegistroQ100.TRegistroQ100.SetCOD_CONTA
 0001:00004D78       RegistroQ100.TRegistroQ100.SetCOD_IMOVEL
 0001:00004D94       RegistroQ100.TRegistroQ100.SetDATA
 0001:00004DB0       RegistroQ100.TRegistroQ100.SetHISTORICO
 0001:00004DD0       RegistroQ100.TRegistroQ100.SetID_PARTIC
 0001:00004EC8       RegistroQ100.TRegistroQ100.SetNAT_SLD_FIN
 0001:00004EE8       RegistroQ100.TRegistroQ100.SetNUM_DOC
 0001:00004F08       RegistroQ100.TRegistroQ100.SetSLD_FIN
 0001:00004F24       RegistroQ100.TRegistroQ100.SetTIPO_DOC
 0001:00004F40       RegistroQ100.TRegistroQ100.SetTIPO_LANC
 0001:00004F5C       RegistroQ100.TRegistroQ100.SetVL_ENTRADA
 0001:00004FD0       RegistroQ100.TRegistroQ100.SetVL_SAIDA
 0001:00005044       RegistroQ100.TRegistroQ100List.GetItem
 0001:0000508C       RegistroQ100.TRegistroQ100List.New
 0001:00005068       RegistroQ100.TRegistroQ100List.SetItem
 0004:00000054       RegistroQ200..3
 0001:000050C0       RegistroQ200..TRegistroQ200
 0001:000052EC       RegistroQ200..TRegistroQ200List
 0001:00005700       RegistroQ200.Finalization
 0002:000003F8       RegistroQ200.RegistroQ200
 0001:00005468       RegistroQ200.TRegistroQ200.Create
 0001:000054B8       RegistroQ200.TRegistroQ200.SetMES
 0001:00005568       RegistroQ200.TRegistroQ200.SetNAT_SLD_FIN
 0001:00005588       RegistroQ200.TRegistroQ200.SetSLD_FIN
 0001:000055A4       RegistroQ200.TRegistroQ200.SetVL_ENTRADA
 0001:00005618       RegistroQ200.TRegistroQ200.SetVL_SAIDA
 0001:0000568C       RegistroQ200.TRegistroQ200List.GetItem
 0001:000056D4       RegistroQ200.TRegistroQ200List.New
 0001:000056B0       RegistroQ200.TRegistroQ200List.SetItem
 0001:00001F78       synautil.Finalization
 0002:000003A0       synautil.synautil
 0001:00000D2C       SysInit...
 0001:00000D0C       SysInit...
 0001:00000E04       SysInit...
 0001:00000DF4       SysInit...
 0001:00000D3C       SysInit...
 0001:00000DD0       SysInit...
 0001:00000D4C       SysInit...
 0001:00000DA8       SysInit...
 0001:00000D60       SysInit...
 0001:00000D90       SysInit...
 0001:00000D1C       SysInit...
 0003:00000034       SysInit...
 0001:00000CFC       SysInit...
 0004:00000018       SysInit..1
 0001:000007C8       SysInit.@InitPkg
 0001:00000834       SysInit.@PackageLoad
 0001:00000840       SysInit.@PackageUnload
 0001:000002A8       SysInit.@_dbkDummyProc
 0001:000002AC       SysInit.@_dbkFCallArgs
 0001:0000069C       SysInit.@_dbk_fcall_wrapper
 0001:0000084C       SysInit.@_delayLoadHelper2
 0001:00000B2C       SysInit.@_FUnloadDelayLoadedDLL2
 0001:00000C3C       SysInit.@_HrLoadAllImportsForDll
 0004:00000014       SysInit.@_pfnDliFailureHook2
 0004:00000010       SysInit.@_pfnDliNotifyHook2
 0001:00000198       SysInit.AllocTlsBuffer
 0004:0000000C       SysInit.dbkFCallWrapperAddr
 0001:00000254       SysInit.ExitProcessTLS
 0001:0000021C       SysInit.ExitThreadTLS
 0001:00000E14       SysInit.Finalization
 0001:00000140       SysInit.FreeLibrary
 0001:00000178       SysInit.GetLastError
 0001:00000190       SysInit.GetProcAddress
 0001:000001A4       SysInit.GetTlsSize
 0004:00000004       SysInit.HInstance
 0001:00000278       SysInit.InitializeModule
 0001:000001F0       SysInit.InitProcessTLS
 0001:000001AC       SysInit.InitThreadTLS
 0001:00000130       SysInit.InterlockedExchange
 0001:00000180       SysInit.LoadLibraryA
 0001:00000148       SysInit.LocalAlloc
 0001:00000150       SysInit.LocalFree
 0003:00000008       SysInit.Module
 0004:00000000       SysInit.ModuleIsLib
 0004:00000001       SysInit.ModuleIsPackage
 0003:00000004       SysInit.PtrToNil
 0001:00000188       SysInit.RaiseException
 0001:00000CF4       SysInit.ShutdownDelayHelp2
 0002:00000008       SysInit.SysInit
 0001:00000158       SysInit.TlsAlloc
 0004:0000001C       SysInit.tlsBuffer
 0001:00000160       SysInit.TlsFree
 0001:00000168       SysInit.TlsGetValue
 0003:00000000       SysInit.TlsIndex
 0005:00000000       SysInit.TlsLast
 0003:00000024       SysInit.TlsProc
 0001:00000170       SysInit.TlsSetValue
 0001:00000284       SysInit.UninitializeModule
 0004:00000020       SysInit.UseTlsAPI
 0004:FFFF3000       SysInit.__ImageBase
 0001:00000088       System.@AfterConstruction
 0001:00000090       System.@BeforeDestruction
 0001:00000000       System.@BoundErr
 0001:00000078       System.@ClassCreate
 0001:00000080       System.@ClassDestroy
 0001:000000B0       System.@DoneExcept
 0001:00000110       System.@FinalizeArray
 0001:00000098       System.@HandleAnyException
 0001:000000A0       System.@HandleFinally
 0001:00000008       System.@IntOver
 0001:000000B8       System.@PackageLoad
 0001:000000C0       System.@PackageUnload
 0001:000000A8       System.@RaiseExcept
 0001:000000C8       System.@RunError
 0001:000000D8       System.@UStrArrayClr
 0001:000000E0       System.@UStrAsg
 0001:000000F0       System.@UStrCat
 0001:000000F8       System.@UStrCat3
 0001:00000100       System.@UStrCatN
 0001:000000D0       System.@UStrClr
 0001:00000108       System.@UStrEqual
 0001:000000E8       System.@UStrLen
 0001:00000128       System.Finalization
 0001:00000118       System.RegisterModule
 0002:00000000       System.System
 0001:00000060       System.TObject.AfterConstruction
 0001:00000068       System.TObject.BeforeDestruction
 0001:00000020       System.TObject.Create
 0001:00000058       System.TObject.DefaultHandler
 0001:00000028       System.TObject.Destroy
 0001:00000070       System.TObject.Dispatch
 0001:00000038       System.TObject.Equals
 0001:00000030       System.TObject.Free
 0001:00000018       System.TObject.FreeInstance
 0001:00000040       System.TObject.GetHashCode
 0001:00000010       System.TObject.NewInstance
 0001:00000048       System.TObject.SafeCallException
 0001:00000050       System.TObject.ToString
 0001:00000120       System.UnregisterModule
 0001:00001CD0       System.Actions.Finalization
 0002:00000150       System.Actions.System.Actions
 0001:00001CE8       System.AnsiStrings.Finalization
 0002:00000168       System.AnsiStrings.System.AnsiStrings
 0001:00000EBC       System.Character.Finalization
 0002:00000038       System.Character.System.Character
 0001:000010B4       System.Classes.Finalization
 0002:000000F0       System.Classes.System.Classes
 0002:000000E8       System.Classes.TBaseAsyncResult.Create@
 0001:000010AC       System.Classes.TBaseAsyncResult.Destroy@
 0002:000000C0       System.Classes.TBinaryWriter.Create@
 0001:00001094       System.Classes.TBinaryWriter.Destroy@
 0001:00001014       System.Classes.TComponent.AsyncSchedule
 0001:0000101C       System.Classes.TComponent.BeforeDestruction
 0001:0000106C       System.Classes.TComponent.CanObserve
 0001:00001004       System.Classes.TComponent.Create
 0002:000000D8       System.Classes.TComponent.Create@
 0001:0000102C       System.Classes.TComponent.DefineProperties
 0001:0000100C       System.Classes.TComponent.Destroy
 0001:00000FB4       System.Classes.TComponent.Destroy@
 0001:0000105C       System.Classes.TComponent.GetObservers
 0001:00001034       System.Classes.TComponent.Loaded
 0001:00001024       System.Classes.TComponent.Notification
 0001:00001074       System.Classes.TComponent.ObserverAdded
 0001:0000108C       System.Classes.TComponent.QueryInterface
 0001:0000103C       System.Classes.TComponent.ReadState
 0001:0000107C       System.Classes.TComponent.SafeCallException
 0001:00001054       System.Classes.TComponent.SetName
 0001:00001064       System.Classes.TComponent.UpdateAction
 0001:00001084       System.Classes.TComponent.UpdateRegistry
 0001:0000104C       System.Classes.TComponent.ValidateRename
 0001:00001044       System.Classes.TComponent.WriteState
 0002:000000C8       System.Classes.TFieldsCache.Create@
 0001:00000FBC       System.Classes.TFieldsCache.Destroy@
 0001:00000FCC       System.Classes.TList.Clear
 0001:00000FC4       System.Classes.TList.Destroy
 0001:00000FD4       System.Classes.TList.Error
 0001:00000FDC       System.Classes.TList.Grow
 0002:000000E0       System.Classes.TLoginCredentialService.Create@
 0001:0000109C       System.Classes.TLoginCredentialService.Destroy@
 0002:000000B8       System.Classes.TObserverMapping.Create@
 0001:000010A4       System.Classes.TObserverMapping.Destroy@
 0001:00000FE4       System.Classes.TPersistent.Assign
 0001:00000FEC       System.Classes.TPersistent.AssignTo
 0001:00000FF4       System.Classes.TStringList.Create
 0002:000000D0       System.Classes.TThread.Create@
 0001:00000FFC       System.Classes.TThread.Destroy@
 0001:000010BC       System.Contnrs.TObjectList.Add
 0001:000010C4       System.Contnrs.TObjectList.Create
 0001:000010CC       System.Contnrs.TObjectList.GetItem
 0001:000010D4       System.Contnrs.TObjectList.Notify
 0001:000010DC       System.Contnrs.TObjectList.SetItem
 0001:00001C90       System.DateUtils.Finalization
 0002:00000110       System.DateUtils.System.DateUtils
 0002:00000108       System.DateUtils.TTimeZone.Create@
 0001:00001C88       System.DateUtils.TTimeZone.Destroy@
 0002:00000098       System.Generics.Defaults.TIStringComparer.Create@
 0001:00000F94       System.Generics.Defaults.TIStringComparer.Destroy@
 0002:00000090       System.Generics.Defaults.TStringComparer.Create@
 0001:00000F8C       System.Generics.Defaults.TStringComparer.Destroy@
 0001:00001E60       System.HelpIntfs.Finalization
 0002:00000288       System.HelpIntfs.System.HelpIntfs
 0001:00001CA0       System.IniFiles.Finalization
 0002:00000120       System.IniFiles.System.IniFiles
 0001:00000EC4       System.Internal.ExcUtils.Finalization
 0002:00000040       System.Internal.ExcUtils.System.Internal.ExcUtils
 0002:00000118       System.IOUtils.TPath.Create@
 0001:00001C98       System.IOUtils.TPath.Destroy@
 0001:00000F84       System.Math.Finalization
 0002:00000088       System.Math.System.Math
 0002:00000148       System.Messaging.TMessageManager.Create@
 0001:00001CC8       System.Messaging.TMessageManager.UnInitialize@
 0001:00000FA4       System.Rtti.Finalization
 0002:000000A8       System.Rtti.System.Rtti
 0002:000000A0       System.Rtti.TValue.Create@
 0001:00000F9C       System.Rtti.TValue.Destroy@
 0001:00001C80       System.SyncObjs.Finalization
 0002:00000100       System.SyncObjs.System.SyncObjs
 0001:00000ED4       System.SysUtils.AnsiSameText
 0001:00000F04       System.SysUtils.DateTimeToStr
 0001:00000EFC       System.SysUtils.DecodeDate
 0001:00000F14       System.SysUtils.Exception.Create
 0002:00000058       System.SysUtils.Exception.Create@
 0001:00000F1C       System.SysUtils.Exception.Destroy@
 0001:00000F3C       System.SysUtils.Finalization
 0001:00000EEC       System.SysUtils.Format
 0001:00000F0C       System.SysUtils.FormatDateTime
 0001:00000EF4       System.SysUtils.FormatFloat
 0001:00000EE4       System.SysUtils.IntToStr
 0001:00000F2C       System.SysUtils.SafeLoadLibrary
 0002:00000068       System.SysUtils.System.SysUtils
 0002:00000050       System.SysUtils.TEncoding.Create@
 0001:00000F34       System.SysUtils.TEncoding.Destroy@
 0002:00000048       System.SysUtils.TLanguages.Create@
 0001:00000F24       System.SysUtils.TLanguages.Destroy@
 0002:00000060       System.SysUtils.TOSVersion.Create@
 0001:00000ECC       System.SysUtils.TOSVersion.Destroy@
 0001:00000EDC       System.SysUtils.Trim
 0002:000000B0       System.TimeSpan.TTimeSpan.Create@
 0001:00000FAC       System.TimeSpan.TTimeSpan.Destroy@
 0001:00000F7C       System.TypInfo.Finalization
 0002:00000080       System.TypInfo.System.TypInfo
 0001:00001CB0       System.UIConsts.Finalization
 0002:00000130       System.UIConsts.System.UIConsts
 0001:00000E24       System.UITypes.Finalization
 0002:00000010       System.UITypes.System.UITypes
 0001:00000F4C       System.Variants.@VarClr
 0001:00000F6C       System.Variants.@VarCmpNE
 0001:00000F54       System.Variants.@VarCopy
 0001:00000F64       System.Variants.@VarFromInt
 0001:00000F5C       System.Variants.@VarToInteger
 0001:00000F74       System.Variants.Finalization
 0002:00000078       System.Variants.System.Variants
 0001:00000F44       System.VarUtils.Finalization
 0002:00000070       System.VarUtils.System.VarUtils
 0001:00001CF8       System.Win.ComObj.Finalization
 0002:00000178       System.Win.ComObj.System.Win.ComObj
 0002:00000170       System.Win.ComObj.TComServerObject.Create@
 0001:00001CF0       System.Win.ComObj.TComServerObject.Destroy@
 0002:00000128       System.Win.Registry.TRegistry.Create@
 0001:00001CA8       System.Win.Registry.TRegistry.Destroy@
 0002:000003A8       System.Zip.TZipFile.Create@
 0001:00001F80       System.Zip.TZipFile.Destroy@
 0004:00000074       UACBrLCDPR..2
 0001:00007168       UACBrLCDPR..TACBrLCDPR
 0001:00008ECC       UACBrLCDPR.Finalization
 0001:000076DC       UACBrLCDPR.TACBrLCDPR.AddCampo
 0001:00007714       UACBrLCDPR.TACBrLCDPR.Create
 0001:0000784C       UACBrLCDPR.TACBrLCDPR.Destroy
 0001:000078E0       UACBrLCDPR.TACBrLCDPR.GerarBlocos
 0001:00007924       UACBrLCDPR.TACBrLCDPR.GetArquivo
 0001:00008E7C       UACBrLCDPR.TACBrLCDPR.limparRegistros
 0001:00007B54       UACBrLCDPR.TACBrLCDPR.PrepararArquivo
 0001:00007C40       UACBrLCDPR.TACBrLCDPR.SalvarBlocos
 0001:00007CB0       UACBrLCDPR.TACBrLCDPR.SetArquivo
 0001:00007D2C       UACBrLCDPR.TACBrLCDPR.SetBloco0000
 0001:00007D48       UACBrLCDPR.TACBrLCDPR.SetBloco0010
 0001:00007D64       UACBrLCDPR.TACBrLCDPR.SetBloco0030
 0001:00007D80       UACBrLCDPR.TACBrLCDPR.SetBloco0040
 0001:00007D9C       UACBrLCDPR.TACBrLCDPR.SetBloco0050
 0001:00007DB8       UACBrLCDPR.TACBrLCDPR.SetBloco9999
 0001:00007DD4       UACBrLCDPR.TACBrLCDPR.SetBlocoQ
 0001:00007DF0       UACBrLCDPR.TACBrLCDPR.SetDadosContador
 0001:00007E0C       UACBrLCDPR.TACBrLCDPR.SetDelimitador
 0001:00007E88       UACBrLCDPR.TACBrLCDPR.SetPath
 0001:00007F04       UACBrLCDPR.TACBrLCDPR.SetReplaceDelimitador
 0001:00007F20       UACBrLCDPR.TACBrLCDPR.WriteBloco0000
 0001:000080F8       UACBrLCDPR.TACBrLCDPR.WriteBloco0010
 0001:000081AC       UACBrLCDPR.TACBrLCDPR.WriteBloco0030
 0001:00008318       UACBrLCDPR.TACBrLCDPR.WriteBloco0040
 0001:00008774       UACBrLCDPR.TACBrLCDPR.WriteBloco0050
 0001:00008938       UACBrLCDPR.TACBrLCDPR.WriteBloco9999
 0001:00008A78       UACBrLCDPR.TACBrLCDPR.WriteBlocoQ100
 0002:00000438       UACBrLCDPR.UACBrLCDPR
 0004:00000070       uDadosContador..2
 0001:00006E74       uDadosContador..TContador
 0001:00007160       uDadosContador.Finalization
 0001:00007084       uDadosContador.TContador.SetEMAIL
 0001:000070A4       uDadosContador.TContador.SetFONE
 0001:00007100       uDadosContador.TContador.SetIDENT_CPF_CNPJ
 0001:00007120       uDadosContador.TContador.SetIDENT_NOME
 0001:00007140       uDadosContador.TContador.SetIND_CRC
 0002:00000430       uDadosContador.uDadosContador
 0001:00001CE0       Vcl.ActnList.Finalization
 0002:00000160       Vcl.ActnList.Vcl.ActnList
 0001:00001E10       Vcl.Clipbrd.Finalization
 0002:00000238       Vcl.Clipbrd.Vcl.Clipbrd
 0001:00001F30       Vcl.ComCtrls.Finalization
 0002:00000340       Vcl.ComCtrls.TComboBoxEx.Create@
 0001:00001F18       Vcl.ComCtrls.TComboBoxEx.Destroy@
 0002:00000320       Vcl.ComCtrls.TCoolBar.Create@
 0001:00001EF8       Vcl.ComCtrls.TCoolBar.Destroy@
 0002:00000338       Vcl.ComCtrls.TCustomComboBoxEx.Create@
 0001:00001F10       Vcl.ComCtrls.TCustomComboBoxEx.Destroy@
 0002:000002B0       Vcl.ComCtrls.TCustomHeaderControl.Create@
 0001:00001E88       Vcl.ComCtrls.TCustomHeaderControl.Destroy@
 0002:000002F8       Vcl.ComCtrls.TCustomHotKey.Create@
 0001:00001ED0       Vcl.ComCtrls.TCustomHotKey.Destroy@
 0002:00000308       Vcl.ComCtrls.TCustomListView.Create@
 0001:00001EE0       Vcl.ComCtrls.TCustomListView.Destroy@
 0002:000002D8       Vcl.ComCtrls.TCustomRichEdit.Create@
 0001:00001EB0       Vcl.ComCtrls.TCustomRichEdit.Destroy@
 0002:000002A8       Vcl.ComCtrls.TCustomStatusBar.Create@
 0001:00001E80       Vcl.ComCtrls.TCustomStatusBar.Destroy@
 0002:00000298       Vcl.ComCtrls.TCustomTabControl.Create@
 0001:00001E70       Vcl.ComCtrls.TCustomTabControl.Destroy@
 0002:000002B8       Vcl.ComCtrls.TCustomTreeView.Create@
 0001:00001E90       Vcl.ComCtrls.TCustomTreeView.Destroy@
 0002:000002E8       Vcl.ComCtrls.TCustomUpDown.Create@
 0001:00001EC0       Vcl.ComCtrls.TCustomUpDown.Destroy@
 0002:00000328       Vcl.ComCtrls.TDateTimePicker.Create@
 0001:00001F00       Vcl.ComCtrls.TDateTimePicker.Destroy@
 0002:00000350       Vcl.ComCtrls.THeaderControl.Create@
 0001:00001F28       Vcl.ComCtrls.THeaderControl.Destroy@
 0002:00000300       Vcl.ComCtrls.THotKey.Create@
 0001:00001ED8       Vcl.ComCtrls.THotKey.Destroy@
 0002:00000310       Vcl.ComCtrls.TListView.Create@
 0001:00001EE8       Vcl.ComCtrls.TListView.Destroy@
 0002:00000330       Vcl.ComCtrls.TPageScroller.Create@
 0001:00001F08       Vcl.ComCtrls.TPageScroller.Destroy@
 0002:000002D0       Vcl.ComCtrls.TProgressBar.Create@
 0001:00001EA8       Vcl.ComCtrls.TProgressBar.Destroy@
 0002:000002E0       Vcl.ComCtrls.TRichEdit.Create@
 0001:00001EB8       Vcl.ComCtrls.TRichEdit.Destroy@
 0002:00000348       Vcl.ComCtrls.TStatusBar.Create@
 0001:00001F20       Vcl.ComCtrls.TStatusBar.Destroy@
 0002:000002A0       Vcl.ComCtrls.TTabControl.Create@
 0001:00001E78       Vcl.ComCtrls.TTabControl.Destroy@
 0002:00000318       Vcl.ComCtrls.TToolBar.Create@
 0001:00001EF0       Vcl.ComCtrls.TToolBar.Destroy@
 0002:000002C8       Vcl.ComCtrls.TTrackBar.Create@
 0001:00001EA0       Vcl.ComCtrls.TTrackBar.Destroy@
 0002:000002C0       Vcl.ComCtrls.TTreeView.Create@
 0001:00001E98       Vcl.ComCtrls.TTreeView.Destroy@
 0002:000002F0       Vcl.ComCtrls.TUpDown.Create@
 0001:00001EC8       Vcl.ComCtrls.TUpDown.Destroy@
 0002:00000358       Vcl.ComCtrls.Vcl.ComCtrls
 0001:00001D70       Vcl.Controls.Finalization
 0002:00000198       Vcl.Controls.Vcl.Controls
 0001:00001F60       Vcl.Dialogs.Finalization
 0002:00000388       Vcl.Dialogs.Vcl.Dialogs
 0001:00001E40       Vcl.ExtCtrls.Finalization
 0002:00000250       Vcl.ExtCtrls.TCategoryPanelGroup.Create@
 0001:00001E28       Vcl.ExtCtrls.TCategoryPanelGroup.Destroy@
 0002:00000248       Vcl.ExtCtrls.TCustomCategoryPanelGroup.Create@
 0001:00001E20       Vcl.ExtCtrls.TCustomCategoryPanelGroup.Destroy@
 0002:00000258       Vcl.ExtCtrls.TCustomLinkLabel.Create@
 0001:00001E30       Vcl.ExtCtrls.TCustomLinkLabel.Destroy@
 0002:00000240       Vcl.ExtCtrls.TCustomPanel.Create@
 0001:00001E18       Vcl.ExtCtrls.TCustomPanel.Destroy@
 0002:00000260       Vcl.ExtCtrls.TLinkLabel.Create@
 0001:00001E38       Vcl.ExtCtrls.TLinkLabel.Destroy@
 0002:00000268       Vcl.ExtCtrls.Vcl.ExtCtrls
 0001:00001F50       Vcl.Forms.Finalization
 0002:00000368       Vcl.Forms.TCustomForm.Create@
 0001:00001F40       Vcl.Forms.TCustomForm.Destroy@
 0002:00000370       Vcl.Forms.TForm.Create@
 0001:00001F48       Vcl.Forms.TForm.Destroy@
 0002:00000360       Vcl.Forms.TScrollBox.Create@
 0001:00001F38       Vcl.Forms.TScrollBox.Destroy@
 0002:00000378       Vcl.Forms.Vcl.Forms
 0001:00001CC0       Vcl.Graphics.Finalization
 0002:00000138       Vcl.Graphics.TWICImage.Create@
 0001:00001CB8       Vcl.Graphics.TWICImage.Destroy@
 0002:00000140       Vcl.Graphics.Vcl.Graphics
 0001:00001D68       Vcl.GraphUtil.Finalization
 0002:00000190       Vcl.GraphUtil.Vcl.GraphUtil
 0001:00001E58       Vcl.Menus.Finalization
 0002:00000280       Vcl.Menus.Vcl.Menus
 0001:00001F58       Vcl.Printers.Finalization
 0002:00000380       Vcl.Printers.Vcl.Printers
 0001:00001E08       Vcl.StdCtrls.Finalization
 0002:00000210       Vcl.StdCtrls.TButton.Create@
 0001:00001DE8       Vcl.StdCtrls.TButton.Destroy@
 0002:00000218       Vcl.StdCtrls.TCheckBox.Create@
 0001:00001DF0       Vcl.StdCtrls.TCheckBox.Destroy@
 0002:00000208       Vcl.StdCtrls.TComboBox.Create@
 0001:00001DE0       Vcl.StdCtrls.TComboBox.Destroy@
 0002:000001C0       Vcl.StdCtrls.TCustomButton.Create@
 0001:00001D98       Vcl.StdCtrls.TCustomButton.Destroy@
 0002:000001C8       Vcl.StdCtrls.TCustomCheckBox.Create@
 0001:00001DA0       Vcl.StdCtrls.TCustomCheckBox.Destroy@
 0002:000001B8       Vcl.StdCtrls.TCustomComboBox.Create@
 0001:00001D90       Vcl.StdCtrls.TCustomComboBox.Destroy@
 0002:000001A8       Vcl.StdCtrls.TCustomEdit.Create@
 0001:00001D80       Vcl.StdCtrls.TCustomEdit.Destroy@
 0002:000001A0       Vcl.StdCtrls.TCustomGroupBox.Create@
 0001:00001D78       Vcl.StdCtrls.TCustomGroupBox.Destroy@
 0002:000001D8       Vcl.StdCtrls.TCustomListBox.Create@
 0001:00001DB0       Vcl.StdCtrls.TCustomListBox.Destroy@
 0002:000001B0       Vcl.StdCtrls.TCustomMemo.Create@
 0001:00001D88       Vcl.StdCtrls.TCustomMemo.Destroy@
 0002:000001E8       Vcl.StdCtrls.TCustomStaticText.Create@
 0001:00001DC0       Vcl.StdCtrls.TCustomStaticText.Destroy@
 0002:000001F8       Vcl.StdCtrls.TEdit.Create@
 0001:00001DD0       Vcl.StdCtrls.TEdit.Destroy@
 0002:000001F0       Vcl.StdCtrls.TGroupBox.Create@
 0001:00001DC8       Vcl.StdCtrls.TGroupBox.Destroy@
 0002:00000220       Vcl.StdCtrls.TListBox.Create@
 0001:00001DF8       Vcl.StdCtrls.TListBox.Destroy@
 0002:00000200       Vcl.StdCtrls.TMemo.Create@
 0001:00001DD8       Vcl.StdCtrls.TMemo.Destroy@
 0002:000001D0       Vcl.StdCtrls.TRadioButton.Create@
 0001:00001DA8       Vcl.StdCtrls.TRadioButton.Destroy@
 0002:000001E0       Vcl.StdCtrls.TScrollBar.Create@
 0001:00001DB8       Vcl.StdCtrls.TScrollBar.Destroy@
 0002:00000228       Vcl.StdCtrls.TStaticText.Create@
 0001:00001E00       Vcl.StdCtrls.TStaticText.Destroy@
 0002:00000230       Vcl.StdCtrls.Vcl.StdCtrls
 0002:00000278       Vcl.Themes.TCustomStyleEngine.Create@
 0001:00001E50       Vcl.Themes.TCustomStyleEngine.Destroy@
 0002:00000270       Vcl.Themes.TStyleManager.Create@
 0001:00001E48       Vcl.Themes.TStyleManager.Destroy@
 0001:00001E68       Winapi.FlatSB.Finalization
 0002:00000290       Winapi.FlatSB.Winapi.FlatSB
 0004:00000038       Winapi.MsCTF..1
 0001:00001D40       Winapi.MsCTF.DoneMSCTF
 0001:00001D58       Winapi.MsCTF.Finalization
 0001:00001D00       Winapi.MsCTF.InitMSCTF
 0003:00000094       Winapi.MsCTF.MsCTFHandle
 0002:00000180       Winapi.MsCTF.Winapi.MsCTF
 0004:0000002C       Winapi.PsAPI..1
 0001:00000E98       Winapi.PsAPI.Finalization
 0004:00000030       Winapi.PsAPI.hPSAPI
 0002:00000030       Winapi.PsAPI.Winapi.PsAPI
 0001:00001CD8       Winapi.UxTheme.Finalization
 0002:00000158       Winapi.UxTheme.Winapi.UxTheme
 0004:00000024       Winapi.Windows..2
 0001:00000E78       Winapi.Windows.Finalization
 0001:00000E2C       Winapi.Windows.FreeLibrary
 0001:00000E34       Winapi.Windows.GetVersionEx
 0004:00000028       Winapi.Windows.HtmlHelpModule
 0001:00000E3C       Winapi.Windows.InitVersionInfo
 0003:00000088       Winapi.Windows.Win32MajorVersion
 0003:0000008C       Winapi.Windows.Win32MinorVersion
 0003:00000090       Winapi.Windows.Win32Platform
 0002:00000018       Winapi.Windows.Winapi.Windows


  Address             Publics by Value

 0001:00000000       System.@BoundErr
 0001:00000008       System.@IntOver
 0001:00000010       System.TObject.NewInstance
 0001:00000018       System.TObject.FreeInstance
 0001:00000020       System.TObject.Create
 0001:00000028       System.TObject.Destroy
 0001:00000030       System.TObject.Free
 0001:00000038       System.TObject.Equals
 0001:00000040       System.TObject.GetHashCode
 0001:00000048       System.TObject.SafeCallException
 0001:00000050       System.TObject.ToString
 0001:00000058       System.TObject.DefaultHandler
 0001:00000060       System.TObject.AfterConstruction
 0001:00000068       System.TObject.BeforeDestruction
 0001:00000070       System.TObject.Dispatch
 0001:00000078       System.@ClassCreate
 0001:00000080       System.@ClassDestroy
 0001:00000088       System.@AfterConstruction
 0001:00000090       System.@BeforeDestruction
 0001:00000098       System.@HandleAnyException
 0001:000000A0       System.@HandleFinally
 0001:000000A8       System.@RaiseExcept
 0001:000000B0       System.@DoneExcept
 0001:000000B8       System.@PackageLoad
 0001:000000C0       System.@PackageUnload
 0001:000000C8       System.@RunError
 0001:000000D0       System.@UStrClr
 0001:000000D8       System.@UStrArrayClr
 0001:000000E0       System.@UStrAsg
 0001:000000E8       System.@UStrLen
 0001:000000F0       System.@UStrCat
 0001:000000F8       System.@UStrCat3
 0001:00000100       System.@UStrCatN
 0001:00000108       System.@UStrEqual
 0001:00000110       System.@FinalizeArray
 0001:00000118       System.RegisterModule
 0001:00000120       System.UnregisterModule
 0001:00000128       System.Finalization
 0001:00000130       SysInit.InterlockedExchange
 0001:00000140       SysInit.FreeLibrary
 0001:00000148       SysInit.LocalAlloc
 0001:00000150       SysInit.LocalFree
 0001:00000158       SysInit.TlsAlloc
 0001:00000160       SysInit.TlsFree
 0001:00000168       SysInit.TlsGetValue
 0001:00000170       SysInit.TlsSetValue
 0001:00000178       SysInit.GetLastError
 0001:00000180       SysInit.LoadLibraryA
 0001:00000188       SysInit.RaiseException
 0001:00000190       SysInit.GetProcAddress
 0001:00000198       SysInit.AllocTlsBuffer
 0001:000001A4       SysInit.GetTlsSize
 0001:000001AC       SysInit.InitThreadTLS
 0001:000001F0       SysInit.InitProcessTLS
 0001:0000021C       SysInit.ExitThreadTLS
 0001:00000254       SysInit.ExitProcessTLS
 0001:00000278       SysInit.InitializeModule
 0001:00000284       SysInit.UninitializeModule
 0001:000002A8       SysInit.@_dbkDummyProc
 0001:000002AC       SysInit.@_dbkFCallArgs
 0001:0000069C       SysInit.@_dbk_fcall_wrapper
 0001:000007C8       SysInit.@InitPkg
 0001:00000834       SysInit.@PackageLoad
 0001:00000840       SysInit.@PackageUnload
 0001:0000084C       SysInit.@_delayLoadHelper2
 0001:00000B2C       SysInit.@_FUnloadDelayLoadedDLL2
 0001:00000C3C       SysInit.@_HrLoadAllImportsForDll
 0001:00000CF4       SysInit.ShutdownDelayHelp2
 0001:00000CFC       SysInit...
 0001:00000D0C       SysInit...
 0001:00000D1C       SysInit...
 0001:00000D2C       SysInit...
 0001:00000D3C       SysInit...
 0001:00000D4C       SysInit...
 0001:00000D60       SysInit...
 0001:00000D90       SysInit...
 0001:00000DA8       SysInit...
 0001:00000DD0       SysInit...
 0001:00000DF4       SysInit...
 0001:00000E04       SysInit...
 0001:00000E14       SysInit.Finalization
 0001:00000E24       System.UITypes.Finalization
 0001:00000E2C       Winapi.Windows.FreeLibrary
 0001:00000E34       Winapi.Windows.GetVersionEx
 0001:00000E3C       Winapi.Windows.InitVersionInfo
 0001:00000E78       Winapi.Windows.Finalization
 0001:00000E98       Winapi.PsAPI.Finalization
 0001:00000EBC       System.Character.Finalization
 0001:00000EC4       System.Internal.ExcUtils.Finalization
 0001:00000ECC       System.SysUtils.TOSVersion.Destroy@
 0001:00000ED4       System.SysUtils.AnsiSameText
 0001:00000EDC       System.SysUtils.Trim
 0001:00000EE4       System.SysUtils.IntToStr
 0001:00000EEC       System.SysUtils.Format
 0001:00000EF4       System.SysUtils.FormatFloat
 0001:00000EFC       System.SysUtils.DecodeDate
 0001:00000F04       System.SysUtils.DateTimeToStr
 0001:00000F0C       System.SysUtils.FormatDateTime
 0001:00000F14       System.SysUtils.Exception.Create
 0001:00000F1C       System.SysUtils.Exception.Destroy@
 0001:00000F24       System.SysUtils.TLanguages.Destroy@
 0001:00000F2C       System.SysUtils.SafeLoadLibrary
 0001:00000F34       System.SysUtils.TEncoding.Destroy@
 0001:00000F3C       System.SysUtils.Finalization
 0001:00000F44       System.VarUtils.Finalization
 0001:00000F4C       System.Variants.@VarClr
 0001:00000F54       System.Variants.@VarCopy
 0001:00000F5C       System.Variants.@VarToInteger
 0001:00000F64       System.Variants.@VarFromInt
 0001:00000F6C       System.Variants.@VarCmpNE
 0001:00000F74       System.Variants.Finalization
 0001:00000F7C       System.TypInfo.Finalization
 0001:00000F84       System.Math.Finalization
 0001:00000F8C       System.Generics.Defaults.TStringComparer.Destroy@
 0001:00000F94       System.Generics.Defaults.TIStringComparer.Destroy@
 0001:00000F9C       System.Rtti.TValue.Destroy@
 0001:00000FA4       System.Rtti.Finalization
 0001:00000FAC       System.TimeSpan.TTimeSpan.Destroy@
 0001:00000FB4       System.Classes.TComponent.Destroy@
 0001:00000FBC       System.Classes.TFieldsCache.Destroy@
 0001:00000FC4       System.Classes.TList.Destroy
 0001:00000FCC       System.Classes.TList.Clear
 0001:00000FD4       System.Classes.TList.Error
 0001:00000FDC       System.Classes.TList.Grow
 0001:00000FE4       System.Classes.TPersistent.Assign
 0001:00000FEC       System.Classes.TPersistent.AssignTo
 0001:00000FF4       System.Classes.TStringList.Create
 0001:00000FFC       System.Classes.TThread.Destroy@
 0001:00001004       System.Classes.TComponent.Create
 0001:0000100C       System.Classes.TComponent.Destroy
 0001:00001014       System.Classes.TComponent.AsyncSchedule
 0001:0000101C       System.Classes.TComponent.BeforeDestruction
 0001:00001024       System.Classes.TComponent.Notification
 0001:0000102C       System.Classes.TComponent.DefineProperties
 0001:00001034       System.Classes.TComponent.Loaded
 0001:0000103C       System.Classes.TComponent.ReadState
 0001:00001044       System.Classes.TComponent.WriteState
 0001:0000104C       System.Classes.TComponent.ValidateRename
 0001:00001054       System.Classes.TComponent.SetName
 0001:0000105C       System.Classes.TComponent.GetObservers
 0001:00001064       System.Classes.TComponent.UpdateAction
 0001:0000106C       System.Classes.TComponent.CanObserve
 0001:00001074       System.Classes.TComponent.ObserverAdded
 0001:0000107C       System.Classes.TComponent.SafeCallException
 0001:00001084       System.Classes.TComponent.UpdateRegistry
 0001:0000108C       System.Classes.TComponent.QueryInterface
 0001:00001094       System.Classes.TBinaryWriter.Destroy@
 0001:0000109C       System.Classes.TLoginCredentialService.Destroy@
 0001:000010A4       System.Classes.TObserverMapping.Destroy@
 0001:000010AC       System.Classes.TBaseAsyncResult.Destroy@
 0001:000010B4       System.Classes.Finalization
 0001:000010BC       System.Contnrs.TObjectList.Add
 0001:000010C4       System.Contnrs.TObjectList.Create
 0001:000010CC       System.Contnrs.TObjectList.GetItem
 0001:000010D4       System.Contnrs.TObjectList.Notify
 0001:000010DC       System.Contnrs.TObjectList.SetItem
 0001:000013E4       LCDPRBlocos.StrToEnumerado
 0001:000014FC       LCDPRBlocos.CodVerToStr
 0001:00001590       LCDPRBlocos.StrtoCodVer
 0001:000016B0       LCDPRBlocos.IndInicioToStr
 0001:0000172C       LCDPRBlocos.StrtoIndInicio
 0001:0000184C       LCDPRBlocos.IndSitEspToStr
 0001:000018EC       LCDPRBlocos.IndFormaApurToStr
 0001:00001944       LCDPRBlocos.TipoExploracaoToStr
 0001:00001A38       LCDPRBlocos.TipoContraparteToStr
 0001:00001B08       LCDPRBlocos.TipoDocToStr
 0001:00001BFC       LCDPRBlocos.TipoLancToStr
 0001:00001C78       LCDPRBlocos.Finalization
 0001:00001C80       System.SyncObjs.Finalization
 0001:00001C88       System.DateUtils.TTimeZone.Destroy@
 0001:00001C90       System.DateUtils.Finalization
 0001:00001C98       System.IOUtils.TPath.Destroy@
 0001:00001CA0       System.IniFiles.Finalization
 0001:00001CA8       System.Win.Registry.TRegistry.Destroy@
 0001:00001CB0       System.UIConsts.Finalization
 0001:00001CB8       Vcl.Graphics.TWICImage.Destroy@
 0001:00001CC0       Vcl.Graphics.Finalization
 0001:00001CC8       System.Messaging.TMessageManager.UnInitialize@
 0001:00001CD0       System.Actions.Finalization
 0001:00001CD8       Winapi.UxTheme.Finalization
 0001:00001CE0       Vcl.ActnList.Finalization
 0001:00001CE8       System.AnsiStrings.Finalization
 0001:00001CF0       System.Win.ComObj.TComServerObject.Destroy@
 0001:00001CF8       System.Win.ComObj.Finalization
 0001:00001D00       Winapi.MsCTF.InitMSCTF
 0001:00001D40       Winapi.MsCTF.DoneMSCTF
 0001:00001D58       Winapi.MsCTF.Finalization
 0001:00001D68       Vcl.GraphUtil.Finalization
 0001:00001D70       Vcl.Controls.Finalization
 0001:00001D78       Vcl.StdCtrls.TCustomGroupBox.Destroy@
 0001:00001D80       Vcl.StdCtrls.TCustomEdit.Destroy@
 0001:00001D88       Vcl.StdCtrls.TCustomMemo.Destroy@
 0001:00001D90       Vcl.StdCtrls.TCustomComboBox.Destroy@
 0001:00001D98       Vcl.StdCtrls.TCustomButton.Destroy@
 0001:00001DA0       Vcl.StdCtrls.TCustomCheckBox.Destroy@
 0001:00001DA8       Vcl.StdCtrls.TRadioButton.Destroy@
 0001:00001DB0       Vcl.StdCtrls.TCustomListBox.Destroy@
 0001:00001DB8       Vcl.StdCtrls.TScrollBar.Destroy@
 0001:00001DC0       Vcl.StdCtrls.TCustomStaticText.Destroy@
 0001:00001DC8       Vcl.StdCtrls.TGroupBox.Destroy@
 0001:00001DD0       Vcl.StdCtrls.TEdit.Destroy@
 0001:00001DD8       Vcl.StdCtrls.TMemo.Destroy@
 0001:00001DE0       Vcl.StdCtrls.TComboBox.Destroy@
 0001:00001DE8       Vcl.StdCtrls.TButton.Destroy@
 0001:00001DF0       Vcl.StdCtrls.TCheckBox.Destroy@
 0001:00001DF8       Vcl.StdCtrls.TListBox.Destroy@
 0001:00001E00       Vcl.StdCtrls.TStaticText.Destroy@
 0001:00001E08       Vcl.StdCtrls.Finalization
 0001:00001E10       Vcl.Clipbrd.Finalization
 0001:00001E18       Vcl.ExtCtrls.TCustomPanel.Destroy@
 0001:00001E20       Vcl.ExtCtrls.TCustomCategoryPanelGroup.Destroy@
 0001:00001E28       Vcl.ExtCtrls.TCategoryPanelGroup.Destroy@
 0001:00001E30       Vcl.ExtCtrls.TCustomLinkLabel.Destroy@
 0001:00001E38       Vcl.ExtCtrls.TLinkLabel.Destroy@
 0001:00001E40       Vcl.ExtCtrls.Finalization
 0001:00001E48       Vcl.Themes.TStyleManager.Destroy@
 0001:00001E50       Vcl.Themes.TCustomStyleEngine.Destroy@
 0001:00001E58       Vcl.Menus.Finalization
 0001:00001E60       System.HelpIntfs.Finalization
 0001:00001E68       Winapi.FlatSB.Finalization
 0001:00001E70       Vcl.ComCtrls.TCustomTabControl.Destroy@
 0001:00001E78       Vcl.ComCtrls.TTabControl.Destroy@
 0001:00001E80       Vcl.ComCtrls.TCustomStatusBar.Destroy@
 0001:00001E88       Vcl.ComCtrls.TCustomHeaderControl.Destroy@
 0001:00001E90       Vcl.ComCtrls.TCustomTreeView.Destroy@
 0001:00001E98       Vcl.ComCtrls.TTreeView.Destroy@
 0001:00001EA0       Vcl.ComCtrls.TTrackBar.Destroy@
 0001:00001EA8       Vcl.ComCtrls.TProgressBar.Destroy@
 0001:00001EB0       Vcl.ComCtrls.TCustomRichEdit.Destroy@
 0001:00001EB8       Vcl.ComCtrls.TRichEdit.Destroy@
 0001:00001EC0       Vcl.ComCtrls.TCustomUpDown.Destroy@
 0001:00001EC8       Vcl.ComCtrls.TUpDown.Destroy@
 0001:00001ED0       Vcl.ComCtrls.TCustomHotKey.Destroy@
 0001:00001ED8       Vcl.ComCtrls.THotKey.Destroy@
 0001:00001EE0       Vcl.ComCtrls.TCustomListView.Destroy@
 0001:00001EE8       Vcl.ComCtrls.TListView.Destroy@
 0001:00001EF0       Vcl.ComCtrls.TToolBar.Destroy@
 0001:00001EF8       Vcl.ComCtrls.TCoolBar.Destroy@
 0001:00001F00       Vcl.ComCtrls.TDateTimePicker.Destroy@
 0001:00001F08       Vcl.ComCtrls.TPageScroller.Destroy@
 0001:00001F10       Vcl.ComCtrls.TCustomComboBoxEx.Destroy@
 0001:00001F18       Vcl.ComCtrls.TComboBoxEx.Destroy@
 0001:00001F20       Vcl.ComCtrls.TStatusBar.Destroy@
 0001:00001F28       Vcl.ComCtrls.THeaderControl.Destroy@
 0001:00001F30       Vcl.ComCtrls.Finalization
 0001:00001F38       Vcl.Forms.TScrollBox.Destroy@
 0001:00001F40       Vcl.Forms.TCustomForm.Destroy@
 0001:00001F48       Vcl.Forms.TForm.Destroy@
 0001:00001F50       Vcl.Forms.Finalization
 0001:00001F58       Vcl.Printers.Finalization
 0001:00001F60       Vcl.Dialogs.Finalization
 0001:00001F68       ACBrConsts.Finalization
 0001:00001F70       ACBrUtil.Strings.Finalization
 0001:00001F78       synautil.Finalization
 0001:00001F80       System.Zip.TZipFile.Destroy@
 0001:00001F88       ACBrUtil.Base.Finalization
 0001:00001F90       ACBrUtil.FilesIO.Finalization
 0001:00001F98       ACBrUtil.PadLeft
 0001:00001FA0       ACBrUtil.OnlyNumber
 0001:00001FA8       ACBrUtil.Finalization
 0001:00001FB0       Registro0040..TRegistro0040
 0001:0000249C       Registro0040.TRegistro0040.SetBAIRRO
 0001:00002554       Registro0040.TRegistro0040.SetCAD_ITR
 0001:00002644       Registro0040.TRegistro0040.SetCAEPF
 0001:000026F8       Registro0040.TRegistro0040.SetCEP
 0001:000027E4       Registro0040.TRegistro0040.SetCOD_IMOVEL
 0001:00002800       Registro0040.TRegistro0040.SetCOD_MUN
 0001:000028B8       Registro0040.TRegistro0040.SetCOMPL
 0001:0000296C       Registro0040.TRegistro0040.SetENDERECO
 0001:00002A28       Registro0040.TRegistro0040.SetINSCR_ESTADUAL
 0001:00002B2C       Registro0040.TRegistro0040.SetMOEDA
 0001:00002BE0       Registro0040.TRegistro0040.SetNOME_IMOVEL
 0001:00002CA0       Registro0040.TRegistro0040.SetNUM
 0001:00002D50       Registro0040.TRegistro0040.SetPAIS
 0001:00002E00       Registro0040.TRegistro0040.SetPARTICIPACAO
 0001:00002E1C       Registro0040.TRegistro0040.SetTIPO_EXPLORACAO
 0001:00002E38       Registro0040.TRegistro0040.SetUF
 0001:00002EE4       Registro0040.Finalization
 0001:00002EEC       Registro0045..TRegistro0045
 0001:00003128       Registro0045..TRegistro0045List
 0001:000032A4       Registro0045.TRegistro0045.SetCOD_IMOVEL
 0001:000032C0       Registro0045.TRegistro0045.SetID_CONTRAPARTE
 0001:000033E0       Registro0045.TRegistro0045.SetNOME_CONTRAPARTE
 0001:000034AC       Registro0045.TRegistro0045.SetPERC_CONTRAPARTE
 0001:000034C8       Registro0045.TRegistro0045.SetTIPO_CONTRAPARTE
 0001:000034E4       Registro0045.TRegistro0045List.GetItem
 0001:00003508       Registro0045.TRegistro0045List.New
 0001:00003534       Registro0045.TRegistro0045List.SetItem
 0001:00003558       Registro0045.Finalization
 0001:00003560       Bloco0040..TBloco0040
 0001:00003764       Bloco0040..TBloco0040List
 0001:000038D8       Bloco0040..TBlocos0040
 0001:00003A48       Bloco0040.TBloco0040.AddRegistro0045
 0001:00003B08       Bloco0040.TBloco0040.Create
 0001:00003B64       Bloco0040.TBloco0040.Destroy
 0001:00003BAC       Bloco0040.TBloco0040.Registro0045New
 0001:00003BDC       Bloco0040.TBloco0040.SetBloco0040
 0001:00003BF8       Bloco0040.TBloco0040.SetBloco0045
 0001:00003C14       Bloco0040.TBlocos0040.Create
 0001:00003C60       Bloco0040.TBlocos0040.Destroy
 0001:00003CA0       Bloco0040.TBlocos0040.Bloco0040New
 0001:00003CC0       Bloco0040.TBlocos0040.SetBlocos
 0001:00003CDC       Bloco0040.TBloco0040List.GetItem
 0001:00003D00       Bloco0040.TBloco0040List.SetItem
 0001:00003D24       Bloco0040.TBloco0040List.New
 0001:00003D50       Bloco0040.Finalization
 0001:00003D58       Registro0050..TRegistro0050
 0001:00003FA8       Registro0050..TRegistro0050List
 0001:00004124       Registro0050.TRegistro0050.SetAGENCIA
 0001:000041DC       Registro0050.TRegistro0050.SetBANCO
 0001:000041F8       Registro0050.TRegistro0050.SetCOD_CONTA
 0001:00004214       Registro0050.TRegistro0050.SetNOME_BANCO
 0001:000042D4       Registro0050.TRegistro0050.SetNUM_CONTA
 0001:000042F4       Registro0050.TRegistro0050.SetPAIS_CTA
 0001:000043AC       Registro0050.TRegistro0050List.GetItem
 0001:000043D0       Registro0050.TRegistro0050List.SetItem
 0001:000043F4       Registro0050.TRegistro0050List.New
 0001:00004420       Registro0050.Finalization
 0001:00004428       Bloco0050..TBloco0050
 0001:000045DC       Bloco0050.TBloco0050.AddConta
 0001:000046B4       Bloco0050.TBloco0050.Create
 0001:00004700       Bloco0050.TBloco0050.Destroy
 0001:0000473C       Bloco0050.TBloco0050.Registro0050New
 0001:0000476C       Bloco0050.TBloco0050.SetCONTAS
 0001:00004788       Bloco0050.Finalization
 0001:00004790       RegistroQ100..TRegistroQ100
 0001:00004B90       RegistroQ100..TRegistroQ100List
 0001:00004D0C       RegistroQ100.TRegistroQ100.Create
 0001:00004D5C       RegistroQ100.TRegistroQ100.SetCOD_CONTA
 0001:00004D78       RegistroQ100.TRegistroQ100.SetCOD_IMOVEL
 0001:00004D94       RegistroQ100.TRegistroQ100.SetDATA
 0001:00004DB0       RegistroQ100.TRegistroQ100.SetHISTORICO
 0001:00004DD0       RegistroQ100.TRegistroQ100.SetID_PARTIC
 0001:00004EC8       RegistroQ100.TRegistroQ100.SetNAT_SLD_FIN
 0001:00004EE8       RegistroQ100.TRegistroQ100.SetNUM_DOC
 0001:00004F08       RegistroQ100.TRegistroQ100.SetSLD_FIN
 0001:00004F24       RegistroQ100.TRegistroQ100.SetTIPO_DOC
 0001:00004F40       RegistroQ100.TRegistroQ100.SetTIPO_LANC
 0001:00004F5C       RegistroQ100.TRegistroQ100.SetVL_ENTRADA
 0001:00004FD0       RegistroQ100.TRegistroQ100.SetVL_SAIDA
 0001:00005044       RegistroQ100.TRegistroQ100List.GetItem
 0001:00005068       RegistroQ100.TRegistroQ100List.SetItem
 0001:0000508C       RegistroQ100.TRegistroQ100List.New
 0001:000050B8       RegistroQ100.Finalization
 0001:000050C0       RegistroQ200..TRegistroQ200
 0001:000052EC       RegistroQ200..TRegistroQ200List
 0001:00005468       RegistroQ200.TRegistroQ200.Create
 0001:000054B8       RegistroQ200.TRegistroQ200.SetMES
 0001:00005568       RegistroQ200.TRegistroQ200.SetNAT_SLD_FIN
 0001:00005588       RegistroQ200.TRegistroQ200.SetSLD_FIN
 0001:000055A4       RegistroQ200.TRegistroQ200.SetVL_ENTRADA
 0001:00005618       RegistroQ200.TRegistroQ200.SetVL_SAIDA
 0001:0000568C       RegistroQ200.TRegistroQ200List.GetItem
 0001:000056B0       RegistroQ200.TRegistroQ200List.SetItem
 0001:000056D4       RegistroQ200.TRegistroQ200List.New
 0001:00005700       RegistroQ200.Finalization
 0001:00005708       BlocoQ..TBlocoQ
 0001:00005994       BlocoQ.TBlocoQ.AddRegistroQ100
 0001:00005AF4       BlocoQ.TBlocoQ.AddRegistroQ200
 0001:00005BBC       BlocoQ.TBlocoQ.Create
 0001:00005C18       BlocoQ.TBlocoQ.Destroy
 0001:00005C64       BlocoQ.TBlocoQ.RegistroQ100New
 0001:00005C94       BlocoQ.TBlocoQ.RegistroQ200New
 0001:00005CC4       BlocoQ.TBlocoQ.SetRegistrosQ200
 0001:00005CE0       BlocoQ.TBlocoQ.SetRegistrosQ100
 0001:00005CFC       BlocoQ.Finalization
 0001:00005D04       Registro0000..TRegistro0000
 0001:00005FC0       Registro0000.TRegistro0000.SetCOD_VER
 0001:00005FDC       Registro0000.TRegistro0000.SetCPF
 0001:000060B0       Registro0000.TRegistro0000.SetDT_FIN
 0001:000060CC       Registro0000.TRegistro0000.SetDT_INI
 0001:000060E8       Registro0000.TRegistro0000.SetDT_SIT_ESP
 0001:00006104       Registro0000.TRegistro0000.SetIND_SIT_INI_PER
 0001:00006120       Registro0000.TRegistro0000.SetNOME
 0001:00006140       Registro0000.TRegistro0000.SetSIT_ESPECIAL
 0001:0000615C       Registro0000.Finalization
 0001:00006164       Registro0010..TRegistro0010
 0001:00006250       Registro0010.TRegistro0010.SetFORMA_APUR
 0001:0000626C       Registro0010.Finalization
 0001:00006274       Registro0030..TRegistro0030
 0001:00006574       Registro0030.TRegistro0030.SetBAIRRO
 0001:0000662C       Registro0030.TRegistro0030.SetCEP
 0001:000066DC       Registro0030.TRegistro0030.SetCOD_MUN
 0001:00006794       Registro0030.TRegistro0030.SetCOMPL
 0001:00006848       Registro0030.TRegistro0030.SetEMAIL
 0001:00006900       Registro0030.TRegistro0030.SetENDERECO
 0001:000069BC       Registro0030.TRegistro0030.SetNUM
 0001:00006A6C       Registro0030.TRegistro0030.SetNUM_TEL
 0001:00006B24       Registro0030.TRegistro0030.SetUF
 0001:00006BD0       Registro0030.Finalization
 0001:00006BD8       Registro9999..TRegistro9999
 0001:00006CBC       Registro9999.TRegistro9999.SetQTD_LIN
 0001:00006CD8       Registro9999.Finalization
 0001:00006CE0       LCDPRUtils.formatDate
 0001:00006DB0       LCDPRUtils.formatNumeric
 0001:00006E6C       LCDPRUtils.Finalization
 0001:00006E74       uDadosContador..TContador
 0001:00007084       uDadosContador.TContador.SetEMAIL
 0001:000070A4       uDadosContador.TContador.SetFONE
 0001:00007100       uDadosContador.TContador.SetIDENT_CPF_CNPJ
 0001:00007120       uDadosContador.TContador.SetIDENT_NOME
 0001:00007140       uDadosContador.TContador.SetIND_CRC
 0001:00007160       uDadosContador.Finalization
 0001:00007168       UACBrLCDPR..TACBrLCDPR
 0001:000076DC       UACBrLCDPR.TACBrLCDPR.AddCampo
 0001:00007714       UACBrLCDPR.TACBrLCDPR.Create
 0001:0000784C       UACBrLCDPR.TACBrLCDPR.Destroy
 0001:000078E0       UACBrLCDPR.TACBrLCDPR.GerarBlocos
 0001:00007924       UACBrLCDPR.TACBrLCDPR.GetArquivo
 0001:00007B54       UACBrLCDPR.TACBrLCDPR.PrepararArquivo
 0001:00007C40       UACBrLCDPR.TACBrLCDPR.SalvarBlocos
 0001:00007CB0       UACBrLCDPR.TACBrLCDPR.SetArquivo
 0001:00007D2C       UACBrLCDPR.TACBrLCDPR.SetBloco0000
 0001:00007D48       UACBrLCDPR.TACBrLCDPR.SetBloco0010
 0001:00007D64       UACBrLCDPR.TACBrLCDPR.SetBloco0030
 0001:00007D80       UACBrLCDPR.TACBrLCDPR.SetBloco0040
 0001:00007D9C       UACBrLCDPR.TACBrLCDPR.SetBloco0050
 0001:00007DB8       UACBrLCDPR.TACBrLCDPR.SetBloco9999
 0001:00007DD4       UACBrLCDPR.TACBrLCDPR.SetBlocoQ
 0001:00007DF0       UACBrLCDPR.TACBrLCDPR.SetDadosContador
 0001:00007E0C       UACBrLCDPR.TACBrLCDPR.SetDelimitador
 0001:00007E88       UACBrLCDPR.TACBrLCDPR.SetPath
 0001:00007F04       UACBrLCDPR.TACBrLCDPR.SetReplaceDelimitador
 0001:00007F20       UACBrLCDPR.TACBrLCDPR.WriteBloco0000
 0001:000080F8       UACBrLCDPR.TACBrLCDPR.WriteBloco0010
 0001:000081AC       UACBrLCDPR.TACBrLCDPR.WriteBloco0030
 0001:00008318       UACBrLCDPR.TACBrLCDPR.WriteBloco0040
 0001:00008774       UACBrLCDPR.TACBrLCDPR.WriteBloco0050
 0001:00008938       UACBrLCDPR.TACBrLCDPR.WriteBloco9999
 0001:00008A78       UACBrLCDPR.TACBrLCDPR.WriteBlocoQ100
 0001:00008E7C       UACBrLCDPR.TACBrLCDPR.limparRegistros
 0001:00008ECC       UACBrLCDPR.Finalization
 0001:00009708       .ACBr_LCDPR.@GetPackageInfoTable
 0001:00009710       .ACBr_LCDPR.@PackageLoad
 0001:0000971C       .ACBr_LCDPR.@PackageUnload
 0002:00000000       System.System
 0002:00000008       SysInit.SysInit
 0002:00000010       System.UITypes.System.UITypes
 0002:00000018       Winapi.Windows.Winapi.Windows
 0002:00000030       Winapi.PsAPI.Winapi.PsAPI
 0002:00000038       System.Character.System.Character
 0002:00000040       System.Internal.ExcUtils.System.Internal.ExcUtils
 0002:00000048       System.SysUtils.TLanguages.Create@
 0002:00000050       System.SysUtils.TEncoding.Create@
 0002:00000058       System.SysUtils.Exception.Create@
 0002:00000060       System.SysUtils.TOSVersion.Create@
 0002:00000068       System.SysUtils.System.SysUtils
 0002:00000070       System.VarUtils.System.VarUtils
 0002:00000078       System.Variants.System.Variants
 0002:00000080       System.TypInfo.System.TypInfo
 0002:00000088       System.Math.System.Math
 0002:00000090       System.Generics.Defaults.TStringComparer.Create@
 0002:00000098       System.Generics.Defaults.TIStringComparer.Create@
 0002:000000A0       System.Rtti.TValue.Create@
 0002:000000A8       System.Rtti.System.Rtti
 0002:000000B0       System.TimeSpan.TTimeSpan.Create@
 0002:000000B8       System.Classes.TObserverMapping.Create@
 0002:000000C0       System.Classes.TBinaryWriter.Create@
 0002:000000C8       System.Classes.TFieldsCache.Create@
 0002:000000D0       System.Classes.TThread.Create@
 0002:000000D8       System.Classes.TComponent.Create@
 0002:000000E0       System.Classes.TLoginCredentialService.Create@
 0002:000000E8       System.Classes.TBaseAsyncResult.Create@
 0002:000000F0       System.Classes.System.Classes
 0002:000000F8       LCDPRBlocos.LCDPRBlocos
 0002:00000100       System.SyncObjs.System.SyncObjs
 0002:00000108       System.DateUtils.TTimeZone.Create@
 0002:00000110       System.DateUtils.System.DateUtils
 0002:00000118       System.IOUtils.TPath.Create@
 0002:00000120       System.IniFiles.System.IniFiles
 0002:00000128       System.Win.Registry.TRegistry.Create@
 0002:00000130       System.UIConsts.System.UIConsts
 0002:00000138       Vcl.Graphics.TWICImage.Create@
 0002:00000140       Vcl.Graphics.Vcl.Graphics
 0002:00000148       System.Messaging.TMessageManager.Create@
 0002:00000150       System.Actions.System.Actions
 0002:00000158       Winapi.UxTheme.Winapi.UxTheme
 0002:00000160       Vcl.ActnList.Vcl.ActnList
 0002:00000168       System.AnsiStrings.System.AnsiStrings
 0002:00000170       System.Win.ComObj.TComServerObject.Create@
 0002:00000178       System.Win.ComObj.System.Win.ComObj
 0002:00000180       Winapi.MsCTF.Winapi.MsCTF
 0002:00000190       Vcl.GraphUtil.Vcl.GraphUtil
 0002:00000198       Vcl.Controls.Vcl.Controls
 0002:000001A0       Vcl.StdCtrls.TCustomGroupBox.Create@
 0002:000001A8       Vcl.StdCtrls.TCustomEdit.Create@
 0002:000001B0       Vcl.StdCtrls.TCustomMemo.Create@
 0002:000001B8       Vcl.StdCtrls.TCustomComboBox.Create@
 0002:000001C0       Vcl.StdCtrls.TCustomButton.Create@
 0002:000001C8       Vcl.StdCtrls.TCustomCheckBox.Create@
 0002:000001D0       Vcl.StdCtrls.TRadioButton.Create@
 0002:000001D8       Vcl.StdCtrls.TCustomListBox.Create@
 0002:000001E0       Vcl.StdCtrls.TScrollBar.Create@
 0002:000001E8       Vcl.StdCtrls.TCustomStaticText.Create@
 0002:000001F0       Vcl.StdCtrls.TGroupBox.Create@
 0002:000001F8       Vcl.StdCtrls.TEdit.Create@
 0002:00000200       Vcl.StdCtrls.TMemo.Create@
 0002:00000208       Vcl.StdCtrls.TComboBox.Create@
 0002:00000210       Vcl.StdCtrls.TButton.Create@
 0002:00000218       Vcl.StdCtrls.TCheckBox.Create@
 0002:00000220       Vcl.StdCtrls.TListBox.Create@
 0002:00000228       Vcl.StdCtrls.TStaticText.Create@
 0002:00000230       Vcl.StdCtrls.Vcl.StdCtrls
 0002:00000238       Vcl.Clipbrd.Vcl.Clipbrd
 0002:00000240       Vcl.ExtCtrls.TCustomPanel.Create@
 0002:00000248       Vcl.ExtCtrls.TCustomCategoryPanelGroup.Create@
 0002:00000250       Vcl.ExtCtrls.TCategoryPanelGroup.Create@
 0002:00000258       Vcl.ExtCtrls.TCustomLinkLabel.Create@
 0002:00000260       Vcl.ExtCtrls.TLinkLabel.Create@
 0002:00000268       Vcl.ExtCtrls.Vcl.ExtCtrls
 0002:00000270       Vcl.Themes.TStyleManager.Create@
 0002:00000278       Vcl.Themes.TCustomStyleEngine.Create@
 0002:00000280       Vcl.Menus.Vcl.Menus
 0002:00000288       System.HelpIntfs.System.HelpIntfs
 0002:00000290       Winapi.FlatSB.Winapi.FlatSB
 0002:00000298       Vcl.ComCtrls.TCustomTabControl.Create@
 0002:000002A0       Vcl.ComCtrls.TTabControl.Create@
 0002:000002A8       Vcl.ComCtrls.TCustomStatusBar.Create@
 0002:000002B0       Vcl.ComCtrls.TCustomHeaderControl.Create@
 0002:000002B8       Vcl.ComCtrls.TCustomTreeView.Create@
 0002:000002C0       Vcl.ComCtrls.TTreeView.Create@
 0002:000002C8       Vcl.ComCtrls.TTrackBar.Create@
 0002:000002D0       Vcl.ComCtrls.TProgressBar.Create@
 0002:000002D8       Vcl.ComCtrls.TCustomRichEdit.Create@
 0002:000002E0       Vcl.ComCtrls.TRichEdit.Create@
 0002:000002E8       Vcl.ComCtrls.TCustomUpDown.Create@
 0002:000002F0       Vcl.ComCtrls.TUpDown.Create@
 0002:000002F8       Vcl.ComCtrls.TCustomHotKey.Create@
 0002:00000300       Vcl.ComCtrls.THotKey.Create@
 0002:00000308       Vcl.ComCtrls.TCustomListView.Create@
 0002:00000310       Vcl.ComCtrls.TListView.Create@
 0002:00000318       Vcl.ComCtrls.TToolBar.Create@
 0002:00000320       Vcl.ComCtrls.TCoolBar.Create@
 0002:00000328       Vcl.ComCtrls.TDateTimePicker.Create@
 0002:00000330       Vcl.ComCtrls.TPageScroller.Create@
 0002:00000338       Vcl.ComCtrls.TCustomComboBoxEx.Create@
 0002:00000340       Vcl.ComCtrls.TComboBoxEx.Create@
 0002:00000348       Vcl.ComCtrls.TStatusBar.Create@
 0002:00000350       Vcl.ComCtrls.THeaderControl.Create@
 0002:00000358       Vcl.ComCtrls.Vcl.ComCtrls
 0002:00000360       Vcl.Forms.TScrollBox.Create@
 0002:00000368       Vcl.Forms.TCustomForm.Create@
 0002:00000370       Vcl.Forms.TForm.Create@
 0002:00000378       Vcl.Forms.Vcl.Forms
 0002:00000380       Vcl.Printers.Vcl.Printers
 0002:00000388       Vcl.Dialogs.Vcl.Dialogs
 0002:00000390       ACBrConsts.ACBrConsts
 0002:00000398       ACBrUtil.Strings.ACBrUtil.Strings
 0002:000003A0       synautil.synautil
 0002:000003A8       System.Zip.TZipFile.Create@
 0002:000003B0       ACBrUtil.Base.ACBrUtil.Base
 0002:000003B8       ACBrUtil.FilesIO.ACBrUtil.FilesIO
 0002:000003C0       ACBrUtil.ACBrUtil
 0002:000003C8       Registro0040.Registro0040
 0002:000003D0       Registro0045.Registro0045
 0002:000003D8       Bloco0040.Bloco0040
 0002:000003E0       Registro0050.Registro0050
 0002:000003E8       Bloco0050.Bloco0050
 0002:000003F0       RegistroQ100.RegistroQ100
 0002:000003F8       RegistroQ200.RegistroQ200
 0002:00000400       BlocoQ.BlocoQ
 0002:00000408       Registro0000.Registro0000
 0002:00000410       Registro0010.Registro0010
 0002:00000418       Registro0030.Registro0030
 0002:00000420       Registro9999.Registro9999
 0002:00000428       LCDPRUtils.LCDPRUtils
 0002:00000430       uDadosContador.uDadosContador
 0002:00000438       UACBrLCDPR.UACBrLCDPR
 0002:00000440       .ACBr_LCDPR..ACBr_LCDPR
 0003:00000000       SysInit.TlsIndex
 0003:00000004       SysInit.PtrToNil
 0003:00000008       SysInit.Module
 0003:00000024       SysInit.TlsProc
 0003:00000034       SysInit...
 0003:00000088       Winapi.Windows.Win32MajorVersion
 0003:0000008C       Winapi.Windows.Win32MinorVersion
 0003:00000090       Winapi.Windows.Win32Platform
 0003:00000094       Winapi.MsCTF.MsCTFHandle
 0004:FFFF3000       SysInit.__ImageBase
 0004:00000000       SysInit.ModuleIsLib
 0004:00000001       SysInit.ModuleIsPackage
 0004:00000004       SysInit.HInstance
 0004:0000000C       SysInit.dbkFCallWrapperAddr
 0004:00000010       SysInit.@_pfnDliNotifyHook2
 0004:00000014       SysInit.@_pfnDliFailureHook2
 0004:00000018       SysInit..1
 0004:0000001C       SysInit.tlsBuffer
 0004:00000020       SysInit.UseTlsAPI
 0004:00000024       Winapi.Windows..2
 0004:00000028       Winapi.Windows.HtmlHelpModule
 0004:0000002C       Winapi.PsAPI..1
 0004:00000030       Winapi.PsAPI.hPSAPI
 0004:00000034       LCDPRBlocos..1
 0004:00000038       Winapi.MsCTF..1
 0004:0000003C       Registro0040..2
 0004:00000040       Registro0045..3
 0004:00000044       Bloco0040..4
 0004:00000048       Registro0050..3
 0004:0000004C       Bloco0050..2
 0004:00000050       RegistroQ100..3
 0004:00000054       RegistroQ200..3
 0004:00000058       BlocoQ..2
 0004:0000005C       Registro0000..2
 0004:00000060       Registro0010..2
 0004:00000064       Registro0030..2
 0004:00000068       Registro9999..2
 0004:0000006C       LCDPRUtils..1
 0004:00000070       uDadosContador..2
 0004:00000074       UACBrLCDPR..2
 0005:00000000       SysInit.TlsLast


Bound resource files

ACBr_LCDPR.res
ACBr_LCDPR.otares
ACBr_LCDPR.drf


Program entry point at 0002:00000440
