
 Start         Length     Name                   Class
 0001:00000000 0000C290H .text                   CODE
 0002:00000000 00000034H .data                   DATA
 0002:00000034 00000055H .bss                    BSS


Detailed map of segments

 0001:00000000 000000D6 C=CODE     S=.text    G=(none)   M=System   ACBP=A9
 0001:000000D8 000001EC C=CODE     S=.text    G=(none)   M=SysInit  ACBP=A9
 0001:000002C4 00000046 C=CODE     S=.text    G=(none)   M=SysUtils ACBP=A9
 0001:0000030C 0000000E C=CODE     S=.text    G=(none)   M=SysConst ACBP=A9
 0001:0000031C 00000038 C=CODE     S=.text    G=(none)   M=Windows  ACBP=A9
 0001:00000354 0000000E C=CODE     S=.text    G=(none)   M=Types    ACBP=A9
 0001:00000364 0000007E C=CODE     S=.text    G=(none)   M=Classes  ACBP=A9
 0001:000003E4 0000000E C=CODE     S=.text    G=(none)   M=ActiveX  ACBP=A9
 0001:000003F4 00000038 C=CODE     S=.text    G=(none)   M=Messages ACBP=A9
 0001:0000042C 0000000E C=CODE     S=.text    G=(none)   M=TypInfo  ACBP=A9
 0001:0000043C 0000000E C=CODE     S=.text    G=(none)   M=Variants ACBP=A9
 0001:0000044C 0000000E C=CODE     S=.text    G=(none)   M=VarUtils ACBP=A9
 0001:0000045C 0000000E C=CODE     S=.text    G=(none)   M=RTLConsts ACBP=A9
 0001:0000046C 0000003E C=CODE     S=.text    G=(none)   M=Graphics ACBP=A9
 0001:000004AC 0000000E C=CODE     S=.text    G=(none)   M=Consts   ACBP=A9
 0001:000004BC 000000FE C=CODE     S=.text    G=(none)   M=Controls ACBP=A9
 0001:000005BC 0000000E C=CODE     S=.text    G=(none)   M=ActnList ACBP=A9
 0001:000005CC 0000000E C=CODE     S=.text    G=(none)   M=Contnrs  ACBP=A9
 0001:000005DC 0000000E C=CODE     S=.text    G=(none)   M=Math     ACBP=A9
 0001:000005EC 0000000E C=CODE     S=.text    G=(none)   M=ImgList  ACBP=A9
 0001:000005FC 00000038 C=CODE     S=.text    G=(none)   M=CommCtrl ACBP=A9
 0001:00000634 0000012E C=CODE     S=.text    G=(none)   M=Forms    ACBP=A9
 0001:00000764 0000000E C=CODE     S=.text    G=(none)   M=HelpIntfs ACBP=A9
 0001:00000774 0000000E C=CODE     S=.text    G=(none)   M=MultiMon ACBP=A9
 0001:00000784 00000038 C=CODE     S=.text    G=(none)   M=Imm      ACBP=A9
 0001:000007BC 0000000E C=CODE     S=.text    G=(none)   M=Menus    ACBP=A9
 0001:000007CC 0000000E C=CODE     S=.text    G=(none)   M=Themes   ACBP=A9
 0001:000007DC 0000000E C=CODE     S=.text    G=(none)   M=UxTheme  ACBP=A9
 0001:000007EC 0000000E C=CODE     S=.text    G=(none)   M=SyncObjs ACBP=A9
 0001:000007FC 0000000E C=CODE     S=.text    G=(none)   M=ComCtrls ACBP=A9
 0001:0000080C 00000038 C=CODE     S=.text    G=(none)   M=ShlObj   ACBP=A9
 0001:00000844 00000038 C=CODE     S=.text    G=(none)   M=UrlMon   ACBP=A9
 0001:0000087C 00000038 C=CODE     S=.text    G=(none)   M=WinInet  ACBP=A9
 0001:000008B4 00000038 C=CODE     S=.text    G=(none)   M=RegStr   ACBP=A9
 0001:000008EC 00000038 C=CODE     S=.text    G=(none)   M=ShellAPI ACBP=A9
 0001:00000924 0000000E C=CODE     S=.text    G=(none)   M=ListActns ACBP=A9
 0001:00000934 0000000E C=CODE     S=.text    G=(none)   M=ExtCtrls ACBP=A9
 0001:00000944 0000000E C=CODE     S=.text    G=(none)   M=StdCtrls ACBP=A9
 0001:00000954 0000000E C=CODE     S=.text    G=(none)   M=WinHelpViewer ACBP=A9
 0001:00000964 0000000E C=CODE     S=.text    G=(none)   M=StdActns ACBP=A9
 0001:00000974 0000000E C=CODE     S=.text    G=(none)   M=Dialogs  ACBP=A9
 0001:00000984 0000000E C=CODE     S=.text    G=(none)   M=Printers ACBP=A9
 0001:00000994 00000038 C=CODE     S=.text    G=(none)   M=WinSpool ACBP=A9
 0001:000009CC 00000038 C=CODE     S=.text    G=(none)   M=CommDlg  ACBP=A9
 0001:00000A04 00000038 C=CODE     S=.text    G=(none)   M=Dlgs     ACBP=A9
 0001:00000A3C 00000016 C=CODE     S=.text    G=(none)   M=StrUtils ACBP=A9
 0001:00000A54 0000000E C=CODE     S=.text    G=(none)   M=Clipbrd  ACBP=A9
 0001:00000A64 0000000E C=CODE     S=.text    G=(none)   M=FlatSB   ACBP=A9
 0001:00000A74 0000000E C=CODE     S=.text    G=(none)   M=ToolWin  ACBP=A9
 0001:00000A84 00000038 C=CODE     S=.text    G=(none)   M=RichEdit ACBP=A9
 0001:00000ABC 0000000E C=CODE     S=.text    G=(none)   M=ExtActns ACBP=A9
 0001:00000ACC 0000000E C=CODE     S=.text    G=(none)   M=Registry ACBP=A9
 0001:00000ADC 0000000E C=CODE     S=.text    G=(none)   M=IniFiles ACBP=A9
 0001:00000AEC 0000000E C=CODE     S=.text    G=(none)   M=ExtDlgs  ACBP=A9
 0001:00000AFC 0000000E C=CODE     S=.text    G=(none)   M=Buttons  ACBP=A9
 0001:00000B0C 0000000E C=CODE     S=.text    G=(none)   M=Mapi     ACBP=A9
 0001:00000B1C 0000000E C=CODE     S=.text    G=(none)   M=ComStrs  ACBP=A9
 0001:00000B2C 00000056 C=CODE     S=.text    G=(none)   M=RLReport ACBP=A9
 0001:00000B84 0000000E C=CODE     S=.text    G=(none)   M=DB       ACBP=A9
 0001:00000B94 0000000E C=CODE     S=.text    G=(none)   M=FMTBcd   ACBP=A9
 0001:00000BA4 0000000E C=CODE     S=.text    G=(none)   M=DBConsts ACBP=A9
 0001:00000BB4 0000000E C=CODE     S=.text    G=(none)   M=SqlTimSt ACBP=A9
 0001:00000BC4 0000000E C=CODE     S=.text    G=(none)   M=DateUtils ACBP=A9
 0001:00000BD4 0000000E C=CODE     S=.text    G=(none)   M=MaskUtils ACBP=A9
 0001:00000BE4 0000000E C=CODE     S=.text    G=(none)   M=ComObj   ACBP=A9
 0001:00000BF4 0000000E C=CODE     S=.text    G=(none)   M=ComConst ACBP=A9
 0001:00000C04 0000000E C=CODE     S=.text    G=(none)   M=DBCtrls  ACBP=A9
 0001:00000C14 0000000E C=CODE     S=.text    G=(none)   M=Mask     ACBP=A9
 0001:00000C24 0000000E C=CODE     S=.text    G=(none)   M=VDBConsts ACBP=A9
 0001:00000C34 0000000E C=CODE     S=.text    G=(none)   M=DBPWDlg  ACBP=A9
 0001:00000C44 0000000E C=CODE     S=.text    G=(none)   M=DBLogDlg ACBP=A9
 0001:00000C54 0000000E C=CODE     S=.text    G=(none)   M=RLMetaVCL ACBP=A9
 0001:00000C64 00000026 C=CODE     S=.text    G=(none)   M=RLMetaFile ACBP=A9
 0001:00000C8C 00000016 C=CODE     S=.text    G=(none)   M=RLUtils  ACBP=A9
 0001:00000CA4 0000000E C=CODE     S=.text    G=(none)   M=RLConsts ACBP=A9
 0001:00000CB4 0000000E C=CODE     S=.text    G=(none)   M=RLFeedBack ACBP=A9
 0001:00000CC4 0000000E C=CODE     S=.text    G=(none)   M=RLParser ACBP=A9
 0001:00000CD4 00000016 C=CODE     S=.text    G=(none)   M=RLFilters ACBP=A9
 0001:00000CEC 0000000E C=CODE     S=.text    G=(none)   M=RLTypes  ACBP=A9
 0001:00000CFC 0000002E C=CODE     S=.text    G=(none)   M=RLPrinters ACBP=A9
 0001:00000D2C 0000000E C=CODE     S=.text    G=(none)   M=RLSpoolFilter ACBP=A9
 0001:00000D3C 0000000E C=CODE     S=.text    G=(none)   M=RLPrintDialog ACBP=A9
 0001:00000D4C 0000000E C=CODE     S=.text    G=(none)   M=RLPreviewForm ACBP=A9
 0001:00000D5C 0000000E C=CODE     S=.text    G=(none)   M=RLPreview ACBP=A9
 0001:00000D6C 0000000E C=CODE     S=.text    G=(none)   M=RLSaveDialog ACBP=A9
 0001:00000D7C 0000000E C=CODE     S=.text    G=(none)   M=RLFindDialog ACBP=A9
 0001:00000D8C 0000000E C=CODE     S=.text    G=(none)   M=RLBarcode ACBP=A9
 0001:00000D9C 0000000E C=CODE     S=.text    G=(none)   M=RLPDFFilter ACBP=A9
 0001:00000DAC 0000000E C=CODE     S=.text    G=(none)   M=jpeg     ACBP=A9
 0001:00000DBC 0000000E C=CODE     S=.text    G=(none)   M=JConsts  ACBP=A9
 0001:00000DCC 0000000E C=CODE     S=.text    G=(none)   M=RLHTMLFilter ACBP=A9
 0001:00000DDC 000000EE C=CODE     S=.text    G=(none)   M=ACBrBoleto ACBP=A9
 0001:00000ECC 0000000E C=CODE     S=.text    G=(none)   M=ACBrBase ACBP=A9
 0001:00000EDC 0000000E C=CODE     S=.text    G=(none)   M=ACBrUtil.Strings ACBP=A9
 0001:00000EEC 0000000E C=CODE     S=.text    G=(none)   M=ACBrConsts ACBP=A9
 0001:00000EFC 0000000E C=CODE     S=.text    G=(none)   M=ACBrUtil.Compatibilidade ACBP=A9
 0001:00000F0C 0000000E C=CODE     S=.text    G=(none)   M=ACBrUtil.Math ACBP=A9
 0001:00000F1C 0000000E C=CODE     S=.text    G=(none)   M=synautil ACBP=A9
 0001:00000F2C 0000000E C=CODE     S=.text    G=(none)   M=synafpc  ACBP=A9
 0001:00000F3C 0000000E C=CODE     S=.text    G=(none)   M=synacode ACBP=A9
 0001:00000F4C 0000000E C=CODE     S=.text    G=(none)   M=ACBrMail ACBP=A9
 0001:00000F5C 0000000E C=CODE     S=.text    G=(none)   M=ssl_openssl ACBP=A9
 0001:00000F6C 0000000E C=CODE     S=.text    G=(none)   M=blcksock ACBP=A9
 0001:00000F7C 0000000E C=CODE     S=.text    G=(none)   M=synsock  ACBP=A9
 0001:00000F8C 0000000E C=CODE     S=.text    G=(none)   M=synaip   ACBP=A9
 0001:00000F9C 0000000E C=CODE     S=.text    G=(none)   M=ssl_openssl_lib ACBP=A9
 0001:00000FAC 0000000E C=CODE     S=.text    G=(none)   M=smtpsend ACBP=A9
 0001:00000FBC 0000000E C=CODE     S=.text    G=(none)   M=mimepart ACBP=A9
 0001:00000FCC 0000000E C=CODE     S=.text    G=(none)   M=synachar ACBP=A9
 0001:00000FDC 0000000E C=CODE     S=.text    G=(none)   M=synaicnv ACBP=A9
 0001:00000FEC 0000000E C=CODE     S=.text    G=(none)   M=mimeinln ACBP=A9
 0001:00000FFC 0000000E C=CODE     S=.text    G=(none)   M=mimemess ACBP=A9
 0001:0000100C 00000016 C=CODE     S=.text    G=(none)   M=ACBrValidador ACBP=A9
 0001:00001024 0000000E C=CODE     S=.text    G=(none)   M=ACBrUtil.Base ACBP=A9
 0001:00001034 0000000E C=CODE     S=.text    G=(none)   M=StrUtilsEx ACBP=A9
 0001:00001044 0000000E C=CODE     S=.text    G=(none)   M=ACBrCompress ACBP=A9
 0001:00001054 0000000E C=CODE     S=.text    G=(none)   M=ACBrZLibExGZ ACBP=A9
 0001:00001064 0000000E C=CODE     S=.text    G=(none)   M=ACBrZLibEx ACBP=A9
 0001:00001074 0000000E C=CODE     S=.text    G=(none)   M=ACBrZLibExApi ACBP=A9
 0001:00001084 0000000E C=CODE     S=.text    G=(none)   M=ZLib     ACBP=A9
 0001:00001094 0000000E C=CODE     S=.text    G=(none)   M=ZLibConst ACBP=A9
 0001:000010A4 0000000E C=CODE     S=.text    G=(none)   M=ACBrDFeSSL ACBP=A9
 0001:000010B4 0000000E C=CODE     S=.text    G=(none)   M=ACBrDFeUtil ACBP=A9
 0001:000010C4 0000000E C=CODE     S=.text    G=(none)   M=ACBrIBGE ACBP=A9
 0001:000010D4 0000000E C=CODE     S=.text    G=(none)   M=ACBrSocket ACBP=A9
 0001:000010E4 0000000E C=CODE     S=.text    G=(none)   M=httpsend ACBP=A9
 0001:000010F4 0000000E C=CODE     S=.text    G=(none)   M=ACBrUtil.XMLHTML ACBP=A9
 0001:00001104 0000000E C=CODE     S=.text    G=(none)   M=ACBrUtil.FilesIO ACBP=A9
 0001:00001114 0000000E C=CODE     S=.text    G=(none)   M=ACBrUtil.DateTime ACBP=A9
 0001:00001124 0000000E C=CODE     S=.text    G=(none)   M=Jsons    ACBP=A9
 0001:00001134 0000000E C=CODE     S=.text    G=(none)   M=JsonsUtilsEx ACBP=A9
 0001:00001144 0000000E C=CODE     S=.text    G=(none)   M=ACBrDFe  ACBP=A9
 0001:00001154 0000000E C=CODE     S=.text    G=(none)   M=ACBrDFeConfiguracoes ACBP=A9
 0001:00001164 0000000E C=CODE     S=.text    G=(none)   M=pcnConversao ACBP=A9
 0001:00001174 0000000E C=CODE     S=.text    G=(none)   M=ACBrDFe.Conversao ACBP=A9
 0001:00001184 0000000E C=CODE     S=.text    G=(none)   M=pcnAuxiliar ACBP=A9
 0001:00001194 0000000E C=CODE     S=.text    G=(none)   M=ACBrIntegrador ACBP=A9
 0001:000011A4 0000000E C=CODE     S=.text    G=(none)   M=pcnGerador ACBP=A9
 0001:000011B4 0000000E C=CODE     S=.text    G=(none)   M=pcnConsts ACBP=A9
 0001:000011C4 0000000E C=CODE     S=.text    G=(none)   M=pcnLeitor ACBP=A9
 0001:000011D4 0000000E C=CODE     S=.text    G=(none)   M=HtmlUtilsDelphi6 ACBP=A9
 0001:000011E4 0000000E C=CODE     S=.text    G=(none)   M=pcnVFPe  ACBP=A9
 0001:000011F4 0000000E C=CODE     S=.text    G=(none)   M=ACBrIntegradorResposta ACBP=A9
 0001:00001204 0000000E C=CODE     S=.text    G=(none)   M=pcnVFPeW ACBP=A9
 0001:00001214 0000000E C=CODE     S=.text    G=(none)   M=pcnVFPeR ACBP=A9
 0001:00001224 0000000E C=CODE     S=.text    G=(none)   M=ACBrDFeConsts ACBP=A9
 0001:00001234 0000000E C=CODE     S=.text    G=(none)   M=ACBrDFeException ACBP=A9
 0001:00001244 0000000E C=CODE     S=.text    G=(none)   M=ACBrDFeOpenSSL ACBP=A9
 0001:00001254 0000000E C=CODE     S=.text    G=(none)   M=ACBrDFeWinCrypt ACBP=A9
 0001:00001264 0000000E C=CODE     S=.text    G=(none)   M=ACBr_WinCrypt ACBP=A9
 0001:00001274 0000000E C=CODE     S=.text    G=(none)   M=ACBr_BCrypt ACBP=A9
 0001:00001284 00000038 C=CODE     S=.text    G=(none)   M=ACBr_NTStatus ACBP=A9
 0001:000012BC 0000000E C=CODE     S=.text    G=(none)   M=ACBr_NCrypt ACBP=A9
 0001:000012CC 0000000E C=CODE     S=.text    G=(none)   M=OpenSSLExt ACBP=A9
 0001:000012DC 0000000E C=CODE     S=.text    G=(none)   M=ACBrOpenSSLUtils ACBP=A9
 0001:000012EC 0000000E C=CODE     S=.text    G=(none)   M=ACBrDFeHttpOpenSSL ACBP=A9
 0001:000012FC 0000000E C=CODE     S=.text    G=(none)   M=ACBrDFeXsLibXml2 ACBP=A9
 0001:0000130C 0000000E C=CODE     S=.text    G=(none)   M=ACBrLibXml2 ACBP=A9
 0001:0000131C 0000000E C=CODE     S=.text    G=(none)   M=ACBrDFeHttpIndy ACBP=A9
 0001:0000132C 0000000E C=CODE     S=.text    G=(none)   M=SOAPHTTPClient ACBP=A9
 0001:0000133C 0000000E C=CODE     S=.text    G=(none)   M=XMLIntf  ACBP=A9
 0001:0000134C 0000000E C=CODE     S=.text    G=(none)   M=xmldom   ACBP=A9
 0001:0000135C 0000000E C=CODE     S=.text    G=(none)   M=XMLConst ACBP=A9
 0001:0000136C 0000000E C=CODE     S=.text    G=(none)   M=msxmldom ACBP=A9
 0001:0000137C 0000000E C=CODE     S=.text    G=(none)   M=msxml    ACBP=A9
 0001:0000138C 0000000E C=CODE     S=.text    G=(none)   M=WebNode  ACBP=A9
 0001:0000139C 0000000E C=CODE     S=.text    G=(none)   M=SOAPAttachIntf ACBP=A9
 0001:000013AC 0000000E C=CODE     S=.text    G=(none)   M=InvokeRegistry ACBP=A9
 0001:000013BC 0000000E C=CODE     S=.text    G=(none)   M=XMLSchema ACBP=A9
 0001:000013CC 0000000E C=CODE     S=.text    G=(none)   M=XMLDoc   ACBP=A9
 0001:000013DC 0000000E C=CODE     S=.text    G=(none)   M=XMLSchemaTags ACBP=A9
 0001:000013EC 0000000E C=CODE     S=.text    G=(none)   M=IntfInfo ACBP=A9
 0001:000013FC 0000000E C=CODE     S=.text    G=(none)   M=SOAPConst ACBP=A9
 0001:0000140C 0000000E C=CODE     S=.text    G=(none)   M=HTTPUtil ACBP=A9
 0001:0000141C 0000000E C=CODE     S=.text    G=(none)   M=SOAPHTTPTrans ACBP=A9
 0001:0000142C 00000038 C=CODE     S=.text    G=(none)   M=WinSock  ACBP=A9
 0001:00001464 0000000E C=CODE     S=.text    G=(none)   M=SOAPAttach ACBP=A9
 0001:00001474 0000000E C=CODE     S=.text    G=(none)   M=WSDLIntf ACBP=A9
 0001:00001484 0000000E C=CODE     S=.text    G=(none)   M=HTTPApp  ACBP=A9
 0001:00001494 0000000E C=CODE     S=.text    G=(none)   M=Masks    ACBP=A9
 0001:000014A4 0000000E C=CODE     S=.text    G=(none)   M=BrkrConst ACBP=A9
 0001:000014B4 0000000E C=CODE     S=.text    G=(none)   M=WebConst ACBP=A9
 0001:000014C4 0000000E C=CODE     S=.text    G=(none)   M=WSDLNode ACBP=A9
 0001:000014D4 0000000E C=CODE     S=.text    G=(none)   M=WSDLItems ACBP=A9
 0001:000014E4 0000000E C=CODE     S=.text    G=(none)   M=WSDLBind ACBP=A9
 0001:000014F4 0000000E C=CODE     S=.text    G=(none)   M=OPConvert ACBP=A9
 0001:00001504 0000000E C=CODE     S=.text    G=(none)   M=UDDIHelper ACBP=A9
 0001:00001514 0000000E C=CODE     S=.text    G=(none)   M=inquire_v1 ACBP=A9
 0001:00001524 0000000E C=CODE     S=.text    G=(none)   M=XSBuiltIns ACBP=A9
 0001:00001534 0000000E C=CODE     S=.text    G=(none)   M=OPToSOAPDomConv ACBP=A9
 0001:00001544 0000000E C=CODE     S=.text    G=(none)   M=SOAPDomConv ACBP=A9
 0001:00001554 0000000E C=CODE     S=.text    G=(none)   M=SOAPEnv  ACBP=A9
 0001:00001564 0000000E C=CODE     S=.text    G=(none)   M=xercesxmldom ACBP=A9
 0001:00001574 0000000E C=CODE     S=.text    G=(none)   M=oxmldom  ACBP=A9
 0001:00001584 0000000E C=CODE     S=.text    G=(none)   M=xdom     ACBP=A9
 0001:00001594 0000000E C=CODE     S=.text    G=(none)   M=OPToSOAPDomCustom ACBP=A9
 0001:000015A4 0000000E C=CODE     S=.text    G=(none)   M=TypeTrans ACBP=A9
 0001:000015B4 0000000E C=CODE     S=.text    G=(none)   M=EncdDecd ACBP=A9
 0001:000015C4 0000000E C=CODE     S=.text    G=(none)   M=InvRules ACBP=A9
 0001:000015D4 0000000E C=CODE     S=.text    G=(none)   M=Rio      ACBP=A9
 0001:000015E4 0000000E C=CODE     S=.text    G=(none)   M=WebServExp ACBP=A9
 0001:000015F4 0000000E C=CODE     S=.text    G=(none)   M=ACBrDFeHttpWinApi ACBP=A9
 0001:00001604 0000000E C=CODE     S=.text    G=(none)   M=ACBrWinReqRespClass ACBP=A9
 0001:00001614 0000000E C=CODE     S=.text    G=(none)   M=ACBr_WinHttp ACBP=A9
 0001:00001624 0000000E C=CODE     S=.text    G=(none)   M=ACBrWinHTTPReqResp ACBP=A9
 0001:00001634 0000000E C=CODE     S=.text    G=(none)   M=ACBrWinINetReqResp ACBP=A9
 0001:00001644 0000000E C=CODE     S=.text    G=(none)   M=ACBrBoletoConversao ACBP=A9
 0001:00001654 0000000E C=CODE     S=.text    G=(none)   M=ACBrBoletoRetorno ACBP=A9
 0001:00001664 0000000E C=CODE     S=.text    G=(none)   M=ACBrBoletoWS ACBP=A9
 0001:00001674 00000026 C=CODE     S=.text    G=(none)   M=ACBrUtil ACBP=A9
 0001:0000169C 0000000E C=CODE     S=.text    G=(none)   M=ACBrBoletoW_Caixa ACBP=A9
 0001:000016AC 0000000E C=CODE     S=.text    G=(none)   M=ACBrBoletoPcnConsts ACBP=A9
 0001:000016BC 0000000E C=CODE     S=.text    G=(none)   M=ACBrBoletoRet_Caixa ACBP=A9
 0001:000016CC 0000000E C=CODE     S=.text    G=(none)   M=ACBrBoletoW_BancoBrasil ACBP=A9
 0001:000016DC 0000000E C=CODE     S=.text    G=(none)   M=ACBrBoletoRet_BancoBrasil ACBP=A9
 0001:000016EC 0000000E C=CODE     S=.text    G=(none)   M=ACBrBoletoW_BancoBrasil_API ACBP=A9
 0001:000016FC 0000000E C=CODE     S=.text    G=(none)   M=ACBrBoletoRet_BancoBrasil_API ACBP=A9
 0001:0000170C 0000000E C=CODE     S=.text    G=(none)   M=ACBrBoletoW_Itau ACBP=A9
 0001:0000171C 0000000E C=CODE     S=.text    G=(none)   M=ACBrBoletoRet_Itau ACBP=A9
 0001:0000172C 0000000E C=CODE     S=.text    G=(none)   M=ACBrBoletoW_Credisis ACBP=A9
 0001:0000173C 0000000E C=CODE     S=.text    G=(none)   M=ACBrBoletoRet_Credisis ACBP=A9
 0001:0000174C 0000000E C=CODE     S=.text    G=(none)   M=ACBrBoletoW_Sicredi_API ACBP=A9
 0001:0000175C 0000000E C=CODE     S=.text    G=(none)   M=ACBrBoletoRet_Sicredi_API ACBP=A9
 0001:0000176C 0000000E C=CODE     S=.text    G=(none)   M=ACBrBancoBradesco ACBP=A9
 0001:0000177C 0000000E C=CODE     S=.text    G=(none)   M=ACBrBancoBrasil ACBP=A9
 0001:0000178C 0000000E C=CODE     S=.text    G=(none)   M=ACBrBancoAmazonia ACBP=A9
 0001:0000179C 0000000E C=CODE     S=.text    G=(none)   M=ACBrBancoBanestes ACBP=A9
 0001:000017AC 0000000E C=CODE     S=.text    G=(none)   M=ACBrBancoItau ACBP=A9
 0001:000017BC 0000000E C=CODE     S=.text    G=(none)   M=ACBrBancoSicredi ACBP=A9
 0001:000017CC 0000000E C=CODE     S=.text    G=(none)   M=ACBrBancoMercantil ACBP=A9
 0001:000017DC 0000000E C=CODE     S=.text    G=(none)   M=ACBrBancoCaixa ACBP=A9
 0001:000017EC 0000000E C=CODE     S=.text    G=(none)   M=ACBrBancoBanrisul ACBP=A9
 0001:000017FC 0000000E C=CODE     S=.text    G=(none)   M=ACBrBancoSantander ACBP=A9
 0001:0000180C 0000000E C=CODE     S=.text    G=(none)   M=ACBrBancoBancoob ACBP=A9
 0001:0000181C 0000000E C=CODE     S=.text    G=(none)   M=ACBrBancoCaixaSICOB ACBP=A9
 0001:0000182C 0000000E C=CODE     S=.text    G=(none)   M=ACBrBancoHSBC ACBP=A9
 0001:0000183C 0000000E C=CODE     S=.text    G=(none)   M=ACBrBancoNordeste ACBP=A9
 0001:0000184C 0000000E C=CODE     S=.text    G=(none)   M=ACBrBancoBRB ACBP=A9
 0001:0000185C 0000000E C=CODE     S=.text    G=(none)   M=ACBrBancoBic ACBP=A9
 0001:0000186C 0000000E C=CODE     S=.text    G=(none)   M=ACBrBancoBradescoSICOOB ACBP=A9
 0001:0000187C 0000000E C=CODE     S=.text    G=(none)   M=ACBrBancoSafra ACBP=A9
 0001:0000188C 0000000E C=CODE     S=.text    G=(none)   M=ACBrBancoSafraBradesco ACBP=A9
 0001:0000189C 0000000E C=CODE     S=.text    G=(none)   M=ACBrBancoCecred ACBP=A9
 0001:000018AC 0000000E C=CODE     S=.text    G=(none)   M=ACBrBancoBrasilSicoob ACBP=A9
 0001:000018BC 0000000E C=CODE     S=.text    G=(none)   M=ACBrUniprime ACBP=A9
 0001:000018CC 0000000E C=CODE     S=.text    G=(none)   M=ACBrBancoUnicredRS ACBP=A9
 0001:000018DC 0000000E C=CODE     S=.text    G=(none)   M=ACBrBancoBanese ACBP=A9
 0001:000018EC 0000000E C=CODE     S=.text    G=(none)   M=ACBrBancoCredisis ACBP=A9
 0001:000018FC 0000000E C=CODE     S=.text    G=(none)   M=ACBrBancoUnicredES ACBP=A9
 0001:0000190C 0000000E C=CODE     S=.text    G=(none)   M=ACBrBancoCresolSCRS ACBP=A9
 0001:0000191C 0000000E C=CODE     S=.text    G=(none)   M=ACBrBancoCitiBank ACBP=A9
 0001:0000192C 0000000E C=CODE     S=.text    G=(none)   M=ACBrBancoABCBrasil ACBP=A9
 0001:0000193C 0000000E C=CODE     S=.text    G=(none)   M=ACBrBancoDaycoval ACBP=A9
 0001:0000194C 0000000E C=CODE     S=.text    G=(none)   M=ACBrUniprimeNortePR ACBP=A9
 0001:0000195C 0000000E C=CODE     S=.text    G=(none)   M=ACBrBancoPine ACBP=A9
 0001:0000196C 0000000E C=CODE     S=.text    G=(none)   M=ACBrBancoPineBradesco ACBP=A9
 0001:0000197C 0000000E C=CODE     S=.text    G=(none)   M=ACBrBancoUnicredSC ACBP=A9
 0001:0000198C 0000000E C=CODE     S=.text    G=(none)   M=ACBrBancoAlfa ACBP=A9
 0001:0000199C 0000000E C=CODE     S=.text    G=(none)   M=ACBrBancoCresol ACBP=A9
 0001:000019AC 0000000E C=CODE     S=.text    G=(none)   M=ACBrBancoBradescoMoneyPlus ACBP=A9
 0001:000019BC 0000000E C=CODE     S=.text    G=(none)   M=ACBrBancoC6 ACBP=A9
 0001:000019CC 0000000E C=CODE     S=.text    G=(none)   M=ACBrBancoRendimento ACBP=A9
 0001:000019DC 0000000E C=CODE     S=.text    G=(none)   M=ACBrBancoInter ACBP=A9
 0001:000019EC 0000000E C=CODE     S=.text    G=(none)   M=ACBrBancoSofisaSantander ACBP=A9
 0001:000019FC 0000000E C=CODE     S=.text    G=(none)   M=ACBrBancoBS2 ACBP=A9
 0001:00001A0C 0000000E C=CODE     S=.text    G=(none)   M=RLRichText ACBP=A9
 0001:00001A1C 00009FE4 C=CODE     S=.text    G=(none)   M=ACBrBoletoFCFortesFr ACBP=A9
 0001:0000BA00 0000088D C=CODE     S=.text    G=(none)   M=ACBr_BoletoRL ACBP=A9
 0002:00000000 0000002C C=DATA     S=.data    G=DGROUP   M=SysInit  ACBP=A9
 0002:00001000 00000010 C=BSS      S=.bss     G=DGROUP   M=SysInit  ACBP=A9
 0002:00001010 00000004 C=BSS      S=.bss     G=DGROUP   M=Windows  ACBP=A9
 0002:00001014 00000004 C=BSS      S=.bss     G=DGROUP   M=Messages ACBP=A9
 0002:00001018 00000004 C=BSS      S=.bss     G=DGROUP   M=CommCtrl ACBP=A9
 0002:0000101C 00000004 C=BSS      S=.bss     G=DGROUP   M=Imm      ACBP=A9
 0002:00001020 00000004 C=BSS      S=.bss     G=DGROUP   M=ShlObj   ACBP=A9
 0002:00001024 00000004 C=BSS      S=.bss     G=DGROUP   M=UrlMon   ACBP=A9
 0002:00001028 00000004 C=BSS      S=.bss     G=DGROUP   M=WinInet  ACBP=A9
 0002:0000102C 00000004 C=BSS      S=.bss     G=DGROUP   M=RegStr   ACBP=A9
 0002:00001030 00000004 C=BSS      S=.bss     G=DGROUP   M=ShellAPI ACBP=A9
 0002:00001034 00000004 C=BSS      S=.bss     G=DGROUP   M=WinSpool ACBP=A9
 0002:00001038 00000004 C=BSS      S=.bss     G=DGROUP   M=CommDlg  ACBP=A9
 0002:0000103C 00000004 C=BSS      S=.bss     G=DGROUP   M=Dlgs     ACBP=A9
 0002:00001040 00000004 C=BSS      S=.bss     G=DGROUP   M=RichEdit ACBP=A9
 0002:00001044 00000004 C=BSS      S=.bss     G=DGROUP   M=ACBr_NTStatus ACBP=A9
 0002:00001048 00000004 C=BSS      S=.bss     G=DGROUP   M=WinSock  ACBP=A9
 0002:0000104C 00000008 C=BSS      S=.bss     G=DGROUP   M=ACBrBoletoFCFortesFr ACBP=A9


  Address         Publics by Name

 0002:00001020       .1
 0002:00001024       .1
 0002:00001014       .1
 0002:00001028       .1
 0002:00001018       .1
 0002:00001008       .1
 0002:0000102C       .1
 0002:0000101C       .1
 0002:00001048       .1
 0002:00001044       .1
 0002:00001040       .1
 0002:0000103C       .1
 0002:00001038       .1
 0002:00001030       .1
 0002:00001034       .3
 0002:00001050       .3
 0002:00001010       .3
 0001:0000C268       @GetPackageInfoTable
 0001:00000210       @InitPkg
 0001:00000274       @PackageLoad
 0001:0000C270       @PackageLoad
 0001:00000280       @PackageUnload
 0001:0000C27C       @PackageUnload
 0002:0000104C       ACBrBoletoFCFortesForm
 0001:0000B9F8       ACBrBoletoFCFortesFr
 0001:0000C288       ACBr_BoletoRL
 0001:000012B4       ACBr_NTStatus
 0001:00000110       AllocTlsBuffer
 0001:0000062C       CommCtrl
 0001:000009FC       CommDlg
 0001:00000A34       Dlgs
 0001:000001BC       ExitProcessTLS
 0001:00000194       ExitThreadTLS
 0001:000005FC       Finalization
 0001:00000784       Finalization
 0001:00000A84       Finalization
 0001:000008EC       Finalization
 0001:0000080C       Finalization
 0001:00001284       Finalization
 0001:00000844       Finalization
 0001:0000142C       Finalization
 0001:0000087C       Finalization
 0001:000008B4       Finalization
 0001:000003F4       Finalization
 0001:00000994       Finalization
 0001:0000B9C8       Finalization
 0001:0000031C       Finalization
 0001:00000A04       Finalization
 0001:0000028C       Finalization
 0001:000009CC       Finalization
 0001:000000D8       FreeLibrary
 0001:0000011C       GetTlsSize
 0002:00001004       HInstance
 0001:000007B4       Imm
 0001:000001E0       InitializeModule
 0001:00000168       InitProcessTLS
 0001:00000124       InitThreadTLS
 0001:000000E0       LocalAlloc
 0001:000000E8       LocalFree
 0001:00000424       Messages
 0002:00000004       Module
 0002:00001000       ModuleIsLib
 0002:00001001       ModuleIsPackage
 0001:000008E4       RegStr
 0001:00000AB4       RichEdit
 0001:0000091C       ShellAPI
 0001:0000083C       ShlObj
 0001:000002BC       SysInit
 0001:000061A4       TACBrBoletoFCFortes.Create
 0001:000061EC       TACBrBoletoFCFortes.Imprimir
 0001:000067D4       TACBrBoletoFCFortesFr.BoletoCarneBeforePrint
 0001:0000680C       TACBrBoletoFCFortesFr.BoletoCarneDataCount
 0001:00006838       TACBrBoletoFCFortesFr.BoletoCarneDataRecord
 0001:000066D8       TACBrBoletoFCFortesFr.FormCreate
 0001:000067A8       TACBrBoletoFCFortesFr.FormDestroy
 0001:000068A4       TACBrBoletoFCFortesFr.GetACBrTitulo
 0001:00006910       TACBrBoletoFCFortesFr.LayoutBoletoBeforePrint
 0001:00006948       TACBrBoletoFCFortesFr.LayoutBoletoDataCount
 0001:00006974       TACBrBoletoFCFortesFr.LayoutBoletoDataRecord
 0001:000069E0       TACBrBoletoFCFortesFr.LayoutFaturaDetalBeforePrint
 0001:00006A34       TACBrBoletoFCFortesFr.LayoutFaturaDetalDataCount
 0001:00006A60       TACBrBoletoFCFortesFr.LayoutFaturaDetalDataRecord
 0001:00006ACC       TACBrBoletoFCFortesFr.LayoutTermicaBeforePrint
 0001:00006B04       TACBrBoletoFCFortesFr.LayoutTermicaDataCount
 0001:00006B30       TACBrBoletoFCFortesFr.LayoutTermicaDataRecord
 0001:00006C98       TACBrBoletoFCFortesFr.RLBand1BeforePrint
 0001:00007558       TACBrBoletoFCFortesFr.RLBand2BeforePrint
 0001:000079E8       TACBrBoletoFCFortesFr.RLBand3BeforePrint
 0001:00008598       TACBrBoletoFCFortesFr.RLBand4BeforePrint
 0001:00008940       TACBrBoletoFCFortesFr.RLBand5BeforePrint
 0001:00009388       TACBrBoletoFCFortesFr.RLBand6BeforePrint
 0001:00009A00       TACBrBoletoFCFortesFr.RLBand7BeforePrint
 0001:0000A4AC       TACBrBoletoFCFortesFr.RLBand8BeforePrint
 0001:0000AC84       TACBrBoletoFCFortesFr.RLBandDetalhamentoBeforePrint
 0001:0000AD0C       TACBrBoletoFCFortesFr.RLBandReciboPagDetalBeforePrint
 0001:0000B17C       TACBrBoletoFCFortesFr.rlbndComprovanteEntrega2BeforePrint
 0001:00006B9C       TACBrBoletoFCFortesFr.ValidarCIP
 0001:0000B71C       TACBrBoletoFCFortesFr.Verso
 0001:000000F0       TlsAlloc
 0002:0000100C       tlsBuffer
 0001:000000F8       TlsFree
 0001:00000100       TlsGetValue
 0002:00000000       TlsIndex
 0002:FFBF2000       TlsLast
 0002:0000001C       TlsProc
 0001:00000108       TlsSetValue
 0001:000001EC       UninitializeModule
 0001:00000874       UrlMon
 0001:0000034C       Windows
 0001:000008AC       WinInet
 0001:0000145C       WinSock
 0001:000009C4       WinSpool


  Address         Publics by Value

 0002:FFBF2000       TlsLast
 0001:000000D8       FreeLibrary
 0001:000000E0       LocalAlloc
 0001:000000E8       LocalFree
 0001:000000F0       TlsAlloc
 0001:000000F8       TlsFree
 0001:00000100       TlsGetValue
 0001:00000108       TlsSetValue
 0001:00000110       AllocTlsBuffer
 0001:0000011C       GetTlsSize
 0001:00000124       InitThreadTLS
 0001:00000168       InitProcessTLS
 0001:00000194       ExitThreadTLS
 0001:000001BC       ExitProcessTLS
 0001:000001E0       InitializeModule
 0001:000001EC       UninitializeModule
 0001:00000210       @InitPkg
 0001:00000274       @PackageLoad
 0001:00000280       @PackageUnload
 0001:0000028C       Finalization
 0001:000002BC       SysInit
 0001:0000031C       Finalization
 0001:0000034C       Windows
 0001:000003F4       Finalization
 0001:00000424       Messages
 0001:000005FC       Finalization
 0001:0000062C       CommCtrl
 0001:00000784       Finalization
 0001:000007B4       Imm
 0001:0000080C       Finalization
 0001:0000083C       ShlObj
 0001:00000844       Finalization
 0001:00000874       UrlMon
 0001:0000087C       Finalization
 0001:000008AC       WinInet
 0001:000008B4       Finalization
 0001:000008E4       RegStr
 0001:000008EC       Finalization
 0001:0000091C       ShellAPI
 0001:00000994       Finalization
 0001:000009C4       WinSpool
 0001:000009CC       Finalization
 0001:000009FC       CommDlg
 0001:00000A04       Finalization
 0001:00000A34       Dlgs
 0001:00000A84       Finalization
 0001:00000AB4       RichEdit
 0001:00001284       Finalization
 0001:000012B4       ACBr_NTStatus
 0001:0000142C       Finalization
 0001:0000145C       WinSock
 0001:000061A4       TACBrBoletoFCFortes.Create
 0001:000061EC       TACBrBoletoFCFortes.Imprimir
 0001:000066D8       TACBrBoletoFCFortesFr.FormCreate
 0001:000067A8       TACBrBoletoFCFortesFr.FormDestroy
 0001:000067D4       TACBrBoletoFCFortesFr.BoletoCarneBeforePrint
 0001:0000680C       TACBrBoletoFCFortesFr.BoletoCarneDataCount
 0001:00006838       TACBrBoletoFCFortesFr.BoletoCarneDataRecord
 0001:000068A4       TACBrBoletoFCFortesFr.GetACBrTitulo
 0001:00006910       TACBrBoletoFCFortesFr.LayoutBoletoBeforePrint
 0001:00006948       TACBrBoletoFCFortesFr.LayoutBoletoDataCount
 0001:00006974       TACBrBoletoFCFortesFr.LayoutBoletoDataRecord
 0001:000069E0       TACBrBoletoFCFortesFr.LayoutFaturaDetalBeforePrint
 0001:00006A34       TACBrBoletoFCFortesFr.LayoutFaturaDetalDataCount
 0001:00006A60       TACBrBoletoFCFortesFr.LayoutFaturaDetalDataRecord
 0001:00006ACC       TACBrBoletoFCFortesFr.LayoutTermicaBeforePrint
 0001:00006B04       TACBrBoletoFCFortesFr.LayoutTermicaDataCount
 0001:00006B30       TACBrBoletoFCFortesFr.LayoutTermicaDataRecord
 0001:00006B9C       TACBrBoletoFCFortesFr.ValidarCIP
 0001:00006C98       TACBrBoletoFCFortesFr.RLBand1BeforePrint
 0001:00007558       TACBrBoletoFCFortesFr.RLBand2BeforePrint
 0001:000079E8       TACBrBoletoFCFortesFr.RLBand3BeforePrint
 0001:00008598       TACBrBoletoFCFortesFr.RLBand4BeforePrint
 0001:00008940       TACBrBoletoFCFortesFr.RLBand5BeforePrint
 0001:00009388       TACBrBoletoFCFortesFr.RLBand6BeforePrint
 0001:00009A00       TACBrBoletoFCFortesFr.RLBand7BeforePrint
 0001:0000A4AC       TACBrBoletoFCFortesFr.RLBand8BeforePrint
 0001:0000AC84       TACBrBoletoFCFortesFr.RLBandDetalhamentoBeforePrint
 0001:0000AD0C       TACBrBoletoFCFortesFr.RLBandReciboPagDetalBeforePrint
 0001:0000B17C       TACBrBoletoFCFortesFr.rlbndComprovanteEntrega2BeforePrint
 0001:0000B71C       TACBrBoletoFCFortesFr.Verso
 0001:0000B9C8       Finalization
 0001:0000B9F8       ACBrBoletoFCFortesFr
 0001:0000C268       @GetPackageInfoTable
 0001:0000C270       @PackageLoad
 0001:0000C27C       @PackageUnload
 0001:0000C288       ACBr_BoletoRL
 0002:00000000       TlsIndex
 0002:00000004       Module
 0002:0000001C       TlsProc
 0002:00001000       ModuleIsLib
 0002:00001001       ModuleIsPackage
 0002:00001004       HInstance
 0002:00001008       .1
 0002:0000100C       tlsBuffer
 0002:00001010       .3
 0002:00001014       .1
 0002:00001018       .1
 0002:0000101C       .1
 0002:00001020       .1
 0002:00001024       .1
 0002:00001028       .1
 0002:0000102C       .1
 0002:00001030       .1
 0002:00001034       .3
 0002:00001038       .1
 0002:0000103C       .1
 0002:00001040       .1
 0002:00001044       .1
 0002:00001048       .1
 0002:0000104C       ACBrBoletoFCFortesForm
 0002:00001050       .3


Line numbers for SysInit(SysInit.pas) segment .text

    93 0001:000000D8   102 0001:000000E0   105 0001:000000E8   108 0001:000000F0
   111 0001:000000F8   114 0001:00000100   117 0001:00000108   128 0001:00000110
   129 0001:00000118   285 0001:0000011C   286 0001:00000121   293 0001:00000124
   294 0001:00000125   295 0001:0000012C   299 0001:00000130   300 0001:00000143
   301 0001:0000014A   302 0001:0000014E   304 0001:0000015A   305 0001:00000166
   310 0001:00000168   312 0001:00000171   313 0001:0000017B   314 0001:00000180
   315 0001:00000190   321 0001:00000194   323 0001:0000019D   324 0001:000001A6
   325 0001:000001B1   326 0001:000001B5   328 0001:000001BB   332 0001:000001BC
   334 0001:000001C5   335 0001:000001CA   336 0001:000001D3   337 0001:000001DE
   423 0001:000001E0   424 0001:000001EA   428 0001:000001EC   429 0001:000001F6
   430 0001:00000207   431 0001:0000020D   495 0001:00000210   496 0001:0000021B
   497 0001:00000222   498 0001:00000229   499 0001:0000022E   500 0001:00000236
   501 0001:0000023E   502 0001:00000243   503 0001:0000024C   504 0001:00000255
   505 0001:0000025A   506 0001:00000261   507 0001:00000265   508 0001:0000026A
   509 0001:0000026D   540 0001:00000274   541 0001:0000027E   545 0001:00000280
   546 0001:0000028A   840 0001:000002BC   840 0001:000002C3

Line numbers for ACBr_NTStatus(..\..\..\Fontes\Terceiros\CodeGear\ACBr_NTStatus.pas) segment .text

 18067 0001:000012B4 18067 0001:000012BB

Line numbers for ACBrBoletoFCFortesFr(..\..\..\..\..\Fontes\ACBrBoleto\FC\Fortes\ACBrBoletoFCFortesFr.pas) segment .text

  1032 0001:000061A4  1033 0001:000061BF  1034 0001:000061E7  1044 0001:000061EC
  1045 0001:00006223  1047 0001:0000622B  1048 0001:0000623D  1051 0001:0000624B
  1052 0001:00006263  1053 0001:00006271  1054 0001:0000627F  1055 0001:0000628D
  1057 0001:0000629B  1060 0001:000062A7  1062 0001:000062C2  1065 0001:000062D2
  1066 0001:000062E1  1067 0001:000062F0  1069 0001:00006306  1071 0001:00006332
  1073 0001:0000633B  1074 0001:00006348  1077 0001:00006361  1079 0001:0000636E
  1080 0001:00006377  1082 0001:00006387  1084 0001:00006390  1086 0001:00006399
  1087 0001:000063A3  1088 0001:000063B4  1090 0001:000063D3  1093 0001:000063E0
  1097 0001:000063ED  1099 0001:000063FD  1100 0001:00006414  1101 0001:00006425
  1104 0001:00006436  1106 0001:00006461  1107 0001:00006469  1108 0001:00006485
  1109 0001:000064A1  1111 0001:000064AB  1112 0001:000064C0  1113 0001:000064D2
  1115 0001:00006504  1116 0001:0000654B  1117 0001:0000656E  1118 0001:000065C9
  1104 0001:000065CC  1119 0001:000065D5  1122 0001:000065DF  1125 0001:000065E9
  1126 0001:000065F7  1128 0001:00006617  1129 0001:00006623  1130 0001:0000663C
  1135 0001:0000665A  1137 0001:000066A1  1145 0001:000066D8  1146 0001:000066E4
  1147 0001:000066EF  1148 0001:000066FE  1149 0001:00006713  1150 0001:00006728
  1151 0001:00006746  1152 0001:00006764  1153 0001:0000676C  1155 0001:0000677B
  1156 0001:00006785  1175 0001:000067A3  1178 0001:000067A8  1179 0001:000067B4
  1180 0001:000067C2  1181 0001:000067D0  1185 0001:000067D4  1187 0001:000067E3
  1188 0001:000067EE  1190 0001:00006808  1194 0001:0000680C  1195 0001:0000681B
  1196 0001:00006832  1201 0001:00006838  1202 0001:00006847  1204 0001:0000685D
  1205 0001:0000686F  1207 0001:0000687B  1209 0001:00006896  1210 0001:0000689C
  1213 0001:000068A4  1214 0001:000068AD  1215 0001:000068BF  1217 0001:000068E8
  1218 0001:0000690B  1222 0001:00006910  1223 0001:0000691F  1224 0001:0000692A
  1225 0001:00006944  1229 0001:00006948  1230 0001:00006957  1231 0001:0000696E
  1236 0001:00006974  1237 0001:00006983  1239 0001:00006999  1240 0001:000069AB
  1242 0001:000069B7  1244 0001:000069D2  1245 0001:000069D8  1249 0001:000069E0
  1250 0001:000069EF  1251 0001:000069FA  1252 0001:00006A14  1253 0001:00006A2E
  1257 0001:00006A34  1258 0001:00006A43  1259 0001:00006A5A  1263 0001:00006A60
  1264 0001:00006A6F  1266 0001:00006A85  1267 0001:00006A97  1269 0001:00006AA3
  1271 0001:00006ABE  1272 0001:00006AC4  1276 0001:00006ACC  1277 0001:00006ADB
  1278 0001:00006AE6  1279 0001:00006B00  1283 0001:00006B04  1284 0001:00006B13
  1285 0001:00006B2A  1290 0001:00006B30  1291 0001:00006B3F  1293 0001:00006B55
  1294 0001:00006B67  1296 0001:00006B73  1298 0001:00006B8E  1299 0001:00006B94
  1304 0001:00006B9C  1305 0001:00006BA5  1306 0001:00006BC8  1307 0001:00006BD9
  1308 0001:00006BEA  1309 0001:00006BFB  1310 0001:00006C0C  1311 0001:00006C1D
  1312 0001:00006C2E  1313 0001:00006C3F  1314 0001:00006C50  1315 0001:00006C61
  1316 0001:00006C72  1317 0001:00006C83  1319 0001:00006C94  1325 0001:00006C98
  1326 0001:00006CC4  1328 0001:00006CD3  1329 0001:00006CEB  1330 0001:00006D03
  1332 0001:00006D1B  1333 0001:00006D2C  1334 0001:00006D3B  1336 0001:00006D4A
  1339 0001:00006D57  1340 0001:00006D65  1341 0001:00006D8C  1343 0001:00006DAD
  1344 0001:00006DD7  1347 0001:00006E5A  1348 0001:00006E79  1349 0001:00006ECC
  1350 0001:00006F04  1351 0001:00006F15  1352 0001:00006F41  1353 0001:00006F5A
  1354 0001:00006F73  1355 0001:00006FA6  1358 0001:00007015  1359 0001:00007026
  1360 0001:0000703F  1361 0001:00007050  1362 0001:00007096  1363 0001:000070F9
  1365 0001:00007110  1367 0001:00007121  1368 0001:00007135  1370 0001:0000719B
  1373 0001:000071BA  1375 0001:000071CE  1376 0001:000071DC  1377 0001:000071EB
  1379 0001:000071FA  1382 0001:00007207  1384 0001:00007214  1385 0001:00007256
  1390 0001:000072C4  1391 0001:000072D4  1395 0001:000072E4  1396 0001:00007312
  1398 0001:00007342  1401 0001:00007369  1403 0001:0000737D  1409 0001:00007460
  1415 0001:00007558  1416 0001:00007584  1418 0001:00007593  1419 0001:000075AB
  1421 0001:000075C7  1422 0001:000075EA  1423 0001:00007614  1424 0001:00007636
  1425 0001:00007664  1426 0001:00007686  1427 0001:000076A8  1428 0001:000076D6
  1429 0001:000076F8  1430 0001:0000771A  1431 0001:0000773C  1432 0001:0000775E
  1433 0001:00007780  1434 0001:000077A2  1435 0001:000077C4  1436 0001:000077E6
  1437 0001:00007808  1438 0001:0000782A  1439 0001:0000784C  1440 0001:0000786E
  1441 0001:00007890  1442 0001:000078B2  1443 0001:000078D4  1444 0001:000078F6
  1445 0001:00007906  1446 0001:00007919  1447 0001:0000792A  1448 0001:00007945
  1449 0001:00007956  1452 0001:000079E0  1458 0001:000079E8  1459 0001:00007A13
  1461 0001:00007A22  1462 0001:00007A3A  1463 0001:00007A52  1464 0001:00007A6E
  1465 0001:00007A86  1467 0001:00007A9E  1468 0001:00007AAC  1469 0001:00007AD3
  1471 0001:00007AF4  1472 0001:00007B05  1473 0001:00007B14  1475 0001:00007B23
  1478 0001:00007B30  1479 0001:00007B5A  1480 0001:00007B84  1482 0001:00007C07
  1483 0001:00007C33  1484 0001:00007C55  1485 0001:00007C66  1486 0001:00007C88
  1487 0001:00007CC1  1488 0001:00007CE3  1489 0001:00007CF4  1490 0001:00007D05
  1491 0001:00007D1E  1492 0001:00007D3D  1494 0001:00007D75  1495 0001:00007D94
  1496 0001:00007DCC  1499 0001:00007E4A  1500 0001:00007E5E  1503 0001:00007F11
  1504 0001:00007F3D  1505 0001:00007F56  1506 0001:00007F6F  1507 0001:00007FA2
  1511 0001:00008011  1512 0001:0000802A  1513 0001:00008041  1514 0001:00008052
  1515 0001:000080A4  1516 0001:000080E6  1518 0001:00008118  1521 0001:0000818F
  1523 0001:000081F0  1524 0001:00008236  1525 0001:00008266  1527 0001:00008294
  1528 0001:000082A5  1529 0001:000082B5  1530 0001:000082C8  1531 0001:000082D9
  1533 0001:00008309  1535 0001:0000831D  1536 0001:0000832B  1537 0001:0000833A
  1539 0001:00008349  1542 0001:00008356  1544 0001:00008363  1550 0001:00008400
  1554 0001:0000847C  1560 0001:00008598  1561 0001:000085C3  1563 0001:000085D2
  1564 0001:000085EA  1566 0001:00008602  1567 0001:00008613  1568 0001:00008622
  1570 0001:00008631  1573 0001:0000863E  1574 0001:00008668  1577 0001:000086EB
  1578 0001:00008704  1579 0001:00008730  1580 0001:00008768  1582 0001:00008779
  1583 0001:00008792  1586 0001:00008801  1587 0001:00008812  1588 0001:00008825
  1589 0001:0000885E  1591 0001:000088AC  1597 0001:00008940  1598 0001:0000896C
  1600 0001:0000897B  1601 0001:00008993  1602 0001:000089AB  1603 0001:000089C7
  1605 0001:000089DF  1606 0001:000089F0  1607 0001:000089FF  1609 0001:00008A0E
  1612 0001:00008A1B  1613 0001:00008A29  1614 0001:00008A50  1617 0001:00008A71
  1618 0001:00008A9B  1621 0001:00008B1E  1622 0001:00008B56  1624 0001:00008B75
  1626 0001:00008B89  1629 0001:00008BE1  1630 0001:00008BEE  1632 0001:00008C06
  1634 0001:00008C1C  1637 0001:00008C2D  1638 0001:00008C3E  1639 0001:00008C4F
  1640 0001:00008C88  1642 0001:00008CB4  1643 0001:00008CCD  1646 0001:00008CE6
  1647 0001:00008D10  1649 0001:00008D93  1650 0001:00008DBF  1651 0001:00008DD0
  1652 0001:00008E09  1653 0001:00008E1A  1655 0001:00008E39  1656 0001:00008E58
  1657 0001:00008E90  1659 0001:00008EB7  1660 0001:00008EE3  1661 0001:00008EFC
  1662 0001:00008F15  1663 0001:00008F48  1665 0001:00008F74  1666 0001:00008F8D
  1667 0001:00008FA4  1668 0001:00009048  1669 0001:0000909A  1670 0001:000090AA
  1672 0001:000090BA  1675 0001:00009131  1677 0001:00009192  1678 0001:000091C2
  1680 0001:000091F0  1682 0001:00009220  1683 0001:00009231  1684 0001:00009242
  1685 0001:00009252  1686 0001:00009265  1687 0001:00009276  1689 0001:000092C3
  1696 0001:00009388  1697 0001:000093B4  1699 0001:000093C3  1700 0001:000093DB
  1702 0001:000093F7  1703 0001:0000940F  1705 0001:00009427  1706 0001:00009438
  1707 0001:00009447  1709 0001:00009456  1712 0001:00009463  1713 0001:00009471
  1714 0001:00009498  1716 0001:000094B9  1717 0001:000094E3  1718 0001:00009566
  1719 0001:00009585  1720 0001:000095D8  1721 0001:00009610  1723 0001:00009624
  1726 0001:00009681  1727 0001:0000968E  1729 0001:000096A6  1731 0001:000096BC
  1733 0001:000096CD  1734 0001:000096DE  1735 0001:0000970A  1736 0001:00009723
  1737 0001:0000973C  1738 0001:0000974D  1739 0001:00009766  1741 0001:000097C9
  1743 0001:00009844  1746 0001:00009921  1752 0001:00009A00  1753 0001:00009A2B
  1755 0001:00009A3A  1756 0001:00009A52  1757 0001:00009A6A  1759 0001:00009A82
  1760 0001:00009A9A  1762 0001:00009AB6  1763 0001:00009AC7  1764 0001:00009AD6
  1766 0001:00009AE5  1769 0001:00009AF2  1770 0001:00009B03  1771 0001:00009B13
  1772 0001:00009B26  1774 0001:00009B37  1775 0001:00009B45  1776 0001:00009B6C
  1778 0001:00009B8D  1779 0001:00009BB7  1780 0001:00009BE1  1783 0001:00009C64
  1784 0001:00009C83  1785 0001:00009CD6  1786 0001:00009D0E  1787 0001:00009D1F
  1788 0001:00009D4B  1789 0001:00009D64  1790 0001:00009D7D  1791 0001:00009DB0
  1794 0001:00009E1F  1795 0001:00009E30  1796 0001:00009E49  1797 0001:00009E5A
  1798 0001:00009EA0  1800 0001:00009F03  1802 0001:00009F14  1803 0001:00009F28
  1805 0001:00009F8E  1808 0001:00009FAD  1810 0001:00009FC1  1811 0001:00009FCF
  1812 0001:00009FDE  1814 0001:00009FED  1817 0001:00009FFA  1819 0001:0000A007
  1825 0001:0000A09F  1829 0001:0000A0AF  1830 0001:0000A0DD  1832 0001:0000A10D
  1833 0001:0000A14F  1835 0001:0000A181  1836 0001:0000A1A9  1837 0001:0000A1D1
  1838 0001:0000A1F9  1839 0001:0000A221  1840 0001:0000A249  1841 0001:0000A2AC
  1842 0001:0000A2D4  1846 0001:0000A2FC  1848 0001:0000A310  1852 0001:0000A3D2
  1859 0001:0000A4AC  1860 0001:0000A4D7  1862 0001:0000A4E6  1863 0001:0000A4FE
  1865 0001:0000A51A  1866 0001:0000A532  1868 0001:0000A54A  1869 0001:0000A55B
  1870 0001:0000A56A  1872 0001:0000A579  1875 0001:0000A586  1876 0001:0000A594
  1877 0001:0000A5BB  1879 0001:0000A5DC  1880 0001:0000A606  1881 0001:0000A689
  1882 0001:0000A6A8  1883 0001:0000A6FB  1884 0001:0000A733  1885 0001:0000A744
  1886 0001:0000A770  1887 0001:0000A789  1888 0001:0000A7A2  1889 0001:0000A7D5
  1890 0001:0000A844  1891 0001:0000A855  1892 0001:0000A86E  1893 0001:0000A885
  1894 0001:0000A89E  1895 0001:0000A8E4  1896 0001:0000A947  1897 0001:0000A966
  1898 0001:0000A9BC  1899 0001:0000AA32  1901 0001:0000AA5C  1903 0001:0000AA84
  1908 0001:0000AAAB  1910 0001:0000AABF  1913 0001:0000AB33  1914 0001:0000AB43
  1915 0001:0000AB56  1916 0001:0000AB67  1919 0001:0000ABAA  1923 0001:0000AC84
  1924 0001:0000ACA7  1925 0001:0000ACBD  1926 0001:0000AD07  1932 0001:0000AD0C
  1933 0001:0000AD38  1935 0001:0000AD47  1936 0001:0000AD5F  1938 0001:0000AD77
  1939 0001:0000AD88  1940 0001:0000AD97  1942 0001:0000ADA6  1945 0001:0000ADB3
  1949 0001:0000ADCF  1950 0001:0000AE07  1951 0001:0000AE45  1953 0001:0000AE9E
  1954 0001:0000AEBD  1955 0001:0000AF13  1957 0001:0000AF89  1958 0001:0000AFB5
  1959 0001:0000AFD1  1960 0001:0000B00A  1961 0001:0000B036  1962 0001:0000B04F
  1964 0001:0000B078  1965 0001:0000B094  1966 0001:0000B0A5  1969 0001:0000B0DC
  1975 0001:0000B17C  1976 0001:0000B1A7  1978 0001:0000B1B6  1979 0001:0000B1CE
  1981 0001:0000B1E6  1982 0001:0000B1FE  1983 0001:0000B21A  1985 0001:0000B22B
  1986 0001:0000B23C  1987 0001:0000B24B  1989 0001:0000B25A  1992 0001:0000B267
  1993 0001:0000B291  1996 0001:0000B314  1997 0001:0000B340  1998 0001:0000B354
  1999 0001:0000B392  2002 0001:0000B416  2004 0001:0000B427  2005 0001:0000B440
  2006 0001:0000B46C  2009 0001:0000B4DB  2010 0001:0000B4EC  2011 0001:0000B4FF
  2012 0001:0000B538  2014 0001:0000B549  2015 0001:0000B559  2017 0001:0000B568
  2018 0001:0000B575  2019 0001:0000B589  2020 0001:0000B5CC  2024 0001:0000B667
  2027 0001:0000B71C  2028 0001:0000B739  2032 0001:0000B748  2033 0001:0000B764
  2035 0001:0000B77B  2036 0001:0000B797  2038 0001:0000B7AE  2039 0001:0000B7CD
  2040 0001:0000B828  2041 0001:0000B847  2042 0001:0000B88C  2044 0001:0000B8AB
  2045 0001:0000B8E0  2046 0001:0000B923  2047 0001:0000B93A  2048 0001:0000B972
  2052 0001:0000B9AB  2059 0001:0000B9F8  2059 0001:0000B9FF

Line numbers for ACBr_BoletoRL(acbr_boletorl.dpk) segment .text

    47 0001:0000C288

Bound resource files

ACBrBoletoFCFortesFr.dfm
ACBrBoletoFCFortes.dcr
ACBr_BoletoRL.res
ACBr_BoletoRL.drf


Program entry point at 0001:0000C288
