
 Start         Length     Name                   Class
 0001:00401000 00012C90H .text                   CODE
 0002:00414000 00000620H .itext                  ICODE
 0003:00415000 000000A0H .data                   DATA
 0004:00416000 00000040H .bss                    BSS
 0005:00000000 00000000H .tls                    TLS
 0006:00400000 00000000H .pdata                  PDATA


Detailed map of segments

 0001:00000000 000000F0 C=CODE     S=.text    G=(none)   M=System   ACBP=A9
 0001:000000F0 00000CF4 C=CODE     S=.text    G=(none)   M=SysInit  ACBP=A9
 0001:00000DE4 00000008 C=CODE     S=.text    G=(none)   M=System.UITypes ACBP=A9
 0001:00000DEC 0000006C C=CODE     S=.text    G=(none)   M=Winapi.Windows ACBP=A9
 0001:00000E58 00000024 C=CODE     S=.text    G=(none)   M=Winapi.PsAPI ACBP=A9
 0001:00000E7C 00000008 C=CODE     S=.text    G=(none)   M=System.Character ACBP=A9
 0001:00000E84 00000008 C=CODE     S=.text    G=(none)   M=System.Internal.ExcUtils ACBP=A9
 0001:00000E8C 00000068 C=CODE     S=.text    G=(none)   M=System.SysUtils ACBP=A9
 0001:00000EF4 00000008 C=CODE     S=.text    G=(none)   M=System.VarUtils ACBP=A9
 0001:00000EFC 00000008 C=CODE     S=.text    G=(none)   M=System.Variants ACBP=A9
 0001:00000F04 00000008 C=CODE     S=.text    G=(none)   M=System.TypInfo ACBP=A9
 0001:00000F0C 00000008 C=CODE     S=.text    G=(none)   M=System.Math ACBP=A9
 0001:00000F14 00000010 C=CODE     S=.text    G=(none)   M=System.Generics.Defaults ACBP=A9
 0001:00000F24 00000010 C=CODE     S=.text    G=(none)   M=System.Rtti ACBP=A9
 0001:00000F34 00000008 C=CODE     S=.text    G=(none)   M=System.TimeSpan ACBP=A9
 0001:00000F3C 000000E8 C=CODE     S=.text    G=(none)   M=System.Classes ACBP=A9
 0001:00001024 00000008 C=CODE     S=.text    G=(none)   M=System.StrUtils ACBP=A9
 0001:0000102C 00000010 C=CODE     S=.text    G=(none)   M=System.DateUtils ACBP=A9
 0001:0000103C 00000008 C=CODE     S=.text    G=(none)   M=System.IOUtils ACBP=A9
 0001:00001044 00000008 C=CODE     S=.text    G=(none)   M=System.IniFiles ACBP=A9
 0001:0000104C 00000008 C=CODE     S=.text    G=(none)   M=System.Win.Registry ACBP=A9
 0001:00001054 00000008 C=CODE     S=.text    G=(none)   M=System.UIConsts ACBP=A9
 0001:0000105C 00000038 C=CODE     S=.text    G=(none)   M=Vcl.Graphics ACBP=A9
 0001:00001094 00000008 C=CODE     S=.text    G=(none)   M=System.Messaging ACBP=A9
 0001:0000109C 00000008 C=CODE     S=.text    G=(none)   M=System.Actions ACBP=A9
 0001:000010A4 00000008 C=CODE     S=.text    G=(none)   M=Vcl.ActnList ACBP=A9
 0001:000010AC 00000008 C=CODE     S=.text    G=(none)   M=System.HelpIntfs ACBP=A9
 0001:000010B4 00000008 C=CODE     S=.text    G=(none)   M=System.SyncObjs ACBP=A9
 0001:000010BC 00000008 C=CODE     S=.text    G=(none)   M=Winapi.UxTheme ACBP=A9
 0001:000010C4 00000008 C=CODE     S=.text    G=(none)   M=Vcl.GraphUtil ACBP=A9
 0001:000010CC 00000098 C=CODE     S=.text    G=(none)   M=Vcl.StdCtrls ACBP=A9
 0001:00001164 00000008 C=CODE     S=.text    G=(none)   M=Vcl.Clipbrd ACBP=A9
 0001:0000116C 00000008 C=CODE     S=.text    G=(none)   M=Vcl.Printers ACBP=A9
 0001:00001174 000000C8 C=CODE     S=.text    G=(none)   M=Vcl.ComCtrls ACBP=A9
 0001:0000123C 00000008 C=CODE     S=.text    G=(none)   M=Vcl.Dialogs ACBP=A9
 0001:00001244 00000030 C=CODE     S=.text    G=(none)   M=Vcl.ExtCtrls ACBP=A9
 0001:00001274 00000010 C=CODE     S=.text    G=(none)   M=Vcl.Themes ACBP=A9
 0001:00001284 00000008 C=CODE     S=.text    G=(none)   M=System.AnsiStrings ACBP=A9
 0001:0000128C 00000010 C=CODE     S=.text    G=(none)   M=System.Win.ComObj ACBP=A9
 0001:0000129C 00000008 C=CODE     S=.text    G=(none)   M=Winapi.FlatSB ACBP=A9
 0001:000012A4 000001C0 C=CODE     S=.text    G=(none)   M=Vcl.Forms ACBP=A9
 0001:00001464 00000008 C=CODE     S=.text    G=(none)   M=Vcl.Menus ACBP=A9
 0001:0000146C 00000068 C=CODE     S=.text    G=(none)   M=Winapi.MsCTF ACBP=A9
 0001:000014D4 000001A0 C=CODE     S=.text    G=(none)   M=Vcl.Controls ACBP=A9
 0001:00001674 00000008 C=CODE     S=.text    G=(none)   M=Data.SqlTimSt ACBP=A9
 0001:0000167C 00000008 C=CODE     S=.text    G=(none)   M=Data.FmtBcd ACBP=A9
 0001:00001684 00000008 C=CODE     S=.text    G=(none)   M=Data.DB  ACBP=A9
 0001:0000168C 00000010 C=CODE     S=.text    G=(none)   M=Vcl.Buttons ACBP=A9
 0001:0000169C 00000008 C=CODE     S=.text    G=(none)   M=Vcl.ImageCollection ACBP=A9
 0001:000016A4 00000008 C=CODE     S=.text    G=(none)   M=Vcl.DBLogDlg ACBP=A9
 0001:000016AC 00000008 C=CODE     S=.text    G=(none)   M=Vcl.DBPWDlg ACBP=A9
 0001:000016B4 00000030 C=CODE     S=.text    G=(none)   M=Vcl.DBCtrls ACBP=A9
 0001:000016E4 00000008 C=CODE     S=.text    G=(none)   M=Vcl.Imaging.pngimage ACBP=A9
 0001:000016EC 00000008 C=CODE     S=.text    G=(none)   M=RLConsts ACBP=A9
 0001:000016F4 00000010 C=CODE     S=.text    G=(none)   M=RLUtils  ACBP=A9
 0001:00001704 00000008 C=CODE     S=.text    G=(none)   M=RLTypes  ACBP=A9
 0001:0000170C 00000018 C=CODE     S=.text    G=(none)   M=RLMetaFile ACBP=A9
 0001:00001724 00000028 C=CODE     S=.text    G=(none)   M=RLPrinters ACBP=A9
 0001:0000174C 00000008 C=CODE     S=.text    G=(none)   M=RLSpoolFilter ACBP=A9
 0001:00001754 00000010 C=CODE     S=.text    G=(none)   M=RLFilters ACBP=A9
 0001:00001764 00000008 C=CODE     S=.text    G=(none)   M=RLPreview ACBP=A9
 0001:0000176C 00000008 C=CODE     S=.text    G=(none)   M=Vcl.Imaging.jpeg ACBP=A9
 0001:00001774 00000008 C=CODE     S=.text    G=(none)   M=RLPDFFilter ACBP=A9
 0001:0000177C 00000008 C=CODE     S=.text    G=(none)   M=System.Win.VCLCom ACBP=A9
 0001:00001784 00000008 C=CODE     S=.text    G=(none)   M=RLPreviewForm ACBP=A9
 0001:0000178C 00000040 C=CODE     S=.text    G=(none)   M=RLReport ACBP=A9
 0001:000017CC 00000008 C=CODE     S=.text    G=(none)   M=RLBarcode ACBP=A9
 0001:000017D4 00000008 C=CODE     S=.text    G=(none)   M=ACBrConsts ACBP=A9
 0001:000017DC 00000008 C=CODE     S=.text    G=(none)   M=ACBrUtil.Strings ACBP=A9
 0001:000017E4 00000008 C=CODE     S=.text    G=(none)   M=synautil ACBP=A9
 0001:000017EC 00000008 C=CODE     S=.text    G=(none)   M=synsock  ACBP=A9
 0001:000017F4 00000008 C=CODE     S=.text    G=(none)   M=blcksock ACBP=A9
 0001:000017FC 00000008 C=CODE     S=.text    G=(none)   M=ssl_openssl_lib ACBP=A9
 0001:00001804 00000008 C=CODE     S=.text    G=(none)   M=ssl_openssl ACBP=A9
 0001:0000180C 00000008 C=CODE     S=.text    G=(none)   M=synaicnv ACBP=A9
 0001:00001814 00000008 C=CODE     S=.text    G=(none)   M=synachar ACBP=A9
 0001:0000181C 00000008 C=CODE     S=.text    G=(none)   M=ACBrMail ACBP=A9
 0001:00001824 00000008 C=CODE     S=.text    G=(none)   M=System.Zip ACBP=A9
 0001:0000182C 00000008 C=CODE     S=.text    G=(none)   M=ACBrUtil.Base ACBP=A9
 0001:00001834 00000008 C=CODE     S=.text    G=(none)   M=ACBrValidador ACBP=A9
 0001:0000183C 00000008 C=CODE     S=.text    G=(none)   M=JsonDataObjects_ACBr ACBP=A9
 0001:00001844 00000008 C=CODE     S=.text    G=(none)   M=ACBrUtil.FilesIO ACBP=A9
 0001:0000184C 00000008 C=CODE     S=.text    G=(none)   M=pcnAuxiliar ACBP=A9
 0001:00001854 00000008 C=CODE     S=.text    G=(none)   M=pcnConversao ACBP=A9
 0001:0000185C 00000008 C=CODE     S=.text    G=(none)   M=pcnLeitor ACBP=A9
 0001:00001864 00000008 C=CODE     S=.text    G=(none)   M=ACBrDFeUtil ACBP=A9
 0001:0000186C 00000008 C=CODE     S=.text    G=(none)   M=ACBr_BCrypt ACBP=A9
 0001:00001874 00000008 C=CODE     S=.text    G=(none)   M=ACBr_NCrypt ACBP=A9
 0001:0000187C 00000008 C=CODE     S=.text    G=(none)   M=ACBr_WinCrypt ACBP=A9
 0001:00001884 00000008 C=CODE     S=.text    G=(none)   M=ACBrDFeWinCrypt ACBP=A9
 0001:0000188C 00000008 C=CODE     S=.text    G=(none)   M=OpenSSLExt ACBP=A9
 0001:00001894 00000008 C=CODE     S=.text    G=(none)   M=ACBrLibXml2 ACBP=A9
 0001:0000189C 00000008 C=CODE     S=.text    G=(none)   M=System.Net.Mime ACBP=A9
 0001:000018A4 00000038 C=CODE     S=.text    G=(none)   M=System.Threading ACBP=A9
 0001:000018DC 00000008 C=CODE     S=.text    G=(none)   M=System.NetEncoding ACBP=A9
 0001:000018E4 00000020 C=CODE     S=.text    G=(none)   M=System.Net.URLClient ACBP=A9
 0001:00001904 00000010 C=CODE     S=.text    G=(none)   M=System.Net.HttpClient.Win ACBP=A9
 0001:00001914 00000008 C=CODE     S=.text    G=(none)   M=System.Net.HttpClient ACBP=A9
 0001:0000191C 00000010 C=CODE     S=.text    G=(none)   M=Xml.Win.msxmldom ACBP=A9
 0001:0000192C 00000008 C=CODE     S=.text    G=(none)   M=Xml.xmldom ACBP=A9
 0001:00001934 00000008 C=CODE     S=.text    G=(none)   M=Xml.xmlutil ACBP=A9
 0001:0000193C 00000008 C=CODE     S=.text    G=(none)   M=Xml.XMLSchema ACBP=A9
 0001:00001944 00000008 C=CODE     S=.text    G=(none)   M=Soap.SOAPConst ACBP=A9
 0001:0000194C 00000008 C=CODE     S=.text    G=(none)   M=Web.HTTPApp ACBP=A9
 0001:00001954 00000008 C=CODE     S=.text    G=(none)   M=Soap.XSBuiltIns ACBP=A9
 0001:0000195C 00000008 C=CODE     S=.text    G=(none)   M=Soap.InvokeRegistry ACBP=A9
 0001:00001964 00000008 C=CODE     S=.text    G=(none)   M=Soap.TypeTrans ACBP=A9
 0001:0000196C 00000008 C=CODE     S=.text    G=(none)   M=Soap.OPToSOAPDomConv ACBP=A9
 0001:00001974 00000008 C=CODE     S=.text    G=(none)   M=Vcl.OleServer ACBP=A9
 0001:0000197C 00000020 C=CODE     S=.text    G=(none)   M=ACBrUtil ACBP=A9
 0001:0000199C 00000008 C=CODE     S=.text    G=(none)   M=JsonsUtilsEx ACBP=A9
 0001:000019A4 000000E0 C=CODE     S=.text    G=(none)   M=ACBrBoleto ACBP=A9
 0001:00001A84 00010498 C=CODE     S=.text    G=(none)   M=ACBrBoletoFCFortesFr ACBP=A9
 0001:00011F1C 00000D74 C=CODE     S=.text    G=(none)   M=.ACBr_BoletoRL ACBP=A9
 0002:00000000 00000008 C=ICODE    S=.itext   G=(none)   M=System   ACBP=A9
 0002:00000008 00000008 C=ICODE    S=.itext   G=(none)   M=SysInit  ACBP=A9
 0002:00000010 00000008 C=ICODE    S=.itext   G=(none)   M=System.UITypes ACBP=A9
 0002:00000018 00000018 C=ICODE    S=.itext   G=(none)   M=Winapi.Windows ACBP=A9
 0002:00000030 00000008 C=ICODE    S=.itext   G=(none)   M=Winapi.PsAPI ACBP=A9
 0002:00000038 00000008 C=ICODE    S=.itext   G=(none)   M=System.Character ACBP=A9
 0002:00000040 00000008 C=ICODE    S=.itext   G=(none)   M=System.Internal.ExcUtils ACBP=A9
 0002:00000048 00000028 C=ICODE    S=.itext   G=(none)   M=System.SysUtils ACBP=A9
 0002:00000070 00000008 C=ICODE    S=.itext   G=(none)   M=System.VarUtils ACBP=A9
 0002:00000078 00000008 C=ICODE    S=.itext   G=(none)   M=System.Variants ACBP=A9
 0002:00000080 00000008 C=ICODE    S=.itext   G=(none)   M=System.TypInfo ACBP=A9
 0002:00000088 00000008 C=ICODE    S=.itext   G=(none)   M=System.Math ACBP=A9
 0002:00000090 00000010 C=ICODE    S=.itext   G=(none)   M=System.Generics.Defaults ACBP=A9
 0002:000000A0 00000010 C=ICODE    S=.itext   G=(none)   M=System.Rtti ACBP=A9
 0002:000000B0 00000008 C=ICODE    S=.itext   G=(none)   M=System.TimeSpan ACBP=A9
 0002:000000B8 00000040 C=ICODE    S=.itext   G=(none)   M=System.Classes ACBP=A9
 0002:000000F8 00000010 C=ICODE    S=.itext   G=(none)   M=System.DateUtils ACBP=A9
 0002:00000108 00000008 C=ICODE    S=.itext   G=(none)   M=System.IOUtils ACBP=A9
 0002:00000110 00000008 C=ICODE    S=.itext   G=(none)   M=System.IniFiles ACBP=A9
 0002:00000118 00000008 C=ICODE    S=.itext   G=(none)   M=System.Win.Registry ACBP=A9
 0002:00000120 00000008 C=ICODE    S=.itext   G=(none)   M=System.UIConsts ACBP=A9
 0002:00000128 00000010 C=ICODE    S=.itext   G=(none)   M=Vcl.Graphics ACBP=A9
 0002:00000138 00000008 C=ICODE    S=.itext   G=(none)   M=System.Messaging ACBP=A9
 0002:00000140 00000008 C=ICODE    S=.itext   G=(none)   M=System.Actions ACBP=A9
 0002:00000148 00000008 C=ICODE    S=.itext   G=(none)   M=Vcl.ActnList ACBP=A9
 0002:00000150 00000008 C=ICODE    S=.itext   G=(none)   M=System.HelpIntfs ACBP=A9
 0002:00000158 00000008 C=ICODE    S=.itext   G=(none)   M=System.SyncObjs ACBP=A9
 0002:00000160 00000008 C=ICODE    S=.itext   G=(none)   M=Winapi.UxTheme ACBP=A9
 0002:00000168 00000008 C=ICODE    S=.itext   G=(none)   M=Vcl.GraphUtil ACBP=A9
 0002:00000170 00000098 C=ICODE    S=.itext   G=(none)   M=Vcl.StdCtrls ACBP=A9
 0002:00000208 00000008 C=ICODE    S=.itext   G=(none)   M=Vcl.Clipbrd ACBP=A9
 0002:00000210 00000008 C=ICODE    S=.itext   G=(none)   M=Vcl.Printers ACBP=A9
 0002:00000218 000000C8 C=ICODE    S=.itext   G=(none)   M=Vcl.ComCtrls ACBP=A9
 0002:000002E0 00000008 C=ICODE    S=.itext   G=(none)   M=Vcl.Dialogs ACBP=A9
 0002:000002E8 00000030 C=ICODE    S=.itext   G=(none)   M=Vcl.ExtCtrls ACBP=A9
 0002:00000318 00000010 C=ICODE    S=.itext   G=(none)   M=Vcl.Themes ACBP=A9
 0002:00000328 00000008 C=ICODE    S=.itext   G=(none)   M=System.AnsiStrings ACBP=A9
 0002:00000330 00000010 C=ICODE    S=.itext   G=(none)   M=System.Win.ComObj ACBP=A9
 0002:00000340 00000008 C=ICODE    S=.itext   G=(none)   M=Winapi.FlatSB ACBP=A9
 0002:00000348 00000020 C=ICODE    S=.itext   G=(none)   M=Vcl.Forms ACBP=A9
 0002:00000368 00000008 C=ICODE    S=.itext   G=(none)   M=Vcl.Menus ACBP=A9
 0002:00000370 00000010 C=ICODE    S=.itext   G=(none)   M=Winapi.MsCTF ACBP=A9
 0002:00000380 00000008 C=ICODE    S=.itext   G=(none)   M=Vcl.Controls ACBP=A9
 0002:00000388 00000008 C=ICODE    S=.itext   G=(none)   M=Data.SqlTimSt ACBP=A9
 0002:00000390 00000008 C=ICODE    S=.itext   G=(none)   M=Data.FmtBcd ACBP=A9
 0002:00000398 00000008 C=ICODE    S=.itext   G=(none)   M=Data.DB  ACBP=A9
 0002:000003A0 00000010 C=ICODE    S=.itext   G=(none)   M=Vcl.Buttons ACBP=A9
 0002:000003B0 00000008 C=ICODE    S=.itext   G=(none)   M=Vcl.ImageCollection ACBP=A9
 0002:000003B8 00000008 C=ICODE    S=.itext   G=(none)   M=Vcl.DBLogDlg ACBP=A9
 0002:000003C0 00000008 C=ICODE    S=.itext   G=(none)   M=Vcl.DBPWDlg ACBP=A9
 0002:000003C8 00000030 C=ICODE    S=.itext   G=(none)   M=Vcl.DBCtrls ACBP=A9
 0002:000003F8 00000008 C=ICODE    S=.itext   G=(none)   M=Vcl.Imaging.pngimage ACBP=A9
 0002:00000400 00000008 C=ICODE    S=.itext   G=(none)   M=RLConsts ACBP=A9
 0002:00000408 00000008 C=ICODE    S=.itext   G=(none)   M=RLUtils  ACBP=A9
 0002:00000410 00000008 C=ICODE    S=.itext   G=(none)   M=RLTypes  ACBP=A9
 0002:00000418 00000008 C=ICODE    S=.itext   G=(none)   M=RLPrinters ACBP=A9
 0002:00000420 00000008 C=ICODE    S=.itext   G=(none)   M=RLSpoolFilter ACBP=A9
 0002:00000428 00000008 C=ICODE    S=.itext   G=(none)   M=RLFilters ACBP=A9
 0002:00000430 00000008 C=ICODE    S=.itext   G=(none)   M=RLPreview ACBP=A9
 0002:00000438 00000008 C=ICODE    S=.itext   G=(none)   M=Vcl.Imaging.jpeg ACBP=A9
 0002:00000440 00000008 C=ICODE    S=.itext   G=(none)   M=RLPDFFilter ACBP=A9
 0002:00000448 00000008 C=ICODE    S=.itext   G=(none)   M=System.Win.VCLCom ACBP=A9
 0002:00000450 00000008 C=ICODE    S=.itext   G=(none)   M=RLPreviewForm ACBP=A9
 0002:00000458 00000008 C=ICODE    S=.itext   G=(none)   M=RLBarcode ACBP=A9
 0002:00000460 00000008 C=ICODE    S=.itext   G=(none)   M=ACBrConsts ACBP=A9
 0002:00000468 00000008 C=ICODE    S=.itext   G=(none)   M=ACBrUtil.Strings ACBP=A9
 0002:00000470 00000008 C=ICODE    S=.itext   G=(none)   M=synautil ACBP=A9
 0002:00000478 00000008 C=ICODE    S=.itext   G=(none)   M=synsock  ACBP=A9
 0002:00000480 00000008 C=ICODE    S=.itext   G=(none)   M=blcksock ACBP=A9
 0002:00000488 00000008 C=ICODE    S=.itext   G=(none)   M=ssl_openssl_lib ACBP=A9
 0002:00000490 00000008 C=ICODE    S=.itext   G=(none)   M=ssl_openssl ACBP=A9
 0002:00000498 00000008 C=ICODE    S=.itext   G=(none)   M=synaicnv ACBP=A9
 0002:000004A0 00000008 C=ICODE    S=.itext   G=(none)   M=synachar ACBP=A9
 0002:000004A8 00000008 C=ICODE    S=.itext   G=(none)   M=ACBrMail ACBP=A9
 0002:000004B0 00000008 C=ICODE    S=.itext   G=(none)   M=System.Zip ACBP=A9
 0002:000004B8 00000008 C=ICODE    S=.itext   G=(none)   M=ACBrUtil.Base ACBP=A9
 0002:000004C0 00000008 C=ICODE    S=.itext   G=(none)   M=JsonDataObjects_ACBr ACBP=A9
 0002:000004C8 00000008 C=ICODE    S=.itext   G=(none)   M=ACBrUtil.FilesIO ACBP=A9
 0002:000004D0 00000008 C=ICODE    S=.itext   G=(none)   M=pcnAuxiliar ACBP=A9
 0002:000004D8 00000008 C=ICODE    S=.itext   G=(none)   M=pcnConversao ACBP=A9
 0002:000004E0 00000008 C=ICODE    S=.itext   G=(none)   M=pcnLeitor ACBP=A9
 0002:000004E8 00000008 C=ICODE    S=.itext   G=(none)   M=ACBrDFeUtil ACBP=A9
 0002:000004F0 00000008 C=ICODE    S=.itext   G=(none)   M=ACBr_BCrypt ACBP=A9
 0002:000004F8 00000008 C=ICODE    S=.itext   G=(none)   M=ACBr_NCrypt ACBP=A9
 0002:00000500 00000008 C=ICODE    S=.itext   G=(none)   M=ACBr_WinCrypt ACBP=A9
 0002:00000508 00000008 C=ICODE    S=.itext   G=(none)   M=ACBrDFeWinCrypt ACBP=A9
 0002:00000510 00000008 C=ICODE    S=.itext   G=(none)   M=OpenSSLExt ACBP=A9
 0002:00000518 00000008 C=ICODE    S=.itext   G=(none)   M=ACBrLibXml2 ACBP=A9
 0002:00000520 00000008 C=ICODE    S=.itext   G=(none)   M=System.Net.Mime ACBP=A9
 0002:00000528 00000038 C=ICODE    S=.itext   G=(none)   M=System.Threading ACBP=A9
 0002:00000560 00000008 C=ICODE    S=.itext   G=(none)   M=System.NetEncoding ACBP=A9
 0002:00000568 00000020 C=ICODE    S=.itext   G=(none)   M=System.Net.URLClient ACBP=A9
 0002:00000588 00000010 C=ICODE    S=.itext   G=(none)   M=System.Net.HttpClient.Win ACBP=A9
 0002:00000598 00000008 C=ICODE    S=.itext   G=(none)   M=System.Net.HttpClient ACBP=A9
 0002:000005A0 00000010 C=ICODE    S=.itext   G=(none)   M=Xml.Win.msxmldom ACBP=A9
 0002:000005B0 00000008 C=ICODE    S=.itext   G=(none)   M=Xml.xmldom ACBP=A9
 0002:000005B8 00000008 C=ICODE    S=.itext   G=(none)   M=Xml.xmlutil ACBP=A9
 0002:000005C0 00000008 C=ICODE    S=.itext   G=(none)   M=Xml.XMLSchema ACBP=A9
 0002:000005C8 00000008 C=ICODE    S=.itext   G=(none)   M=Soap.SOAPConst ACBP=A9
 0002:000005D0 00000008 C=ICODE    S=.itext   G=(none)   M=Web.HTTPApp ACBP=A9
 0002:000005D8 00000008 C=ICODE    S=.itext   G=(none)   M=Soap.XSBuiltIns ACBP=A9
 0002:000005E0 00000008 C=ICODE    S=.itext   G=(none)   M=Soap.InvokeRegistry ACBP=A9
 0002:000005E8 00000008 C=ICODE    S=.itext   G=(none)   M=Soap.TypeTrans ACBP=A9
 0002:000005F0 00000008 C=ICODE    S=.itext   G=(none)   M=Soap.OPToSOAPDomConv ACBP=A9
 0002:000005F8 00000008 C=ICODE    S=.itext   G=(none)   M=Vcl.OleServer ACBP=A9
 0002:00000600 00000008 C=ICODE    S=.itext   G=(none)   M=ACBrUtil ACBP=A9
 0002:00000608 00000008 C=ICODE    S=.itext   G=(none)   M=JsonsUtilsEx ACBP=A9
 0002:00000610 00000008 C=ICODE    S=.itext   G=(none)   M=ACBrBoletoFCFortesFr ACBP=A9
 0002:00000618 00000008 C=ICODE    S=.itext   G=(none)   M=.ACBr_BoletoRL ACBP=A9
 0003:00000000 00000088 C=DATA     S=.data    G=DGROUP   M=SysInit  ACBP=A9
 0003:00000088 0000000C C=DATA     S=.data    G=DGROUP   M=Winapi.Windows ACBP=A9
 0003:00000094 00000004 C=DATA     S=.data    G=DGROUP   M=Winapi.MsCTF ACBP=A9
 0004:00000000 00000024 C=BSS      S=.bss     G=DGROUP   M=SysInit  ACBP=A9
 0004:00000024 00000008 C=BSS      S=.bss     G=DGROUP   M=Winapi.Windows ACBP=A9
 0004:0000002C 00000008 C=BSS      S=.bss     G=DGROUP   M=Winapi.PsAPI ACBP=A9
 0004:00000034 00000004 C=BSS      S=.bss     G=DGROUP   M=Winapi.MsCTF ACBP=A9
 0004:00000038 00000008 C=BSS      S=.bss     G=DGROUP   M=ACBrBoletoFCFortesFr ACBP=A9


  Address             Publics by Name

 0002:00000618       .ACBr_BoletoRL..ACBr_BoletoRL
 0001:00012C70       .ACBr_BoletoRL.@GetPackageInfoTable
 0001:00012C78       .ACBr_BoletoRL.@PackageLoad
 0001:00012C84       .ACBr_BoletoRL.@PackageUnload
 0001:000019CC       ACBrBoleto.TACBrBanco.GetDigito
 0001:000019C4       ACBrBoleto.TACBrBanco.GetNome
 0001:000019D4       ACBrBoleto.TACBrBanco.GetNumero
 0001:000019DC       ACBrBoleto.TACBrBanco.GetOrientacoesBanco
 0001:000019E4       ACBrBoleto.TACBrBanco.MontarCampoCarteira
 0001:00001A04       ACBrBoleto.TACBrBanco.MontarCampoCodigoCedente
 0001:000019EC       ACBrBoleto.TACBrBanco.MontarCampoNossoNumero
 0001:000019F4       ACBrBoleto.TACBrBanco.MontarCodigoBarras
 0001:000019FC       ACBrBoleto.TACBrBanco.MontarLinhaDigitavel
 0001:000019B4       ACBrBoleto.TACBrBoleto.AdicionarMensagensPadroes
 0001:00001A24       ACBrBoleto.TACBrBoletoFCClass.CarregaLogo
 0001:00001A0C       ACBrBoleto.TACBrBoletoFCClass.Create
 0001:00001A74       ACBrBoleto.TACBrBoletoFCClass.GerarHTML
 0001:00001A7C       ACBrBoleto.TACBrBoletoFCClass.GerarJPG
 0001:00001A5C       ACBrBoleto.TACBrBoletoFCClass.GerarPDF
 0001:00001A64       ACBrBoleto.TACBrBoletoFCClass.GerarPDF
 0001:00001A6C       ACBrBoleto.TACBrBoletoFCClass.GerarPDF
 0001:00001A54       ACBrBoleto.TACBrBoletoFCClass.GerarPDF
 0001:00001A3C       ACBrBoleto.TACBrBoletoFCClass.GetIndiceImprimirIndividual
 0001:00001A34       ACBrBoleto.TACBrBoletoFCClass.GetNomeArquivo
 0001:00001A4C       ACBrBoleto.TACBrBoletoFCClass.Imprimir
 0001:00001A44       ACBrBoleto.TACBrBoletoFCClass.Imprimir
 0001:00001A14       ACBrBoleto.TACBrBoletoFCClass.Notification
 0001:00001A2C       ACBrBoleto.TACBrBoletoFCClass.SetNomeArquivo
 0001:00001A1C       ACBrBoleto.TACBrBoletoFCClass.TituloRelatorio
 0001:000019A4       ACBrBoleto.TACBrSacado.GetAvalista
 0001:000019AC       ACBrBoleto.TACBrTitulo.CarregaLogoEmp
 0001:000019BC       ACBrBoleto.TListadeBoletos.GetObject
 0004:0000003C       ACBrBoletoFCFortesFr..3
 0001:00001A84       ACBrBoletoFCFortesFr..TACBrBoletoFCFortes
 0001:00001C18       ACBrBoletoFCFortesFr..TACBrBoletoFCFortesFr
 0004:00000038       ACBrBoletoFCFortesFr.ACBrBoletoFCFortesForm
 0002:00000610       ACBrBoletoFCFortesFr.ACBrBoletoFCFortesFr
 0001:00011F14       ACBrBoletoFCFortesFr.Finalization
 0001:0000C1DC       ACBrBoletoFCFortesFr.TACBrBoletoFCFortes.Create
 0001:0000C224       ACBrBoletoFCFortesFr.TACBrBoletoFCFortes.Imprimir
 0001:0000C834       ACBrBoletoFCFortesFr.TACBrBoletoFCFortesFr.BoletoCarneBeforePrint
 0001:0000C86C       ACBrBoletoFCFortesFr.TACBrBoletoFCFortesFr.BoletoCarneDataCount
 0001:0000C89C       ACBrBoletoFCFortesFr.TACBrBoletoFCFortesFr.BoletoCarneDataRecord
 0001:0000C734       ACBrBoletoFCFortesFr.TACBrBoletoFCFortesFr.FormCreate
 0001:0000C808       ACBrBoletoFCFortesFr.TACBrBoletoFCFortesFr.FormDestroy
 0001:0000C90C       ACBrBoletoFCFortesFr.TACBrBoletoFCFortesFr.GetACBrTitulo
 0001:0000C980       ACBrBoletoFCFortesFr.TACBrBoletoFCFortesFr.LayoutBoletoBeforePrint
 0001:0000C9B8       ACBrBoletoFCFortesFr.TACBrBoletoFCFortesFr.LayoutBoletoDataCount
 0001:0000C9E8       ACBrBoletoFCFortesFr.TACBrBoletoFCFortesFr.LayoutBoletoDataRecord
 0001:0000CA58       ACBrBoletoFCFortesFr.TACBrBoletoFCFortesFr.LayoutFaturaDetalBeforePrint
 0001:0000CAAC       ACBrBoletoFCFortesFr.TACBrBoletoFCFortesFr.LayoutFaturaDetalDataCount
 0001:0000CADC       ACBrBoletoFCFortesFr.TACBrBoletoFCFortesFr.LayoutFaturaDetalDataRecord
 0001:0000CB4C       ACBrBoletoFCFortesFr.TACBrBoletoFCFortesFr.LayoutTermicaBeforePrint
 0001:0000CB84       ACBrBoletoFCFortesFr.TACBrBoletoFCFortesFr.LayoutTermicaDataCount
 0001:0000CBB4       ACBrBoletoFCFortesFr.TACBrBoletoFCFortesFr.LayoutTermicaDataRecord
 0001:0000CD24       ACBrBoletoFCFortesFr.TACBrBoletoFCFortesFr.RLBand1BeforePrint
 0001:0000D678       ACBrBoletoFCFortesFr.TACBrBoletoFCFortesFr.RLBand2BeforePrint
 0001:0000DB0C       ACBrBoletoFCFortesFr.TACBrBoletoFCFortesFr.RLBand3BeforePrint
 0001:0000E770       ACBrBoletoFCFortesFr.TACBrBoletoFCFortesFr.RLBand4BeforePrint
 0001:0000EB70       ACBrBoletoFCFortesFr.TACBrBoletoFCFortesFr.RLBand5BeforePrint
 0001:0000F638       ACBrBoletoFCFortesFr.TACBrBoletoFCFortesFr.RLBand6BeforePrint
 0001:0000FD44       ACBrBoletoFCFortesFr.TACBrBoletoFCFortesFr.RLBand7BeforePrint
 0001:0001087C       ACBrBoletoFCFortesFr.TACBrBoletoFCFortesFr.RLBand8BeforePrint
 0001:000110E4       ACBrBoletoFCFortesFr.TACBrBoletoFCFortesFr.RLBandDetalhamentoBeforePrint
 0001:00011170       ACBrBoletoFCFortesFr.TACBrBoletoFCFortesFr.RLBandReciboPagDetalBeforePrint
 0001:00011648       ACBrBoletoFCFortesFr.TACBrBoletoFCFortesFr.rlbndComprovanteEntrega2BeforePrint
 0001:0000CC24       ACBrBoletoFCFortesFr.TACBrBoletoFCFortesFr.ValidarCIP
 0001:00011C58       ACBrBoletoFCFortesFr.TACBrBoletoFCFortesFr.Verso
 0002:00000460       ACBrConsts.ACBrConsts
 0001:000017D4       ACBrConsts.Finalization
 0002:000004E8       ACBrDFeUtil.ACBrDFeUtil
 0001:00001864       ACBrDFeUtil.Finalization
 0002:00000508       ACBrDFeWinCrypt.ACBrDFeWinCrypt
 0001:00001884       ACBrDFeWinCrypt.Finalization
 0002:00000518       ACBrLibXml2.ACBrLibXml2
 0001:00001894       ACBrLibXml2.Finalization
 0002:000004A8       ACBrMail.ACBrMail
 0001:0000181C       ACBrMail.Finalization
 0001:0000198C       ACBrUtil.ACBrStr
 0002:00000600       ACBrUtil.ACBrUtil
 0001:00001994       ACBrUtil.Finalization
 0001:00001984       ACBrUtil.FormatFloatBr
 0001:0000197C       ACBrUtil.IntToStrZero
 0002:000004B8       ACBrUtil.Base.ACBrUtil.Base
 0001:0000182C       ACBrUtil.Base.Finalization
 0002:000004C8       ACBrUtil.FilesIO.ACBrUtil.FilesIO
 0001:00001844       ACBrUtil.FilesIO.Finalization
 0002:00000468       ACBrUtil.Strings.ACBrUtil.Strings
 0001:000017DC       ACBrUtil.Strings.Finalization
 0001:00001834       ACBrValidador.FormatarCNPJouCPF
 0002:000004F0       ACBr_BCrypt.ACBr_BCrypt
 0001:0000186C       ACBr_BCrypt.Finalization
 0002:000004F8       ACBr_NCrypt.ACBr_NCrypt
 0001:00001874       ACBr_NCrypt.Finalization
 0002:00000500       ACBr_WinCrypt.ACBr_WinCrypt
 0001:0000187C       ACBr_WinCrypt.Finalization
 0002:00000480       blcksock.blcksock
 0001:000017F4       blcksock.Finalization
 0002:00000398       Data.DB.Data.DB
 0001:00001684       Data.DB.Finalization
 0002:00000390       Data.FmtBcd.Data.FmtBcd
 0001:0000167C       Data.FmtBcd.Finalization
 0002:00000388       Data.SqlTimSt.Data.SqlTimSt
 0001:00001674       Data.SqlTimSt.Finalization
 0001:0000183C       JsonDataObjects_ACBr.Finalization
 0002:000004C0       JsonDataObjects_ACBr.JsonDataObjects_ACBr
 0001:0000199C       JsonsUtilsEx.Finalization
 0002:00000608       JsonsUtilsEx.JsonsUtilsEx
 0001:0000188C       OpenSSLExt.Finalization
 0002:00000510       OpenSSLExt.OpenSSLExt
 0001:0000184C       pcnAuxiliar.Finalization
 0002:000004D0       pcnAuxiliar.pcnAuxiliar
 0001:00001854       pcnConversao.Finalization
 0002:000004D8       pcnConversao.pcnConversao
 0001:0000185C       pcnLeitor.Finalization
 0002:000004E0       pcnLeitor.pcnLeitor
 0001:000017CC       RLBarcode.Finalization
 0002:00000458       RLBarcode.RLBarcode
 0001:000016EC       RLConsts.Finalization
 0002:00000400       RLConsts.RLConsts
 0001:0000175C       RLFilters.Finalization
 0002:00000428       RLFilters.RLFilters
 0001:00001754       RLFilters.TRLCustomFilter.FilterPages
 0001:00001714       RLMetaFile.TRLGraphicStorage.GetPageCount
 0001:0000170C       RLMetaFile.TRLGraphicStorage.GetPages
 0001:0000171C       RLMetaFile.TRLGraphicSurface.PaintTo
 0001:00001774       RLPDFFilter.Finalization
 0002:00000440       RLPDFFilter.RLPDFFilter
 0001:00001764       RLPreview.Finalization
 0002:00000430       RLPreview.RLPreview
 0001:00001784       RLPreviewForm.Finalization
 0002:00000450       RLPreviewForm.RLPreviewForm
 0001:00001744       RLPrinters.Finalization
 0001:00001724       RLPrinters.RLPrinter
 0002:00000418       RLPrinters.RLPrinters
 0001:00001734       RLPrinters.TRLPrinterWrapper.GetCopies
 0001:0000173C       RLPrinters.TRLPrinterWrapper.SetCopies
 0001:0000172C       RLPrinters.TRLPrinterWrapper.SetPrinterName
 0001:000017A4       RLReport.TRLCustomControl.GetCaption
 0001:00001794       RLReport.TRLCustomControl.Print
 0001:0000179C       RLReport.TRLCustomControl.SetAutoSize
 0001:000017AC       RLReport.TRLCustomControl.SetCaption
 0001:000017B4       RLReport.TRLCustomReport.PreviewModal
 0001:000017C4       RLReport.TRLCustomReport.SetJobTitle
 0001:000017BC       RLReport.TRLCustomReport.SetTitle
 0001:0000178C       RLReport.TRLMargins.SetLeftMargin
 0001:0000174C       RLSpoolFilter.Finalization
 0002:00000420       RLSpoolFilter.RLSpoolFilter
 0001:00001704       RLTypes.Finalization
 0002:00000410       RLTypes.RLTypes
 0001:000016FC       RLUtils.Finalization
 0001:000016F4       RLUtils.NeedAuxBitmap
 0002:00000408       RLUtils.RLUtils
 0001:0000195C       Soap.InvokeRegistry.Finalization
 0002:000005E0       Soap.InvokeRegistry.Soap.InvokeRegistry
 0001:0000196C       Soap.OPToSOAPDomConv.Finalization
 0002:000005F0       Soap.OPToSOAPDomConv.Soap.OPToSOAPDomConv
 0001:00001944       Soap.SOAPConst.Finalization
 0002:000005C8       Soap.SOAPConst.Soap.SOAPConst
 0001:00001964       Soap.TypeTrans.Finalization
 0002:000005E8       Soap.TypeTrans.Soap.TypeTrans
 0001:00001954       Soap.XSBuiltIns.Finalization
 0002:000005D8       Soap.XSBuiltIns.Soap.XSBuiltIns
 0001:00001804       ssl_openssl.Finalization
 0002:00000490       ssl_openssl.ssl_openssl
 0001:000017FC       ssl_openssl_lib.Finalization
 0002:00000488       ssl_openssl_lib.ssl_openssl_lib
 0001:00001814       synachar.Finalization
 0002:000004A0       synachar.synachar
 0001:0000180C       synaicnv.Finalization
 0002:00000498       synaicnv.synaicnv
 0001:000017E4       synautil.Finalization
 0002:00000470       synautil.synautil
 0001:000017EC       synsock.Finalization
 0002:00000478       synsock.synsock
 0001:00000CEC       SysInit...
 0001:00000CCC       SysInit...
 0001:00000DC4       SysInit...
 0001:00000DB4       SysInit...
 0001:00000CFC       SysInit...
 0001:00000D90       SysInit...
 0001:00000D0C       SysInit...
 0001:00000D68       SysInit...
 0001:00000D20       SysInit...
 0001:00000D50       SysInit...
 0001:00000CDC       SysInit...
 0003:00000034       SysInit...
 0001:00000CBC       SysInit...
 0004:00000018       SysInit..1
 0001:00000788       SysInit.@InitPkg
 0001:000007F4       SysInit.@PackageLoad
 0001:00000800       SysInit.@PackageUnload
 0001:00000268       SysInit.@_dbkDummyProc
 0001:0000026C       SysInit.@_dbkFCallArgs
 0001:0000065C       SysInit.@_dbk_fcall_wrapper
 0001:0000080C       SysInit.@_delayLoadHelper2
 0001:00000AEC       SysInit.@_FUnloadDelayLoadedDLL2
 0001:00000BFC       SysInit.@_HrLoadAllImportsForDll
 0004:00000014       SysInit.@_pfnDliFailureHook2
 0004:00000010       SysInit.@_pfnDliNotifyHook2
 0001:00000158       SysInit.AllocTlsBuffer
 0004:0000000C       SysInit.dbkFCallWrapperAddr
 0001:00000214       SysInit.ExitProcessTLS
 0001:000001DC       SysInit.ExitThreadTLS
 0001:00000DD4       SysInit.Finalization
 0001:00000100       SysInit.FreeLibrary
 0001:00000138       SysInit.GetLastError
 0001:00000150       SysInit.GetProcAddress
 0001:00000164       SysInit.GetTlsSize
 0004:00000004       SysInit.HInstance
 0001:00000238       SysInit.InitializeModule
 0001:000001B0       SysInit.InitProcessTLS
 0001:0000016C       SysInit.InitThreadTLS
 0001:000000F0       SysInit.InterlockedExchange
 0001:00000140       SysInit.LoadLibraryA
 0001:00000108       SysInit.LocalAlloc
 0001:00000110       SysInit.LocalFree
 0003:00000008       SysInit.Module
 0004:00000000       SysInit.ModuleIsLib
 0004:00000001       SysInit.ModuleIsPackage
 0003:00000004       SysInit.PtrToNil
 0001:00000148       SysInit.RaiseException
 0001:00000CB4       SysInit.ShutdownDelayHelp2
 0002:00000008       SysInit.SysInit
 0001:00000118       SysInit.TlsAlloc
 0004:0000001C       SysInit.tlsBuffer
 0001:00000120       SysInit.TlsFree
 0001:00000128       SysInit.TlsGetValue
 0003:00000000       SysInit.TlsIndex
 0005:00000000       SysInit.TlsLast
 0003:00000024       SysInit.TlsProc
 0001:00000130       SysInit.TlsSetValue
 0001:00000244       SysInit.UninitializeModule
 0004:00000020       SysInit.UseTlsAPI
 0004:FFFEA000       SysInit.__ImageBase
 0001:00000058       System.@AfterConstruction
 0001:00000050       System.@ClassCreate
 0001:00000070       System.@DoneExcept
 0001:00000060       System.@HandleAnyException
 0001:00000068       System.@HandleFinally
 0001:00000000       System.@IntOver
 0001:00000080       System.@PackageLoad
 0001:00000088       System.@PackageUnload
 0001:00000090       System.@RunError
 0001:00000078       System.@TryFinallyExit
 0001:000000A0       System.@UStrArrayClr
 0001:000000A8       System.@UStrAsg
 0001:000000C0       System.@UStrCat
 0001:000000C8       System.@UStrCat3
 0001:000000D0       System.@UStrCatN
 0001:00000098       System.@UStrClr
 0001:000000B0       System.@UStrLAsg
 0001:000000B8       System.@UStrLen
 0001:000000E8       System.Finalization
 0001:000000D8       System.RegisterModule
 0002:00000000       System.System
 0001:00000040       System.TObject.AfterConstruction
 0001:00000038       System.TObject.DefaultHandler
 0001:00000048       System.TObject.Dispatch
 0001:00000020       System.TObject.Equals
 0001:00000018       System.TObject.Free
 0001:00000010       System.TObject.FreeInstance
 0001:00000028       System.TObject.GetHashCode
 0001:00000008       System.TObject.NewInstance
 0001:00000030       System.TObject.ToString
 0001:000000E0       System.UnregisterModule
 0001:0000109C       System.Actions.Finalization
 0002:00000140       System.Actions.System.Actions
 0001:00001284       System.AnsiStrings.Finalization
 0002:00000328       System.AnsiStrings.System.AnsiStrings
 0001:00000E7C       System.Character.Finalization
 0002:00000038       System.Character.System.Character
 0001:00000FFC       System.Classes.ComponentPlatformsAttribute.Create
 0001:0000101C       System.Classes.Finalization
 0001:00000F44       System.Classes.Rect
 0002:000000F0       System.Classes.System.Classes
 0002:000000E8       System.Classes.TBaseAsyncResult.Create@
 0001:00001014       System.Classes.TBaseAsyncResult.Destroy@
 0002:000000C0       System.Classes.TBinaryWriter.Create@
 0001:00000FF4       System.Classes.TBinaryWriter.Destroy@
 0001:00000F7C       System.Classes.TComponent.AsyncSchedule
 0001:00000F84       System.Classes.TComponent.BeforeDestruction
 0001:00000FCC       System.Classes.TComponent.CanObserve
 0002:000000D8       System.Classes.TComponent.Create@
 0001:00000F8C       System.Classes.TComponent.DefineProperties
 0001:00000F74       System.Classes.TComponent.Destroy
 0001:00000F3C       System.Classes.TComponent.Destroy@
 0001:00000FBC       System.Classes.TComponent.GetObservers
 0001:00000F94       System.Classes.TComponent.Loaded
 0001:00000FD4       System.Classes.TComponent.ObserverAdded
 0001:00000FEC       System.Classes.TComponent.QueryInterface
 0001:00000F9C       System.Classes.TComponent.ReadState
 0001:00000FDC       System.Classes.TComponent.SafeCallException
 0001:00000FB4       System.Classes.TComponent.SetName
 0001:00000FC4       System.Classes.TComponent.UpdateAction
 0001:00000FE4       System.Classes.TComponent.UpdateRegistry
 0001:00000FAC       System.Classes.TComponent.ValidateRename
 0001:00000FA4       System.Classes.TComponent.WriteState
 0002:000000C8       System.Classes.TFieldsCache.Create@
 0001:00000F4C       System.Classes.TFieldsCache.Destroy@
 0002:000000E0       System.Classes.TLoginCredentialService.Create@
 0001:00001004       System.Classes.TLoginCredentialService.Destroy@
 0002:000000B8       System.Classes.TObserverMapping.Create@
 0001:0000100C       System.Classes.TObserverMapping.Destroy@
 0001:00000F54       System.Classes.TPersistent.Assign
 0001:00000F5C       System.Classes.TPersistent.AssignTo
 0001:00000F64       System.Classes.TStringList.Create
 0002:000000D0       System.Classes.TThread.Create@
 0001:00000F6C       System.Classes.TThread.Destroy@
 0001:00001034       System.DateUtils.Finalization
 0002:00000100       System.DateUtils.System.DateUtils
 0002:000000F8       System.DateUtils.TTimeZone.Create@
 0001:0000102C       System.DateUtils.TTimeZone.Destroy@
 0002:00000098       System.Generics.Defaults.TIStringComparer.Create@
 0001:00000F1C       System.Generics.Defaults.TIStringComparer.Destroy@
 0002:00000090       System.Generics.Defaults.TStringComparer.Create@
 0001:00000F14       System.Generics.Defaults.TStringComparer.Destroy@
 0001:000010AC       System.HelpIntfs.Finalization
 0002:00000150       System.HelpIntfs.System.HelpIntfs
 0001:00001044       System.IniFiles.Finalization
 0002:00000110       System.IniFiles.System.IniFiles
 0001:00000E84       System.Internal.ExcUtils.Finalization
 0002:00000040       System.Internal.ExcUtils.System.Internal.ExcUtils
 0002:00000108       System.IOUtils.TPath.Create@
 0001:0000103C       System.IOUtils.TPath.Destroy@
 0001:00000F0C       System.Math.Finalization
 0002:00000088       System.Math.System.Math
 0002:00000138       System.Messaging.TMessageManager.Create@
 0001:00001094       System.Messaging.TMessageManager.UnInitialize@
 0001:00001914       System.Net.HttpClient.Finalization
 0002:00000598       System.Net.HttpClient.System.Net.HttpClient
 0001:0000190C       System.Net.HttpClient.Win.Finalization
 0002:00000590       System.Net.HttpClient.Win.System.Net.HttpClient.Win
 0002:00000588       System.Net.HttpClient.Win.TWinHttpLib.Create@
 0001:00001904       System.Net.HttpClient.Win.TWinHttpLib.Destroy@
 0002:00000520       System.Net.Mime.TMimeTypes.Create@
 0001:0000189C       System.Net.Mime.TMimeTypes.Destroy@
 0002:00000578       System.Net.URLClient.TAsyncReadStream.Create@
 0001:000018F4       System.Net.URLClient.TAsyncReadStream.Destroy@
 0002:00000570       System.Net.URLClient.TCredentialsStorage.Create@
 0001:000018EC       System.Net.URLClient.TCredentialsStorage.Destroy@
 0002:00000568       System.Net.URLClient.TURLSchemes.Create@
 0001:000018E4       System.Net.URLClient.TURLSchemes.Destroy@
 0002:00000580       System.Net.URLClient.TURLStream.Create@
 0001:000018FC       System.Net.URLClient.TURLStream.Destroy@
 0002:00000560       System.NetEncoding.TNetEncoding.Create@
 0001:000018DC       System.NetEncoding.TNetEncoding.Destroy@
 0001:00000F2C       System.Rtti.Finalization
 0002:000000A8       System.Rtti.System.Rtti
 0002:000000A0       System.Rtti.TValue.Create@
 0001:00000F24       System.Rtti.TValue.Destroy@
 0001:00001024       System.StrUtils.IfThen
 0001:000010B4       System.SyncObjs.Finalization
 0002:00000158       System.SyncObjs.System.SyncObjs
 0001:00000EAC       System.SysUtils.ChangeFileExt
 0002:00000058       System.SysUtils.Exception.Create@
 0001:00000ECC       System.SysUtils.Exception.Destroy@
 0001:00000EEC       System.SysUtils.Finalization
 0001:00000EB4       System.SysUtils.FormatCurr
 0001:00000EC4       System.SysUtils.FormatDateTime
 0001:00000E9C       System.SysUtils.IntToStr
 0001:00000EBC       System.SysUtils.Now
 0001:00000EDC       System.SysUtils.SafeLoadLibrary
 0001:00000EA4       System.SysUtils.StrToIntDef
 0002:00000068       System.SysUtils.System.SysUtils
 0002:00000050       System.SysUtils.TEncoding.Create@
 0001:00000EE4       System.SysUtils.TEncoding.Destroy@
 0002:00000048       System.SysUtils.TLanguages.Create@
 0001:00000ED4       System.SysUtils.TLanguages.Destroy@
 0002:00000060       System.SysUtils.TOSVersion.Create@
 0001:00000E8C       System.SysUtils.TOSVersion.Destroy@
 0001:00000E94       System.SysUtils.Trim
 0001:000018D4       System.Threading.Finalization
 0002:00000558       System.Threading.System.Threading
 0002:00000548       System.Threading.TParallel.TJoinTask.Create@
 0001:000018BC       System.Threading.TParallel.TJoinTask.Destroy@
 0002:00000530       System.Threading.TParallel.TReplicableTask.Create@
 0001:000018AC       System.Threading.TParallel.TReplicableTask.Destroy@
 0002:00000550       System.Threading.TParallel.TReplicaTask.Create@
 0001:000018B4       System.Threading.TParallel.TReplicaTask.Destroy@
 0002:00000528       System.Threading.TTask.Create@
 0001:000018C4       System.Threading.TTask.Destroy@
 0002:00000538       System.Threading.TThreadPool.Create@
 0001:000018CC       System.Threading.TThreadPool.Destroy@
 0002:00000540       System.Threading.TThreadPool.TWorkerData.Create@
 0001:000018A4       System.Threading.TThreadPool.TWorkerData.Destroy@
 0002:000000B0       System.TimeSpan.TTimeSpan.Create@
 0001:00000F34       System.TimeSpan.TTimeSpan.Destroy@
 0001:00000F04       System.TypInfo.Finalization
 0002:00000080       System.TypInfo.System.TypInfo
 0001:00001054       System.UIConsts.Finalization
 0002:00000120       System.UIConsts.System.UIConsts
 0001:00000DE4       System.UITypes.Finalization
 0002:00000010       System.UITypes.System.UITypes
 0001:00000EFC       System.Variants.Finalization
 0002:00000078       System.Variants.System.Variants
 0001:00000EF4       System.VarUtils.Finalization
 0002:00000070       System.VarUtils.System.VarUtils
 0001:00001294       System.Win.ComObj.Finalization
 0002:00000338       System.Win.ComObj.System.Win.ComObj
 0002:00000330       System.Win.ComObj.TComServerObject.Create@
 0001:0000128C       System.Win.ComObj.TComServerObject.Destroy@
 0002:00000118       System.Win.Registry.TRegistry.Create@
 0001:0000104C       System.Win.Registry.TRegistry.Destroy@
 0001:0000177C       System.Win.VCLCom.Finalization
 0002:00000448       System.Win.VCLCom.System.Win.VCLCom
 0002:000004B0       System.Zip.TZipFile.Create@
 0001:00001824       System.Zip.TZipFile.Destroy@
 0001:000010A4       Vcl.ActnList.Finalization
 0002:00000148       Vcl.ActnList.Vcl.ActnList
 0001:00001694       Vcl.Buttons.Finalization
 0002:000003A0       Vcl.Buttons.TBitBtn.Create@
 0001:0000168C       Vcl.Buttons.TBitBtn.Destroy@
 0002:000003A8       Vcl.Buttons.Vcl.Buttons
 0001:00001164       Vcl.Clipbrd.Finalization
 0002:00000208       Vcl.Clipbrd.Vcl.Clipbrd
 0001:00001234       Vcl.ComCtrls.Finalization
 0002:000002C0       Vcl.ComCtrls.TComboBoxEx.Create@
 0001:0000121C       Vcl.ComCtrls.TComboBoxEx.Destroy@
 0002:000002A0       Vcl.ComCtrls.TCoolBar.Create@
 0001:000011FC       Vcl.ComCtrls.TCoolBar.Destroy@
 0002:000002B8       Vcl.ComCtrls.TCustomComboBoxEx.Create@
 0001:00001214       Vcl.ComCtrls.TCustomComboBoxEx.Destroy@
 0002:00000230       Vcl.ComCtrls.TCustomHeaderControl.Create@
 0001:0000118C       Vcl.ComCtrls.TCustomHeaderControl.Destroy@
 0002:00000278       Vcl.ComCtrls.TCustomHotKey.Create@
 0001:000011D4       Vcl.ComCtrls.TCustomHotKey.Destroy@
 0002:00000288       Vcl.ComCtrls.TCustomListView.Create@
 0001:000011E4       Vcl.ComCtrls.TCustomListView.Destroy@
 0002:00000258       Vcl.ComCtrls.TCustomRichEdit.Create@
 0001:000011B4       Vcl.ComCtrls.TCustomRichEdit.Destroy@
 0002:00000228       Vcl.ComCtrls.TCustomStatusBar.Create@
 0001:00001184       Vcl.ComCtrls.TCustomStatusBar.Destroy@
 0002:00000218       Vcl.ComCtrls.TCustomTabControl.Create@
 0001:00001174       Vcl.ComCtrls.TCustomTabControl.Destroy@
 0002:00000238       Vcl.ComCtrls.TCustomTreeView.Create@
 0001:00001194       Vcl.ComCtrls.TCustomTreeView.Destroy@
 0002:00000268       Vcl.ComCtrls.TCustomUpDown.Create@
 0001:000011C4       Vcl.ComCtrls.TCustomUpDown.Destroy@
 0002:000002A8       Vcl.ComCtrls.TDateTimePicker.Create@
 0001:00001204       Vcl.ComCtrls.TDateTimePicker.Destroy@
 0002:000002D0       Vcl.ComCtrls.THeaderControl.Create@
 0001:0000122C       Vcl.ComCtrls.THeaderControl.Destroy@
 0002:00000280       Vcl.ComCtrls.THotKey.Create@
 0001:000011DC       Vcl.ComCtrls.THotKey.Destroy@
 0002:00000290       Vcl.ComCtrls.TListView.Create@
 0001:000011EC       Vcl.ComCtrls.TListView.Destroy@
 0002:000002B0       Vcl.ComCtrls.TPageScroller.Create@
 0001:0000120C       Vcl.ComCtrls.TPageScroller.Destroy@
 0002:00000250       Vcl.ComCtrls.TProgressBar.Create@
 0001:000011AC       Vcl.ComCtrls.TProgressBar.Destroy@
 0002:00000260       Vcl.ComCtrls.TRichEdit.Create@
 0001:000011BC       Vcl.ComCtrls.TRichEdit.Destroy@
 0002:000002C8       Vcl.ComCtrls.TStatusBar.Create@
 0001:00001224       Vcl.ComCtrls.TStatusBar.Destroy@
 0002:00000220       Vcl.ComCtrls.TTabControl.Create@
 0001:0000117C       Vcl.ComCtrls.TTabControl.Destroy@
 0002:00000298       Vcl.ComCtrls.TToolBar.Create@
 0001:000011F4       Vcl.ComCtrls.TToolBar.Destroy@
 0002:00000248       Vcl.ComCtrls.TTrackBar.Create@
 0001:000011A4       Vcl.ComCtrls.TTrackBar.Destroy@
 0002:00000240       Vcl.ComCtrls.TTreeView.Create@
 0001:0000119C       Vcl.ComCtrls.TTreeView.Destroy@
 0002:00000270       Vcl.ComCtrls.TUpDown.Create@
 0001:000011CC       Vcl.ComCtrls.TUpDown.Destroy@
 0002:000002D8       Vcl.ComCtrls.Vcl.ComCtrls
 0001:0000166C       Vcl.Controls.Finalization
 0001:0000153C       Vcl.Controls.TControl.CreateTouchManager
 0001:000014FC       Vcl.Controls.TControl.DefaultScalingFlags
 0001:000014E4       Vcl.Controls.TControl.GetAction
 0001:00001504       Vcl.Controls.TControl.GetCurrentPPI
 0001:000014D4       Vcl.Controls.TControl.GetDragImages
 0001:000014DC       Vcl.Controls.TControl.GetEnabled
 0001:00001544       Vcl.Controls.TControl.GetFloatingDockSiteClass
 0001:0000150C       Vcl.Controls.TControl.GetParentCurrentDpi
 0001:0000156C       Vcl.Controls.TControl.GetStyleName
 0001:00001564       Vcl.Controls.TControl.GetSystemMetrics
 0001:0000154C       Vcl.Controls.TControl.InitiateAction
 0001:00001574       Vcl.Controls.TControl.IsCustomStyleActive
 0001:0000157C       Vcl.Controls.TControl.IsLightStyleColor
 0001:00001514       Vcl.Controls.TControl.SetAutoSize
 0001:00001534       Vcl.Controls.TControl.SetBiDiMode
 0001:000014EC       Vcl.Controls.TControl.SetDragMode
 0001:0000152C       Vcl.Controls.TControl.SetEnabled
 0001:0000151C       Vcl.Controls.TControl.SetName
 0001:00001554       Vcl.Controls.TControl.SetStyleElements
 0001:0000155C       Vcl.Controls.TControl.SetStyleName
 0001:00001524       Vcl.Controls.TControl.SetVisible
 0001:000014F4       Vcl.Controls.TControl.SetWidth
 0001:00001634       Vcl.Controls.TWinControl.AssignTo
 0001:0000162C       Vcl.Controls.TWinControl.AsyncSchedule
 0001:0000163C       Vcl.Controls.TWinControl.CanAutoSize
 0001:0000161C       Vcl.Controls.TWinControl.CanResize
 0001:00001624       Vcl.Controls.TWinControl.ConstrainedResize
 0001:0000158C       Vcl.Controls.TWinControl.CreateHandle
 0001:00001594       Vcl.Controls.TWinControl.CustomAlignInsertBefore
 0001:0000159C       Vcl.Controls.TWinControl.CustomAlignPosition
 0001:00001584       Vcl.Controls.TWinControl.DestroyWnd
 0001:0000164C       Vcl.Controls.TWinControl.DockReplaceDockClient
 0001:00001664       Vcl.Controls.TWinControl.GetAllocatedWindowHandle
 0001:0000160C       Vcl.Controls.TWinControl.GetClientOrigin
 0001:00001604       Vcl.Controls.TWinControl.GetControlExtents
 0001:000015DC       Vcl.Controls.TWinControl.GetDeviceContext
 0001:000015FC       Vcl.Controls.TWinControl.GetDPIForDesigner
 0001:00001614       Vcl.Controls.TWinControl.GetPixelsPerInch
 0001:000015E4       Vcl.Controls.TWinControl.Invalidate
 0001:000015F4       Vcl.Controls.TWinControl.Repaint
 0001:000015B4       Vcl.Controls.TWinControl.ResetIme
 0001:000015CC       Vcl.Controls.TWinControl.ScaleBy
 0001:000015C4       Vcl.Controls.TWinControl.ScaleControlsForDpi
 0001:000015BC       Vcl.Controls.TWinControl.SetBounds
 0001:000015AC       Vcl.Controls.TWinControl.SetIme
 0001:00001644       Vcl.Controls.TWinControl.SetParentBackground
 0001:000015A4       Vcl.Controls.TWinControl.SetParentDoubleBuffered
 0001:000015D4       Vcl.Controls.TWinControl.ShowControl
 0001:000015EC       Vcl.Controls.TWinControl.Update
 0001:0000165C       Vcl.Controls.TWinControl.UpdateControlOriginalParentSize
 0001:00001654       Vcl.Controls.TWinControl.UpdateTIPStatus
 0002:00000380       Vcl.Controls.Vcl.Controls
 0001:000016DC       Vcl.DBCtrls.Finalization
 0002:000003E0       Vcl.DBCtrls.TCustomDBLookupComboBox.Create@
 0001:000016CC       Vcl.DBCtrls.TCustomDBLookupComboBox.Destroy@
 0002:000003E8       Vcl.DBCtrls.TDBLookupComboBox.Create@
 0001:000016D4       Vcl.DBCtrls.TDBLookupComboBox.Destroy@
 0002:000003D8       Vcl.DBCtrls.TDBLookupListBox.Create@
 0001:000016C4       Vcl.DBCtrls.TDBLookupListBox.Destroy@
 0002:000003C8       Vcl.DBCtrls.TDBMemo.Create@
 0001:000016B4       Vcl.DBCtrls.TDBMemo.Destroy@
 0002:000003D0       Vcl.DBCtrls.TDBNavigator.Create@
 0001:000016BC       Vcl.DBCtrls.TDBNavigator.Destroy@
 0002:000003F0       Vcl.DBCtrls.Vcl.DBCtrls
 0001:000016A4       Vcl.DBLogDlg.Finalization
 0002:000003B8       Vcl.DBLogDlg.Vcl.DBLogDlg
 0001:000016AC       Vcl.DBPWDlg.Finalization
 0002:000003C0       Vcl.DBPWDlg.Vcl.DBPWDlg
 0001:0000123C       Vcl.Dialogs.Finalization
 0002:000002E0       Vcl.Dialogs.Vcl.Dialogs
 0001:0000126C       Vcl.ExtCtrls.Finalization
 0002:000002F8       Vcl.ExtCtrls.TCategoryPanelGroup.Create@
 0001:00001254       Vcl.ExtCtrls.TCategoryPanelGroup.Destroy@
 0002:000002F0       Vcl.ExtCtrls.TCustomCategoryPanelGroup.Create@
 0001:0000124C       Vcl.ExtCtrls.TCustomCategoryPanelGroup.Destroy@
 0002:00000300       Vcl.ExtCtrls.TCustomLinkLabel.Create@
 0001:0000125C       Vcl.ExtCtrls.TCustomLinkLabel.Destroy@
 0002:000002E8       Vcl.ExtCtrls.TCustomPanel.Create@
 0001:00001244       Vcl.ExtCtrls.TCustomPanel.Destroy@
 0002:00000308       Vcl.ExtCtrls.TLinkLabel.Create@
 0001:00001264       Vcl.ExtCtrls.TLinkLabel.Destroy@
 0002:00000310       Vcl.ExtCtrls.Vcl.ExtCtrls
 0001:0000145C       Vcl.Forms.Finalization
 0001:000013F4       Vcl.Forms.TCustomForm.AdjustClientRect
 0001:000012DC       Vcl.Forms.TCustomForm.AfterConstruction
 0001:000013A4       Vcl.Forms.TCustomForm.AlignControls
 0001:000012EC       Vcl.Forms.TCustomForm.BeforeDestruction
 0001:0000139C       Vcl.Forms.TCustomForm.ClientWndProc
 0001:0000141C       Vcl.Forms.TCustomForm.CloseQuery
 0001:000012CC       Vcl.Forms.TCustomForm.Create
 0002:00000350       Vcl.Forms.TCustomForm.Create@
 0001:000012E4       Vcl.Forms.TCustomForm.CreateNew
 0001:000013BC       Vcl.Forms.TCustomForm.CreateParams
 0001:000013CC       Vcl.Forms.TCustomForm.CreateWindowHandle
 0001:000013C4       Vcl.Forms.TCustomForm.CreateWnd
 0001:000013E4       Vcl.Forms.TCustomForm.DefaultHandler
 0001:0000133C       Vcl.Forms.TCustomForm.DefineProperties
 0001:000012F4       Vcl.Forms.TCustomForm.Destroy
 0001:000012D4       Vcl.Forms.TCustomForm.Destroy@
 0001:000013D4       Vcl.Forms.TCustomForm.DestroyHandle
 0001:000013DC       Vcl.Forms.TCustomForm.DestroyWindowHandle
 0001:00001414       Vcl.Forms.TCustomForm.DoAfterMonitorDpiChanged
 0001:0000140C       Vcl.Forms.TCustomForm.DoBeforeMonitorDpiChanged
 0001:000012FC       Vcl.Forms.TCustomForm.DoCreate
 0001:00001304       Vcl.Forms.TCustomForm.DoDestroy
 0001:0000134C       Vcl.Forms.TCustomForm.DoThumbButtonNotify
 0001:0000135C       Vcl.Forms.TCustomForm.DoThumbPreviewRequest
 0001:00001354       Vcl.Forms.TCustomForm.DoWindowPreviewRequest
 0001:00001344       Vcl.Forms.TCustomForm.DoWritePixelsPerInch
 0001:00001364       Vcl.Forms.TCustomForm.GetClientRect
 0001:0000131C       Vcl.Forms.TCustomForm.GetDesignDpi
 0001:0000136C       Vcl.Forms.TCustomForm.GetFloating
 0001:0000130C       Vcl.Forms.TCustomForm.Loaded
 0001:00001314       Vcl.Forms.TCustomForm.Notification
 0001:000013FC       Vcl.Forms.TCustomForm.PaintWindow
 0001:0000144C       Vcl.Forms.TCustomForm.QueryInterface
 0001:00001334       Vcl.Forms.TCustomForm.ReadState
 0001:00001444       Vcl.Forms.TCustomForm.RequestAlign
 0001:00001404       Vcl.Forms.TCustomForm.Resizing
 0001:0000132C       Vcl.Forms.TCustomForm.ScaleForCurrentDPI
 0001:00001324       Vcl.Forms.TCustomForm.ScaleForPPI
 0001:00001424       Vcl.Forms.TCustomForm.SetFocus
 0001:000013EC       Vcl.Forms.TCustomForm.SetFocusedControl
 0001:00001384       Vcl.Forms.TCustomForm.SetParent
 0001:00001374       Vcl.Forms.TCustomForm.SetParentBiDiMode
 0001:000013AC       Vcl.Forms.TCustomForm.SetPixelsPerInch
 0001:000013B4       Vcl.Forms.TCustomForm.SetScaled
 0001:0000142C       Vcl.Forms.TCustomForm.ShowModal
 0001:00001434       Vcl.Forms.TCustomForm.UpdateActions
 0001:0000143C       Vcl.Forms.TCustomForm.UpdateStyleElements
 0001:0000138C       Vcl.Forms.TCustomForm.ValidateRename
 0001:0000137C       Vcl.Forms.TCustomForm.WantChildKey
 0001:00001394       Vcl.Forms.TCustomForm.WndProc
 0002:00000358       Vcl.Forms.TForm.Create@
 0001:00001454       Vcl.Forms.TForm.Destroy@
 0002:00000348       Vcl.Forms.TScrollBox.Create@
 0001:000012C4       Vcl.Forms.TScrollBox.Destroy@
 0001:000012A4       Vcl.Forms.TScrollingWinControl.AutoScrollEnabled
 0001:000012BC       Vcl.Forms.TScrollingWinControl.AutoScrollInView
 0001:000012AC       Vcl.Forms.TScrollingWinControl.DoGesture
 0001:000012B4       Vcl.Forms.TScrollingWinControl.DoGetGestureOptions
 0002:00000360       Vcl.Forms.Vcl.Forms
 0001:0000108C       Vcl.Graphics.Finalization
 0001:0000107C       Vcl.Graphics.TBitmap.GetCanvas
 0001:00001084       Vcl.Graphics.TBitmap.SetPixelFormat
 0001:0000106C       Vcl.Graphics.TBrush.SetColor
 0001:00001074       Vcl.Graphics.TBrush.SetStyle
 0001:00001064       Vcl.Graphics.TFont.SetSize
 0002:00000128       Vcl.Graphics.TWICImage.Create@
 0001:0000105C       Vcl.Graphics.TWICImage.Destroy@
 0002:00000130       Vcl.Graphics.Vcl.Graphics
 0001:000010C4       Vcl.GraphUtil.Finalization
 0002:00000168       Vcl.GraphUtil.Vcl.GraphUtil
 0001:0000169C       Vcl.ImageCollection.Finalization
 0002:000003B0       Vcl.ImageCollection.Vcl.ImageCollection
 0001:0000176C       Vcl.Imaging.jpeg.Finalization
 0002:00000438       Vcl.Imaging.jpeg.Vcl.Imaging.jpeg
 0001:000016E4       Vcl.Imaging.pngimage.Finalization
 0002:000003F8       Vcl.Imaging.pngimage.Vcl.Imaging.pngimage
 0001:00001464       Vcl.Menus.Finalization
 0002:00000368       Vcl.Menus.Vcl.Menus
 0001:00001974       Vcl.OleServer.Finalization
 0002:000005F8       Vcl.OleServer.Vcl.OleServer
 0001:0000116C       Vcl.Printers.Finalization
 0002:00000210       Vcl.Printers.Vcl.Printers
 0001:0000115C       Vcl.StdCtrls.Finalization
 0002:000001E0       Vcl.StdCtrls.TButton.Create@
 0001:0000113C       Vcl.StdCtrls.TButton.Destroy@
 0002:000001E8       Vcl.StdCtrls.TCheckBox.Create@
 0001:00001144       Vcl.StdCtrls.TCheckBox.Destroy@
 0002:000001D8       Vcl.StdCtrls.TComboBox.Create@
 0001:00001134       Vcl.StdCtrls.TComboBox.Destroy@
 0002:00000190       Vcl.StdCtrls.TCustomButton.Create@
 0001:000010EC       Vcl.StdCtrls.TCustomButton.Destroy@
 0002:00000198       Vcl.StdCtrls.TCustomCheckBox.Create@
 0001:000010F4       Vcl.StdCtrls.TCustomCheckBox.Destroy@
 0002:00000188       Vcl.StdCtrls.TCustomComboBox.Create@
 0001:000010E4       Vcl.StdCtrls.TCustomComboBox.Destroy@
 0002:00000178       Vcl.StdCtrls.TCustomEdit.Create@
 0001:000010D4       Vcl.StdCtrls.TCustomEdit.Destroy@
 0002:00000170       Vcl.StdCtrls.TCustomGroupBox.Create@
 0001:000010CC       Vcl.StdCtrls.TCustomGroupBox.Destroy@
 0002:000001A8       Vcl.StdCtrls.TCustomListBox.Create@
 0001:00001104       Vcl.StdCtrls.TCustomListBox.Destroy@
 0002:00000180       Vcl.StdCtrls.TCustomMemo.Create@
 0001:000010DC       Vcl.StdCtrls.TCustomMemo.Destroy@
 0002:000001B8       Vcl.StdCtrls.TCustomStaticText.Create@
 0001:00001114       Vcl.StdCtrls.TCustomStaticText.Destroy@
 0002:000001C8       Vcl.StdCtrls.TEdit.Create@
 0001:00001124       Vcl.StdCtrls.TEdit.Destroy@
 0002:000001C0       Vcl.StdCtrls.TGroupBox.Create@
 0001:0000111C       Vcl.StdCtrls.TGroupBox.Destroy@
 0002:000001F0       Vcl.StdCtrls.TListBox.Create@
 0001:0000114C       Vcl.StdCtrls.TListBox.Destroy@
 0002:000001D0       Vcl.StdCtrls.TMemo.Create@
 0001:0000112C       Vcl.StdCtrls.TMemo.Destroy@
 0002:000001A0       Vcl.StdCtrls.TRadioButton.Create@
 0001:000010FC       Vcl.StdCtrls.TRadioButton.Destroy@
 0002:000001B0       Vcl.StdCtrls.TScrollBar.Create@
 0001:0000110C       Vcl.StdCtrls.TScrollBar.Destroy@
 0002:000001F8       Vcl.StdCtrls.TStaticText.Create@
 0001:00001154       Vcl.StdCtrls.TStaticText.Destroy@
 0002:00000200       Vcl.StdCtrls.Vcl.StdCtrls
 0002:00000320       Vcl.Themes.TCustomStyleEngine.Create@
 0001:0000127C       Vcl.Themes.TCustomStyleEngine.Destroy@
 0002:00000318       Vcl.Themes.TStyleManager.Create@
 0001:00001274       Vcl.Themes.TStyleManager.Destroy@
 0001:0000194C       Web.HTTPApp.Finalization
 0002:000005D0       Web.HTTPApp.Web.HTTPApp
 0001:0000129C       Winapi.FlatSB.Finalization
 0002:00000340       Winapi.FlatSB.Winapi.FlatSB
 0004:00000034       Winapi.MsCTF..1
 0001:000014AC       Winapi.MsCTF.DoneMSCTF
 0001:000014C4       Winapi.MsCTF.Finalization
 0001:0000146C       Winapi.MsCTF.InitMSCTF
 0003:00000094       Winapi.MsCTF.MsCTFHandle
 0002:00000370       Winapi.MsCTF.Winapi.MsCTF
 0004:0000002C       Winapi.PsAPI..1
 0001:00000E58       Winapi.PsAPI.Finalization
 0004:00000030       Winapi.PsAPI.hPSAPI
 0002:00000030       Winapi.PsAPI.Winapi.PsAPI
 0001:000010BC       Winapi.UxTheme.Finalization
 0002:00000160       Winapi.UxTheme.Winapi.UxTheme
 0004:00000024       Winapi.Windows..2
 0001:00000E38       Winapi.Windows.Finalization
 0001:00000DEC       Winapi.Windows.FreeLibrary
 0001:00000DF4       Winapi.Windows.GetVersionEx
 0004:00000028       Winapi.Windows.HtmlHelpModule
 0001:00000DFC       Winapi.Windows.InitVersionInfo
 0003:00000088       Winapi.Windows.Win32MajorVersion
 0003:0000008C       Winapi.Windows.Win32MinorVersion
 0003:00000090       Winapi.Windows.Win32Platform
 0002:00000018       Winapi.Windows.Winapi.Windows
 0001:00001924       Xml.Win.msxmldom.Finalization
 0002:000005A0       Xml.Win.msxmldom.TMSXMLDOMDocumentFactory.Create@
 0001:0000191C       Xml.Win.msxmldom.TMSXMLDOMDocumentFactory.Destroy@
 0002:000005A8       Xml.Win.msxmldom.Xml.Win.msxmldom
 0001:0000192C       Xml.xmldom.Finalization
 0002:000005B0       Xml.xmldom.Xml.xmldom
 0001:0000193C       Xml.XMLSchema.Finalization
 0002:000005C0       Xml.XMLSchema.Xml.XMLSchema
 0001:00001934       Xml.xmlutil.Finalization
 0002:000005B8       Xml.xmlutil.Xml.xmlutil


  Address             Publics by Value

 0001:00000000       System.@IntOver
 0001:00000008       System.TObject.NewInstance
 0001:00000010       System.TObject.FreeInstance
 0001:00000018       System.TObject.Free
 0001:00000020       System.TObject.Equals
 0001:00000028       System.TObject.GetHashCode
 0001:00000030       System.TObject.ToString
 0001:00000038       System.TObject.DefaultHandler
 0001:00000040       System.TObject.AfterConstruction
 0001:00000048       System.TObject.Dispatch
 0001:00000050       System.@ClassCreate
 0001:00000058       System.@AfterConstruction
 0001:00000060       System.@HandleAnyException
 0001:00000068       System.@HandleFinally
 0001:00000070       System.@DoneExcept
 0001:00000078       System.@TryFinallyExit
 0001:00000080       System.@PackageLoad
 0001:00000088       System.@PackageUnload
 0001:00000090       System.@RunError
 0001:00000098       System.@UStrClr
 0001:000000A0       System.@UStrArrayClr
 0001:000000A8       System.@UStrAsg
 0001:000000B0       System.@UStrLAsg
 0001:000000B8       System.@UStrLen
 0001:000000C0       System.@UStrCat
 0001:000000C8       System.@UStrCat3
 0001:000000D0       System.@UStrCatN
 0001:000000D8       System.RegisterModule
 0001:000000E0       System.UnregisterModule
 0001:000000E8       System.Finalization
 0001:000000F0       SysInit.InterlockedExchange
 0001:00000100       SysInit.FreeLibrary
 0001:00000108       SysInit.LocalAlloc
 0001:00000110       SysInit.LocalFree
 0001:00000118       SysInit.TlsAlloc
 0001:00000120       SysInit.TlsFree
 0001:00000128       SysInit.TlsGetValue
 0001:00000130       SysInit.TlsSetValue
 0001:00000138       SysInit.GetLastError
 0001:00000140       SysInit.LoadLibraryA
 0001:00000148       SysInit.RaiseException
 0001:00000150       SysInit.GetProcAddress
 0001:00000158       SysInit.AllocTlsBuffer
 0001:00000164       SysInit.GetTlsSize
 0001:0000016C       SysInit.InitThreadTLS
 0001:000001B0       SysInit.InitProcessTLS
 0001:000001DC       SysInit.ExitThreadTLS
 0001:00000214       SysInit.ExitProcessTLS
 0001:00000238       SysInit.InitializeModule
 0001:00000244       SysInit.UninitializeModule
 0001:00000268       SysInit.@_dbkDummyProc
 0001:0000026C       SysInit.@_dbkFCallArgs
 0001:0000065C       SysInit.@_dbk_fcall_wrapper
 0001:00000788       SysInit.@InitPkg
 0001:000007F4       SysInit.@PackageLoad
 0001:00000800       SysInit.@PackageUnload
 0001:0000080C       SysInit.@_delayLoadHelper2
 0001:00000AEC       SysInit.@_FUnloadDelayLoadedDLL2
 0001:00000BFC       SysInit.@_HrLoadAllImportsForDll
 0001:00000CB4       SysInit.ShutdownDelayHelp2
 0001:00000CBC       SysInit...
 0001:00000CCC       SysInit...
 0001:00000CDC       SysInit...
 0001:00000CEC       SysInit...
 0001:00000CFC       SysInit...
 0001:00000D0C       SysInit...
 0001:00000D20       SysInit...
 0001:00000D50       SysInit...
 0001:00000D68       SysInit...
 0001:00000D90       SysInit...
 0001:00000DB4       SysInit...
 0001:00000DC4       SysInit...
 0001:00000DD4       SysInit.Finalization
 0001:00000DE4       System.UITypes.Finalization
 0001:00000DEC       Winapi.Windows.FreeLibrary
 0001:00000DF4       Winapi.Windows.GetVersionEx
 0001:00000DFC       Winapi.Windows.InitVersionInfo
 0001:00000E38       Winapi.Windows.Finalization
 0001:00000E58       Winapi.PsAPI.Finalization
 0001:00000E7C       System.Character.Finalization
 0001:00000E84       System.Internal.ExcUtils.Finalization
 0001:00000E8C       System.SysUtils.TOSVersion.Destroy@
 0001:00000E94       System.SysUtils.Trim
 0001:00000E9C       System.SysUtils.IntToStr
 0001:00000EA4       System.SysUtils.StrToIntDef
 0001:00000EAC       System.SysUtils.ChangeFileExt
 0001:00000EB4       System.SysUtils.FormatCurr
 0001:00000EBC       System.SysUtils.Now
 0001:00000EC4       System.SysUtils.FormatDateTime
 0001:00000ECC       System.SysUtils.Exception.Destroy@
 0001:00000ED4       System.SysUtils.TLanguages.Destroy@
 0001:00000EDC       System.SysUtils.SafeLoadLibrary
 0001:00000EE4       System.SysUtils.TEncoding.Destroy@
 0001:00000EEC       System.SysUtils.Finalization
 0001:00000EF4       System.VarUtils.Finalization
 0001:00000EFC       System.Variants.Finalization
 0001:00000F04       System.TypInfo.Finalization
 0001:00000F0C       System.Math.Finalization
 0001:00000F14       System.Generics.Defaults.TStringComparer.Destroy@
 0001:00000F1C       System.Generics.Defaults.TIStringComparer.Destroy@
 0001:00000F24       System.Rtti.TValue.Destroy@
 0001:00000F2C       System.Rtti.Finalization
 0001:00000F34       System.TimeSpan.TTimeSpan.Destroy@
 0001:00000F3C       System.Classes.TComponent.Destroy@
 0001:00000F44       System.Classes.Rect
 0001:00000F4C       System.Classes.TFieldsCache.Destroy@
 0001:00000F54       System.Classes.TPersistent.Assign
 0001:00000F5C       System.Classes.TPersistent.AssignTo
 0001:00000F64       System.Classes.TStringList.Create
 0001:00000F6C       System.Classes.TThread.Destroy@
 0001:00000F74       System.Classes.TComponent.Destroy
 0001:00000F7C       System.Classes.TComponent.AsyncSchedule
 0001:00000F84       System.Classes.TComponent.BeforeDestruction
 0001:00000F8C       System.Classes.TComponent.DefineProperties
 0001:00000F94       System.Classes.TComponent.Loaded
 0001:00000F9C       System.Classes.TComponent.ReadState
 0001:00000FA4       System.Classes.TComponent.WriteState
 0001:00000FAC       System.Classes.TComponent.ValidateRename
 0001:00000FB4       System.Classes.TComponent.SetName
 0001:00000FBC       System.Classes.TComponent.GetObservers
 0001:00000FC4       System.Classes.TComponent.UpdateAction
 0001:00000FCC       System.Classes.TComponent.CanObserve
 0001:00000FD4       System.Classes.TComponent.ObserverAdded
 0001:00000FDC       System.Classes.TComponent.SafeCallException
 0001:00000FE4       System.Classes.TComponent.UpdateRegistry
 0001:00000FEC       System.Classes.TComponent.QueryInterface
 0001:00000FF4       System.Classes.TBinaryWriter.Destroy@
 0001:00000FFC       System.Classes.ComponentPlatformsAttribute.Create
 0001:00001004       System.Classes.TLoginCredentialService.Destroy@
 0001:0000100C       System.Classes.TObserverMapping.Destroy@
 0001:00001014       System.Classes.TBaseAsyncResult.Destroy@
 0001:0000101C       System.Classes.Finalization
 0001:00001024       System.StrUtils.IfThen
 0001:0000102C       System.DateUtils.TTimeZone.Destroy@
 0001:00001034       System.DateUtils.Finalization
 0001:0000103C       System.IOUtils.TPath.Destroy@
 0001:00001044       System.IniFiles.Finalization
 0001:0000104C       System.Win.Registry.TRegistry.Destroy@
 0001:00001054       System.UIConsts.Finalization
 0001:0000105C       Vcl.Graphics.TWICImage.Destroy@
 0001:00001064       Vcl.Graphics.TFont.SetSize
 0001:0000106C       Vcl.Graphics.TBrush.SetColor
 0001:00001074       Vcl.Graphics.TBrush.SetStyle
 0001:0000107C       Vcl.Graphics.TBitmap.GetCanvas
 0001:00001084       Vcl.Graphics.TBitmap.SetPixelFormat
 0001:0000108C       Vcl.Graphics.Finalization
 0001:00001094       System.Messaging.TMessageManager.UnInitialize@
 0001:0000109C       System.Actions.Finalization
 0001:000010A4       Vcl.ActnList.Finalization
 0001:000010AC       System.HelpIntfs.Finalization
 0001:000010B4       System.SyncObjs.Finalization
 0001:000010BC       Winapi.UxTheme.Finalization
 0001:000010C4       Vcl.GraphUtil.Finalization
 0001:000010CC       Vcl.StdCtrls.TCustomGroupBox.Destroy@
 0001:000010D4       Vcl.StdCtrls.TCustomEdit.Destroy@
 0001:000010DC       Vcl.StdCtrls.TCustomMemo.Destroy@
 0001:000010E4       Vcl.StdCtrls.TCustomComboBox.Destroy@
 0001:000010EC       Vcl.StdCtrls.TCustomButton.Destroy@
 0001:000010F4       Vcl.StdCtrls.TCustomCheckBox.Destroy@
 0001:000010FC       Vcl.StdCtrls.TRadioButton.Destroy@
 0001:00001104       Vcl.StdCtrls.TCustomListBox.Destroy@
 0001:0000110C       Vcl.StdCtrls.TScrollBar.Destroy@
 0001:00001114       Vcl.StdCtrls.TCustomStaticText.Destroy@
 0001:0000111C       Vcl.StdCtrls.TGroupBox.Destroy@
 0001:00001124       Vcl.StdCtrls.TEdit.Destroy@
 0001:0000112C       Vcl.StdCtrls.TMemo.Destroy@
 0001:00001134       Vcl.StdCtrls.TComboBox.Destroy@
 0001:0000113C       Vcl.StdCtrls.TButton.Destroy@
 0001:00001144       Vcl.StdCtrls.TCheckBox.Destroy@
 0001:0000114C       Vcl.StdCtrls.TListBox.Destroy@
 0001:00001154       Vcl.StdCtrls.TStaticText.Destroy@
 0001:0000115C       Vcl.StdCtrls.Finalization
 0001:00001164       Vcl.Clipbrd.Finalization
 0001:0000116C       Vcl.Printers.Finalization
 0001:00001174       Vcl.ComCtrls.TCustomTabControl.Destroy@
 0001:0000117C       Vcl.ComCtrls.TTabControl.Destroy@
 0001:00001184       Vcl.ComCtrls.TCustomStatusBar.Destroy@
 0001:0000118C       Vcl.ComCtrls.TCustomHeaderControl.Destroy@
 0001:00001194       Vcl.ComCtrls.TCustomTreeView.Destroy@
 0001:0000119C       Vcl.ComCtrls.TTreeView.Destroy@
 0001:000011A4       Vcl.ComCtrls.TTrackBar.Destroy@
 0001:000011AC       Vcl.ComCtrls.TProgressBar.Destroy@
 0001:000011B4       Vcl.ComCtrls.TCustomRichEdit.Destroy@
 0001:000011BC       Vcl.ComCtrls.TRichEdit.Destroy@
 0001:000011C4       Vcl.ComCtrls.TCustomUpDown.Destroy@
 0001:000011CC       Vcl.ComCtrls.TUpDown.Destroy@
 0001:000011D4       Vcl.ComCtrls.TCustomHotKey.Destroy@
 0001:000011DC       Vcl.ComCtrls.THotKey.Destroy@
 0001:000011E4       Vcl.ComCtrls.TCustomListView.Destroy@
 0001:000011EC       Vcl.ComCtrls.TListView.Destroy@
 0001:000011F4       Vcl.ComCtrls.TToolBar.Destroy@
 0001:000011FC       Vcl.ComCtrls.TCoolBar.Destroy@
 0001:00001204       Vcl.ComCtrls.TDateTimePicker.Destroy@
 0001:0000120C       Vcl.ComCtrls.TPageScroller.Destroy@
 0001:00001214       Vcl.ComCtrls.TCustomComboBoxEx.Destroy@
 0001:0000121C       Vcl.ComCtrls.TComboBoxEx.Destroy@
 0001:00001224       Vcl.ComCtrls.TStatusBar.Destroy@
 0001:0000122C       Vcl.ComCtrls.THeaderControl.Destroy@
 0001:00001234       Vcl.ComCtrls.Finalization
 0001:0000123C       Vcl.Dialogs.Finalization
 0001:00001244       Vcl.ExtCtrls.TCustomPanel.Destroy@
 0001:0000124C       Vcl.ExtCtrls.TCustomCategoryPanelGroup.Destroy@
 0001:00001254       Vcl.ExtCtrls.TCategoryPanelGroup.Destroy@
 0001:0000125C       Vcl.ExtCtrls.TCustomLinkLabel.Destroy@
 0001:00001264       Vcl.ExtCtrls.TLinkLabel.Destroy@
 0001:0000126C       Vcl.ExtCtrls.Finalization
 0001:00001274       Vcl.Themes.TStyleManager.Destroy@
 0001:0000127C       Vcl.Themes.TCustomStyleEngine.Destroy@
 0001:00001284       System.AnsiStrings.Finalization
 0001:0000128C       System.Win.ComObj.TComServerObject.Destroy@
 0001:00001294       System.Win.ComObj.Finalization
 0001:0000129C       Winapi.FlatSB.Finalization
 0001:000012A4       Vcl.Forms.TScrollingWinControl.AutoScrollEnabled
 0001:000012AC       Vcl.Forms.TScrollingWinControl.DoGesture
 0001:000012B4       Vcl.Forms.TScrollingWinControl.DoGetGestureOptions
 0001:000012BC       Vcl.Forms.TScrollingWinControl.AutoScrollInView
 0001:000012C4       Vcl.Forms.TScrollBox.Destroy@
 0001:000012CC       Vcl.Forms.TCustomForm.Create
 0001:000012D4       Vcl.Forms.TCustomForm.Destroy@
 0001:000012DC       Vcl.Forms.TCustomForm.AfterConstruction
 0001:000012E4       Vcl.Forms.TCustomForm.CreateNew
 0001:000012EC       Vcl.Forms.TCustomForm.BeforeDestruction
 0001:000012F4       Vcl.Forms.TCustomForm.Destroy
 0001:000012FC       Vcl.Forms.TCustomForm.DoCreate
 0001:00001304       Vcl.Forms.TCustomForm.DoDestroy
 0001:0000130C       Vcl.Forms.TCustomForm.Loaded
 0001:00001314       Vcl.Forms.TCustomForm.Notification
 0001:0000131C       Vcl.Forms.TCustomForm.GetDesignDpi
 0001:00001324       Vcl.Forms.TCustomForm.ScaleForPPI
 0001:0000132C       Vcl.Forms.TCustomForm.ScaleForCurrentDPI
 0001:00001334       Vcl.Forms.TCustomForm.ReadState
 0001:0000133C       Vcl.Forms.TCustomForm.DefineProperties
 0001:00001344       Vcl.Forms.TCustomForm.DoWritePixelsPerInch
 0001:0000134C       Vcl.Forms.TCustomForm.DoThumbButtonNotify
 0001:00001354       Vcl.Forms.TCustomForm.DoWindowPreviewRequest
 0001:0000135C       Vcl.Forms.TCustomForm.DoThumbPreviewRequest
 0001:00001364       Vcl.Forms.TCustomForm.GetClientRect
 0001:0000136C       Vcl.Forms.TCustomForm.GetFloating
 0001:00001374       Vcl.Forms.TCustomForm.SetParentBiDiMode
 0001:0000137C       Vcl.Forms.TCustomForm.WantChildKey
 0001:00001384       Vcl.Forms.TCustomForm.SetParent
 0001:0000138C       Vcl.Forms.TCustomForm.ValidateRename
 0001:00001394       Vcl.Forms.TCustomForm.WndProc
 0001:0000139C       Vcl.Forms.TCustomForm.ClientWndProc
 0001:000013A4       Vcl.Forms.TCustomForm.AlignControls
 0001:000013AC       Vcl.Forms.TCustomForm.SetPixelsPerInch
 0001:000013B4       Vcl.Forms.TCustomForm.SetScaled
 0001:000013BC       Vcl.Forms.TCustomForm.CreateParams
 0001:000013C4       Vcl.Forms.TCustomForm.CreateWnd
 0001:000013CC       Vcl.Forms.TCustomForm.CreateWindowHandle
 0001:000013D4       Vcl.Forms.TCustomForm.DestroyHandle
 0001:000013DC       Vcl.Forms.TCustomForm.DestroyWindowHandle
 0001:000013E4       Vcl.Forms.TCustomForm.DefaultHandler
 0001:000013EC       Vcl.Forms.TCustomForm.SetFocusedControl
 0001:000013F4       Vcl.Forms.TCustomForm.AdjustClientRect
 0001:000013FC       Vcl.Forms.TCustomForm.PaintWindow
 0001:00001404       Vcl.Forms.TCustomForm.Resizing
 0001:0000140C       Vcl.Forms.TCustomForm.DoBeforeMonitorDpiChanged
 0001:00001414       Vcl.Forms.TCustomForm.DoAfterMonitorDpiChanged
 0001:0000141C       Vcl.Forms.TCustomForm.CloseQuery
 0001:00001424       Vcl.Forms.TCustomForm.SetFocus
 0001:0000142C       Vcl.Forms.TCustomForm.ShowModal
 0001:00001434       Vcl.Forms.TCustomForm.UpdateActions
 0001:0000143C       Vcl.Forms.TCustomForm.UpdateStyleElements
 0001:00001444       Vcl.Forms.TCustomForm.RequestAlign
 0001:0000144C       Vcl.Forms.TCustomForm.QueryInterface
 0001:00001454       Vcl.Forms.TForm.Destroy@
 0001:0000145C       Vcl.Forms.Finalization
 0001:00001464       Vcl.Menus.Finalization
 0001:0000146C       Winapi.MsCTF.InitMSCTF
 0001:000014AC       Winapi.MsCTF.DoneMSCTF
 0001:000014C4       Winapi.MsCTF.Finalization
 0001:000014D4       Vcl.Controls.TControl.GetDragImages
 0001:000014DC       Vcl.Controls.TControl.GetEnabled
 0001:000014E4       Vcl.Controls.TControl.GetAction
 0001:000014EC       Vcl.Controls.TControl.SetDragMode
 0001:000014F4       Vcl.Controls.TControl.SetWidth
 0001:000014FC       Vcl.Controls.TControl.DefaultScalingFlags
 0001:00001504       Vcl.Controls.TControl.GetCurrentPPI
 0001:0000150C       Vcl.Controls.TControl.GetParentCurrentDpi
 0001:00001514       Vcl.Controls.TControl.SetAutoSize
 0001:0000151C       Vcl.Controls.TControl.SetName
 0001:00001524       Vcl.Controls.TControl.SetVisible
 0001:0000152C       Vcl.Controls.TControl.SetEnabled
 0001:00001534       Vcl.Controls.TControl.SetBiDiMode
 0001:0000153C       Vcl.Controls.TControl.CreateTouchManager
 0001:00001544       Vcl.Controls.TControl.GetFloatingDockSiteClass
 0001:0000154C       Vcl.Controls.TControl.InitiateAction
 0001:00001554       Vcl.Controls.TControl.SetStyleElements
 0001:0000155C       Vcl.Controls.TControl.SetStyleName
 0001:00001564       Vcl.Controls.TControl.GetSystemMetrics
 0001:0000156C       Vcl.Controls.TControl.GetStyleName
 0001:00001574       Vcl.Controls.TControl.IsCustomStyleActive
 0001:0000157C       Vcl.Controls.TControl.IsLightStyleColor
 0001:00001584       Vcl.Controls.TWinControl.DestroyWnd
 0001:0000158C       Vcl.Controls.TWinControl.CreateHandle
 0001:00001594       Vcl.Controls.TWinControl.CustomAlignInsertBefore
 0001:0000159C       Vcl.Controls.TWinControl.CustomAlignPosition
 0001:000015A4       Vcl.Controls.TWinControl.SetParentDoubleBuffered
 0001:000015AC       Vcl.Controls.TWinControl.SetIme
 0001:000015B4       Vcl.Controls.TWinControl.ResetIme
 0001:000015BC       Vcl.Controls.TWinControl.SetBounds
 0001:000015C4       Vcl.Controls.TWinControl.ScaleControlsForDpi
 0001:000015CC       Vcl.Controls.TWinControl.ScaleBy
 0001:000015D4       Vcl.Controls.TWinControl.ShowControl
 0001:000015DC       Vcl.Controls.TWinControl.GetDeviceContext
 0001:000015E4       Vcl.Controls.TWinControl.Invalidate
 0001:000015EC       Vcl.Controls.TWinControl.Update
 0001:000015F4       Vcl.Controls.TWinControl.Repaint
 0001:000015FC       Vcl.Controls.TWinControl.GetDPIForDesigner
 0001:00001604       Vcl.Controls.TWinControl.GetControlExtents
 0001:0000160C       Vcl.Controls.TWinControl.GetClientOrigin
 0001:00001614       Vcl.Controls.TWinControl.GetPixelsPerInch
 0001:0000161C       Vcl.Controls.TWinControl.CanResize
 0001:00001624       Vcl.Controls.TWinControl.ConstrainedResize
 0001:0000162C       Vcl.Controls.TWinControl.AsyncSchedule
 0001:00001634       Vcl.Controls.TWinControl.AssignTo
 0001:0000163C       Vcl.Controls.TWinControl.CanAutoSize
 0001:00001644       Vcl.Controls.TWinControl.SetParentBackground
 0001:0000164C       Vcl.Controls.TWinControl.DockReplaceDockClient
 0001:00001654       Vcl.Controls.TWinControl.UpdateTIPStatus
 0001:0000165C       Vcl.Controls.TWinControl.UpdateControlOriginalParentSize
 0001:00001664       Vcl.Controls.TWinControl.GetAllocatedWindowHandle
 0001:0000166C       Vcl.Controls.Finalization
 0001:00001674       Data.SqlTimSt.Finalization
 0001:0000167C       Data.FmtBcd.Finalization
 0001:00001684       Data.DB.Finalization
 0001:0000168C       Vcl.Buttons.TBitBtn.Destroy@
 0001:00001694       Vcl.Buttons.Finalization
 0001:0000169C       Vcl.ImageCollection.Finalization
 0001:000016A4       Vcl.DBLogDlg.Finalization
 0001:000016AC       Vcl.DBPWDlg.Finalization
 0001:000016B4       Vcl.DBCtrls.TDBMemo.Destroy@
 0001:000016BC       Vcl.DBCtrls.TDBNavigator.Destroy@
 0001:000016C4       Vcl.DBCtrls.TDBLookupListBox.Destroy@
 0001:000016CC       Vcl.DBCtrls.TCustomDBLookupComboBox.Destroy@
 0001:000016D4       Vcl.DBCtrls.TDBLookupComboBox.Destroy@
 0001:000016DC       Vcl.DBCtrls.Finalization
 0001:000016E4       Vcl.Imaging.pngimage.Finalization
 0001:000016EC       RLConsts.Finalization
 0001:000016F4       RLUtils.NeedAuxBitmap
 0001:000016FC       RLUtils.Finalization
 0001:00001704       RLTypes.Finalization
 0001:0000170C       RLMetaFile.TRLGraphicStorage.GetPages
 0001:00001714       RLMetaFile.TRLGraphicStorage.GetPageCount
 0001:0000171C       RLMetaFile.TRLGraphicSurface.PaintTo
 0001:00001724       RLPrinters.RLPrinter
 0001:0000172C       RLPrinters.TRLPrinterWrapper.SetPrinterName
 0001:00001734       RLPrinters.TRLPrinterWrapper.GetCopies
 0001:0000173C       RLPrinters.TRLPrinterWrapper.SetCopies
 0001:00001744       RLPrinters.Finalization
 0001:0000174C       RLSpoolFilter.Finalization
 0001:00001754       RLFilters.TRLCustomFilter.FilterPages
 0001:0000175C       RLFilters.Finalization
 0001:00001764       RLPreview.Finalization
 0001:0000176C       Vcl.Imaging.jpeg.Finalization
 0001:00001774       RLPDFFilter.Finalization
 0001:0000177C       System.Win.VCLCom.Finalization
 0001:00001784       RLPreviewForm.Finalization
 0001:0000178C       RLReport.TRLMargins.SetLeftMargin
 0001:00001794       RLReport.TRLCustomControl.Print
 0001:0000179C       RLReport.TRLCustomControl.SetAutoSize
 0001:000017A4       RLReport.TRLCustomControl.GetCaption
 0001:000017AC       RLReport.TRLCustomControl.SetCaption
 0001:000017B4       RLReport.TRLCustomReport.PreviewModal
 0001:000017BC       RLReport.TRLCustomReport.SetTitle
 0001:000017C4       RLReport.TRLCustomReport.SetJobTitle
 0001:000017CC       RLBarcode.Finalization
 0001:000017D4       ACBrConsts.Finalization
 0001:000017DC       ACBrUtil.Strings.Finalization
 0001:000017E4       synautil.Finalization
 0001:000017EC       synsock.Finalization
 0001:000017F4       blcksock.Finalization
 0001:000017FC       ssl_openssl_lib.Finalization
 0001:00001804       ssl_openssl.Finalization
 0001:0000180C       synaicnv.Finalization
 0001:00001814       synachar.Finalization
 0001:0000181C       ACBrMail.Finalization
 0001:00001824       System.Zip.TZipFile.Destroy@
 0001:0000182C       ACBrUtil.Base.Finalization
 0001:00001834       ACBrValidador.FormatarCNPJouCPF
 0001:0000183C       JsonDataObjects_ACBr.Finalization
 0001:00001844       ACBrUtil.FilesIO.Finalization
 0001:0000184C       pcnAuxiliar.Finalization
 0001:00001854       pcnConversao.Finalization
 0001:0000185C       pcnLeitor.Finalization
 0001:00001864       ACBrDFeUtil.Finalization
 0001:0000186C       ACBr_BCrypt.Finalization
 0001:00001874       ACBr_NCrypt.Finalization
 0001:0000187C       ACBr_WinCrypt.Finalization
 0001:00001884       ACBrDFeWinCrypt.Finalization
 0001:0000188C       OpenSSLExt.Finalization
 0001:00001894       ACBrLibXml2.Finalization
 0001:0000189C       System.Net.Mime.TMimeTypes.Destroy@
 0001:000018A4       System.Threading.TThreadPool.TWorkerData.Destroy@
 0001:000018AC       System.Threading.TParallel.TReplicableTask.Destroy@
 0001:000018B4       System.Threading.TParallel.TReplicaTask.Destroy@
 0001:000018BC       System.Threading.TParallel.TJoinTask.Destroy@
 0001:000018C4       System.Threading.TTask.Destroy@
 0001:000018CC       System.Threading.TThreadPool.Destroy@
 0001:000018D4       System.Threading.Finalization
 0001:000018DC       System.NetEncoding.TNetEncoding.Destroy@
 0001:000018E4       System.Net.URLClient.TURLSchemes.Destroy@
 0001:000018EC       System.Net.URLClient.TCredentialsStorage.Destroy@
 0001:000018F4       System.Net.URLClient.TAsyncReadStream.Destroy@
 0001:000018FC       System.Net.URLClient.TURLStream.Destroy@
 0001:00001904       System.Net.HttpClient.Win.TWinHttpLib.Destroy@
 0001:0000190C       System.Net.HttpClient.Win.Finalization
 0001:00001914       System.Net.HttpClient.Finalization
 0001:0000191C       Xml.Win.msxmldom.TMSXMLDOMDocumentFactory.Destroy@
 0001:00001924       Xml.Win.msxmldom.Finalization
 0001:0000192C       Xml.xmldom.Finalization
 0001:00001934       Xml.xmlutil.Finalization
 0001:0000193C       Xml.XMLSchema.Finalization
 0001:00001944       Soap.SOAPConst.Finalization
 0001:0000194C       Web.HTTPApp.Finalization
 0001:00001954       Soap.XSBuiltIns.Finalization
 0001:0000195C       Soap.InvokeRegistry.Finalization
 0001:00001964       Soap.TypeTrans.Finalization
 0001:0000196C       Soap.OPToSOAPDomConv.Finalization
 0001:00001974       Vcl.OleServer.Finalization
 0001:0000197C       ACBrUtil.IntToStrZero
 0001:00001984       ACBrUtil.FormatFloatBr
 0001:0000198C       ACBrUtil.ACBrStr
 0001:00001994       ACBrUtil.Finalization
 0001:0000199C       JsonsUtilsEx.Finalization
[...]
 0002:00000258       Vcl.ComCtrls.TCustomRichEdit.Create@
 0002:00000260       Vcl.ComCtrls.TRichEdit.Create@
 0002:00000268       Vcl.ComCtrls.TCustomUpDown.Create@
 0002:00000270       Vcl.ComCtrls.TUpDown.Create@
 0002:00000278       Vcl.ComCtrls.TCustomHotKey.Create@
 0002:00000280       Vcl.ComCtrls.THotKey.Create@
 0002:00000288       Vcl.ComCtrls.TCustomListView.Create@
 0002:00000290       Vcl.ComCtrls.TListView.Create@
 0002:00000298       Vcl.ComCtrls.TToolBar.Create@
 0002:000002A0       Vcl.ComCtrls.TCoolBar.Create@
 0002:000002A8       Vcl.ComCtrls.TDateTimePicker.Create@
 0002:000002B0       Vcl.ComCtrls.TPageScroller.Create@
 0002:000002B8       Vcl.ComCtrls.TCustomComboBoxEx.Create@
 0002:000002C0       Vcl.ComCtrls.TComboBoxEx.Create@
 0002:000002C8       Vcl.ComCtrls.TStatusBar.Create@
 0002:000002D0       Vcl.ComCtrls.THeaderControl.Create@
 0002:000002D8       Vcl.ComCtrls.Vcl.ComCtrls
 0002:000002E0       Vcl.Dialogs.Vcl.Dialogs
 0002:000002E8       Vcl.ExtCtrls.TCustomPanel.Create@
 0002:000002F0       Vcl.ExtCtrls.TCustomCategoryPanelGroup.Create@
 0002:000002F8       Vcl.ExtCtrls.TCategoryPanelGroup.Create@
 0002:00000300       Vcl.ExtCtrls.TCustomLinkLabel.Create@
 0002:00000308       Vcl.ExtCtrls.TLinkLabel.Create@
 0002:00000310       Vcl.ExtCtrls.Vcl.ExtCtrls
 0002:00000318       Vcl.Themes.TStyleManager.Create@
 0002:00000320       Vcl.Themes.TCustomStyleEngine.Create@
 0002:00000328       System.AnsiStrings.System.AnsiStrings
 0002:00000330       System.Win.ComObj.TComServerObject.Create@
 0002:00000338       System.Win.ComObj.System.Win.ComObj
 0002:00000340       Winapi.FlatSB.Winapi.FlatSB
 0002:00000348       Vcl.Forms.TScrollBox.Create@
 0002:00000350       Vcl.Forms.TCustomForm.Create@
 0002:00000358       Vcl.Forms.TForm.Create@
 0002:00000360       Vcl.Forms.Vcl.Forms
 0002:00000368       Vcl.Menus.Vcl.Menus
 0002:00000370       Winapi.MsCTF.Winapi.MsCTF
 0002:00000380       Vcl.Controls.Vcl.Controls
 0002:00000388       Data.SqlTimSt.Data.SqlTimSt
 0002:00000390       Data.FmtBcd.Data.FmtBcd
 0002:00000398       Data.DB.Data.DB
 0002:000003A0       Vcl.Buttons.TBitBtn.Create@
 0002:000003A8       Vcl.Buttons.Vcl.Buttons
 0002:000003B0       Vcl.ImageCollection.Vcl.ImageCollection
 0002:000003B8       Vcl.DBLogDlg.Vcl.DBLogDlg
 0002:000003C0       Vcl.DBPWDlg.Vcl.DBPWDlg
 0002:000003C8       Vcl.DBCtrls.TDBMemo.Create@
 0002:000003D0       Vcl.DBCtrls.TDBNavigator.Create@
 0002:000003D8       Vcl.DBCtrls.TDBLookupListBox.Create@
 0002:000003E0       Vcl.DBCtrls.TCustomDBLookupComboBox.Create@
 0002:000003E8       Vcl.DBCtrls.TDBLookupComboBox.Create@
 0002:000003F0       Vcl.DBCtrls.Vcl.DBCtrls
 0002:000003F8       Vcl.Imaging.pngimage.Vcl.Imaging.pngimage
 0002:00000400       RLConsts.RLConsts
 0002:00000408       RLUtils.RLUtils
 0002:00000410       RLTypes.RLTypes
 0002:00000418       RLPrinters.RLPrinters
 0002:00000420       RLSpoolFilter.RLSpoolFilter
 0002:00000428       RLFilters.RLFilters
 0002:00000430       RLPreview.RLPreview
 0002:00000438       Vcl.Imaging.jpeg.Vcl.Imaging.jpeg
 0002:00000440       RLPDFFilter.RLPDFFilter
 0002:00000448       System.Win.VCLCom.System.Win.VCLCom
 0002:00000450       RLPreviewForm.RLPreviewForm
 0002:00000458       RLBarcode.RLBarcode
 0002:00000460       ACBrConsts.ACBrConsts
 0002:00000468       ACBrUtil.Strings.ACBrUtil.Strings
 0002:00000470       synautil.synautil
 0002:00000478       synsock.synsock
 0002:00000480       blcksock.blcksock
 0002:00000488       ssl_openssl_lib.ssl_openssl_lib
 0002:00000490       ssl_openssl.ssl_openssl
 0002:00000498       synaicnv.synaicnv
 0002:000004A0       synachar.synachar
 0002:000004A8       ACBrMail.ACBrMail
 0002:000004B0       System.Zip.TZipFile.Create@
 0002:000004B8       ACBrUtil.Base.ACBrUtil.Base
 0002:000004C0       JsonDataObjects_ACBr.JsonDataObjects_ACBr
 0002:000004C8       ACBrUtil.FilesIO.ACBrUtil.FilesIO
 0002:000004D0       pcnAuxiliar.pcnAuxiliar
 0002:000004D8       pcnConversao.pcnConversao
 0002:000004E0       pcnLeitor.pcnLeitor
 0002:000004E8       ACBrDFeUtil.ACBrDFeUtil
 0002:000004F0       ACBr_BCrypt.ACBr_BCrypt
 0002:000004F8       ACBr_NCrypt.ACBr_NCrypt
 0002:00000500       ACBr_WinCrypt.ACBr_WinCrypt
 0002:00000508       ACBrDFeWinCrypt.ACBrDFeWinCrypt
 0002:00000510       OpenSSLExt.OpenSSLExt
 0002:00000518       ACBrLibXml2.ACBrLibXml2
 0002:00000520       System.Net.Mime.TMimeTypes.Create@
 0002:00000528       System.Threading.TTask.Create@
 0002:00000530       System.Threading.TParallel.TReplicableTask.Create@
 0002:00000538       System.Threading.TThreadPool.Create@
 0002:00000540       System.Threading.TThreadPool.TWorkerData.Create@
 0002:00000548       System.Threading.TParallel.TJoinTask.Create@
 0002:00000550       System.Threading.TParallel.TReplicaTask.Create@
 0002:00000558       System.Threading.System.Threading
 0002:00000560       System.NetEncoding.TNetEncoding.Create@
 0002:00000568       System.Net.URLClient.TURLSchemes.Create@
 0002:00000570       System.Net.URLClient.TCredentialsStorage.Create@
 0002:00000578       System.Net.URLClient.TAsyncReadStream.Create@
 0002:00000580       System.Net.URLClient.TURLStream.Create@
 0002:00000588       System.Net.HttpClient.Win.TWinHttpLib.Create@
 0002:00000590       System.Net.HttpClient.Win.System.Net.HttpClient.Win
 0002:00000598       System.Net.HttpClient.System.Net.HttpClient
 0002:000005A0       Xml.Win.msxmldom.TMSXMLDOMDocumentFactory.Create@
 0002:000005A8       Xml.Win.msxmldom.Xml.Win.msxmldom
 0002:000005B0       Xml.xmldom.Xml.xmldom
 0002:000005B8       Xml.xmlutil.Xml.xmlutil
 0002:000005C0       Xml.XMLSchema.Xml.XMLSchema
 0002:000005C8       Soap.SOAPConst.Soap.SOAPConst
 0002:000005D0       Web.HTTPApp.Web.HTTPApp
 0002:000005D8       Soap.XSBuiltIns.Soap.XSBuiltIns
 0002:000005E0       Soap.InvokeRegistry.Soap.InvokeRegistry
 0002:000005E8       Soap.TypeTrans.Soap.TypeTrans
 0002:000005F0       Soap.OPToSOAPDomConv.Soap.OPToSOAPDomConv
 0002:000005F8       Vcl.OleServer.Vcl.OleServer
 0002:00000600       ACBrUtil.ACBrUtil
 0002:00000608       JsonsUtilsEx.JsonsUtilsEx
 0002:00000610       ACBrBoletoFCFortesFr.ACBrBoletoFCFortesFr
 0002:00000618       .ACBr_BoletoRL..ACBr_BoletoRL
 0003:00000000       SysInit.TlsIndex
 0003:00000004       SysInit.PtrToNil
 0003:00000008       SysInit.Module
 0003:00000024       SysInit.TlsProc
 0003:00000034       SysInit...
 0003:00000088       Winapi.Windows.Win32MajorVersion
 0003:0000008C       Winapi.Windows.Win32MinorVersion
 0003:00000090       Winapi.Windows.Win32Platform
 0003:00000094       Winapi.MsCTF.MsCTFHandle
 0004:FFFEA000       SysInit.__ImageBase
 0004:00000000       SysInit.ModuleIsLib
 0004:00000001       SysInit.ModuleIsPackage
 0004:00000004       SysInit.HInstance
 0004:0000000C       SysInit.dbkFCallWrapperAddr
 0004:00000010       SysInit.@_pfnDliNotifyHook2
 0004:00000014       SysInit.@_pfnDliFailureHook2
 0004:00000018       SysInit..1
 0004:0000001C       SysInit.tlsBuffer
 0004:00000020       SysInit.UseTlsAPI
 0004:00000024       Winapi.Windows..2
 0004:00000028       Winapi.Windows.HtmlHelpModule
 0004:0000002C       Winapi.PsAPI..1
 0004:00000030       Winapi.PsAPI.hPSAPI
 0004:00000034       Winapi.MsCTF..1
 0004:00000038       ACBrBoletoFCFortesFr.ACBrBoletoFCFortesForm
 0004:0000003C       ACBrBoletoFCFortesFr..3
 0005:00000000       SysInit.TlsLast


Line numbers for ACBr_NTStatus(ACBr_NTStatus.pas) segment .text

 18067 0001:00000000

Line numbers for ACBrBoletoFCFortesFr(ACBrBoletoFCFortesFr.pas) segment .text

  1032 0001:0000C1DC  1033 0001:0000C1F7  1034 0001:0000C204  1044 0001:0000C224
  1045 0001:0000C25B  1047 0001:0000C263  1048 0001:0000C275  1051 0001:0000C283
  1052 0001:0000C29B  1053 0001:0000C2A9  1054 0001:0000C2B7  1055 0001:0000C2C5
  1057 0001:0000C2D3  1060 0001:0000C2DF  1062 0001:0000C2FA  1065 0001:0000C30A
  1066 0001:0000C319  1067 0001:0000C328  1069 0001:0000C33E  1071 0001:0000C36D
  1073 0001:0000C376  1074 0001:0000C383  1077 0001:0000C39C  1079 0001:0000C3A9
  1080 0001:0000C3B2  1082 0001:0000C3C2  1084 0001:0000C3CB  1086 0001:0000C3D4
  1087 0001:0000C3DE  1088 0001:0000C3EF  1090 0001:0000C40E  1093 0001:0000C41B
  1097 0001:0000C428  1099 0001:0000C43B  1100 0001:0000C452  1101 0001:0000C463
  1104 0001:0000C474  1106 0001:0000C49F  1107 0001:0000C4A7  1108 0001:0000C4C3
  1109 0001:0000C4DF  1111 0001:0000C4E9  1112 0001:0000C4FE  1113 0001:0000C510
  1115 0001:0000C542  1116 0001:0000C589  1117 0001:0000C5AC  1118 0001:0000C607
  1104 0001:0000C60A  1119 0001:0000C613  1122 0001:0000C61D  1125 0001:0000C627
  1126 0001:0000C635  1128 0001:0000C655  1129 0001:0000C661  1130 0001:0000C67A
  1135 0001:0000C698  1137 0001:0000C6AA  1145 0001:0000C734  1146 0001:0000C740
  1147 0001:0000C74B  1148 0001:0000C75A  1149 0001:0000C76F  1150 0001:0000C784
  1151 0001:0000C7A2  1152 0001:0000C7C0  1153 0001:0000C7C8  1155 0001:0000C7D7
  1156 0001:0000C7E1  1175 0001:0000C802  1178 0001:0000C808  1179 0001:0000C814
  1180 0001:0000C822  1181 0001:0000C830  1185 0001:0000C834  1187 0001:0000C843
  1188 0001:0000C84E  1190 0001:0000C868  1194 0001:0000C86C  1195 0001:0000C87B
  1196 0001:0000C895  1201 0001:0000C89C  1202 0001:0000C8AB  1204 0001:0000C8C1
  1205 0001:0000C8D3  1207 0001:0000C8DF  1209 0001:0000C8FD  1210 0001:0000C903
  1213 0001:0000C90C  1214 0001:0000C915  1215 0001:0000C927  1217 0001:0000C953
  1218 0001:0000C976  1222 0001:0000C980  1223 0001:0000C98F  1224 0001:0000C99A
  1225 0001:0000C9B4  1229 0001:0000C9B8  1230 0001:0000C9C7  1231 0001:0000C9E1
  1236 0001:0000C9E8  1237 0001:0000C9F7  1239 0001:0000CA0D  1240 0001:0000CA1F
  1242 0001:0000CA2B  1244 0001:0000CA49  1245 0001:0000CA4F  1249 0001:0000CA58
  1250 0001:0000CA67  1251 0001:0000CA72  1252 0001:0000CA8C  1253 0001:0000CAA6
  1257 0001:0000CAAC  1258 0001:0000CABB  1259 0001:0000CAD5  1263 0001:0000CADC
  1264 0001:0000CAEB  1266 0001:0000CB01  1267 0001:0000CB13  1269 0001:0000CB1F
  1271 0001:0000CB3D  1272 0001:0000CB43  1276 0001:0000CB4C  1277 0001:0000CB5B
  1278 0001:0000CB66  1279 0001:0000CB80  1283 0001:0000CB84  1284 0001:0000CB93
  1285 0001:0000CBAD  1290 0001:0000CBB4  1291 0001:0000CBC3  1293 0001:0000CBD9
  1294 0001:0000CBEB  1296 0001:0000CBF7  1298 0001:0000CC15  1299 0001:0000CC1B
  1304 0001:0000CC24  1305 0001:0000CC2D  1306 0001:0000CC53  1307 0001:0000CC64
  1308 0001:0000CC75  1309 0001:0000CC86  1310 0001:0000CC97  1311 0001:0000CCA8
  1312 0001:0000CCB9  1313 0001:0000CCCA  1314 0001:0000CCDB  1315 0001:0000CCEC
  1316 0001:0000CCFD  1317 0001:0000CD0E  1319 0001:0000CD1F  1325 0001:0000CD24
  1326 0001:0000CD50  1328 0001:0000CD62  1329 0001:0000CD7A  1330 0001:0000CD92
  1332 0001:0000CDAA  1333 0001:0000CDBE  1334 0001:0000CDCD  1336 0001:0000CDDC
  1339 0001:0000CDE9  1340 0001:0000CDF7  1341 0001:0000CE1E  1343 0001:0000CE42
  1344 0001:0000CE6C  1347 0001:0000CEEF  1348 0001:0000CF0E  1349 0001:0000CF65
  1350 0001:0000CFA0  1351 0001:0000CFB1  1352 0001:0000CFDD  1353 0001:0000CFF6
  1354 0001:0000D00F  1355 0001:0000D042  1358 0001:0000D0B5  1359 0001:0000D0C6
  1360 0001:0000D0DF  1361 0001:0000D0F0  1362 0001:0000D136  1363 0001:0000D19D
  1365 0001:0000D1B4  1367 0001:0000D1C5  1368 0001:0000D1D9  1370 0001:0000D23F
  1373 0001:0000D25E  1375 0001:0000D272  1376 0001:0000D280  1377 0001:0000D28F
  1379 0001:0000D29E  1382 0001:0000D2AB  1384 0001:0000D2B8  1385 0001:0000D2FA
  1390 0001:0000D368  1391 0001:0000D378  1395 0001:0000D388  1396 0001:0000D3B6
  1398 0001:0000D3E6  1401 0001:0000D40D  1403 0001:0000D421  1409 0001:0000D4D2
  1415 0001:0000D678  1416 0001:0000D6A4  1418 0001:0000D6B6  1419 0001:0000D6CE
  1421 0001:0000D6EA  1422 0001:0000D70D  1423 0001:0000D737  1424 0001:0000D759
  1425 0001:0000D787  1426 0001:0000D7A9  1427 0001:0000D7CB  1428 0001:0000D7F9
  1429 0001:0000D81B  1430 0001:0000D83D  1431 0001:0000D85F  1432 0001:0000D881
  1433 0001:0000D8A3  1434 0001:0000D8C5  1435 0001:0000D8E7  1436 0001:0000D909
  1437 0001:0000D92B  1438 0001:0000D94D  1439 0001:0000D96F  1440 0001:0000D991
  1441 0001:0000D9B3  1442 0001:0000D9D5  1443 0001:0000D9F7  1444 0001:0000DA19
  1445 0001:0000DA29  1446 0001:0000DA3C  1447 0001:0000DA4D  1448 0001:0000DA68
  1449 0001:0000DA79  1452 0001:0000DAA7  1458 0001:0000DB0C  1459 0001:0000DB37
  1461 0001:0000DB49  1462 0001:0000DB61  1463 0001:0000DB79  1464 0001:0000DB95
  1465 0001:0000DBAD  1467 0001:0000DBC5  1468 0001:0000DBD3  1469 0001:0000DBFA
  1471 0001:0000DC1E  1472 0001:0000DC32  1473 0001:0000DC41  1475 0001:0000DC50
  1478 0001:0000DC5D  1479 0001:0000DC87  1480 0001:0000DCB1  1482 0001:0000DD34
  1483 0001:0000DD60  1484 0001:0000DD82  1485 0001:0000DD93  1486 0001:0000DDB5
  1487 0001:0000DDEE  1488 0001:0000DE10  1489 0001:0000DE21  1490 0001:0000DE32
  1491 0001:0000DE4B  1492 0001:0000DE6A  1494 0001:0000DEA2  1495 0001:0000DEC1
  1496 0001:0000DEFC  1499 0001:0000DF7A  1500 0001:0000DF8E  1503 0001:0000E044
  1504 0001:0000E070  1505 0001:0000E089  1506 0001:0000E0A2  1507 0001:0000E0D5
  1511 0001:0000E148  1512 0001:0000E161  1513 0001:0000E178  1514 0001:0000E189
  1515 0001:0000E1DB  1516 0001:0000E21D  1518 0001:0000E24F  1521 0001:0000E2C6
  1523 0001:0000E327  1524 0001:0000E36D  1525 0001:0000E39D  1527 0001:0000E3CB
  1528 0001:0000E3DC  1529 0001:0000E3EC  1530 0001:0000E3FF  1531 0001:0000E410
  1533 0001:0000E440  1535 0001:0000E454  1536 0001:0000E462  1537 0001:0000E471
  1539 0001:0000E480  1542 0001:0000E48D  1544 0001:0000E49A  1550 0001:0000E537
  1554 0001:0000E547  1560 0001:0000E770  1561 0001:0000E79B  1563 0001:0000E7AD
  1564 0001:0000E7C5  1566 0001:0000E7DD  1567 0001:0000E7F1  1568 0001:0000E800
  1570 0001:0000E80F  1573 0001:0000E81C  1574 0001:0000E846  1577 0001:0000E8C9
  1578 0001:0000E8E2  1579 0001:0000E90E  1580 0001:0000E949  1582 0001:0000E95A
  1583 0001:0000E973  1586 0001:0000E9E6  1587 0001:0000E9F7  1588 0001:0000EA0A
  1589 0001:0000EA43  1591 0001:0000EA62  1597 0001:0000EB70  1598 0001:0000EB9C
  1600 0001:0000EBAE  1601 0001:0000EBC6  1602 0001:0000EBDE  1603 0001:0000EBFA
  1605 0001:0000EC12  1606 0001:0000EC26  1607 0001:0000EC35  1609 0001:0000EC44
  1612 0001:0000EC51  1613 0001:0000EC5F  1614 0001:0000EC86  1617 0001:0000ECAA
  1618 0001:0000ECD4  1621 0001:0000ED57  1622 0001:0000ED92  1624 0001:0000EDB1
  1626 0001:0000EDC5  1629 0001:0000EE1D  1630 0001:0000EE2A  1632 0001:0000EE42
  1634 0001:0000EE58  1637 0001:0000EE69  1638 0001:0000EE7A  1639 0001:0000EE8B
  1640 0001:0000EEC4  1642 0001:0000EEF0  1643 0001:0000EF09  1646 0001:0000EF22
  1647 0001:0000EF4C  1649 0001:0000EFCF  1650 0001:0000EFFB  1651 0001:0000F00C
  1652 0001:0000F045  1653 0001:0000F056  1655 0001:0000F075  1656 0001:0000F094
  1657 0001:0000F0CF  1659 0001:0000F0F6  1660 0001:0000F122  1661 0001:0000F13B
  1662 0001:0000F154  1663 0001:0000F187  1665 0001:0000F1B3  1666 0001:0000F1CC
  1667 0001:0000F1E3  1668 0001:0000F287  1669 0001:0000F2D9  1670 0001:0000F2E9
  1672 0001:0000F2F9  1675 0001:0000F370  1677 0001:0000F3D1  1678 0001:0000F401
  1680 0001:0000F42F  1682 0001:0000F45F  1683 0001:0000F470  1684 0001:0000F481
  1685 0001:0000F491  1686 0001:0000F4A4  1687 0001:0000F4B5  1689 0001:0000F4D0
  1696 0001:0000F638  1697 0001:0000F664  1699 0001:0000F676  1700 0001:0000F68E
  1702 0001:0000F6AA  1703 0001:0000F6C2  1705 0001:0000F6DA  1706 0001:0000F6EE
  1707 0001:0000F6FD  1709 0001:0000F70C  1712 0001:0000F719  1713 0001:0000F727
  1714 0001:0000F74E  1716 0001:0000F772  1717 0001:0000F79C  1718 0001:0000F81F
  1719 0001:0000F83E  1720 0001:0000F895  1721 0001:0000F8D0  1723 0001:0000F8E4
  1726 0001:0000F941  1727 0001:0000F94E  1729 0001:0000F966  1731 0001:0000F97C
  1733 0001:0000F98D  1734 0001:0000F99E  1735 0001:0000F9CA  1736 0001:0000F9E3
  1737 0001:0000F9FC  1738 0001:0000FA0D  1739 0001:0000FA26  1741 0001:0000FA8D
  1743 0001:0000FB08  1746 0001:0000FBB6  1752 0001:0000FD44  1753 0001:0000FD6F
  1755 0001:0000FD81  1756 0001:0000FD99  1757 0001:0000FDB1  1759 0001:0000FDC9
  1760 0001:0000FDE1  1762 0001:0000FDFD  1763 0001:0000FE11  1764 0001:0000FE20
  1766 0001:0000FE2F  1769 0001:0000FE3C  1770 0001:0000FE4D  1771 0001:0000FE5D
  1772 0001:0000FE70  1774 0001:0000FE81  1775 0001:0000FE8F  1776 0001:0000FEB6
  1778 0001:0000FEDA  1779 0001:0000FF04  1780 0001:0000FF2E  1783 0001:0000FFB1
  1784 0001:0000FFD0  1785 0001:00010027  1786 0001:00010062  1787 0001:00010073
  1788 0001:0001009F  1789 0001:000100B8  1790 0001:000100D1  1791 0001:00010104
  1794 0001:00010177  1795 0001:00010188  1796 0001:000101A1  1797 0001:000101B2
  1798 0001:000101F8  1800 0001:0001025F  1802 0001:00010270  1803 0001:00010284
  1805 0001:000102EA  1808 0001:00010309  1810 0001:0001031D  1811 0001:0001032B
  1812 0001:0001033A  1814 0001:00010349  1817 0001:00010356  1819 0001:00010363
  1825 0001:000103FB  1829 0001:0001040B  1830 0001:00010439  1832 0001:00010469
  1833 0001:000104AB  1835 0001:000104DD  1836 0001:00010505  1837 0001:0001052D
  1838 0001:00010555  1839 0001:0001057D  1840 0001:000105A5  1841 0001:00010608
  1842 0001:00010630  1846 0001:00010658  1848 0001:0001066C  1852 0001:000106E1
  1859 0001:0001087C  1860 0001:000108A7  1862 0001:000108B9  1863 0001:000108D1
  1865 0001:000108ED  1866 0001:00010905  1868 0001:0001091D  1869 0001:00010931
  1870 0001:00010940  1872 0001:0001094F  1875 0001:0001095C  1876 0001:0001096A
  1877 0001:00010991  1879 0001:000109B5  1880 0001:000109DF  1881 0001:00010A62
  1882 0001:00010A81  1883 0001:00010AD8  1884 0001:00010B13  1885 0001:00010B24
  1886 0001:00010B50  1887 0001:00010B69  1888 0001:00010B82  1889 0001:00010BB5
  1890 0001:00010C28  1891 0001:00010C39  1892 0001:00010C52  1893 0001:00010C69
  1894 0001:00010C82  1895 0001:00010CC8  1896 0001:00010D2F  1897 0001:00010D4E
  1898 0001:00010DA4  1899 0001:00010E1A  1901 0001:00010E44  1903 0001:00010E6C
  1908 0001:00010E93  1910 0001:00010EA7  1913 0001:00010F1B  1914 0001:00010F2B
  1915 0001:00010F3E  1916 0001:00010F4F  1919 0001:00010F60  1923 0001:000110E4
  1924 0001:00011107  1925 0001:0001111D  1926 0001:0001114A  1932 0001:00011170
  1933 0001:0001119C  1935 0001:000111AE  1936 0001:000111C6  1938 0001:000111DE
  1939 0001:000111F2  1940 0001:00011201  1942 0001:00011210  1945 0001:0001121D
  1949 0001:00011239  1950 0001:00011274  1951 0001:000112B2  1953 0001:0001130B
  1954 0001:0001132A  1955 0001:00011380  1957 0001:000113F6  1958 0001:00011422
  1959 0001:0001143E  1960 0001:00011477  1961 0001:000114A3  1962 0001:000114BC
  1964 0001:000114E5  1965 0001:00011501  1966 0001:00011512  1969 0001:0001151A
  1975 0001:00011648  1976 0001:00011673  1978 0001:00011685  1979 0001:0001169D
  1981 0001:000116B5  1982 0001:000116CD  1983 0001:000116E9  1985 0001:000116FA
  1986 0001:0001170E  1987 0001:0001171D  1989 0001:0001172C  1992 0001:00011739
  1993 0001:00011763  1996 0001:000117E6  1997 0001:00011812  1998 0001:00011826
  1999 0001:00011867  2002 0001:000118EB  2004 0001:000118FC  2005 0001:00011915
  2006 0001:00011941  2009 0001:000119B4  2010 0001:000119C5  2011 0001:000119D8
  2012 0001:00011A11  2014 0001:00011A22  2015 0001:00011A32  2017 0001:00011A41
  2018 0001:00011A4E  2019 0001:00011A62  2020 0001:00011AA5  2024 0001:00011B11
  2027 0001:00011C58  2028 0001:00011C75  2032 0001:00011C87  2033 0001:00011CA3
  2035 0001:00011CBA  2036 0001:00011CD6  2038 0001:00011CED  2039 0001:00011D0C
  2040 0001:00011D67  2041 0001:00011D86  2042 0001:00011DCB  2044 0001:00011DEA
  2045 0001:00011E1F  2046 0001:00011E62  2047 0001:00011E79  2048 0001:00011EB1
  2052 0001:00011EC8

Line numbers for ACBrBoletoFCFortesFr(ACBrBoletoFCFortesFr.pas) segment .itext

  2059 0002:00000610

Line numbers for .ACBr_BoletoRL(acbr_boletorl.dpk) segment .text

    50 0001:00011F1D

Bound resource files

ACBrBoletoFCFortesFr.dfm
ACBrBoletoFCFortes.dcr
ACBr_BoletoRL.res
ACBr_BoletoRL.drf


Program entry point at 0002:00000618
