
 Start         Length     Name                   Class
 0001:00000000 000062F0H .text                   CODE
 0002:00000000 0000002CH .data                   DATA
 0002:0000002C 00000085H .bss                    BSS


Detailed map of segments

 0001:00000000 000000FE C=CODE     S=.text    G=(none)   M=System   ACBP=A9
 0001:00000100 000001EC C=CODE     S=.text    G=(none)   M=SysInit  ACBP=A9
 0001:000002EC 000000A6 C=CODE     S=.text    G=(none)   M=Classes  ACBP=A9
 0001:00000394 0000000E C=CODE     S=.text    G=(none)   M=ActiveX  ACBP=A9
 0001:000003A4 00000038 C=CODE     S=.text    G=(none)   M=Windows  ACBP=A9
 0001:000003DC 0000000E C=CODE     S=.text    G=(none)   M=Types    ACBP=A9
 0001:000003EC 00000038 C=CODE     S=.text    G=(none)   M=Messages ACBP=A9
 0001:00000424 0000000E C=CODE     S=.text    G=(none)   M=TypInfo  ACBP=A9
 0001:00000434 00000056 C=CODE     S=.text    G=(none)   M=SysUtils ACBP=A9
 0001:0000048C 0000000E C=CODE     S=.text    G=(none)   M=SysConst ACBP=A9
 0001:0000049C 00000036 C=CODE     S=.text    G=(none)   M=Variants ACBP=A9
 0001:000004D4 0000000E C=CODE     S=.text    G=(none)   M=VarUtils ACBP=A9
 0001:000004E4 0000000E C=CODE     S=.text    G=(none)   M=RTLConsts ACBP=A9
 0001:000004F4 00000036 C=CODE     S=.text    G=(none)   M=Contnrs  ACBP=A9
 0001:0000052C 0000000E C=CODE     S=.text    G=(none)   M=Math     ACBP=A9
 0001:0000053C 0000000E C=CODE     S=.text    G=(none)   M=StrUtils ACBP=A9
 0001:0000054C 00000AC4 C=CODE     S=.text    G=(none)   M=LCDPRBlocos ACBP=A9
 0001:00001010 0000001E C=CODE     S=.text    G=(none)   M=ACBrUtil ACBP=A9
 0001:00001030 0000000E C=CODE     S=.text    G=(none)   M=ACBrBase ACBP=A9
 0001:00001040 0000000E C=CODE     S=.text    G=(none)   M=SyncObjs ACBP=A9
 0001:00001050 0000000E C=CODE     S=.text    G=(none)   M=Dialogs  ACBP=A9
 0001:00001060 00000038 C=CODE     S=.text    G=(none)   M=ShlObj   ACBP=A9
 0001:00001098 00000038 C=CODE     S=.text    G=(none)   M=UrlMon   ACBP=A9
 0001:000010D0 00000038 C=CODE     S=.text    G=(none)   M=WinInet  ACBP=A9
 0001:00001108 00000038 C=CODE     S=.text    G=(none)   M=RegStr   ACBP=A9
 0001:00001140 00000038 C=CODE     S=.text    G=(none)   M=ShellAPI ACBP=A9
 0001:00001178 00000038 C=CODE     S=.text    G=(none)   M=CommCtrl ACBP=A9
 0001:000011B0 0000000E C=CODE     S=.text    G=(none)   M=StdCtrls ACBP=A9
 0001:000011C0 0000000E C=CODE     S=.text    G=(none)   M=ActnList ACBP=A9
 0001:000011D0 0000000E C=CODE     S=.text    G=(none)   M=ImgList  ACBP=A9
 0001:000011E0 0000000E C=CODE     S=.text    G=(none)   M=Graphics ACBP=A9
 0001:000011F0 0000000E C=CODE     S=.text    G=(none)   M=Consts   ACBP=A9
 0001:00001200 0000000E C=CODE     S=.text    G=(none)   M=Forms    ACBP=A9
 0001:00001210 0000000E C=CODE     S=.text    G=(none)   M=HelpIntfs ACBP=A9
 0001:00001220 0000000E C=CODE     S=.text    G=(none)   M=MultiMon ACBP=A9
 0001:00001230 0000000E C=CODE     S=.text    G=(none)   M=Controls ACBP=A9
 0001:00001240 00000038 C=CODE     S=.text    G=(none)   M=Imm      ACBP=A9
 0001:00001278 0000000E C=CODE     S=.text    G=(none)   M=Menus    ACBP=A9
 0001:00001288 0000000E C=CODE     S=.text    G=(none)   M=Themes   ACBP=A9
 0001:00001298 0000000E C=CODE     S=.text    G=(none)   M=UxTheme  ACBP=A9
 0001:000012A8 0000000E C=CODE     S=.text    G=(none)   M=ComCtrls ACBP=A9
 0001:000012B8 0000000E C=CODE     S=.text    G=(none)   M=ListActns ACBP=A9
 0001:000012C8 0000000E C=CODE     S=.text    G=(none)   M=ExtCtrls ACBP=A9
 0001:000012D8 0000000E C=CODE     S=.text    G=(none)   M=WinHelpViewer ACBP=A9
 0001:000012E8 0000000E C=CODE     S=.text    G=(none)   M=StdActns ACBP=A9
 0001:000012F8 0000000E C=CODE     S=.text    G=(none)   M=Printers ACBP=A9
 0001:00001308 00000038 C=CODE     S=.text    G=(none)   M=WinSpool ACBP=A9
 0001:00001340 00000038 C=CODE     S=.text    G=(none)   M=CommDlg  ACBP=A9
 0001:00001378 00000038 C=CODE     S=.text    G=(none)   M=Dlgs     ACBP=A9
 0001:000013B0 0000000E C=CODE     S=.text    G=(none)   M=Clipbrd  ACBP=A9
 0001:000013C0 0000000E C=CODE     S=.text    G=(none)   M=FlatSB   ACBP=A9
 0001:000013D0 0000000E C=CODE     S=.text    G=(none)   M=ToolWin  ACBP=A9
 0001:000013E0 00000038 C=CODE     S=.text    G=(none)   M=RichEdit ACBP=A9
 0001:00001418 0000000E C=CODE     S=.text    G=(none)   M=ExtActns ACBP=A9
 0001:00001428 0000000E C=CODE     S=.text    G=(none)   M=Registry ACBP=A9
 0001:00001438 0000000E C=CODE     S=.text    G=(none)   M=IniFiles ACBP=A9
 0001:00001448 0000000E C=CODE     S=.text    G=(none)   M=ExtDlgs  ACBP=A9
 0001:00001458 0000000E C=CODE     S=.text    G=(none)   M=Buttons  ACBP=A9
 0001:00001468 0000000E C=CODE     S=.text    G=(none)   M=Mapi     ACBP=A9
 0001:00001478 0000000E C=CODE     S=.text    G=(none)   M=ComStrs  ACBP=A9
 0001:00001488 0000000E C=CODE     S=.text    G=(none)   M=DateUtils ACBP=A9
 0001:00001498 0000000E C=CODE     S=.text    G=(none)   M=ACBrUtil.Strings ACBP=A9
 0001:000014A8 0000000E C=CODE     S=.text    G=(none)   M=ACBrConsts ACBP=A9
 0001:000014B8 0000000E C=CODE     S=.text    G=(none)   M=ACBrUtil.Compatibilidade ACBP=A9
 0001:000014C8 0000000E C=CODE     S=.text    G=(none)   M=ACBrUtil.Math ACBP=A9
 0001:000014D8 0000000E C=CODE     S=.text    G=(none)   M=synautil ACBP=A9
 0001:000014E8 0000000E C=CODE     S=.text    G=(none)   M=synafpc  ACBP=A9
 0001:000014F8 0000000E C=CODE     S=.text    G=(none)   M=synacode ACBP=A9
 0001:00001508 0000000E C=CODE     S=.text    G=(none)   M=ACBrUtil.Base ACBP=A9
 0001:00001518 0000000E C=CODE     S=.text    G=(none)   M=StrUtilsEx ACBP=A9
 0001:00001528 0000000E C=CODE     S=.text    G=(none)   M=ACBrCompress ACBP=A9
 0001:00001538 0000000E C=CODE     S=.text    G=(none)   M=ACBrZLibExGZ ACBP=A9
 0001:00001548 0000000E C=CODE     S=.text    G=(none)   M=ACBrZLibEx ACBP=A9
 0001:00001558 0000000E C=CODE     S=.text    G=(none)   M=ACBrZLibExApi ACBP=A9
 0001:00001568 0000000E C=CODE     S=.text    G=(none)   M=ZLib     ACBP=A9
 0001:00001578 0000000E C=CODE     S=.text    G=(none)   M=ZLibConst ACBP=A9
 0001:00001588 0000000E C=CODE     S=.text    G=(none)   M=ACBrUtil.XMLHTML ACBP=A9
 0001:00001598 0000000E C=CODE     S=.text    G=(none)   M=ACBrUtil.FilesIO ACBP=A9
 0001:000015A8 0000000E C=CODE     S=.text    G=(none)   M=ACBrUtil.DateTime ACBP=A9
 0001:000015B8 0000000E C=CODE     S=.text    G=(none)   M=MaskUtils ACBP=A9
 0001:000015C8 000008A0 C=CODE     S=.text    G=(none)   M=Registro0040 ACBP=A9
 0001:00001E68 000003A4 C=CODE     S=.text    G=(none)   M=Registro0045 ACBP=A9
 0001:0000220C 000004D0 C=CODE     S=.text    G=(none)   M=Bloco0040 ACBP=A9
 0001:000026DC 000003D8 C=CODE     S=.text    G=(none)   M=Registro0050 ACBP=A9
 0001:00002AB4 00000258 C=CODE     S=.text    G=(none)   M=Bloco0050 ACBP=A9
 0001:00002D0C 000004E0 C=CODE     S=.text    G=(none)   M=RegistroQ100 ACBP=A9
 0001:000031EC 000003C4 C=CODE     S=.text    G=(none)   M=RegistroQ200 ACBP=A9
 0001:000035B0 00000400 C=CODE     S=.text    G=(none)   M=BlocoQ   ACBP=A9
 0001:000039B0 00000248 C=CODE     S=.text    G=(none)   M=Registro0000 ACBP=A9
 0001:00003BF8 000000DC C=CODE     S=.text    G=(none)   M=Registro0010 ACBP=A9
 0001:00003CD4 00000588 C=CODE     S=.text    G=(none)   M=Registro0030 ACBP=A9
 0001:0000425C 000000DC C=CODE     S=.text    G=(none)   M=Registro9999 ACBP=A9
 0001:00004338 00000194 C=CODE     S=.text    G=(none)   M=LCDPRUtils ACBP=A9
 0001:000044CC 000001C8 C=CODE     S=.text    G=(none)   M=uDadosContador ACBP=A9
 0001:00004694 0000192C C=CODE     S=.text    G=(none)   M=UACBrLCDPR ACBP=A9
 0001:00005FC0 0000032D C=CODE     S=.text    G=(none)   M=ACBr_LCDPR ACBP=A9
 0002:00000000 0000002C C=DATA     S=.data    G=DGROUP   M=SysInit  ACBP=A9
 0002:00001000 00000010 C=BSS      S=.bss     G=DGROUP   M=SysInit  ACBP=A9
 0002:00001010 00000004 C=BSS      S=.bss     G=DGROUP   M=Windows  ACBP=A9
 0002:00001014 00000004 C=BSS      S=.bss     G=DGROUP   M=Messages ACBP=A9
 0002:00001018 00000004 C=BSS      S=.bss     G=DGROUP   M=LCDPRBlocos ACBP=A9
 0002:0000101C 00000004 C=BSS      S=.bss     G=DGROUP   M=ShlObj   ACBP=A9
 0002:00001020 00000004 C=BSS      S=.bss     G=DGROUP   M=UrlMon   ACBP=A9
 0002:00001024 00000004 C=BSS      S=.bss     G=DGROUP   M=WinInet  ACBP=A9
 0002:00001028 00000004 C=BSS      S=.bss     G=DGROUP   M=RegStr   ACBP=A9
 0002:0000102C 00000004 C=BSS      S=.bss     G=DGROUP   M=ShellAPI ACBP=A9
 0002:00001030 00000004 C=BSS      S=.bss     G=DGROUP   M=CommCtrl ACBP=A9
 0002:00001034 00000004 C=BSS      S=.bss     G=DGROUP   M=Imm      ACBP=A9
 0002:00001038 00000004 C=BSS      S=.bss     G=DGROUP   M=WinSpool ACBP=A9
 0002:0000103C 00000004 C=BSS      S=.bss     G=DGROUP   M=CommDlg  ACBP=A9
 0002:00001040 00000004 C=BSS      S=.bss     G=DGROUP   M=Dlgs     ACBP=A9
 0002:00001044 00000004 C=BSS      S=.bss     G=DGROUP   M=RichEdit ACBP=A9
 0002:00001048 00000004 C=BSS      S=.bss     G=DGROUP   M=Registro0040 ACBP=A9
 0002:0000104C 00000004 C=BSS      S=.bss     G=DGROUP   M=Registro0045 ACBP=A9
 0002:00001050 00000004 C=BSS      S=.bss     G=DGROUP   M=Bloco0040 ACBP=A9
 0002:00001054 00000004 C=BSS      S=.bss     G=DGROUP   M=Registro0050 ACBP=A9
 0002:00001058 00000004 C=BSS      S=.bss     G=DGROUP   M=Bloco0050 ACBP=A9
 0002:0000105C 00000004 C=BSS      S=.bss     G=DGROUP   M=RegistroQ100 ACBP=A9
 0002:00001060 00000004 C=BSS      S=.bss     G=DGROUP   M=RegistroQ200 ACBP=A9
 0002:00001064 00000004 C=BSS      S=.bss     G=DGROUP   M=BlocoQ   ACBP=A9
 0002:00001068 00000004 C=BSS      S=.bss     G=DGROUP   M=Registro0000 ACBP=A9
 0002:0000106C 00000004 C=BSS      S=.bss     G=DGROUP   M=Registro0010 ACBP=A9
 0002:00001070 00000004 C=BSS      S=.bss     G=DGROUP   M=Registro0030 ACBP=A9
 0002:00001074 00000004 C=BSS      S=.bss     G=DGROUP   M=Registro9999 ACBP=A9
 0002:00001078 00000004 C=BSS      S=.bss     G=DGROUP   M=LCDPRUtils ACBP=A9
 0002:0000107C 00000004 C=BSS      S=.bss     G=DGROUP   M=uDadosContador ACBP=A9
 0002:00001080 00000004 C=BSS      S=.bss     G=DGROUP   M=UACBrLCDPR ACBP=A9


  Address         Publics by Name

 0002:00001008       .1
 0002:00001014       .1
 0002:0000101C       .1
 0002:0000103C       .1
 0002:00001020       .1
 0002:00001040       .1
 0002:00001018       .1
 0002:00001024       .1
 0002:00001044       .1
 0002:00001034       .1
 0002:00001028       .1
 0002:00001078       .1
 0002:00001030       .1
 0002:0000102C       .1
 0002:00001074       .2
 0002:00001080       .2
 0002:0000106C       .2
 0002:00001048       .2
 0002:00001058       .2
 0002:00001068       .2
 0002:0000107C       .2
 0002:00001070       .2
 0002:00001064       .2
 0002:00001038       .3
 0002:00001060       .3
 0002:0000105C       .3
 0002:00001054       .3
 0002:00001010       .3
 0002:0000104C       .3
 0002:00001050       .4
 0001:000062C8       @GetPackageInfoTable
 0001:00000238       @InitPkg
 0001:0000029C       @PackageLoad
 0001:000062D0       @PackageLoad
 0001:000062DC       @PackageUnload
 0001:000002A8       @PackageUnload
 0001:000062E8       ACBr_LCDPR
 0001:00000138       AllocTlsBuffer
 0001:000026D4       Bloco0040
 0001:00002D04       Bloco0050
 0001:000039A8       BlocoQ
 0001:00000908       CodVerToStr
 0001:000011A8       CommCtrl
 0001:00001370       CommDlg
 0001:000013A8       Dlgs
 0001:000001E4       ExitProcessTLS
 0001:000001BC       ExitThreadTLS
 0001:00001340       Finalization
 0001:00001308       Finalization
 0001:00001378       Finalization
 0001:00001240       Finalization
 0001:00001178       Finalization
 0001:00003578       Finalization
 0001:00001140       Finalization
 0001:00001108       Finalization
 0001:00003978       Finalization
 0001:000010D0       Finalization
 0001:00001098       Finalization
 0001:00001060       Finalization
 0001:00003BC0       Finalization
 0001:00003C9C       Finalization
 0001:000013E0       Finalization
 0001:00004224       Finalization
 0001:000031B4       Finalization
 0001:00004300       Finalization
 0001:000003EC       Finalization
 0001:000003A4       Finalization
 0001:000002B4       Finalization
 0001:00002CD4       Finalization
 0001:00004494       Finalization
 0001:00002A7C       Finalization
 0001:0000465C       Finalization
 0001:00005F88       Finalization
 0001:000026A4       Finalization
 0001:000021D4       Finalization
 0001:00000FD8       Finalization
 0001:00001E30       Finalization
 0001:00004338       formatDate
 0001:000043EC       formatNumeric
 0001:00000100       FreeLibrary
 0001:00000144       GetTlsSize
 0002:00001004       HInstance
 0001:00001270       Imm
 0001:00000CA4       IndFormaApurToStr
 0001:00000A94       IndInicioToStr
 0001:00000C14       IndSitEspToStr
 0001:00000208       InitializeModule
 0001:00000190       InitProcessTLS
 0001:0000014C       InitThreadTLS
 0001:00001008       LCDPRBlocos
 0001:000044C4       LCDPRUtils
 0001:00000108       LocalAlloc
 0001:00000110       LocalFree
 0001:0000041C       Messages
 0002:00000004       Module
 0002:00001000       ModuleIsLib
 0002:00001001       ModuleIsPackage
 0001:00003BF0       Registro0000
 0001:00003CCC       Registro0010
 0001:00004254       Registro0030
 0001:00001E60       Registro0040
 0001:00002204       Registro0045
 0001:00002AAC       Registro0050
 0001:00004330       Registro9999
 0001:000031E4       RegistroQ100
 0001:000035A8       RegistroQ200
 0001:00001138       RegStr
 0001:00001410       RichEdit
 0001:00001170       ShellAPI
 0001:00001090       ShlObj
 0001:00000984       StrtoCodVer
 0001:00000834       StrToEnumerado
 0001:00000B04       StrtoIndInicio
 0001:000002E4       SysInit
 0001:000048FC       TACBrLCDPR.AddCampo
 0001:00004934       TACBrLCDPR.Create
 0001:00004A60       TACBrLCDPR.Destroy
 0001:00004AF4       TACBrLCDPR.GerarBlocos
 0001:00004B38       TACBrLCDPR.GetArquivo
 0001:00005F38       TACBrLCDPR.limparRegistros
 0001:00004D48       TACBrLCDPR.PrepararArquivo
 0001:00004E08       TACBrLCDPR.SalvarBlocos
 0001:00004E74       TACBrLCDPR.SetArquivo
 0001:00004ED4       TACBrLCDPR.SetBloco0000
 0001:00004EF0       TACBrLCDPR.SetBloco0010
 0001:00004F0C       TACBrLCDPR.SetBloco0030
 0001:00004F28       TACBrLCDPR.SetBloco0040
 0001:00004F44       TACBrLCDPR.SetBloco0050
 0001:00004F60       TACBrLCDPR.SetBloco9999
 0001:00004F7C       TACBrLCDPR.SetBlocoQ
 0001:00004F98       TACBrLCDPR.SetDadosContador
 0001:00004FB4       TACBrLCDPR.SetDelimitador
 0001:00005014       TACBrLCDPR.SetPath
 0001:00005074       TACBrLCDPR.SetReplaceDelimitador
 0001:00005090       TACBrLCDPR.WriteBloco0000
 0001:00005254       TACBrLCDPR.WriteBloco0010
 0001:000052FC       TACBrLCDPR.WriteBloco0030
 0001:0000545C       TACBrLCDPR.WriteBloco0040
 0001:0000588C       TACBrLCDPR.WriteBloco0050
 0001:00005A34       TACBrLCDPR.WriteBloco9999
 0001:00005B60       TACBrLCDPR.WriteBlocoQ100
 0001:000023A4       TBloco0040.AddRegistro0045
 0001:0000245C       TBloco0040.Create
 0001:000024B8       TBloco0040.Destroy
 0001:00002500       TBloco0040.Registro0045New
 0001:00002530       TBloco0040.SetBloco0040
 0001:0000254C       TBloco0040.SetBloco0045
 0001:00002630       TBloco0040List.GetItem
 0001:00002678       TBloco0040List.New
 0001:00002654       TBloco0040List.SetItem
 0001:00002B34       TBloco0050.AddConta
 0001:00002C00       TBloco0050.Create
 0001:00002C4C       TBloco0050.Destroy
 0001:00002C88       TBloco0050.Registro0050New
 0001:00002CB8       TBloco0050.SetCONTAS
 0001:00003624       TBlocoQ.AddRegistroQ100
 0001:0000377C       TBlocoQ.AddRegistroQ200
 0001:00003838       TBlocoQ.Create
 0001:00003894       TBlocoQ.Destroy
 0001:000038E0       TBlocoQ.RegistroQ100New
 0001:00003910       TBlocoQ.RegistroQ200New
 0001:0000395C       TBlocoQ.SetRegistrosQ100
 0001:00003940       TBlocoQ.SetRegistrosQ200
 0001:000025F4       TBlocos0040.Bloco0040New
 0001:00002568       TBlocos0040.Create
 0001:000025B4       TBlocos0040.Destroy
 0001:00002614       TBlocos0040.SetBlocos
 0001:00004580       TContador.SetEMAIL
 0001:000045A0       TContador.SetFONE
 0001:000045FC       TContador.SetIDENT_CPF_CNPJ
 0001:0000461C       TContador.SetIDENT_NOME
 0001:0000463C       TContador.SetIND_CRC
 0001:00000DD0       TipoContraparteToStr
 0001:00000E8C       TipoDocToStr
 0001:00000CF4       TipoExploracaoToStr
 0001:00000F68       TipoLancToStr
 0001:00000118       TlsAlloc
 0002:0000100C       tlsBuffer
 0001:00000120       TlsFree
 0001:00000128       TlsGetValue
 0002:00000000       TlsIndex
 0002:FFBF8000       TlsLast
 0002:0000001C       TlsProc
 0001:00000130       TlsSetValue
 0001:00003A50       TRegistro0000.SetCOD_VER
 0001:00003A6C       TRegistro0000.SetCPF
 0001:00003B14       TRegistro0000.SetDT_FIN
 0001:00003B30       TRegistro0000.SetDT_INI
 0001:00003B4C       TRegistro0000.SetDT_SIT_ESP
 0001:00003B68       TRegistro0000.SetIND_SIT_INI_PER
 0001:00003B84       TRegistro0000.SetNOME
 0001:00003BA4       TRegistro0000.SetSIT_ESPECIAL
 0001:00003C80       TRegistro0010.SetFORMA_APUR
 0001:00003DAC       TRegistro0030.SetBAIRRO
 0001:00003E2C       TRegistro0030.SetCEP
 0001:00003EA8       TRegistro0030.SetCOD_MUN
 0001:00003F28       TRegistro0030.SetCOMPL
 0001:00003FA8       TRegistro0030.SetEMAIL
 0001:00004028       TRegistro0030.SetENDERECO
 0001:000040AC       TRegistro0030.SetNUM
 0001:00004128       TRegistro0030.SetNUM_TEL
 0001:000041A8       TRegistro0030.SetUF
 0001:000016B8       TRegistro0040.SetBAIRRO
 0001:00001738       TRegistro0040.SetCAD_ITR
 0001:000017EC       TRegistro0040.SetCAEPF
 0001:0000186C       TRegistro0040.SetCEP
 0001:00001920       TRegistro0040.SetCOD_IMOVEL
 0001:0000193C       TRegistro0040.SetCOD_MUN
 0001:000019BC       TRegistro0040.SetCOMPL
 0001:00001A3C       TRegistro0040.SetENDERECO
 0001:00001AC0       TRegistro0040.SetINSCR_ESTADUAL
 0001:00001B80       TRegistro0040.SetMOEDA
 0001:00001C00       TRegistro0040.SetNOME_IMOVEL
 0001:00001C84       TRegistro0040.SetNUM
 0001:00001D00       TRegistro0040.SetPAIS
 0001:00001D7C       TRegistro0040.SetPARTICIPACAO
 0001:00001D98       TRegistro0040.SetTIPO_EXPLORACAO
 0001:00001DB4       TRegistro0040.SetUF
 0001:00001FA8       TRegistro0045.SetCOD_IMOVEL
 0001:00001FC4       TRegistro0045.SetID_CONTRAPARTE
 0001:0000209C       TRegistro0045.SetNOME_CONTRAPARTE
 0001:00002128       TRegistro0045.SetPERC_CONTRAPARTE
 0001:00002144       TRegistro0045.SetTIPO_CONTRAPARTE
 0001:00002160       TRegistro0045List.GetItem
 0001:00002184       TRegistro0045List.New
 0001:000021B0       TRegistro0045List.SetItem
 0001:0000282C       TRegistro0050.SetAGENCIA
 0001:000028AC       TRegistro0050.SetBANCO
 0001:000028C8       TRegistro0050.SetCOD_CONTA
 0001:000028E4       TRegistro0050.SetNOME_BANCO
 0001:00002968       TRegistro0050.SetNUM_CONTA
 0001:00002988       TRegistro0050.SetPAIS_CTA
 0001:00002A08       TRegistro0050List.GetItem
 0001:00002A50       TRegistro0050List.New
 0001:00002A2C       TRegistro0050List.SetItem
 0001:000042E4       TRegistro9999.SetQTD_LIN
 0001:00002E5C       TRegistroQ100.Create
 0001:00002EAC       TRegistroQ100.SetCOD_CONTA
 0001:00002EC8       TRegistroQ100.SetCOD_IMOVEL
 0001:00002EE4       TRegistroQ100.SetDATA
 0001:00002F00       TRegistroQ100.SetHISTORICO
 0001:00002F20       TRegistroQ100.SetID_PARTIC
 0001:00002FDC       TRegistroQ100.SetNAT_SLD_FIN
 0001:00002FFC       TRegistroQ100.SetNUM_DOC
 0001:0000301C       TRegistroQ100.SetSLD_FIN
 0001:00003038       TRegistroQ100.SetTIPO_DOC
 0001:00003054       TRegistroQ100.SetTIPO_LANC
 0001:00003070       TRegistroQ100.SetVL_ENTRADA
 0001:000030D8       TRegistroQ100.SetVL_SAIDA
 0001:00003140       TRegistroQ100List.GetItem
 0001:00003188       TRegistroQ100List.New
 0001:00003164       TRegistroQ100List.SetItem
 0001:0000332C       TRegistroQ200.Create
 0001:0000337C       TRegistroQ200.SetMES
 0001:000033F8       TRegistroQ200.SetNAT_SLD_FIN
 0001:00003418       TRegistroQ200.SetSLD_FIN
 0001:00003434       TRegistroQ200.SetVL_ENTRADA
 0001:0000349C       TRegistroQ200.SetVL_SAIDA
 0001:00003504       TRegistroQ200List.GetItem
 0001:0000354C       TRegistroQ200List.New
 0001:00003528       TRegistroQ200List.SetItem
 0001:00005FB8       UACBrLCDPR
 0001:0000468C       uDadosContador
 0001:00000214       UninitializeModule
 0001:000010C8       UrlMon
 0001:000003D4       Windows
 0001:00001100       WinInet
 0001:00001338       WinSpool


  Address         Publics by Value

 0002:FFBF8000       TlsLast
 0001:00000100       FreeLibrary
 0001:00000108       LocalAlloc
 0001:00000110       LocalFree
 0001:00000118       TlsAlloc
 0001:00000120       TlsFree
 0001:00000128       TlsGetValue
 0001:00000130       TlsSetValue
 0001:00000138       AllocTlsBuffer
 0001:00000144       GetTlsSize
 0001:0000014C       InitThreadTLS
 0001:00000190       InitProcessTLS
 0001:000001BC       ExitThreadTLS
 0001:000001E4       ExitProcessTLS
 0001:00000208       InitializeModule
 0001:00000214       UninitializeModule
 0001:00000238       @InitPkg
 0001:0000029C       @PackageLoad
 0001:000002A8       @PackageUnload
 0001:000002B4       Finalization
 0001:000002E4       SysInit
 0001:000003A4       Finalization
 0001:000003D4       Windows
 0001:000003EC       Finalization
 0001:0000041C       Messages
 0001:00000834       StrToEnumerado
 0001:00000908       CodVerToStr
 0001:00000984       StrtoCodVer
 0001:00000A94       IndInicioToStr
 0001:00000B04       StrtoIndInicio
 0001:00000C14       IndSitEspToStr
 0001:00000CA4       IndFormaApurToStr
 0001:00000CF4       TipoExploracaoToStr
 0001:00000DD0       TipoContraparteToStr
 0001:00000E8C       TipoDocToStr
 0001:00000F68       TipoLancToStr
 0001:00000FD8       Finalization
 0001:00001008       LCDPRBlocos
 0001:00001060       Finalization
 0001:00001090       ShlObj
 0001:00001098       Finalization
 0001:000010C8       UrlMon
 0001:000010D0       Finalization
 0001:00001100       WinInet
 0001:00001108       Finalization
 0001:00001138       RegStr
 0001:00001140       Finalization
 0001:00001170       ShellAPI
 0001:00001178       Finalization
 0001:000011A8       CommCtrl
 0001:00001240       Finalization
 0001:00001270       Imm
 0001:00001308       Finalization
 0001:00001338       WinSpool
 0001:00001340       Finalization
 0001:00001370       CommDlg
 0001:00001378       Finalization
 0001:000013A8       Dlgs
 0001:000013E0       Finalization
 0001:00001410       RichEdit
 0001:000016B8       TRegistro0040.SetBAIRRO
 0001:00001738       TRegistro0040.SetCAD_ITR
 0001:000017EC       TRegistro0040.SetCAEPF
 0001:0000186C       TRegistro0040.SetCEP
 0001:00001920       TRegistro0040.SetCOD_IMOVEL
 0001:0000193C       TRegistro0040.SetCOD_MUN
 0001:000019BC       TRegistro0040.SetCOMPL
 0001:00001A3C       TRegistro0040.SetENDERECO
 0001:00001AC0       TRegistro0040.SetINSCR_ESTADUAL
 0001:00001B80       TRegistro0040.SetMOEDA
 0001:00001C00       TRegistro0040.SetNOME_IMOVEL
 0001:00001C84       TRegistro0040.SetNUM
 0001:00001D00       TRegistro0040.SetPAIS
 0001:00001D7C       TRegistro0040.SetPARTICIPACAO
 0001:00001D98       TRegistro0040.SetTIPO_EXPLORACAO
 0001:00001DB4       TRegistro0040.SetUF
 0001:00001E30       Finalization
 0001:00001E60       Registro0040
 0001:00001FA8       TRegistro0045.SetCOD_IMOVEL
 0001:00001FC4       TRegistro0045.SetID_CONTRAPARTE
 0001:0000209C       TRegistro0045.SetNOME_CONTRAPARTE
 0001:00002128       TRegistro0045.SetPERC_CONTRAPARTE
 0001:00002144       TRegistro0045.SetTIPO_CONTRAPARTE
 0001:00002160       TRegistro0045List.GetItem
 0001:00002184       TRegistro0045List.New
 0001:000021B0       TRegistro0045List.SetItem
 0001:000021D4       Finalization
 0001:00002204       Registro0045
 0001:000023A4       TBloco0040.AddRegistro0045
 0001:0000245C       TBloco0040.Create
 0001:000024B8       TBloco0040.Destroy
 0001:00002500       TBloco0040.Registro0045New
 0001:00002530       TBloco0040.SetBloco0040
 0001:0000254C       TBloco0040.SetBloco0045
 0001:00002568       TBlocos0040.Create
 0001:000025B4       TBlocos0040.Destroy
 0001:000025F4       TBlocos0040.Bloco0040New
 0001:00002614       TBlocos0040.SetBlocos
 0001:00002630       TBloco0040List.GetItem
 0001:00002654       TBloco0040List.SetItem
 0001:00002678       TBloco0040List.New
 0001:000026A4       Finalization
 0001:000026D4       Bloco0040
 0001:0000282C       TRegistro0050.SetAGENCIA
 0001:000028AC       TRegistro0050.SetBANCO
 0001:000028C8       TRegistro0050.SetCOD_CONTA
 0001:000028E4       TRegistro0050.SetNOME_BANCO
 0001:00002968       TRegistro0050.SetNUM_CONTA
 0001:00002988       TRegistro0050.SetPAIS_CTA
 0001:00002A08       TRegistro0050List.GetItem
 0001:00002A2C       TRegistro0050List.SetItem
 0001:00002A50       TRegistro0050List.New
 0001:00002A7C       Finalization
 0001:00002AAC       Registro0050
 0001:00002B34       TBloco0050.AddConta
 0001:00002C00       TBloco0050.Create
 0001:00002C4C       TBloco0050.Destroy
 0001:00002C88       TBloco0050.Registro0050New
 0001:00002CB8       TBloco0050.SetCONTAS
 0001:00002CD4       Finalization
 0001:00002D04       Bloco0050
 0001:00002E5C       TRegistroQ100.Create
 0001:00002EAC       TRegistroQ100.SetCOD_CONTA
 0001:00002EC8       TRegistroQ100.SetCOD_IMOVEL
 0001:00002EE4       TRegistroQ100.SetDATA
 0001:00002F00       TRegistroQ100.SetHISTORICO
 0001:00002F20       TRegistroQ100.SetID_PARTIC
 0001:00002FDC       TRegistroQ100.SetNAT_SLD_FIN
 0001:00002FFC       TRegistroQ100.SetNUM_DOC
 0001:0000301C       TRegistroQ100.SetSLD_FIN
 0001:00003038       TRegistroQ100.SetTIPO_DOC
 0001:00003054       TRegistroQ100.SetTIPO_LANC
 0001:00003070       TRegistroQ100.SetVL_ENTRADA
 0001:000030D8       TRegistroQ100.SetVL_SAIDA
 0001:00003140       TRegistroQ100List.GetItem
 0001:00003164       TRegistroQ100List.SetItem
 0001:00003188       TRegistroQ100List.New
 0001:000031B4       Finalization
 0001:000031E4       RegistroQ100
 0001:0000332C       TRegistroQ200.Create
 0001:0000337C       TRegistroQ200.SetMES
 0001:000033F8       TRegistroQ200.SetNAT_SLD_FIN
 0001:00003418       TRegistroQ200.SetSLD_FIN
 0001:00003434       TRegistroQ200.SetVL_ENTRADA
 0001:0000349C       TRegistroQ200.SetVL_SAIDA
 0001:00003504       TRegistroQ200List.GetItem
 0001:00003528       TRegistroQ200List.SetItem
 0001:0000354C       TRegistroQ200List.New
 0001:00003578       Finalization
 0001:000035A8       RegistroQ200
 0001:00003624       TBlocoQ.AddRegistroQ100
 0001:0000377C       TBlocoQ.AddRegistroQ200
 0001:00003838       TBlocoQ.Create
 0001:00003894       TBlocoQ.Destroy
 0001:000038E0       TBlocoQ.RegistroQ100New
 0001:00003910       TBlocoQ.RegistroQ200New
 0001:00003940       TBlocoQ.SetRegistrosQ200
 0001:0000395C       TBlocoQ.SetRegistrosQ100
 0001:00003978       Finalization
 0001:000039A8       BlocoQ
 0001:00003A50       TRegistro0000.SetCOD_VER
 0001:00003A6C       TRegistro0000.SetCPF
 0001:00003B14       TRegistro0000.SetDT_FIN
 0001:00003B30       TRegistro0000.SetDT_INI
 0001:00003B4C       TRegistro0000.SetDT_SIT_ESP
 0001:00003B68       TRegistro0000.SetIND_SIT_INI_PER
 0001:00003B84       TRegistro0000.SetNOME
 0001:00003BA4       TRegistro0000.SetSIT_ESPECIAL
 0001:00003BC0       Finalization
 0001:00003BF0       Registro0000
 0001:00003C80       TRegistro0010.SetFORMA_APUR
 0001:00003C9C       Finalization
 0001:00003CCC       Registro0010
 0001:00003DAC       TRegistro0030.SetBAIRRO
 0001:00003E2C       TRegistro0030.SetCEP
 0001:00003EA8       TRegistro0030.SetCOD_MUN
 0001:00003F28       TRegistro0030.SetCOMPL
 0001:00003FA8       TRegistro0030.SetEMAIL
 0001:00004028       TRegistro0030.SetENDERECO
 0001:000040AC       TRegistro0030.SetNUM
 0001:00004128       TRegistro0030.SetNUM_TEL
 0001:000041A8       TRegistro0030.SetUF
 0001:00004224       Finalization
 0001:00004254       Registro0030
 0001:000042E4       TRegistro9999.SetQTD_LIN
 0001:00004300       Finalization
 0001:00004330       Registro9999
 0001:00004338       formatDate
 0001:000043EC       formatNumeric
 0001:00004494       Finalization
 0001:000044C4       LCDPRUtils
 0001:00004580       TContador.SetEMAIL
 0001:000045A0       TContador.SetFONE
 0001:000045FC       TContador.SetIDENT_CPF_CNPJ
 0001:0000461C       TContador.SetIDENT_NOME
 0001:0000463C       TContador.SetIND_CRC
 0001:0000465C       Finalization
 0001:0000468C       uDadosContador
 0001:000048FC       TACBrLCDPR.AddCampo
 0001:00004934       TACBrLCDPR.Create
 0001:00004A60       TACBrLCDPR.Destroy
 0001:00004AF4       TACBrLCDPR.GerarBlocos
 0001:00004B38       TACBrLCDPR.GetArquivo
 0001:00004D48       TACBrLCDPR.PrepararArquivo
 0001:00004E08       TACBrLCDPR.SalvarBlocos
 0001:00004E74       TACBrLCDPR.SetArquivo
 0001:00004ED4       TACBrLCDPR.SetBloco0000
 0001:00004EF0       TACBrLCDPR.SetBloco0010
 0001:00004F0C       TACBrLCDPR.SetBloco0030
 0001:00004F28       TACBrLCDPR.SetBloco0040
 0001:00004F44       TACBrLCDPR.SetBloco0050
 0001:00004F60       TACBrLCDPR.SetBloco9999
 0001:00004F7C       TACBrLCDPR.SetBlocoQ
 0001:00004F98       TACBrLCDPR.SetDadosContador
 0001:00004FB4       TACBrLCDPR.SetDelimitador
 0001:00005014       TACBrLCDPR.SetPath
 0001:00005074       TACBrLCDPR.SetReplaceDelimitador
 0001:00005090       TACBrLCDPR.WriteBloco0000
 0001:00005254       TACBrLCDPR.WriteBloco0010
 0001:000052FC       TACBrLCDPR.WriteBloco0030
 0001:0000545C       TACBrLCDPR.WriteBloco0040
 0001:0000588C       TACBrLCDPR.WriteBloco0050
 0001:00005A34       TACBrLCDPR.WriteBloco9999
 0001:00005B60       TACBrLCDPR.WriteBlocoQ100
 0001:00005F38       TACBrLCDPR.limparRegistros
 0001:00005F88       Finalization
 0001:00005FB8       UACBrLCDPR
 0001:000062C8       @GetPackageInfoTable
 0001:000062D0       @PackageLoad
 0001:000062DC       @PackageUnload
 0001:000062E8       ACBr_LCDPR
 0002:00000000       TlsIndex
 0002:00000004       Module
 0002:0000001C       TlsProc
 0002:00001000       ModuleIsLib
 0002:00001001       ModuleIsPackage
 0002:00001004       HInstance
 0002:00001008       .1
 0002:0000100C       tlsBuffer
 0002:00001010       .3
 0002:00001014       .1
 0002:00001018       .1
 0002:0000101C       .1
 0002:00001020       .1
 0002:00001024       .1
 0002:00001028       .1
 0002:0000102C       .1
 0002:00001030       .1
 0002:00001034       .1
 0002:00001038       .3
 0002:0000103C       .1
 0002:00001040       .1
 0002:00001044       .1
 0002:00001048       .2
 0002:0000104C       .3
 0002:00001050       .4
 0002:00001054       .3
 0002:00001058       .2
 0002:0000105C       .3
 0002:00001060       .3
 0002:00001064       .2
 0002:00001068       .2
 0002:0000106C       .2
 0002:00001070       .2
 0002:00001074       .2
 0002:00001078       .1
 0002:0000107C       .2
 0002:00001080       .2
    93 0001:00000100   102 0001:00000108
   105 0001:00000110   108 0001:00000118   111 0001:00000120   114 0001:00000128
   117 0001:00000130   128 0001:00000138   129 0001:00000140   285 0001:00000144
   286 0001:00000149   293 0001:0000014C   294 0001:0000014D   295 0001:00000154
   299 0001:00000158   300 0001:0000016B   301 0001:00000172   302 0001:00000176
   304 0001:00000182   305 0001:0000018E   310 0001:00000190   312 0001:00000199
   313 0001:000001A3   314 0001:000001A8   315 0001:000001B8   321 0001:000001BC
   323 0001:000001C5   324 0001:000001CE   325 0001:000001D9   326 0001:000001DD
   328 0001:000001E3   332 0001:000001E4   334 0001:000001ED   335 0001:000001F2
   336 0001:000001FB   337 0001:00000206   423 0001:00000208   424 0001:00000212
   428 0001:00000214   429 0001:0000021E   430 0001:0000022F   431 0001:00000235
   495 0001:00000238   496 0001:00000243   497 0001:0000024A   498 0001:00000251
   499 0001:00000256   500 0001:0000025E   501 0001:00000266   502 0001:0000026B
   503 0001:00000274   504 0001:0000027D   505 0001:00000282   506 0001:00000289
   507 0001:0000028D   508 0001:00000292   509 0001:00000295   540 0001:0000029C
   541 0001:000002A6   545 0001:000002A8   546 0001:000002B2   840 0001:000002E4
   840 0001:000002EB

Bound resource files

ACBr_LCDPR.res
ACBr_LCDPR.drf


Program entry point at 0001:000062E8
