
 Start         Length     Name                   Class
 0001:00000000 000BB66CH .text                   CODE
 0002:00000000 0000038CH .data                   DATA
 0002:0000038C 00000309H .bss                    BSS


Detailed map of segments

 0001:00000000 0000027E C=CODE     S=.text    G=(none)   M=System   ACBP=A9
 0001:00000280 000001EC C=CODE     S=.text    G=(none)   M=SysInit  ACBP=A9
 0001:0000046C 000000DE C=CODE     S=.text    G=(none)   M=Classes  ACBP=A9
 0001:0000054C 0000000E C=CODE     S=.text    G=(none)   M=ActiveX  ACBP=A9
 0001:0000055C 00000050 C=CODE     S=.text    G=(none)   M=Windows  ACBP=A9
 0001:000005AC 0000000E C=CODE     S=.text    G=(none)   M=Types    ACBP=A9
 0001:000005BC 00000038 C=CODE     S=.text    G=(none)   M=Messages ACBP=A9
 0001:000005F4 0000001E C=CODE     S=.text    G=(none)   M=TypInfo  ACBP=A9
 0001:00000614 000000EE C=CODE     S=.text    G=(none)   M=SysUtils ACBP=A9
 0001:00000704 0000000E C=CODE     S=.text    G=(none)   M=SysConst ACBP=A9
 0001:00000714 000000CE C=CODE     S=.text    G=(none)   M=Variants ACBP=A9
 0001:000007E4 0000000E C=CODE     S=.text    G=(none)   M=VarUtils ACBP=A9
 0001:000007F4 0000000E C=CODE     S=.text    G=(none)   M=RTLConsts ACBP=A9
 0001:00000804 00000046 C=CODE     S=.text    G=(none)   M=Graphics ACBP=A9
 0001:0000084C 0000000E C=CODE     S=.text    G=(none)   M=Consts   ACBP=A9
 0001:0000085C 000001AE C=CODE     S=.text    G=(none)   M=Controls ACBP=A9
 0001:00000A0C 0000000E C=CODE     S=.text    G=(none)   M=ActnList ACBP=A9
 0001:00000A1C 0000000E C=CODE     S=.text    G=(none)   M=Contnrs  ACBP=A9
 0001:00000A2C 00000016 C=CODE     S=.text    G=(none)   M=Math     ACBP=A9
 0001:00000A44 00000016 C=CODE     S=.text    G=(none)   M=ImgList  ACBP=A9
 0001:00000A5C 00000038 C=CODE     S=.text    G=(none)   M=CommCtrl ACBP=A9
 0001:00000A94 0000013E C=CODE     S=.text    G=(none)   M=Forms    ACBP=A9
 0001:00000BD4 0000000E C=CODE     S=.text    G=(none)   M=HelpIntfs ACBP=A9
 0001:00000BE4 0000000E C=CODE     S=.text    G=(none)   M=MultiMon ACBP=A9
 0001:00000BF4 00000038 C=CODE     S=.text    G=(none)   M=Imm      ACBP=A9
 0001:00000C2C 0000000E C=CODE     S=.text    G=(none)   M=Menus    ACBP=A9
 0001:00000C3C 0000000E C=CODE     S=.text    G=(none)   M=Themes   ACBP=A9
 0001:00000C4C 0000000E C=CODE     S=.text    G=(none)   M=UxTheme  ACBP=A9
 0001:00000C5C 0000000E C=CODE     S=.text    G=(none)   M=SyncObjs ACBP=A9
 0001:00000C6C 00000056 C=CODE     S=.text    G=(none)   M=ComCtrls ACBP=A9
 0001:00000CC4 00000038 C=CODE     S=.text    G=(none)   M=ShlObj   ACBP=A9
 0001:00000CFC 00000038 C=CODE     S=.text    G=(none)   M=UrlMon   ACBP=A9
 0001:00000D34 00000038 C=CODE     S=.text    G=(none)   M=WinInet  ACBP=A9
 0001:00000D6C 00000038 C=CODE     S=.text    G=(none)   M=RegStr   ACBP=A9
 0001:00000DA4 00000038 C=CODE     S=.text    G=(none)   M=ShellAPI ACBP=A9
 0001:00000DDC 0000000E C=CODE     S=.text    G=(none)   M=ListActns ACBP=A9
 0001:00000DEC 0000001E C=CODE     S=.text    G=(none)   M=ExtCtrls ACBP=A9
 0001:00000E0C 00000036 C=CODE     S=.text    G=(none)   M=StdCtrls ACBP=A9
 0001:00000E44 0000000E C=CODE     S=.text    G=(none)   M=WinHelpViewer ACBP=A9
 0001:00000E54 0000000E C=CODE     S=.text    G=(none)   M=StdActns ACBP=A9
 0001:00000E64 00000026 C=CODE     S=.text    G=(none)   M=Dialogs  ACBP=A9
 0001:00000E8C 0000001E C=CODE     S=.text    G=(none)   M=Printers ACBP=A9
 0001:00000EAC 00000038 C=CODE     S=.text    G=(none)   M=WinSpool ACBP=A9
 0001:00000EE4 00000038 C=CODE     S=.text    G=(none)   M=CommDlg  ACBP=A9
 0001:00000F1C 00000038 C=CODE     S=.text    G=(none)   M=Dlgs     ACBP=A9
 0001:00000F54 0000000E C=CODE     S=.text    G=(none)   M=StrUtils ACBP=A9
 0001:00000F64 0000000E C=CODE     S=.text    G=(none)   M=Clipbrd  ACBP=A9
 0001:00000F74 0000000E C=CODE     S=.text    G=(none)   M=FlatSB   ACBP=A9
 0001:00000F84 0000000E C=CODE     S=.text    G=(none)   M=ToolWin  ACBP=A9
 0001:00000F94 00000038 C=CODE     S=.text    G=(none)   M=RichEdit ACBP=A9
 0001:00000FCC 0000000E C=CODE     S=.text    G=(none)   M=ExtActns ACBP=A9
 0001:00000FDC 0000000E C=CODE     S=.text    G=(none)   M=Registry ACBP=A9
 0001:00000FEC 0000001E C=CODE     S=.text    G=(none)   M=IniFiles ACBP=A9
 0001:0000100C 0000000E C=CODE     S=.text    G=(none)   M=ExtDlgs  ACBP=A9
 0001:0000101C 00000016 C=CODE     S=.text    G=(none)   M=Buttons  ACBP=A9
 0001:00001034 0000000E C=CODE     S=.text    G=(none)   M=Mapi     ACBP=A9
 0001:00001044 0000000E C=CODE     S=.text    G=(none)   M=ComStrs  ACBP=A9
 0001:00001054 00000026 C=CODE     S=.text    G=(none)   M=Mask     ACBP=A9
 0001:0000107C 0000000E C=CODE     S=.text    G=(none)   M=MaskUtils ACBP=A9
 0001:0000108C 0000003E C=CODE     S=.text    G=(none)   M=DBCtrls  ACBP=A9
 0001:000010CC 00000146 C=CODE     S=.text    G=(none)   M=DB       ACBP=A9
 0001:00001214 0000000E C=CODE     S=.text    G=(none)   M=FMTBcd   ACBP=A9
 0001:00001224 0000000E C=CODE     S=.text    G=(none)   M=DBConsts ACBP=A9
 0001:00001234 0000000E C=CODE     S=.text    G=(none)   M=SqlTimSt ACBP=A9
 0001:00001244 0000002E C=CODE     S=.text    G=(none)   M=DateUtils ACBP=A9
 0001:00001274 00000016 C=CODE     S=.text    G=(none)   M=ComObj   ACBP=A9
 0001:0000128C 0000000E C=CODE     S=.text    G=(none)   M=ComConst ACBP=A9
 0001:0000129C 0000000E C=CODE     S=.text    G=(none)   M=VDBConsts ACBP=A9
 0001:000012AC 0000000E C=CODE     S=.text    G=(none)   M=DBPWDlg  ACBP=A9
 0001:000012BC 0000000E C=CODE     S=.text    G=(none)   M=DBLogDlg ACBP=A9
 0001:000012CC 0000005E C=CODE     S=.text    G=(none)   M=cpdbfindcontrols ACBP=A9
 0001:0000132C 0000000E C=CODE     S=.text    G=(none)   M=ctconstantes ACBP=A9
 0001:0000133C 0000004E C=CODE     S=.text    G=(none)   M=clusuario ACBP=A9
 0001:0000138C 0000000E C=CODE     S=.text    G=(none)   M=cpdatabase ACBP=A9
 0001:0000139C 0000000E C=CODE     S=.text    G=(none)   M=ZPgSqlCon ACBP=A9
 0001:000013AC 0000000E C=CODE     S=.text    G=(none)   M=ZConnect ACBP=A9
 0001:000013BC 0000000E C=CODE     S=.text    G=(none)   M=ZToken   ACBP=A9
 0001:000013CC 0000000E C=CODE     S=.text    G=(none)   M=ZDirSql  ACBP=A9
 0001:000013DC 0000000E C=CODE     S=.text    G=(none)   M=ZSqlTypes ACBP=A9
 0001:000013EC 0000000E C=CODE     S=.text    G=(none)   M=ZDBaseConst ACBP=A9
 0001:000013FC 0000000E C=CODE     S=.text    G=(none)   M=ZExtra   ACBP=A9
 0001:0000140C 0000000E C=CODE     S=.text    G=(none)   M=ZSqlExtra ACBP=A9
 0001:0000141C 0000000E C=CODE     S=.text    G=(none)   M=ZConvert ACBP=A9
 0001:0000142C 0000000E C=CODE     S=.text    G=(none)   M=ZTransact ACBP=A9
 0001:0000143C 0000000E C=CODE     S=.text    G=(none)   M=ZSqlScanner ACBP=A9
 0001:0000144C 0000000E C=CODE     S=.text    G=(none)   M=ZScanner ACBP=A9
 0001:0000145C 0000000E C=CODE     S=.text    G=(none)   M=ZSqlScript ACBP=A9
 0001:0000146C 0000008E C=CODE     S=.text    G=(none)   M=ZQuery   ACBP=A9
 0001:000014FC 0000000E C=CODE     S=.text    G=(none)   M=DBCommon ACBP=A9
 0001:0000150C 0000000E C=CODE     S=.text    G=(none)   M=ZBlobStream ACBP=A9
 0001:0000151C 0000000E C=CODE     S=.text    G=(none)   M=ZSqlItems ACBP=A9
 0001:0000152C 0000000E C=CODE     S=.text    G=(none)   M=ZList    ACBP=A9
 0001:0000153C 0000000E C=CODE     S=.text    G=(none)   M=ZUpdateSql ACBP=A9
 0001:0000154C 0000000E C=CODE     S=.text    G=(none)   M=ZSqlBuffer ACBP=A9
 0001:0000155C 0000000E C=CODE     S=.text    G=(none)   M=ZParser  ACBP=A9
 0001:0000156C 0000000E C=CODE     S=.text    G=(none)   M=ZMatch   ACBP=A9
 0001:0000157C 0000000E C=CODE     S=.text    G=(none)   M=ZCommonConst ACBP=A9
 0001:0000158C 0000000E C=CODE     S=.text    G=(none)   M=ZSqlParser ACBP=A9
 0001:0000159C 0000000E C=CODE     S=.text    G=(none)   M=ZDirPgSql ACBP=A9
 0001:000015AC 0000000E C=CODE     S=.text    G=(none)   M=ZLibPgSql ACBP=A9
 0001:000015BC 0000003E C=CODE     S=.text    G=(none)   M=cpquery  ACBP=A9
 0001:000015FC 0000000E C=CODE     S=.text    G=(none)   M=constants ACBP=A9
 0001:0000160C 0000000E C=CODE     S=.text    G=(none)   M=ZPgSqlQuery ACBP=A9
 0001:0000161C 0000000E C=CODE     S=.text    G=(none)   M=ZPgSqlTr ACBP=A9
 0001:0000162C 0000000E C=CODE     S=.text    G=(none)   M=cppagecontrol ACBP=A9
 0001:0000163C 0000000E C=CODE     S=.text    G=(none)   M=cpdbtext ACBP=A9
 0001:0000164C 00000046 C=CODE     S=.text    G=(none)   M=DBAdvGrid ACBP=A9
 0001:00001694 00000016 C=CODE     S=.text    G=(none)   M=BaseGrid ACBP=A9
 0001:000016AC 0000003E C=CODE     S=.text    G=(none)   M=Grids    ACBP=A9
 0001:000016EC 0000000E C=CODE     S=.text    G=(none)   M=AdvObj   ACBP=A9
 0001:000016FC 0000000E C=CODE     S=.text    G=(none)   M=AdvHintInfo ACBP=A9
 0001:0000170C 0000000E C=CODE     S=.text    G=(none)   M=GDIPicture ACBP=A9
 0001:0000171C 0000000E C=CODE     S=.text    G=(none)   M=AdvGDIP  ACBP=A9
 0001:0000172C 0000000E C=CODE     S=.text    G=(none)   M=AdvXPVS  ACBP=A9
 0001:0000173C 0000000E C=CODE     S=.text    G=(none)   M=AdvUtil  ACBP=A9
 0001:0000174C 0000000E C=CODE     S=.text    G=(none)   M=AdvStyleIF ACBP=A9
 0001:0000175C 0000000E C=CODE     S=.text    G=(none)   M=AsgHTMLE ACBP=A9
 0001:0000176C 0000000E C=CODE     S=.text    G=(none)   M=PictureContainer ACBP=A9
 0001:0000177C 00000036 C=CODE     S=.text    G=(none)   M=AdvGrid  ACBP=A9
 0001:000017B4 0000000E C=CODE     S=.text    G=(none)   M=asgspin  ACBP=A9
 0001:000017C4 0000000E C=CODE     S=.text    G=(none)   M=ASGEdit  ACBP=A9
 0001:000017D4 0000000E C=CODE     S=.text    G=(none)   M=AsgCombo ACBP=A9
 0001:000017E4 0000000E C=CODE     S=.text    G=(none)   M=asgcheck ACBP=A9
 0001:000017F4 0000000E C=CODE     S=.text    G=(none)   M=AsgDateTimePicker ACBP=A9
 0001:00001804 0000001E C=CODE     S=.text    G=(none)   M=CheckLst ACBP=A9
 0001:00001824 0000000E C=CODE     S=.text    G=(none)   M=jpeg     ACBP=A9
 0001:00001834 0000000E C=CODE     S=.text    G=(none)   M=JConsts  ACBP=A9
 0001:00001844 0000000E C=CODE     S=.text    G=(none)   M=asgdd    ACBP=A9
 0001:00001854 0000000E C=CODE     S=.text    G=(none)   M=AsgUni   ACBP=A9
 0001:00001864 0000000E C=CODE     S=.text    G=(none)   M=AdvDateTimePicker ACBP=A9
 0001:00001874 0000000E C=CODE     S=.text    G=(none)   M=AdvDropDown ACBP=A9
 0001:00001884 0000000E C=CODE     S=.text    G=(none)   M=ATXPVS   ACBP=A9
 0001:00001894 0000000E C=CODE     S=.text    G=(none)   M=AdvTrackBarDropDown ACBP=A9
 0001:000018A4 0000000E C=CODE     S=.text    G=(none)   M=AdvMemoDropDown ACBP=A9
 0001:000018B4 0000000E C=CODE     S=.text    G=(none)   M=AdvCalculatorDropdown ACBP=A9
 0001:000018C4 0000000E C=CODE     S=.text    G=(none)   M=AdvTimePickerDropDown ACBP=A9
 0001:000018D4 0000000E C=CODE     S=.text    G=(none)   M=AdvDetailDropDown ACBP=A9
 0001:000018E4 0000000E C=CODE     S=.text    G=(none)   M=AdvMultiColumnDropDown ACBP=A9
 0001:000018F4 0000000E C=CODE     S=.text    G=(none)   M=AdvColorPickerDropDown ACBP=A9
 0001:00001904 0000000E C=CODE     S=.text    G=(none)   M=AdvImagePickerDropDown ACBP=A9
 0001:00001914 0000000E C=CODE     S=.text    G=(none)   M=AdvCustomGridDropDown ACBP=A9
 0001:00001924 0000000E C=CODE     S=.text    G=(none)   M=DBTables ACBP=A9
 0001:00001934 0000000E C=CODE     S=.text    G=(none)   M=SMINTF   ACBP=A9
 0001:00001944 0000000E C=CODE     S=.text    G=(none)   M=BDE      ACBP=A9
 0001:00001954 0000000E C=CODE     S=.text    G=(none)   M=bdeconst ACBP=A9
 0001:00001964 0000000E C=CODE     S=.text    G=(none)   M=DBClient ACBP=A9
 0001:00001974 0000000E C=CODE     S=.text    G=(none)   M=Midas    ACBP=A9
 0001:00001984 0000000E C=CODE     S=.text    G=(none)   M=DSIntf   ACBP=A9
 0001:00001994 0000000E C=CODE     S=.text    G=(none)   M=MidConst ACBP=A9
 0001:000019A4 0000000E C=CODE     S=.text    G=(none)   M=Provider ACBP=A9
 0001:000019B4 0000000E C=CODE     S=.text    G=(none)   M=DataBkr  ACBP=A9
 0001:000019C4 0000000E C=CODE     S=.text    G=(none)   M=AdvPageControl ACBP=A9
 0001:000019D4 0000000E C=CODE     S=.text    G=(none)   M=Jsons    ACBP=A9
 0001:000019E4 0000000E C=CODE     S=.text    G=(none)   M=JsonsUtilsEx ACBP=A9
 0001:000019F4 00000136 C=CODE     S=.text    G=(none)   M=biblio   ACBP=A9
 0001:00001B2C 00000038 C=CODE     S=.text    G=(none)   M=TlHelp32 ACBP=A9
 0001:00001B64 0000000E C=CODE     S=.text    G=(none)   M=IdGlobalProtocols ACBP=A9
 0001:00001B74 0000000E C=CODE     S=.text    G=(none)   M=IdException ACBP=A9
 0001:00001B84 0000000E C=CODE     S=.text    G=(none)   M=IdGlobal ACBP=A9
 0001:00001B94 0000000E C=CODE     S=.text    G=(none)   M=IdStreamVCL ACBP=A9
 0001:00001BA4 0000000E C=CODE     S=.text    G=(none)   M=IdStream ACBP=A9
 0001:00001BB4 0000000E C=CODE     S=.text    G=(none)   M=IdResourceStrings ACBP=A9
 0001:00001BC4 0000000E C=CODE     S=.text    G=(none)   M=IdBaseComponent ACBP=A9
 0001:00001BD4 0000000E C=CODE     S=.text    G=(none)   M=IdCharsets ACBP=A9
 0001:00001BE4 0000000E C=CODE     S=.text    G=(none)   M=IdStack  ACBP=A9
 0001:00001BF4 0000000E C=CODE     S=.text    G=(none)   M=IdStackConsts ACBP=A9
 0001:00001C04 0000000E C=CODE     S=.text    G=(none)   M=IdWinsock2 ACBP=A9
 0001:00001C14 0000000E C=CODE     S=.text    G=(none)   M=IdWship6 ACBP=A9
 0001:00001C24 0000000E C=CODE     S=.text    G=(none)   M=IdStackWindows ACBP=A9
 0001:00001C34 0000000E C=CODE     S=.text    G=(none)   M=IdStackBSDBase ACBP=A9
 0001:00001C44 0000000E C=CODE     S=.text    G=(none)   M=IdIDN    ACBP=A9
 0001:00001C54 0000000E C=CODE     S=.text    G=(none)   M=IdResourceStringsProtocols ACBP=A9
 0001:00001C64 0000000E C=CODE     S=.text    G=(none)   M=IdResourceStringsCore ACBP=A9
 0001:00001C74 0000000E C=CODE     S=.text    G=(none)   M=IdAssignedNumbers ACBP=A9
 0001:00001C84 0000000E C=CODE     S=.text    G=(none)   M=IdIPAddress ACBP=A9
 0001:00001C94 000000AE C=CODE     S=.text    G=(none)   M=DBGrids  ACBP=A9
 0001:00001D44 0000000E C=CODE     S=.text    G=(none)   M=IdPOP3   ACBP=A9
 0001:00001D54 0000000E C=CODE     S=.text    G=(none)   M=IdComponent ACBP=A9
 0001:00001D64 0000000E C=CODE     S=.text    G=(none)   M=IdTCPClient ACBP=A9
 0001:00001D74 0000000E C=CODE     S=.text    G=(none)   M=IdTCPConnection ACBP=A9
 0001:00001D84 0000000E C=CODE     S=.text    G=(none)   M=IdSocketHandle ACBP=A9
 0001:00001D94 0000000E C=CODE     S=.text    G=(none)   M=IdAntiFreezeBase ACBP=A9
 0001:00001DA4 0000000E C=CODE     S=.text    G=(none)   M=IdReply  ACBP=A9
 0001:00001DB4 0000000E C=CODE     S=.text    G=(none)   M=IdIOHandlerStack ACBP=A9
 0001:00001DC4 0000000E C=CODE     S=.text    G=(none)   M=IdIOHandler ACBP=A9
 0001:00001DD4 0000000E C=CODE     S=.text    G=(none)   M=IdIntercept ACBP=A9
 0001:00001DE4 0000000E C=CODE     S=.text    G=(none)   M=IdBuffer ACBP=A9
 0001:00001DF4 0000000E C=CODE     S=.text    G=(none)   M=IdExceptionCore ACBP=A9
 0001:00001E04 0000000E C=CODE     S=.text    G=(none)   M=IdIOHandlerSocket ACBP=A9
 0001:00001E14 0000000E C=CODE     S=.text    G=(none)   M=IdCustomTransparentProxy ACBP=A9
 0001:00001E24 0000000E C=CODE     S=.text    G=(none)   M=IdSocks  ACBP=A9
 0001:00001E34 0000000E C=CODE     S=.text    G=(none)   M=IdReplyRFC ACBP=A9
 0001:00001E44 0000000E C=CODE     S=.text    G=(none)   M=IdUserPassProvider ACBP=A9
 0001:00001E54 0000000E C=CODE     S=.text    G=(none)   M=IdSASLCollection ACBP=A9
 0001:00001E64 0000000E C=CODE     S=.text    G=(none)   M=IdSASL   ACBP=A9
 0001:00001E74 0000000E C=CODE     S=.text    G=(none)   M=IdCoder  ACBP=A9
 0001:00001E84 0000000E C=CODE     S=.text    G=(none)   M=IdCoderMIME ACBP=A9
 0001:00001E94 0000000E C=CODE     S=.text    G=(none)   M=IdCoder3to4 ACBP=A9
 0001:00001EA4 0000000E C=CODE     S=.text    G=(none)   M=IdMessageClient ACBP=A9
 0001:00001EB4 0000000E C=CODE     S=.text    G=(none)   M=IdMessage ACBP=A9
 0001:00001EC4 0000000E C=CODE     S=.text    G=(none)   M=IdMessageParts ACBP=A9
 0001:00001ED4 0000000E C=CODE     S=.text    G=(none)   M=IdHeaderList ACBP=A9
 0001:00001EE4 0000000E C=CODE     S=.text    G=(none)   M=IdCoderHeader ACBP=A9
 0001:00001EF4 0000000E C=CODE     S=.text    G=(none)   M=IdHeaderCoderBase ACBP=A9
 0001:00001F04 0000000E C=CODE     S=.text    G=(none)   M=IdEMailAddress ACBP=A9
 0001:00001F14 0000000E C=CODE     S=.text    G=(none)   M=IdAllHeaderCoders ACBP=A9
 0001:00001F24 0000000E C=CODE     S=.text    G=(none)   M=IdHeaderCoderIndy ACBP=A9
 0001:00001F34 0000000E C=CODE     S=.text    G=(none)   M=IdHeaderCoder2022JP ACBP=A9
 0001:00001F44 0000000E C=CODE     S=.text    G=(none)   M=IdHeaderCoderPlain ACBP=A9
 0001:00001F54 0000000E C=CODE     S=.text    G=(none)   M=IdMessageCoder ACBP=A9
 0001:00001F64 0000000E C=CODE     S=.text    G=(none)   M=IdAttachment ACBP=A9
 0001:00001F74 0000000E C=CODE     S=.text    G=(none)   M=IdText   ACBP=A9
 0001:00001F84 0000000E C=CODE     S=.text    G=(none)   M=IdAttachmentFile ACBP=A9
 0001:00001F94 0000000E C=CODE     S=.text    G=(none)   M=IdIOHandlerStream ACBP=A9
 0001:00001FA4 0000000E C=CODE     S=.text    G=(none)   M=IdExplicitTLSClientServerBase ACBP=A9
 0001:00001FB4 0000000E C=CODE     S=.text    G=(none)   M=IdCustomTCPServer ACBP=A9
 0001:00001FC4 0000000E C=CODE     S=.text    G=(none)   M=IdTask   ACBP=A9
 0001:00001FD4 0000000E C=CODE     S=.text    G=(none)   M=IdYarn   ACBP=A9
 0001:00001FE4 0000000E C=CODE     S=.text    G=(none)   M=IdThread ACBP=A9
 0001:00001FF4 0000000E C=CODE     S=.text    G=(none)   M=IdThreadSafe ACBP=A9
 0001:00002004 0000000E C=CODE     S=.text    G=(none)   M=IdServerIOHandlerStack ACBP=A9
 0001:00002014 0000000E C=CODE     S=.text    G=(none)   M=IdServerIOHandlerSocket ACBP=A9
 0001:00002024 0000000E C=CODE     S=.text    G=(none)   M=IdScheduler ACBP=A9
 0001:00002034 0000000E C=CODE     S=.text    G=(none)   M=IdServerIOHandler ACBP=A9
 0001:00002044 0000000E C=CODE     S=.text    G=(none)   M=IdSchedulerOfThread ACBP=A9
 0001:00002054 0000000E C=CODE     S=.text    G=(none)   M=IdTCPServer ACBP=A9
 0001:00002064 0000000E C=CODE     S=.text    G=(none)   M=IdContext ACBP=A9
 0001:00002074 0000000E C=CODE     S=.text    G=(none)   M=IdSchedulerOfThreadDefault ACBP=A9
 0001:00002084 0000000E C=CODE     S=.text    G=(none)   M=IdGlobalCore ACBP=A9
 0001:00002094 0000000E C=CODE     S=.text    G=(none)   M=IdCmdTCPServer ACBP=A9
 0001:000020A4 0000000E C=CODE     S=.text    G=(none)   M=IdCommandHandlers ACBP=A9
 0001:000020B4 0000000E C=CODE     S=.text    G=(none)   M=IdSSL    ACBP=A9
 0001:000020C4 0000000E C=CODE     S=.text    G=(none)   M=IdTCPStream ACBP=A9
 0001:000020D4 0000000E C=CODE     S=.text    G=(none)   M=IdCoderBinHex4 ACBP=A9
 0001:000020E4 0000000E C=CODE     S=.text    G=(none)   M=IdMessageCoderXXE ACBP=A9
 0001:000020F4 0000000E C=CODE     S=.text    G=(none)   M=IdMessageCoderUUE ACBP=A9
 0001:00002104 0000000E C=CODE     S=.text    G=(none)   M=IdCoderXXE ACBP=A9
 0001:00002114 0000000E C=CODE     S=.text    G=(none)   M=IdCoder00E ACBP=A9
 0001:00002124 0000000E C=CODE     S=.text    G=(none)   M=IdCoderUUE ACBP=A9
 0001:00002134 0000000E C=CODE     S=.text    G=(none)   M=IdMessageCoderMIME ACBP=A9
 0001:00002144 0000000E C=CODE     S=.text    G=(none)   M=IdCoderQuotedPrintable ACBP=A9
 0001:00002154 0000000E C=CODE     S=.text    G=(none)   M=IdMessageCoderQuotedPrintable ACBP=A9
 0001:00002164 0000000E C=CODE     S=.text    G=(none)   M=IdMessageCoderBinHex4 ACBP=A9
 0001:00002174 0000000E C=CODE     S=.text    G=(none)   M=IdReplyPOP3 ACBP=A9
 0001:00002184 0000000E C=CODE     S=.text    G=(none)   M=IdHashMessageDigest ACBP=A9
 0001:00002194 0000000E C=CODE     S=.text    G=(none)   M=IdHash   ACBP=A9
 0001:000021A4 0000000E C=CODE     S=.text    G=(none)   M=IdFIPS   ACBP=A9
 0001:000021B4 0000000E C=CODE     S=.text    G=(none)   M=clserial ACBP=A9
 0001:000021C4 0000000E C=CODE     S=.text    G=(none)   M=fmmensagemsimnaoopcaocancela ACBP=A9
 0001:000021D4 0000000E C=CODE     S=.text    G=(none)   M=fmmensagemsimnaoopcaocancelammo ACBP=A9
 0001:000021E4 0000000E C=CODE     S=.text    G=(none)   M=fmmensagemsimnaoopcaocancelammoxml ACBP=A9
 0001:000021F4 0000000E C=CODE     S=.text    G=(none)   M=AdvMemo  ACBP=A9
 0001:00002204 0000000E C=CODE     S=.text    G=(none)   M=RTFEngine ACBP=A9
 0001:00002214 0000000E C=CODE     S=.text    G=(none)   M=AdvFindDialogForm ACBP=A9
 0001:00002224 0000000E C=CODE     S=.text    G=(none)   M=AdvReplaceDialogForm ACBP=A9
 0001:00002234 0000000E C=CODE     S=.text    G=(none)   M=Advmxml  ACBP=A9
 0001:00002244 0000000E C=CODE     S=.text    G=(none)   M=xmldom   ACBP=A9
 0001:00002254 0000000E C=CODE     S=.text    G=(none)   M=XMLConst ACBP=A9
 0001:00002264 0000000E C=CODE     S=.text    G=(none)   M=msxmldom ACBP=A9
 0001:00002274 0000000E C=CODE     S=.text    G=(none)   M=msxml    ACBP=A9
 0001:00002284 0000000E C=CODE     S=.text    G=(none)   M=XMLIntf  ACBP=A9
 0001:00002294 0000000E C=CODE     S=.text    G=(none)   M=XMLDoc   ACBP=A9
 0001:000022A4 0000000E C=CODE     S=.text    G=(none)   M=XMLSchema ACBP=A9
 0001:000022B4 0000000E C=CODE     S=.text    G=(none)   M=XMLSchemaTags ACBP=A9
 0001:000022C4 0000000E C=CODE     S=.text    G=(none)   M=TreeList ACBP=A9
 0001:000022D4 0000000E C=CODE     S=.text    G=(none)   M=Xmlxform ACBP=A9
 0001:000022E4 0000000E C=CODE     S=.text    G=(none)   M=xmlutil  ACBP=A9
 0001:000022F4 0000000E C=CODE     S=.text    G=(none)   M=ACBrEAD  ACBP=A9
 0001:00002304 0000000E C=CODE     S=.text    G=(none)   M=ACBrConsts ACBP=A9
 0001:00002314 0000000E C=CODE     S=.text    G=(none)   M=ACBrBase ACBP=A9
 0001:00002324 0000000E C=CODE     S=.text    G=(none)   M=ACBrUtil.Strings ACBP=A9
 0001:00002334 0000000E C=CODE     S=.text    G=(none)   M=ACBrUtil.Compatibilidade ACBP=A9
 0001:00002344 0000000E C=CODE     S=.text    G=(none)   M=ACBrUtil.Math ACBP=A9
 0001:00002354 0000000E C=CODE     S=.text    G=(none)   M=synautil ACBP=A9
 0001:00002364 0000000E C=CODE     S=.text    G=(none)   M=synafpc  ACBP=A9
 0001:00002374 0000000E C=CODE     S=.text    G=(none)   M=synacode ACBP=A9
 0001:00002384 0000000E C=CODE     S=.text    G=(none)   M=ACBrUtil.FilesIO ACBP=A9
 0001:00002394 0000000E C=CODE     S=.text    G=(none)   M=ACBrCompress ACBP=A9
 0001:000023A4 0000000E C=CODE     S=.text    G=(none)   M=ACBrZLibExGZ ACBP=A9
 0001:000023B4 0000000E C=CODE     S=.text    G=(none)   M=ACBrZLibEx ACBP=A9
 0001:000023C4 0000000E C=CODE     S=.text    G=(none)   M=ACBrZLibExApi ACBP=A9
 0001:000023D4 0000000E C=CODE     S=.text    G=(none)   M=ZLib     ACBP=A9
 0001:000023E4 0000000E C=CODE     S=.text    G=(none)   M=ZLibConst ACBP=A9
 0001:000023F4 0000000E C=CODE     S=.text    G=(none)   M=ACBrUtil.Base ACBP=A9
 0001:00002404 0000000E C=CODE     S=.text    G=(none)   M=StrUtilsEx ACBP=A9
 0001:00002414 0000000E C=CODE     S=.text    G=(none)   M=ACBrUtil.DateTime ACBP=A9
 0001:00002424 0000000E C=CODE     S=.text    G=(none)   M=ACBrUtil.XMLHTML ACBP=A9
 0001:00002434 0000000E C=CODE     S=.text    G=(none)   M=OpenSSLExt ACBP=A9
 0001:00002444 0000184E C=CODE     S=.text    G=(none)   M=clparametrossistema ACBP=A9
 0001:00003C94 00000036 C=CODE     S=.text    G=(none)   M=fr_class ACBP=A9
 0001:00003CCC 0000000E C=CODE     S=.text    G=(none)   M=fr_const ACBP=A9
 0001:00003CDC 0000000E C=CODE     S=.text    G=(none)   M=fr_api   ACBP=A9
 0001:00003CEC 0000000E C=CODE     S=.text    G=(none)   M=Qt       ACBP=A9
 0001:00003CFC 0000000E C=CODE     S=.text    G=(none)   M=BindHelp ACBP=A9
 0001:00003D0C 0000000E C=CODE     S=.text    G=(none)   M=fr_dbrel ACBP=A9
 0001:00003D1C 0000000E C=CODE     S=.text    G=(none)   M=fr_dbset ACBP=A9
 0001:00003D2C 0000000E C=CODE     S=.text    G=(none)   M=ExcelExport ACBP=A9
 0001:00003D3C 0000000E C=CODE     S=.text    G=(none)   M=Excel97  ACBP=A9
 0001:00003D4C 0000000E C=CODE     S=.text    G=(none)   M=VBIDE97  ACBP=A9
 0001:00003D5C 0000000E C=CODE     S=.text    G=(none)   M=StdVCL   ACBP=A9
 0001:00003D6C 0000000E C=CODE     S=.text    G=(none)   M=OleServer ACBP=A9
 0001:00003D7C 0000000E C=CODE     S=.text    G=(none)   M=OleConst ACBP=A9
 0001:00003D8C 0000000E C=CODE     S=.text    G=(none)   M=Office97 ACBP=A9
 0001:00003D9C 0000000E C=CODE     S=.text    G=(none)   M=QForms   ACBP=A9
 0001:00003DAC 0000000E C=CODE     S=.text    G=(none)   M=QStyle   ACBP=A9
 0001:00003DBC 00000016 C=CODE     S=.text    G=(none)   M=QGraphics ACBP=A9
 0001:00003DD4 0000000E C=CODE     S=.text    G=(none)   M=QTypes   ACBP=A9
 0001:00003DE4 0000000E C=CODE     S=.text    G=(none)   M=QConsts  ACBP=A9
 0001:00003DF4 0000000E C=CODE     S=.text    G=(none)   M=QActnList ACBP=A9
 0001:00003E04 0000000E C=CODE     S=.text    G=(none)   M=QImgList ACBP=A9
 0001:00003E14 0000000E C=CODE     S=.text    G=(none)   M=QControls ACBP=A9
 0001:00003E24 0000000E C=CODE     S=.text    G=(none)   M=QMenus   ACBP=A9
 0001:00003E34 0000000E C=CODE     S=.text    G=(none)   M=QExtCtrls ACBP=A9
 0001:00003E44 00000016 C=CODE     S=.text    G=(none)   M=QStdCtrls ACBP=A9
 0001:00003E5C 0000000E C=CODE     S=.text    G=(none)   M=QClipbrd ACBP=A9
 0001:00003E6C 0000000E C=CODE     S=.text    G=(none)   M=QStdActns ACBP=A9
 0001:00003E7C 0000000E C=CODE     S=.text    G=(none)   M=QSearch  ACBP=A9
 0001:00003E8C 0000000E C=CODE     S=.text    G=(none)   M=QDialogs ACBP=A9
 0001:00003E9C 0000000E C=CODE     S=.text    G=(none)   M=QFileDialog ACBP=A9
 0001:00003EAC 0000000E C=CODE     S=.text    G=(none)   M=QFileCtrls ACBP=A9
 0001:00003EBC 0000000E C=CODE     S=.text    G=(none)   M=QComCtrls ACBP=A9
 0001:00003ECC 0000000E C=CODE     S=.text    G=(none)   M=QButtons ACBP=A9
 0001:00003EDC 0000000E C=CODE     S=.text    G=(none)   M=fr_dset  ACBP=A9
 0001:00003EEC 0000000E C=CODE     S=.text    G=(none)   M=fr_intrp ACBP=A9
 0001:00003EFC 0000001E C=CODE     S=.text    G=(none)   M=fr_pars  ACBP=A9
 0001:00003F1C 0000000E C=CODE     S=.text    G=(none)   M=fr_view  ACBP=A9
 0001:00003F2C 0000000E C=CODE     S=.text    G=(none)   M=fr_dock  ACBP=A9
 0001:00003F3C 0000000E C=CODE     S=.text    G=(none)   M=fr_ctrls ACBP=A9
 0001:00003F4C 0000000E C=CODE     S=.text    G=(none)   M=fr_utils ACBP=A9
 0001:00003F5C 0000000E C=CODE     S=.text    G=(none)   M=QPrinters ACBP=A9
 0001:00003F6C 0000000E C=CODE     S=.text    G=(none)   M=fr_progr ACBP=A9
 0001:00003F7C 0000000E C=CODE     S=.text    G=(none)   M=fr_prntr ACBP=A9
 0001:00003F8C 0000000E C=CODE     S=.text    G=(none)   M=fr_prdlg ACBP=A9
 0001:00003F9C 0000000E C=CODE     S=.text    G=(none)   M=fr_passw ACBP=A9
 0001:00003FAC 0000000E C=CODE     S=.text    G=(none)   M=QMask    ACBP=A9
 0001:00003FBC 0000000E C=CODE     S=.text    G=(none)   M=fr_fmted ACBP=A9
 0001:00003FCC 0000000E C=CODE     S=.text    G=(none)   M=IdHTTP   ACBP=A9
 0001:00003FDC 0000000E C=CODE     S=.text    G=(none)   M=IdUriUtils ACBP=A9
 0001:00003FEC 0000000E C=CODE     S=.text    G=(none)   M=IdResourceStringsUriUtils ACBP=A9
 0001:00003FFC 0000000E C=CODE     S=.text    G=(none)   M=IdMultipartFormData ACBP=A9
 0001:0000400C 0000000E C=CODE     S=.text    G=(none)   M=IdAuthenticationManager ACBP=A9
 0001:0000401C 0000000E C=CODE     S=.text    G=(none)   M=IdURI    ACBP=A9
 0001:0000402C 0000000E C=CODE     S=.text    G=(none)   M=IdAuthentication ACBP=A9
 0001:0000403C 0000000E C=CODE     S=.text    G=(none)   M=IdCookieManager ACBP=A9
 0001:0000404C 0000000E C=CODE     S=.text    G=(none)   M=IdCookie ACBP=A9
 0001:0000405C 0000000E C=CODE     S=.text    G=(none)   M=IdZLibCompressorBase ACBP=A9
 0001:0000406C 0000000E C=CODE     S=.text    G=(none)   M=IdHTTPHeaderInfo ACBP=A9
 0001:0000407C 0000000E C=CODE     S=.text    G=(none)   M=IdAllAuthentications ACBP=A9
 0001:0000408C 0000000E C=CODE     S=.text    G=(none)   M=IdAuthenticationDigest ACBP=A9
 0001:0000409C 0000000E C=CODE     S=.text    G=(none)   M=IdAuthenticationSSPI ACBP=A9
 0001:000040AC 0000000E C=CODE     S=.text    G=(none)   M=IdSSPI   ACBP=A9
 0001:000040BC 0000000E C=CODE     S=.text    G=(none)   M=IdResourceStringsSSPI ACBP=A9
 0001:000040CC 0000000E C=CODE     S=.text    G=(none)   M=IdAuthenticationNTLM ACBP=A9
 0001:000040DC 0000000E C=CODE     S=.text    G=(none)   M=IdNTLM   ACBP=A9
 0001:000040EC 0000000E C=CODE     S=.text    G=(none)   M=IdStruct ACBP=A9
 0001:000040FC 0000000E C=CODE     S=.text    G=(none)   M=IdSSLOpenSSLHeaders ACBP=A9
 0001:0000410C 0000000E C=CODE     S=.text    G=(none)   M=IdCTypes ACBP=A9
 0001:0000411C 0000000E C=CODE     S=.text    G=(none)   M=IdResourceStringsOpenSSL ACBP=A9
 0001:0000412C 0000000E C=CODE     S=.text    G=(none)   M=IdSSLOpenSSL ACBP=A9
 0001:0000413C 0000000E C=CODE     S=.text    G=(none)   M=pngimage ACBP=A9
 0001:0000414C 0000000E C=CODE     S=.text    G=(none)   M=zlibpas  ACBP=A9
 0001:0000415C 0000000E C=CODE     S=.text    G=(none)   M=pnglang  ACBP=A9
 0001:0000416C 0000000E C=CODE     S=.text    G=(none)   M=fmprocessando ACBP=A9
 0001:0000417C 0000000E C=CODE     S=.text    G=(none)   M=IdSMTP   ACBP=A9
 0001:0000418C 0000000E C=CODE     S=.text    G=(none)   M=IdSMTPBase ACBP=A9
 0001:0000419C 0000000E C=CODE     S=.text    G=(none)   M=IdReplySMTP ACBP=A9
 0001:000041AC 0000000E C=CODE     S=.text    G=(none)   M=cpdatasource ACBP=A9
 0001:000041BC 0000000E C=CODE     S=.text    G=(none)   M=AdvPicture ACBP=A9
 0001:000041CC 0000000E C=CODE     S=.text    G=(none)   M=ACBrDelphiZXingQRCode ACBP=A9
 0001:000041DC 0000000E C=CODE     S=.text    G=(none)   M=pcteConversaoCTe ACBP=A9
 0001:000041EC 0000000E C=CODE     S=.text    G=(none)   M=pcnConversao ACBP=A9
 0001:000041FC 0000000E C=CODE     S=.text    G=(none)   M=ACBrDFe.Conversao ACBP=A9
 0001:0000420C 0000000E C=CODE     S=.text    G=(none)   M=MPlayer  ACBP=A9
 0001:0000421C 00000038 C=CODE     S=.text    G=(none)   M=MMSystem ACBP=A9
 0001:00004254 0000000E C=CODE     S=.text    G=(none)   M=uS3Storage ACBP=A9
 0001:00004264 0000000E C=CODE     S=.text    G=(none)   M=blcksock ACBP=A9
 0001:00004274 0000000E C=CODE     S=.text    G=(none)   M=synsock  ACBP=A9
 0001:00004284 0000000E C=CODE     S=.text    G=(none)   M=synaip   ACBP=A9
 0001:00004294 0000000E C=CODE     S=.text    G=(none)   M=httpsend ACBP=A9
 0001:000042A4 0000000E C=CODE     S=.text    G=(none)   M=ssl_openssl ACBP=A9
 0001:000042B4 0000000E C=CODE     S=.text    G=(none)   M=ssl_openssl_lib ACBP=A9
 0001:000042C4 0000000E C=CODE     S=.text    G=(none)   M=ACBrBarCode ACBP=A9
 0001:000042D4 0000000E C=CODE     S=.text    G=(none)   M=AJBarcode ACBP=A9
 0001:000042E4 0000000E C=CODE     S=.text    G=(none)   M=IdMessageBuilder ACBP=A9
 0001:000042F4 0000000E C=CODE     S=.text    G=(none)   M=IdAttachmentMemory ACBP=A9
 0001:00004304 0000000E C=CODE     S=.text    G=(none)   M=ACBrTEFDClass ACBP=A9
 0001:00004314 0000000E C=CODE     S=.text    G=(none)   M=ACBrTEFComum ACBP=A9
 0001:00004324 0000000E C=CODE     S=.text    G=(none)   M=ACBrTEFD ACBP=A9
 0001:00004334 0000000E C=CODE     S=.text    G=(none)   M=ACBrTEFDPayGo ACBP=A9
 0001:00004344 0000000E C=CODE     S=.text    G=(none)   M=ACBrTEFDPayGoWeb ACBP=A9
 0001:00004354 0000000E C=CODE     S=.text    G=(none)   M=ACBrTEFPayGoWebComum ACBP=A9
 0001:00004364 0000000E C=CODE     S=.text    G=(none)   M=ACBrTEFPayGoComum ACBP=A9
 0001:00004374 0000000E C=CODE     S=.text    G=(none)   M=ACBrTEFPayGoRedes ACBP=A9
 0001:00004384 0000000E C=CODE     S=.text    G=(none)   M=ACBrValidador ACBP=A9
 0001:00004394 0000000E C=CODE     S=.text    G=(none)   M=ACBrTEFDAuttar ACBP=A9
 0001:000043A4 0000000E C=CODE     S=.text    G=(none)   M=ACBrTEFDDial ACBP=A9
 0001:000043B4 0000000E C=CODE     S=.text    G=(none)   M=ACBrTEFDDisc ACBP=A9
 0001:000043C4 0000000E C=CODE     S=.text    G=(none)   M=ACBrTEFDHiper ACBP=A9
 0001:000043D4 0000000E C=CODE     S=.text    G=(none)   M=ACBrTEFDCliSiTef ACBP=A9
 0001:000043E4 0000000E C=CODE     S=.text    G=(none)   M=ACBrTEFCliSiTefComum ACBP=A9
 0001:000043F4 0000000E C=CODE     S=.text    G=(none)   M=ACBrTEFDGpu ACBP=A9
 0001:00004404 0000000E C=CODE     S=.text    G=(none)   M=ACBrTEFDVeSPague ACBP=A9
 0001:00004414 0000000E C=CODE     S=.text    G=(none)   M=ACBrTEFDBanese ACBP=A9
 0001:00004424 0000000E C=CODE     S=.text    G=(none)   M=ACBrTEFDGoodCard ACBP=A9
 0001:00004434 0000000E C=CODE     S=.text    G=(none)   M=ACBrTEFDFoxWin ACBP=A9
 0001:00004444 0000000E C=CODE     S=.text    G=(none)   M=ACBrTEFDCliDTEF ACBP=A9
 0001:00004454 0000000E C=CODE     S=.text    G=(none)   M=ACBrTEFDPetroCard ACBP=A9
 0001:00004464 0000000E C=CODE     S=.text    G=(none)   M=ACBrTEFDCrediShop ACBP=A9
 0001:00004474 0000000E C=CODE     S=.text    G=(none)   M=ACBrTEFDTicketCar ACBP=A9
 0001:00004484 0000000E C=CODE     S=.text    G=(none)   M=ACBrTEFDConvCard ACBP=A9
 0001:00004494 0000000E C=CODE     S=.text    G=(none)   M=ACBrTEFDCappta ACBP=A9
 0001:000044A4 0000000E C=CODE     S=.text    G=(none)   M=ACBrTEFDCliSiTefModular ACBP=A9
 0001:000044B4 0000000E C=CODE     S=.text    G=(none)   M=ACBrTEFDDirecao ACBP=A9
 0001:000044C4 0000000E C=CODE     S=.text    G=(none)   M=WebPGraphic ACBP=A9
 0001:000044D4 00000056 C=CODE     S=.text    G=(none)   M=cpdbgrid ACBP=A9
 0001:0000452C 0000000E C=CODE     S=.text    G=(none)   M=fmVisualizacaoCampos ACBP=A9
 0001:0000453C 0000000E C=CODE     S=.text    G=(none)   M=AdvCGrid ACBP=A9
 0001:0000454C 0000000E C=CODE     S=.text    G=(none)   M=cptexto  ACBP=A9
 0001:0000455C 0000001E C=CODE     S=.text    G=(none)   M=cpdbdata ACBP=A9
 0001:0000457C 0000008E C=CODE     S=.text    G=(none)   M=fmcadastropadrao ACBP=A9
 0001:0000460C 0000006E C=CODE     S=.text    G=(none)   M=fmnavcontroles ACBP=A9
 0001:0000467C 0000004E C=CODE     S=.text    G=(none)   M=fmajuda  ACBP=A9
 0001:000046CC 0000000E C=CODE     S=.text    G=(none)   M=fmhelpviewer ACBP=A9
 0001:000046DC 0000015E C=CODE     S=.text    G=(none)   M=dmbasico ACBP=A9
 0001:0000483C 0000000E C=CODE     S=.text    G=(none)   M=cttef    ACBP=A9
 0001:0000484C 0000000E C=CODE     S=.text    G=(none)   M=cptransact ACBP=A9
 0001:0000485C 0000000E C=CODE     S=.text    G=(none)   M=dmtecsoft ACBP=A9
 0001:0000486C 0000000E C=CODE     S=.text    G=(none)   M=fmlogin  ACBP=A9
 0001:0000487C 0000000E C=CODE     S=.text    G=(none)   M=fmsplash ACBP=A9
 0001:0000488C 0000000E C=CODE     S=.text    G=(none)   M=fmrenovarsenha ACBP=A9
 0001:0000489C 0000000E C=CODE     S=.text    G=(none)   M=dmsenhaautorizacao ACBP=A9
 0001:000048AC 0000000E C=CODE     S=.text    G=(none)   M=fmautorizacao ACBP=A9
 0001:000048BC 0000000E C=CODE     S=.text    G=(none)   M=fmloginbasico ACBP=A9
 0001:000048CC 0000000E C=CODE     S=.text    G=(none)   M=fmsenhaautorizacao ACBP=A9
 0001:000048DC 0000002E C=CODE     S=.text    G=(none)   M=cpnumero ACBP=A9
 0001:0000490C 0000000E C=CODE     S=.text    G=(none)   M=clfinanceira ACBP=A9
 0001:0000491C 0000001E C=CODE     S=.text    G=(none)   M=frxClass ACBP=A9
 0001:0000493C 00000016 C=CODE     S=.text    G=(none)   M=frxVariables ACBP=A9
 0001:00004954 0000000E C=CODE     S=.text    G=(none)   M=frxXML   ACBP=A9
 0001:00004964 0000000E C=CODE     S=.text    G=(none)   M=frxXMLSerializer ACBP=A9
 0001:00004974 0000000E C=CODE     S=.text    G=(none)   M=frxProgress ACBP=A9
 0001:00004984 0000000E C=CODE     S=.text    G=(none)   M=frxRes   ACBP=A9
 0001:00004994 0000000E C=CODE     S=.text    G=(none)   M=frxUtils ACBP=A9
 0001:000049A4 0000000E C=CODE     S=.text    G=(none)   M=fs_iinterpreter ACBP=A9
 0001:000049B4 0000000E C=CODE     S=.text    G=(none)   M=fs_xml   ACBP=A9
 0001:000049C4 0000000E C=CODE     S=.text    G=(none)   M=fs_isysrtti ACBP=A9
 0001:000049D4 0000000E C=CODE     S=.text    G=(none)   M=fs_itools ACBP=A9
 0001:000049E4 0000000E C=CODE     S=.text    G=(none)   M=fs_iparser ACBP=A9
 0001:000049F4 0000000E C=CODE     S=.text    G=(none)   M=fs_iconst ACBP=A9
 0001:00004A04 0000000E C=CODE     S=.text    G=(none)   M=fs_iexpression ACBP=A9
 0001:00004A14 0000000E C=CODE     S=.text    G=(none)   M=fs_iilparser ACBP=A9
 0001:00004A24 0000000E C=CODE     S=.text    G=(none)   M=fs_idisp ACBP=A9
 0001:00004A34 0000000E C=CODE     S=.text    G=(none)   M=frxUnicodeUtils ACBP=A9
 0001:00004A44 0000000E C=CODE     S=.text    G=(none)   M=frxEngine ACBP=A9
 0001:00004A54 0000000E C=CODE     S=.text    G=(none)   M=frxAggregate ACBP=A9
 0001:00004A64 0000000E C=CODE     S=.text    G=(none)   M=frxDMPClass ACBP=A9
 0001:00004A74 0000000E C=CODE     S=.text    G=(none)   M=frxDsgnIntf ACBP=A9
 0001:00004A84 0000000E C=CODE     S=.text    G=(none)   M=frxPreviewPages ACBP=A9
 0001:00004A94 0000000E C=CODE     S=.text    G=(none)   M=frxPictureCache ACBP=A9
 0001:00004AA4 0000000E C=CODE     S=.text    G=(none)   M=frxPreview ACBP=A9
 0001:00004AB4 0000000E C=CODE     S=.text    G=(none)   M=frxCtrls ACBP=A9
 0001:00004AC4 0000000E C=CODE     S=.text    G=(none)   M=frxPrinter ACBP=A9
 0001:00004AD4 0000000E C=CODE     S=.text    G=(none)   M=frxDock  ACBP=A9
 0001:00004AE4 0000000E C=CODE     S=.text    G=(none)   M=frxSearchDialog ACBP=A9
 0001:00004AF4 0000000E C=CODE     S=.text    G=(none)   M=frxPreviewPageSettings ACBP=A9
 0001:00004B04 0000000E C=CODE     S=.text    G=(none)   M=frxPrintDialog ACBP=A9
 0001:00004B14 0000000E C=CODE     S=.text    G=(none)   M=frxPassw ACBP=A9
 0001:00004B24 0000000E C=CODE     S=.text    G=(none)   M=frxGraphicUtils ACBP=A9
 0001:00004B34 0000000E C=CODE     S=.text    G=(none)   M=frxDialogForm ACBP=A9
 0001:00004B44 0000000E C=CODE     S=.text    G=(none)   M=frxrcClass ACBP=A9
 0001:00004B54 0000000E C=CODE     S=.text    G=(none)   M=frxClassRTTI ACBP=A9
 0001:00004B64 0000000E C=CODE     S=.text    G=(none)   M=fs_iformsrtti ACBP=A9
 0001:00004B74 0000000E C=CODE     S=.text    G=(none)   M=fs_ievents ACBP=A9
 0001:00004B84 0000000E C=CODE     S=.text    G=(none)   M=fs_iclassesrtti ACBP=A9
 0001:00004B94 0000000E C=CODE     S=.text    G=(none)   M=fs_igraphicsrtti ACBP=A9
 0001:00004BA4 0000000E C=CODE     S=.text    G=(none)   M=frxInheritError ACBP=A9
 0001:00004BB4 0000000E C=CODE     S=.text    G=(none)   M=fs_ipascal ACBP=A9
 0001:00004BC4 0000000E C=CODE     S=.text    G=(none)   M=fs_icpp  ACBP=A9
 0001:00004BD4 0000000E C=CODE     S=.text    G=(none)   M=fs_ibasic ACBP=A9
 0001:00004BE4 0000000E C=CODE     S=.text    G=(none)   M=fs_ijs   ACBP=A9
 0001:00004BF4 0000000E C=CODE     S=.text    G=(none)   M=fs_idialogsrtti ACBP=A9
 0001:00004C04 0000000E C=CODE     S=.text    G=(none)   M=fs_iinirtti ACBP=A9
 0001:00004C14 0000000E C=CODE     S=.text    G=(none)   M=frxChm   ACBP=A9
 0001:00004C24 0000000E C=CODE     S=.text    G=(none)   M=frxGZip  ACBP=A9
 0001:00004C34 0000000E C=CODE     S=.text    G=(none)   M=frxZLib  ACBP=A9
 0001:00004C44 0000000E C=CODE     S=.text    G=(none)   M=clnfe    ACBP=A9
 0001:00004C54 0000000E C=CODE     S=.text    G=(none)   M=fmmensagemgridnfe ACBP=A9
 0001:00004C64 0000000E C=CODE     S=.text    G=(none)   M=ACBrNFSe ACBP=A9
 0001:00004C74 0000000E C=CODE     S=.text    G=(none)   M=ACBrDFe  ACBP=A9
 0001:00004C84 0000000E C=CODE     S=.text    G=(none)   M=ACBrDFeConfiguracoes ACBP=A9
 0001:00004C94 0000000E C=CODE     S=.text    G=(none)   M=pcnAuxiliar ACBP=A9
 0001:00004CA4 0000000E C=CODE     S=.text    G=(none)   M=ACBrDFeSSL ACBP=A9
 0001:00004CB4 0000000E C=CODE     S=.text    G=(none)   M=ACBrDFeUtil ACBP=A9
 0001:00004CC4 0000000E C=CODE     S=.text    G=(none)   M=ACBrIBGE ACBP=A9
 0001:00004CD4 0000000E C=CODE     S=.text    G=(none)   M=ACBrSocket ACBP=A9
 0001:00004CE4 0000000E C=CODE     S=.text    G=(none)   M=ACBrMail ACBP=A9
 0001:00004CF4 0000000E C=CODE     S=.text    G=(none)   M=smtpsend ACBP=A9
 0001:00004D04 0000000E C=CODE     S=.text    G=(none)   M=mimepart ACBP=A9
 0001:00004D14 0000000E C=CODE     S=.text    G=(none)   M=synachar ACBP=A9
 0001:00004D24 0000000E C=CODE     S=.text    G=(none)   M=synaicnv ACBP=A9
 0001:00004D34 0000000E C=CODE     S=.text    G=(none)   M=mimeinln ACBP=A9
 0001:00004D44 0000000E C=CODE     S=.text    G=(none)   M=mimemess ACBP=A9
 0001:00004D54 0000000E C=CODE     S=.text    G=(none)   M=ACBrIntegrador ACBP=A9
 0001:00004D64 0000000E C=CODE     S=.text    G=(none)   M=pcnGerador ACBP=A9
 0001:00004D74 0000000E C=CODE     S=.text    G=(none)   M=pcnConsts ACBP=A9
 0001:00004D84 0000000E C=CODE     S=.text    G=(none)   M=pcnLeitor ACBP=A9
 0001:00004D94 0000000E C=CODE     S=.text    G=(none)   M=HtmlUtilsDelphi6 ACBP=A9
 0001:00004DA4 0000000E C=CODE     S=.text    G=(none)   M=pcnVFPe  ACBP=A9
 0001:00004DB4 0000000E C=CODE     S=.text    G=(none)   M=ACBrIntegradorResposta ACBP=A9
 0001:00004DC4 0000000E C=CODE     S=.text    G=(none)   M=pcnVFPeW ACBP=A9
 0001:00004DD4 0000000E C=CODE     S=.text    G=(none)   M=pcnVFPeR ACBP=A9
 0001:00004DE4 0000000E C=CODE     S=.text    G=(none)   M=ACBrDFeConsts ACBP=A9
 0001:00004DF4 0000000E C=CODE     S=.text    G=(none)   M=ACBrDFeException ACBP=A9
 0001:00004E04 0000000E C=CODE     S=.text    G=(none)   M=ACBrDFeOpenSSL ACBP=A9
 0001:00004E14 0000000E C=CODE     S=.text    G=(none)   M=ACBrDFeWinCrypt ACBP=A9
 0001:00004E24 0000000E C=CODE     S=.text    G=(none)   M=ACBr_WinCrypt ACBP=A9
 0001:00004E34 0000000E C=CODE     S=.text    G=(none)   M=ACBr_BCrypt ACBP=A9
 0001:00004E44 00000038 C=CODE     S=.text    G=(none)   M=ACBr_NTStatus ACBP=A9
 0001:00004E7C 0000000E C=CODE     S=.text    G=(none)   M=ACBr_NCrypt ACBP=A9
 0001:00004E8C 00000016 C=CODE     S=.text    G=(none)   M=ACBrOpenSSLUtils ACBP=A9
 0001:00004EA4 0000000E C=CODE     S=.text    G=(none)   M=ACBrDFeHttpOpenSSL ACBP=A9
 0001:00004EB4 0000000E C=CODE     S=.text    G=(none)   M=ACBrDFeXsLibXml2 ACBP=A9
 0001:00004EC4 0000000E C=CODE     S=.text    G=(none)   M=ACBrLibXml2 ACBP=A9
 0001:00004ED4 0000000E C=CODE     S=.text    G=(none)   M=ACBrDFeHttpIndy ACBP=A9
 0001:00004EE4 0000000E C=CODE     S=.text    G=(none)   M=SOAPHTTPClient ACBP=A9
 0001:00004EF4 0000000E C=CODE     S=.text    G=(none)   M=WebNode  ACBP=A9
 0001:00004F04 0000000E C=CODE     S=.text    G=(none)   M=SOAPAttachIntf ACBP=A9
 0001:00004F14 0000000E C=CODE     S=.text    G=(none)   M=InvokeRegistry ACBP=A9
 0001:00004F24 0000000E C=CODE     S=.text    G=(none)   M=IntfInfo ACBP=A9
 0001:00004F34 0000000E C=CODE     S=.text    G=(none)   M=SOAPConst ACBP=A9
 0001:00004F44 0000000E C=CODE     S=.text    G=(none)   M=HTTPUtil ACBP=A9
 0001:00004F54 0000000E C=CODE     S=.text    G=(none)   M=SOAPHTTPTrans ACBP=A9
 0001:00004F64 00000038 C=CODE     S=.text    G=(none)   M=WinSock  ACBP=A9
 0001:00004F9C 0000000E C=CODE     S=.text    G=(none)   M=SOAPAttach ACBP=A9
 0001:00004FAC 0000000E C=CODE     S=.text    G=(none)   M=WSDLIntf ACBP=A9
 0001:00004FBC 0000000E C=CODE     S=.text    G=(none)   M=HTTPApp  ACBP=A9
 0001:00004FCC 0000000E C=CODE     S=.text    G=(none)   M=Masks    ACBP=A9
 0001:00004FDC 0000000E C=CODE     S=.text    G=(none)   M=BrkrConst ACBP=A9
 0001:00004FEC 0000000E C=CODE     S=.text    G=(none)   M=WebConst ACBP=A9
 0001:00004FFC 0000000E C=CODE     S=.text    G=(none)   M=WSDLNode ACBP=A9
 0001:0000500C 0000000E C=CODE     S=.text    G=(none)   M=WSDLItems ACBP=A9
 0001:0000501C 0000000E C=CODE     S=.text    G=(none)   M=WSDLBind ACBP=A9
 0001:0000502C 0000000E C=CODE     S=.text    G=(none)   M=OPConvert ACBP=A9
 0001:0000503C 0000000E C=CODE     S=.text    G=(none)   M=UDDIHelper ACBP=A9
 0001:0000504C 0000000E C=CODE     S=.text    G=(none)   M=inquire_v1 ACBP=A9
 0001:0000505C 0000000E C=CODE     S=.text    G=(none)   M=XSBuiltIns ACBP=A9
 0001:0000506C 0000000E C=CODE     S=.text    G=(none)   M=OPToSOAPDomConv ACBP=A9
 0001:0000507C 0000000E C=CODE     S=.text    G=(none)   M=SOAPDomConv ACBP=A9
 0001:0000508C 0000000E C=CODE     S=.text    G=(none)   M=SOAPEnv  ACBP=A9
 0001:0000509C 0000000E C=CODE     S=.text    G=(none)   M=xercesxmldom ACBP=A9
 0001:000050AC 0000000E C=CODE     S=.text    G=(none)   M=oxmldom  ACBP=A9
 0001:000050BC 0000000E C=CODE     S=.text    G=(none)   M=xdom     ACBP=A9
 0001:000050CC 0000000E C=CODE     S=.text    G=(none)   M=OPToSOAPDomCustom ACBP=A9
 0001:000050DC 0000000E C=CODE     S=.text    G=(none)   M=TypeTrans ACBP=A9
 0001:000050EC 0000000E C=CODE     S=.text    G=(none)   M=EncdDecd ACBP=A9
 0001:000050FC 0000000E C=CODE     S=.text    G=(none)   M=InvRules ACBP=A9
 0001:0000510C 0000000E C=CODE     S=.text    G=(none)   M=Rio      ACBP=A9
 0001:0000511C 0000000E C=CODE     S=.text    G=(none)   M=WebServExp ACBP=A9
 0001:0000512C 0000000E C=CODE     S=.text    G=(none)   M=ACBrDFeHttpWinApi ACBP=A9
 0001:0000513C 0000000E C=CODE     S=.text    G=(none)   M=ACBrWinReqRespClass ACBP=A9
 0001:0000514C 0000000E C=CODE     S=.text    G=(none)   M=ACBr_WinHttp ACBP=A9
 0001:0000515C 0000000E C=CODE     S=.text    G=(none)   M=ACBrWinHTTPReqResp ACBP=A9
 0001:0000516C 0000000E C=CODE     S=.text    G=(none)   M=ACBrWinINetReqResp ACBP=A9
 0001:0000517C 0000000E C=CODE     S=.text    G=(none)   M=ACBrNFSeDANFSeClass ACBP=A9
 0001:0000518C 0000000E C=CODE     S=.text    G=(none)   M=ACBrDFeReport ACBP=A9
 0001:0000519C 0000000E C=CODE     S=.text    G=(none)   M=pnfsNFSe ACBP=A9
 0001:000051AC 0000000E C=CODE     S=.text    G=(none)   M=pnfsConversao ACBP=A9
 0001:000051BC 0000000E C=CODE     S=.text    G=(none)   M=ACBrNFSeConfiguracoes ACBP=A9
 0001:000051CC 0000000E C=CODE     S=.text    G=(none)   M=ACBrNFSeNotasFiscais ACBP=A9
 0001:000051DC 0000000E C=CODE     S=.text    G=(none)   M=pnfsNFSeR ACBP=A9
 0001:000051EC 0000000E C=CODE     S=.text    G=(none)   M=pnfsNFSeW ACBP=A9
 0001:000051FC 0000000E C=CODE     S=.text    G=(none)   M=pnfsNFSeW_ABRASFv1 ACBP=A9
 0001:0000520C 0000000E C=CODE     S=.text    G=(none)   M=pnfsConsts ACBP=A9
 0001:0000521C 0000000E C=CODE     S=.text    G=(none)   M=pnfsNFSeW_ABRASFv2 ACBP=A9
 0001:0000522C 0000000E C=CODE     S=.text    G=(none)   M=pnfsNFSeW_EGoverneISS ACBP=A9
 0001:0000523C 0000000E C=CODE     S=.text    G=(none)   M=pnfsNFSeW_EL ACBP=A9
 0001:0000524C 0000000E C=CODE     S=.text    G=(none)   M=pnfsNFSeW_Equiplano ACBP=A9
 0001:0000525C 0000000E C=CODE     S=.text    G=(none)   M=pnfsNFSeW_Infisc ACBP=A9
 0001:0000526C 0000000E C=CODE     S=.text    G=(none)   M=pnfsNFSeW_ISSDSF ACBP=A9
 0001:0000527C 0000000E C=CODE     S=.text    G=(none)   M=pnfsNFSeW_Governa ACBP=A9
 0001:0000528C 0000000E C=CODE     S=.text    G=(none)   M=pnfsNFSeW_SP ACBP=A9
 0001:0000529C 0000000E C=CODE     S=.text    G=(none)   M=pnfsNFSeW_CONAM ACBP=A9
 0001:000052AC 0000000E C=CODE     S=.text    G=(none)   M=pnfsNFSeW_Agili ACBP=A9
 0001:000052BC 0000000E C=CODE     S=.text    G=(none)   M=pnfsNFSeW_SMARAPD ACBP=A9
 0001:000052CC 0000000E C=CODE     S=.text    G=(none)   M=pnfsNFSeW_IPM ACBP=A9
 0001:000052DC 0000000E C=CODE     S=.text    G=(none)   M=pnfsNFSeW_AssessorPublico ACBP=A9
 0001:000052EC 0000000E C=CODE     S=.text    G=(none)   M=pnfsNFSeW_WebFisco ACBP=A9
 0001:000052FC 0000000E C=CODE     S=.text    G=(none)   M=pnfsNFSeW_Lencois ACBP=A9
 0001:0000530C 0000000E C=CODE     S=.text    G=(none)   M=pnfsNFSeW_Giap ACBP=A9
 0001:0000531C 0000000E C=CODE     S=.text    G=(none)   M=pnfsNFSeW_Elotech ACBP=A9
 0001:0000532C 0000000E C=CODE     S=.text    G=(none)   M=pnfsNFSeW_Siat ACBP=A9
 0001:0000533C 0000000E C=CODE     S=.text    G=(none)   M=pnfsNFSeW_GeisWeb ACBP=A9
 0001:0000534C 0000000E C=CODE     S=.text    G=(none)   M=pnfsNFSeW_SigISS ACBP=A9
 0001:0000535C 0000000E C=CODE     S=.text    G=(none)   M=ACBrNFSeWebServices ACBP=A9
 0001:0000536C 0000000E C=CODE     S=.text    G=(none)   M=ACBrDFeWebService ACBP=A9
 0001:0000537C 0000000E C=CODE     S=.text    G=(none)   M=ACBrXmlWriter ACBP=A9
 0001:0000538C 0000000E C=CODE     S=.text    G=(none)   M=pcnSignature ACBP=A9
 0001:0000539C 0000000E C=CODE     S=.text    G=(none)   M=ACBrXmlBase ACBP=A9
 0001:000053AC 0000000E C=CODE     S=.text    G=(none)   M=ACBrXmlDocument ACBP=A9
 0001:000053BC 0000000E C=CODE     S=.text    G=(none)   M=pnfsNFSeG ACBP=A9
 0001:000053CC 0000000E C=CODE     S=.text    G=(none)   M=pnfsLerListaNFSe ACBP=A9
 0001:000053DC 0000000E C=CODE     S=.text    G=(none)   M=pnfsEnvLoteRpsResposta ACBP=A9
 0001:000053EC 0000000E C=CODE     S=.text    G=(none)   M=pnfsConsSitLoteRpsResposta ACBP=A9
 0001:000053FC 0000000E C=CODE     S=.text    G=(none)   M=pnfsCancNfseResposta ACBP=A9
 0001:0000540C 0000000E C=CODE     S=.text    G=(none)   M=pnfsSubsNfseResposta ACBP=A9
 0001:0000541C 0000000E C=CODE     S=.text    G=(none)   M=pnfsAbrirSessaoResposta ACBP=A9
 0001:0000542C 0000000E C=CODE     S=.text    G=(none)   M=pnfsConsURLResposta ACBP=A9
 0001:0000543C 0000000E C=CODE     S=.text    G=(none)   M=ACBrNFe  ACBP=A9
 0001:0000544C 0000000E C=CODE     S=.text    G=(none)   M=ACBrNFeConfiguracoes ACBP=A9
 0001:0000545C 0000000E C=CODE     S=.text    G=(none)   M=pcnConversaoNFe ACBP=A9
 0001:0000546C 0000000E C=CODE     S=.text    G=(none)   M=ACBrNFeWebServices ACBP=A9
 0001:0000547C 0000000E C=CODE     S=.text    G=(none)   M=ACBrNFe.Classes ACBP=A9
 0001:0000548C 0000000E C=CODE     S=.text    G=(none)   M=ACBrNFe.Conversao ACBP=A9
 0001:0000549C 0000000E C=CODE     S=.text    G=(none)   M=pcnProcNFe ACBP=A9
 0001:000054AC 0000000E C=CODE     S=.text    G=(none)   M=ACBrNFe.Consts ACBP=A9
 0001:000054BC 0000000E C=CODE     S=.text    G=(none)   M=pcnRetConsReciDFe ACBP=A9
 0001:000054CC 0000000E C=CODE     S=.text    G=(none)   M=ACBrDFeComum.RetConsCad ACBP=A9
 0001:000054DC 0000000E C=CODE     S=.text    G=(none)   M=ACBrNFe.AdmCSC ACBP=A9
 0001:000054EC 0000000E C=CODE     S=.text    G=(none)   M=ACBrNFe.RetAdmCSC ACBP=A9
 0001:000054FC 0000000E C=CODE     S=.text    G=(none)   M=ACBrNFe.RetConsSit ACBP=A9
 0001:0000550C 0000000E C=CODE     S=.text    G=(none)   M=ACBrDFeComum.Proc ACBP=A9
 0001:0000551C 0000000E C=CODE     S=.text    G=(none)   M=ACBrNFe.RetEnvEvento ACBP=A9
 0001:0000552C 0000000E C=CODE     S=.text    G=(none)   M=ACBrNFe.EventoClass ACBP=A9
 0001:0000553C 0000000E C=CODE     S=.text    G=(none)   M=ACBrNFe.EnvEvento ACBP=A9
 0001:0000554C 0000000E C=CODE     S=.text    G=(none)   M=ACBrJSON ACBP=A9
 0001:0000555C 0000000E C=CODE     S=.text    G=(none)   M=ACBrDFeComum.DistDFeInt ACBP=A9
 0001:0000556C 0000000E C=CODE     S=.text    G=(none)   M=ACBrDFeComum.RetDistDFeInt ACBP=A9
 0001:0000557C 0000000E C=CODE     S=.text    G=(none)   M=ACBrDFeComum.RetEnvio ACBP=A9
 0001:0000558C 0000000E C=CODE     S=.text    G=(none)   M=ACBrNFeNotasFiscais ACBP=A9
 0001:0000559C 0000000E C=CODE     S=.text    G=(none)   M=ACBrNFe.XmlReader ACBP=A9
 0001:000055AC 0000000E C=CODE     S=.text    G=(none)   M=ACBrXmlReader ACBP=A9
 0001:000055BC 0000000E C=CODE     S=.text    G=(none)   M=ACBrNFe.XmlWriter ACBP=A9
 0001:000055CC 0000000E C=CODE     S=.text    G=(none)   M=ACBrNFe.IniReader ACBP=A9
 0001:000055DC 0000000E C=CODE     S=.text    G=(none)   M=ACBrNFe.IniWriter ACBP=A9
 0001:000055EC 0000000E C=CODE     S=.text    G=(none)   M=ACBrNFe.JSONReader ACBP=A9
 0001:000055FC 0000000E C=CODE     S=.text    G=(none)   M=ACBrNFe.JSONWriter ACBP=A9
 0001:0000560C 0000000E C=CODE     S=.text    G=(none)   M=ACBrDFeDANFeReport ACBP=A9
 0001:0000561C 0000000E C=CODE     S=.text    G=(none)   M=ACBrNFe.Inut ACBP=A9
 0001:0000562C 0000000E C=CODE     S=.text    G=(none)   M=ACBrNFe.RetInut ACBP=A9
 0001:0000563C 0000000E C=CODE     S=.text    G=(none)   M=ACBrDFeComum.ConsCad ACBP=A9
 0001:0000564C 0000000E C=CODE     S=.text    G=(none)   M=ACBrDFeComum.ConsStatServ ACBP=A9
 0001:0000565C 0000000E C=CODE     S=.text    G=(none)   M=ACBrDFeComum.RetConsStatServ ACBP=A9
 0001:0000566C 0000000E C=CODE     S=.text    G=(none)   M=ACBrNFe.ConsSit ACBP=A9
 0001:0000567C 0000000E C=CODE     S=.text    G=(none)   M=pcnConsReciDFe ACBP=A9
 0001:0000568C 0000000E C=CODE     S=.text    G=(none)   M=ACBrNFe.ValidarRegrasdeNegocio ACBP=A9
 0001:0000569C 0000000E C=CODE     S=.text    G=(none)   M=ACBrNFeDANFEClass ACBP=A9
 0001:000056AC 0000000E C=CODE     S=.text    G=(none)   M=ACBrNFeDANFEFR ACBP=A9
 0001:000056BC 0000000E C=CODE     S=.text    G=(none)   M=ACBrNFeDANFEFRDM ACBP=A9
 0001:000056CC 0000000E C=CODE     S=.text    G=(none)   M=frxExportPDF ACBP=A9
 0001:000056DC 0000000E C=CODE     S=.text    G=(none)   M=frxPDFFile ACBP=A9
 0001:000056EC 0000000E C=CODE     S=.text    G=(none)   M=frxFileUtils ACBP=A9
 0001:000056FC 00000016 C=CODE     S=.text    G=(none)   M=FileCtrl ACBP=A9
 0001:00005714 0000000E C=CODE     S=.text    G=(none)   M=frxrcExports ACBP=A9
 0001:00005724 0000000E C=CODE     S=.text    G=(none)   M=frxDBSet ACBP=A9
 0001:00005734 0000000E C=CODE     S=.text    G=(none)   M=frxBarcode ACBP=A9
 0001:00005744 0000000E C=CODE     S=.text    G=(none)   M=frxBarcod ACBP=A9
 0001:00005754 0000000E C=CODE     S=.text    G=(none)   M=frxBarcodeEditor ACBP=A9
 0001:00005764 0000000E C=CODE     S=.text    G=(none)   M=frxCustomEditors ACBP=A9
 0001:00005774 0000000E C=CODE     S=.text    G=(none)   M=frxEditMemo ACBP=A9
 0001:00005784 0000000E C=CODE     S=.text    G=(none)   M=frxEditFormat ACBP=A9
 0001:00005794 0000000E C=CODE     S=.text    G=(none)   M=frxEditHighlight ACBP=A9
 0001:000057A4 0000000E C=CODE     S=.text    G=(none)   M=frxEditSysMemo ACBP=A9
 0001:000057B4 0000000E C=CODE     S=.text    G=(none)   M=frxUnicodeCtrls ACBP=A9
 0001:000057C4 0000000E C=CODE     S=.text    G=(none)   M=frxBarcodeRTTI ACBP=A9
 0001:000057D4 0000000E C=CODE     S=.text    G=(none)   M=ACBrUtil.FR ACBP=A9
 0001:000057E4 0000000E C=CODE     S=.text    G=(none)   M=ACBrImage ACBP=A9
 0001:000057F4 0000000E C=CODE     S=.text    G=(none)   M=ACBrNFeDANFeRLClass ACBP=A9
 0001:00005804 0000000E C=CODE     S=.text    G=(none)   M=ACBrNFeDANFeRL ACBP=A9
 0001:00005814 0000000E C=CODE     S=.text    G=(none)   M=ACBrDFeReportFortes ACBP=A9
 0001:00005824 0000000E C=CODE     S=.text    G=(none)   M=RLReport ACBP=A9
 0001:00005834 0000000E C=CODE     S=.text    G=(none)   M=RLMetaVCL ACBP=A9
 0001:00005844 0000000E C=CODE     S=.text    G=(none)   M=RLMetaFile ACBP=A9
 0001:00005854 0000000E C=CODE     S=.text    G=(none)   M=RLUtils  ACBP=A9
 0001:00005864 0000000E C=CODE     S=.text    G=(none)   M=RLConsts ACBP=A9
 0001:00005874 0000000E C=CODE     S=.text    G=(none)   M=RLFeedBack ACBP=A9
 0001:00005884 0000000E C=CODE     S=.text    G=(none)   M=RLParser ACBP=A9
 0001:00005894 0000000E C=CODE     S=.text    G=(none)   M=RLFilters ACBP=A9
 0001:000058A4 0000000E C=CODE     S=.text    G=(none)   M=RLTypes  ACBP=A9
 0001:000058B4 0000000E C=CODE     S=.text    G=(none)   M=RLPrinters ACBP=A9
 0001:000058C4 0000000E C=CODE     S=.text    G=(none)   M=RLSpoolFilter ACBP=A9
 0001:000058D4 0000000E C=CODE     S=.text    G=(none)   M=RLPrintDialog ACBP=A9
 0001:000058E4 0000000E C=CODE     S=.text    G=(none)   M=RLPreviewForm ACBP=A9
 0001:000058F4 0000000E C=CODE     S=.text    G=(none)   M=RLPreview ACBP=A9
 0001:00005904 0000000E C=CODE     S=.text    G=(none)   M=RLSaveDialog ACBP=A9
 0001:00005914 0000000E C=CODE     S=.text    G=(none)   M=RLFindDialog ACBP=A9
 0001:00005924 0000000E C=CODE     S=.text    G=(none)   M=RLPDFFilter ACBP=A9
 0001:00005934 0000000E C=CODE     S=.text    G=(none)   M=ACBrNFeDANFeEventoRL ACBP=A9
 0001:00005944 0000000E C=CODE     S=.text    G=(none)   M=ACBrNFeDANFeRLRetrato ACBP=A9
 0001:00005954 0000000E C=CODE     S=.text    G=(none)   M=RLBarcode ACBP=A9
 0001:00005964 0000000E C=CODE     S=.text    G=(none)   M=ACBrNFeDANFeRLPaisagem ACBP=A9
 0001:00005974 0000000E C=CODE     S=.text    G=(none)   M=ACBrNFeDANFeEventoRLRetrato ACBP=A9
 0001:00005984 0000000E C=CODE     S=.text    G=(none)   M=ACBrNFeDANFeRLSimplificado ACBP=A9
 0001:00005994 0000000E C=CODE     S=.text    G=(none)   M=ACBrNFeDANFeRLEtiqueta ACBP=A9
 0001:000059A4 0000000E C=CODE     S=.text    G=(none)   M=ACBrNFeDAInutRLRetrato ACBP=A9
 0001:000059B4 0000000E C=CODE     S=.text    G=(none)   M=ACBrNFeDAInutRL ACBP=A9
 0001:000059C4 0000000E C=CODE     S=.text    G=(none)   M=ACBrDANFCeFortesFrA4 ACBP=A9
 0001:000059D4 0000000E C=CODE     S=.text    G=(none)   M=RLHTMLFilter ACBP=A9
 0001:000059E4 0000000E C=CODE     S=.text    G=(none)   M=ACBrDANFCeFortesFr ACBP=A9
 0001:000059F4 0000000E C=CODE     S=.text    G=(none)   M=uLkJSON  ACBP=A9
 0001:00005A04 0000000E C=CODE     S=.text    G=(none)   M=uIndyClient ACBP=A9
 0001:00005A14 0000000E C=CODE     S=.text    G=(none)   M=uOAuth2HttpClient ACBP=A9
 0001:00005A24 0000000E C=CODE     S=.text    G=(none)   M=uOAuth2Tools ACBP=A9
 0001:00005A34 0000000E C=CODE     S=.text    G=(none)   M=Hash     ACBP=A9
 0001:00005A44 0000000E C=CODE     S=.text    G=(none)   M=uOAuth2Consts ACBP=A9
 0001:00005A54 0000000E C=CODE     S=.text    G=(none)   M=uOAuth2Client ACBP=A9
 0001:00005A64 0000000E C=CODE     S=.text    G=(none)   M=uOAuth2Token ACBP=A9
 0001:00005A74 0000000E C=CODE     S=.text    G=(none)   M=uOAuth2Hmac ACBP=A9
 0001:00005A84 0000000E C=CODE     S=.text    G=(none)   M=HashHaval ACBP=A9
 0001:00005A94 0000000E C=CODE     S=.text    G=(none)   M=HashMD5  ACBP=A9
 0001:00005AA4 0000000E C=CODE     S=.text    G=(none)   M=HashRipeMD128 ACBP=A9
 0001:00005AB4 0000000E C=CODE     S=.text    G=(none)   M=HashRipeMD160 ACBP=A9
 0001:00005AC4 0000000E C=CODE     S=.text    G=(none)   M=HashSHA1 ACBP=A9
 0001:00005AD4 0000000E C=CODE     S=.text    G=(none)   M=HashSHA256 ACBP=A9
 0001:00005AE4 0000000E C=CODE     S=.text    G=(none)   M=HashSHA384 ACBP=A9
 0001:00005AF4 0000000E C=CODE     S=.text    G=(none)   M=HashSHA512Base ACBP=A9
 0001:00005B04 0000000E C=CODE     S=.text    G=(none)   M=HashSHA512 ACBP=A9
 0001:00005B14 0000000E C=CODE     S=.text    G=(none)   M=HashTiger ACBP=A9
 0001:00005B24 0000000E C=CODE     S=.text    G=(none)   M=uOAuth2Config ACBP=A9
 0001:00005B34 0000000E C=CODE     S=.text    G=(none)   M=uJson    ACBP=A9
 0001:00005B44 0000001E C=CODE     S=.text    G=(none)   M=ACBrUtil ACBP=A9
 0001:00005B64 0000000E C=CODE     S=.text    G=(none)   M=IdServerInterceptLogFile ACBP=A9
 0001:00005B74 0000000E C=CODE     S=.text    G=(none)   M=IdServerInterceptLogBase ACBP=A9
 0001:00005B84 0000000E C=CODE     S=.text    G=(none)   M=IdLogBase ACBP=A9
 0001:00005B94 0000000E C=CODE     S=.text    G=(none)   M=IdLogStream ACBP=A9
 0001:00005BA4 0000000E C=CODE     S=.text    G=(none)   M=pcnNFeRTXT ACBP=A9
 0001:00005BB4 0000000E C=CODE     S=.text    G=(none)   M=pcnLayoutTXT ACBP=A9
 0001:00005BC4 0000000E C=CODE     S=.text    G=(none)   M=fmselecionarimpressoras ACBP=A9
 0001:00005BD4 0000000E C=CODE     S=.text    G=(none)   M=NFePrintValidator ACBP=A9
 0001:00005BE4 0000000E C=CODE     S=.text    G=(none)   M=ProcNFeBuilder ACBP=A9
 0001:00005BF4 0000000E C=CODE     S=.text    G=(none)   M=ACBrNFSeXConversao ACBP=A9
 0001:00005C04 0000000E C=CODE     S=.text    G=(none)   M=ACBrNFSeXWebservicesResponse ACBP=A9
 0001:00005C14 0000000E C=CODE     S=.text    G=(none)   M=ACBrNFSeXClass ACBP=A9
 0001:00005C24 0000000E C=CODE     S=.text    G=(none)   M=ACBrNFSeXWebserviceBase ACBP=A9
 0001:00005C34 0000000E C=CODE     S=.text    G=(none)   M=ACBrNFSeX ACBP=A9
 0001:00005C44 0000000E C=CODE     S=.text    G=(none)   M=ACBrNFSeXConfiguracoes ACBP=A9
 0001:00005C54 0000000E C=CODE     S=.text    G=(none)   M=ACBrNFSeXNotasFiscais ACBP=A9
 0001:00005C64 0000000E C=CODE     S=.text    G=(none)   M=ACBrNFSeXWebservices ACBP=A9
 0001:00005C74 0000000E C=CODE     S=.text    G=(none)   M=ACBrNFSeXInterface ACBP=A9
 0001:00005C84 0000000E C=CODE     S=.text    G=(none)   M=ACBrNFSeXParametros ACBP=A9
 0001:00005C94 0000000E C=CODE     S=.text    G=(none)   M=ACBrNFSeXDANFSeClass ACBP=A9
 0001:00005CA4 0000000E C=CODE     S=.text    G=(none)   M=ACBrNFSeXProviderManager ACBP=A9
 0001:00005CB4 0000000E C=CODE     S=.text    G=(none)   M=PadraoNacional.Provider ACBP=A9
 0001:00005CC4 0000000E C=CODE     S=.text    G=(none)   M=ACBrNFSeXGravarXml ACBP=A9
 0001:00005CD4 0000000E C=CODE     S=.text    G=(none)   M=ACBrNFSeX.GravarIni ACBP=A9
 0001:00005CE4 0000000E C=CODE     S=.text    G=(none)   M=ACBrNFSeXConsts ACBP=A9
 0001:00005CF4 0000000E C=CODE     S=.text    G=(none)   M=ACBrNFSeXLerXml ACBP=A9
 0001:00005D04 0000000E C=CODE     S=.text    G=(none)   M=ACBrNFSeXProviderProprio ACBP=A9
 0001:00005D14 0000000E C=CODE     S=.text    G=(none)   M=ACBrNFSeXProviderBase ACBP=A9
 0001:00005D24 0000000E C=CODE     S=.text    G=(none)   M=PadraoNacional.GravarXml ACBP=A9
 0001:00005D34 0000000E C=CODE     S=.text    G=(none)   M=PadraoNacional.LerXml ACBP=A9
 0001:00005D44 0000000E C=CODE     S=.text    G=(none)   M=BHISS.Provider ACBP=A9
 0001:00005D54 0000000E C=CODE     S=.text    G=(none)   M=ACBrNFSeXProviderABRASFv1 ACBP=A9
 0001:00005D64 0000000E C=CODE     S=.text    G=(none)   M=BHISS.GravarXml ACBP=A9
 0001:00005D74 0000000E C=CODE     S=.text    G=(none)   M=ACBrNFSeXGravarXml_ABRASFv1 ACBP=A9
 0001:00005D84 0000000E C=CODE     S=.text    G=(none)   M=BHISS.LerXml ACBP=A9
 0001:00005D94 0000000E C=CODE     S=.text    G=(none)   M=ACBrNFSeXLerXml_ABRASFv1 ACBP=A9
 0001:00005DA4 0000000E C=CODE     S=.text    G=(none)   M=CIGA.Provider ACBP=A9
 0001:00005DB4 0000000E C=CODE     S=.text    G=(none)   M=CIGA.GravarXml ACBP=A9
 0001:00005DC4 0000000E C=CODE     S=.text    G=(none)   M=CIGA.LerXml ACBP=A9
 0001:00005DD4 0000000E C=CODE     S=.text    G=(none)   M=Contass.Provider ACBP=A9
 0001:00005DE4 0000000E C=CODE     S=.text    G=(none)   M=DBSeller.Provider ACBP=A9
 0001:00005DF4 0000000E C=CODE     S=.text    G=(none)   M=ACBrNFSeXProviderABRASFv2 ACBP=A9
 0001:00005E04 0000000E C=CODE     S=.text    G=(none)   M=DBSeller.GravarXml ACBP=A9
 0001:00005E14 0000000E C=CODE     S=.text    G=(none)   M=ACBrNFSeXGravarXml_ABRASFv2 ACBP=A9
 0001:00005E24 0000000E C=CODE     S=.text    G=(none)   M=DBSeller.LerXml ACBP=A9
 0001:00005E34 0000000E C=CODE     S=.text    G=(none)   M=ACBrNFSeXLerXml_ABRASFv2 ACBP=A9
 0001:00005E44 0000000E C=CODE     S=.text    G=(none)   M=Contass.GravarXml ACBP=A9
 0001:00005E54 0000000E C=CODE     S=.text    G=(none)   M=Contass.LerXml ACBP=A9
 0001:00005E64 0000000E C=CODE     S=.text    G=(none)   M=FISSLex.Provider ACBP=A9
 0001:00005E74 0000000E C=CODE     S=.text    G=(none)   M=FISSLex.GravarXml ACBP=A9
 0001:00005E84 0000000E C=CODE     S=.text    G=(none)   M=FISSLex.LerXml ACBP=A9
 0001:00005E94 0000000E C=CODE     S=.text    G=(none)   M=geNFe.Provider ACBP=A9
 0001:00005EA4 0000000E C=CODE     S=.text    G=(none)   M=geNFe.GravarXml ACBP=A9
 0001:00005EB4 0000000E C=CODE     S=.text    G=(none)   M=geNFe.LerXml ACBP=A9
 0001:00005EC4 0000000E C=CODE     S=.text    G=(none)   M=Ginfes.Provider ACBP=A9
 0001:00005ED4 0000000E C=CODE     S=.text    G=(none)   M=Ginfes.GravarXml ACBP=A9
 0001:00005EE4 0000000E C=CODE     S=.text    G=(none)   M=Ginfes.LerXml ACBP=A9
 0001:00005EF4 0000000E C=CODE     S=.text    G=(none)   M=GovBr.Provider ACBP=A9
 0001:00005F04 0000000E C=CODE     S=.text    G=(none)   M=GovBr.GravarXml ACBP=A9
 0001:00005F14 0000000E C=CODE     S=.text    G=(none)   M=GovBr.LerXml ACBP=A9
 0001:00005F24 0000000E C=CODE     S=.text    G=(none)   M=Horus.Provider ACBP=A9
 0001:00005F34 0000000E C=CODE     S=.text    G=(none)   M=Horus.GravarXml ACBP=A9
 0001:00005F44 0000000E C=CODE     S=.text    G=(none)   M=Horus.LerXml ACBP=A9
 0001:00005F54 0000000E C=CODE     S=.text    G=(none)   M=ISSCuritiba.Provider ACBP=A9
 0001:00005F64 0000000E C=CODE     S=.text    G=(none)   M=ISSCuritiba.GravarXml ACBP=A9
 0001:00005F74 0000000E C=CODE     S=.text    G=(none)   M=ISSCuritiba.LerXml ACBP=A9
 0001:00005F84 0000000E C=CODE     S=.text    G=(none)   M=ISSFortaleza.Provider ACBP=A9
 0001:00005F94 0000000E C=CODE     S=.text    G=(none)   M=ISSFortaleza.GravarXml ACBP=A9
 0001:00005FA4 0000000E C=CODE     S=.text    G=(none)   M=ISSFortaleza.LerXml ACBP=A9
 0001:00005FB4 0000000E C=CODE     S=.text    G=(none)   M=ISSIntel.Provider ACBP=A9
 0001:00005FC4 0000000E C=CODE     S=.text    G=(none)   M=ISSIntel.GravarXml ACBP=A9
 0001:00005FD4 0000000E C=CODE     S=.text    G=(none)   M=ISSIntel.LerXml ACBP=A9
 0001:00005FE4 0000000E C=CODE     S=.text    G=(none)   M=ISSNatal.Provider ACBP=A9
 0001:00005FF4 0000000E C=CODE     S=.text    G=(none)   M=ISSNatal.GravarXml ACBP=A9
 0001:00006004 0000000E C=CODE     S=.text    G=(none)   M=ISSNatal.LerXml ACBP=A9
 0001:00006014 0000000E C=CODE     S=.text    G=(none)   M=ISSRecife.Provider ACBP=A9
 0001:00006024 0000000E C=CODE     S=.text    G=(none)   M=ISSRecife.GravarXml ACBP=A9
 0001:00006034 0000000E C=CODE     S=.text    G=(none)   M=ISSRecife.LerXml ACBP=A9
 0001:00006044 0000000E C=CODE     S=.text    G=(none)   M=ISSRio.Provider ACBP=A9
 0001:00006054 0000000E C=CODE     S=.text    G=(none)   M=ISSRio.GravarXml ACBP=A9
 0001:00006064 0000000E C=CODE     S=.text    G=(none)   M=ISSRio.LerXml ACBP=A9
 0001:00006074 0000000E C=CODE     S=.text    G=(none)   M=ISSSalvador.Provider ACBP=A9
 0001:00006084 0000000E C=CODE     S=.text    G=(none)   M=ISSSalvador.GravarXml ACBP=A9
 0001:00006094 0000000E C=CODE     S=.text    G=(none)   M=ISSSalvador.LerXml ACBP=A9
 0001:000060A4 0000000E C=CODE     S=.text    G=(none)   M=ISSSJP.Provider ACBP=A9
 0001:000060B4 0000000E C=CODE     S=.text    G=(none)   M=ISSSJP.GravarXml ACBP=A9
 0001:000060C4 0000000E C=CODE     S=.text    G=(none)   M=ISSSJP.LerXml ACBP=A9
 0001:000060D4 0000000E C=CODE     S=.text    G=(none)   M=Kalana.Provider ACBP=A9
 0001:000060E4 0000000E C=CODE     S=.text    G=(none)   M=Kalana.GravarXml ACBP=A9
 0001:000060F4 0000000E C=CODE     S=.text    G=(none)   M=Kalana.LerXml ACBP=A9
 0001:00006104 0000000E C=CODE     S=.text    G=(none)   M=Lexsom.Provider ACBP=A9
 0001:00006114 0000000E C=CODE     S=.text    G=(none)   M=Lexsom.GravarXml ACBP=A9
 0001:00006124 0000000E C=CODE     S=.text    G=(none)   M=Lexsom.LerXml ACBP=A9
 0001:00006134 0000000E C=CODE     S=.text    G=(none)   M=MetropolisWeb.Provider ACBP=A9
 0001:00006144 0000000E C=CODE     S=.text    G=(none)   M=MetropolisWeb.GravarXml ACBP=A9
 0001:00006154 0000000E C=CODE     S=.text    G=(none)   M=MetropolisWeb.LerXml ACBP=A9
 0001:00006164 0000000E C=CODE     S=.text    G=(none)   M=NFEletronica.Provider ACBP=A9
 0001:00006174 0000000E C=CODE     S=.text    G=(none)   M=NFEletronica.GravarXml ACBP=A9
 0001:00006184 0000000E C=CODE     S=.text    G=(none)   M=NFEletronica.LerXml ACBP=A9
 0001:00006194 0000000E C=CODE     S=.text    G=(none)   M=NFSeBrasil.Provider ACBP=A9
 0001:000061A4 0000000E C=CODE     S=.text    G=(none)   M=NFSeBrasil.GravarXml ACBP=A9
 0001:000061B4 0000000E C=CODE     S=.text    G=(none)   M=NFSeBrasil.LerXml ACBP=A9
 0001:000061C4 0000000E C=CODE     S=.text    G=(none)   M=Publica.Provider ACBP=A9
 0001:000061D4 0000000E C=CODE     S=.text    G=(none)   M=Publica.GravarXml ACBP=A9
 0001:000061E4 0000000E C=CODE     S=.text    G=(none)   M=Publica.LerXml ACBP=A9
 0001:000061F4 0000000E C=CODE     S=.text    G=(none)   M=SpeedGov.Provider ACBP=A9
 0001:00006204 0000000E C=CODE     S=.text    G=(none)   M=SpeedGov.GravarXml ACBP=A9
 0001:00006214 0000000E C=CODE     S=.text    G=(none)   M=SpeedGov.LerXml ACBP=A9
 0001:00006224 0000000E C=CODE     S=.text    G=(none)   M=Thema.Provider ACBP=A9
 0001:00006234 0000000E C=CODE     S=.text    G=(none)   M=Thema.GravarXml ACBP=A9
 0001:00006244 0000000E C=CODE     S=.text    G=(none)   M=Thema.LerXml ACBP=A9
 0001:00006254 0000000E C=CODE     S=.text    G=(none)   M=Tinus.Provider ACBP=A9
 0001:00006264 0000000E C=CODE     S=.text    G=(none)   M=Tinus.GravarXml ACBP=A9
 0001:00006274 0000000E C=CODE     S=.text    G=(none)   M=Tinus.LerXml ACBP=A9
 0001:00006284 0000000E C=CODE     S=.text    G=(none)   M=ABase.Provider ACBP=A9
 0001:00006294 0000000E C=CODE     S=.text    G=(none)   M=ABase.GravarXml ACBP=A9
 0001:000062A4 0000000E C=CODE     S=.text    G=(none)   M=ABase.LerXml ACBP=A9
 0001:000062B4 0000000E C=CODE     S=.text    G=(none)   M=Actcon.Provider ACBP=A9
 0001:000062C4 0000000E C=CODE     S=.text    G=(none)   M=Actcon.GravarXml ACBP=A9
 0001:000062D4 0000000E C=CODE     S=.text    G=(none)   M=Actcon.LerXml ACBP=A9
 0001:000062E4 0000000E C=CODE     S=.text    G=(none)   M=Adm.Provider ACBP=A9
 0001:000062F4 0000000E C=CODE     S=.text    G=(none)   M=Adm.GravarXml ACBP=A9
 0001:00006304 0000000E C=CODE     S=.text    G=(none)   M=Adm.LerXml ACBP=A9
 0001:00006314 0000000E C=CODE     S=.text    G=(none)   M=ADPM.Provider ACBP=A9
 0001:00006324 0000000E C=CODE     S=.text    G=(none)   M=ADPM.GravarXml ACBP=A9
 0001:00006334 0000000E C=CODE     S=.text    G=(none)   M=ADPM.LerXml ACBP=A9
 0001:00006344 0000000E C=CODE     S=.text    G=(none)   M=AEG.Provider ACBP=A9
 0001:00006354 0000000E C=CODE     S=.text    G=(none)   M=AEG.GravarXml ACBP=A9
 0001:00006364 0000000E C=CODE     S=.text    G=(none)   M=AEG.LerXml ACBP=A9
 0001:00006374 0000000E C=CODE     S=.text    G=(none)   M=Asten.Provider ACBP=A9
 0001:00006384 0000000E C=CODE     S=.text    G=(none)   M=Asten.GravarXml ACBP=A9
 0001:00006394 0000000E C=CODE     S=.text    G=(none)   M=Asten.LerXml ACBP=A9
 0001:000063A4 0000000E C=CODE     S=.text    G=(none)   M=BWSistemas.Provider ACBP=A9
 0001:000063B4 0000000E C=CODE     S=.text    G=(none)   M=BWSistemas.GravarXml ACBP=A9
 0001:000063C4 0000000E C=CODE     S=.text    G=(none)   M=BWSistemas.LerXml ACBP=A9
 0001:000063D4 0000000E C=CODE     S=.text    G=(none)   M=Centi.Provider ACBP=A9
 0001:000063E4 0000000E C=CODE     S=.text    G=(none)   M=Centi.GravarXml ACBP=A9
 0001:000063F4 0000000E C=CODE     S=.text    G=(none)   M=Centi.LerXml ACBP=A9
 0001:00006404 0000000E C=CODE     S=.text    G=(none)   M=Citta.Provider ACBP=A9
 0001:00006414 0000000E C=CODE     S=.text    G=(none)   M=Citta.GravarXml ACBP=A9
 0001:00006424 0000000E C=CODE     S=.text    G=(none)   M=Citta.LerXml ACBP=A9
 0001:00006434 0000000E C=CODE     S=.text    G=(none)   M=Coplan.Provider ACBP=A9
 0001:00006444 0000000E C=CODE     S=.text    G=(none)   M=Coplan.GravarXml ACBP=A9
 0001:00006454 0000000E C=CODE     S=.text    G=(none)   M=Coplan.LerXml ACBP=A9
 0001:00006464 0000000E C=CODE     S=.text    G=(none)   M=DataSmart.Provider ACBP=A9
 0001:00006474 0000000E C=CODE     S=.text    G=(none)   M=DataSmart.GravarXml ACBP=A9
 0001:00006484 0000000E C=CODE     S=.text    G=(none)   M=DataSmart.LerXml ACBP=A9
 0001:00006494 0000000E C=CODE     S=.text    G=(none)   M=DeISS.Provider ACBP=A9
 0001:000064A4 0000000E C=CODE     S=.text    G=(none)   M=DeISS.GravarXml ACBP=A9
 0001:000064B4 0000000E C=CODE     S=.text    G=(none)   M=DeISS.LerXml ACBP=A9
 0001:000064C4 0000000E C=CODE     S=.text    G=(none)   M=Desenvolve.Provider ACBP=A9
 0001:000064D4 0000000E C=CODE     S=.text    G=(none)   M=Desenvolve.GravarXml ACBP=A9
 0001:000064E4 0000000E C=CODE     S=.text    G=(none)   M=Desenvolve.LerXml ACBP=A9
 0001:000064F4 0000000E C=CODE     S=.text    G=(none)   M=Digifred.Provider ACBP=A9
 0001:00006504 0000000E C=CODE     S=.text    G=(none)   M=Digifred.GravarXml ACBP=A9
 0001:00006514 0000000E C=CODE     S=.text    G=(none)   M=Digifred.LerXml ACBP=A9
 0001:00006524 0000000E C=CODE     S=.text    G=(none)   M=DSF.Provider ACBP=A9
 0001:00006534 0000000E C=CODE     S=.text    G=(none)   M=DSF.GravarXml ACBP=A9
 0001:00006544 0000000E C=CODE     S=.text    G=(none)   M=DSF.LerXml ACBP=A9
 0001:00006554 0000000E C=CODE     S=.text    G=(none)   M=Elmar.Provider ACBP=A9
 0001:00006564 0000000E C=CODE     S=.text    G=(none)   M=Elmar.GravarXml ACBP=A9
 0001:00006574 0000000E C=CODE     S=.text    G=(none)   M=Elmar.LerXml ACBP=A9
 0001:00006584 0000000E C=CODE     S=.text    G=(none)   M=EloTech.Provider ACBP=A9
 0001:00006594 0000000E C=CODE     S=.text    G=(none)   M=EloTech.GravarXml ACBP=A9
 0001:000065A4 0000000E C=CODE     S=.text    G=(none)   M=EloTech.LerXml ACBP=A9
 0001:000065B4 0000000E C=CODE     S=.text    G=(none)   M=eReceita.Provider ACBP=A9
 0001:000065C4 0000000E C=CODE     S=.text    G=(none)   M=eReceita.GravarXml ACBP=A9
 0001:000065D4 0000000E C=CODE     S=.text    G=(none)   M=eReceita.LerXml ACBP=A9
 0001:000065E4 0000000E C=CODE     S=.text    G=(none)   M=Etherium.Provider ACBP=A9
 0001:000065F4 0000000E C=CODE     S=.text    G=(none)   M=Etherium.GravarXml ACBP=A9
 0001:00006604 0000000E C=CODE     S=.text    G=(none)   M=Etherium.LerXml ACBP=A9
 0001:00006614 0000000E C=CODE     S=.text    G=(none)   M=fintelISS.Provider ACBP=A9
 0001:00006624 0000000E C=CODE     S=.text    G=(none)   M=fintelISS.GravarXml ACBP=A9
 0001:00006634 0000000E C=CODE     S=.text    G=(none)   M=fintelISS.LerXml ACBP=A9
 0001:00006644 0000000E C=CODE     S=.text    G=(none)   M=Fiorilli.Provider ACBP=A9
 0001:00006654 0000000E C=CODE     S=.text    G=(none)   M=Fiorilli.GravarXml ACBP=A9
 0001:00006664 0000000E C=CODE     S=.text    G=(none)   M=Fiorilli.LerXml ACBP=A9
 0001:00006674 0000000E C=CODE     S=.text    G=(none)   M=Fisco.Provider ACBP=A9
 0001:00006684 0000000E C=CODE     S=.text    G=(none)   M=Fisco.GravarXml ACBP=A9
 0001:00006694 0000000E C=CODE     S=.text    G=(none)   M=Fisco.LerXml ACBP=A9
 0001:000066A4 0000000E C=CODE     S=.text    G=(none)   M=Futurize.Provider ACBP=A9
 0001:000066B4 0000000E C=CODE     S=.text    G=(none)   M=Futurize.GravarXml ACBP=A9
 0001:000066C4 0000000E C=CODE     S=.text    G=(none)   M=Futurize.LerXml ACBP=A9
 0001:000066D4 0000000E C=CODE     S=.text    G=(none)   M=GestaoISS.Provider ACBP=A9
 0001:000066E4 0000000E C=CODE     S=.text    G=(none)   M=GestaoISS.GravarXml ACBP=A9
 0001:000066F4 0000000E C=CODE     S=.text    G=(none)   M=GestaoISS.LerXml ACBP=A9
 0001:00006704 0000000E C=CODE     S=.text    G=(none)   M=Giss.Provider ACBP=A9
 0001:00006714 0000000E C=CODE     S=.text    G=(none)   M=Giss.GravarXml ACBP=A9
 0001:00006724 0000000E C=CODE     S=.text    G=(none)   M=Giss.LerXml ACBP=A9
 0001:00006734 0000000E C=CODE     S=.text    G=(none)   M=GovDigital.Provider ACBP=A9
 0001:00006744 0000000E C=CODE     S=.text    G=(none)   M=GovDigital.GravarXml ACBP=A9
 0001:00006754 0000000E C=CODE     S=.text    G=(none)   M=GovDigital.LerXml ACBP=A9
 0001:00006764 0000000E C=CODE     S=.text    G=(none)   M=iiBrasil.Provider ACBP=A9
 0001:00006774 0000000E C=CODE     S=.text    G=(none)   M=iiBrasil.GravarXml ACBP=A9
 0001:00006784 0000000E C=CODE     S=.text    G=(none)   M=iiBrasil.LerXml ACBP=A9
 0001:00006794 0000000E C=CODE     S=.text    G=(none)   M=Isaneto.Provider ACBP=A9
 0001:000067A4 0000000E C=CODE     S=.text    G=(none)   M=Isaneto.GravarXml ACBP=A9
 0001:000067B4 0000000E C=CODE     S=.text    G=(none)   M=Isaneto.LerXml ACBP=A9
 0001:000067C4 0000000E C=CODE     S=.text    G=(none)   M=ISSCamacari.Provider ACBP=A9
 0001:000067D4 0000000E C=CODE     S=.text    G=(none)   M=ISSCamacari.GravarXml ACBP=A9
 0001:000067E4 0000000E C=CODE     S=.text    G=(none)   M=ISSCamacari.LerXml ACBP=A9
 0001:000067F4 0000000E C=CODE     S=.text    G=(none)   M=ISSDigital.Provider ACBP=A9
 0001:00006804 0000000E C=CODE     S=.text    G=(none)   M=ISSDigital.GravarXml ACBP=A9
 0001:00006814 0000000E C=CODE     S=.text    G=(none)   M=ISSDigital.LerXml ACBP=A9
 0001:00006824 0000000E C=CODE     S=.text    G=(none)   M=ISSe.Provider ACBP=A9
 0001:00006834 0000000E C=CODE     S=.text    G=(none)   M=ISSe.GravarXml ACBP=A9
 0001:00006844 0000000E C=CODE     S=.text    G=(none)   M=ISSe.LerXml ACBP=A9
 0001:00006854 0000000E C=CODE     S=.text    G=(none)   M=ISSGoiania.Provider ACBP=A9
 0001:00006864 0000000E C=CODE     S=.text    G=(none)   M=ISSGoiania.GravarXml ACBP=A9
 0001:00006874 0000000E C=CODE     S=.text    G=(none)   M=ISSGoiania.LerXml ACBP=A9
 0001:00006884 0000000E C=CODE     S=.text    G=(none)   M=ISSJoinville.Provider ACBP=A9
 0001:00006894 0000000E C=CODE     S=.text    G=(none)   M=ISSJoinville.GravarXml ACBP=A9
 0001:000068A4 0000000E C=CODE     S=.text    G=(none)   M=ISSJoinville.LerXml ACBP=A9
 0001:000068B4 0000000E C=CODE     S=.text    G=(none)   M=ISSLegal.Provider ACBP=A9
 0001:000068C4 0000000E C=CODE     S=.text    G=(none)   M=ISSLegal.GravarXml ACBP=A9
 0001:000068D4 0000000E C=CODE     S=.text    G=(none)   M=ISSLegal.LerXml ACBP=A9
 0001:000068E4 0000000E C=CODE     S=.text    G=(none)   M=ISSPortoVelho.Provider ACBP=A9
 0001:000068F4 0000000E C=CODE     S=.text    G=(none)   M=ISSPortoVelho.GravarXml ACBP=A9
 0001:00006904 0000000E C=CODE     S=.text    G=(none)   M=ISSPortoVelho.LerXml ACBP=A9
 0001:00006914 0000000E C=CODE     S=.text    G=(none)   M=ISSVitoria.Provider ACBP=A9
 0001:00006924 0000000E C=CODE     S=.text    G=(none)   M=ISSVitoria.GravarXml ACBP=A9
 0001:00006934 0000000E C=CODE     S=.text    G=(none)   M=ISSVitoria.LerXml ACBP=A9
 0001:00006944 0000000E C=CODE     S=.text    G=(none)   M=Libre.Provider ACBP=A9
 0001:00006954 0000000E C=CODE     S=.text    G=(none)   M=Libre.GravarXml ACBP=A9
 0001:00006964 0000000E C=CODE     S=.text    G=(none)   M=Libre.LerXml ACBP=A9
 0001:00006974 0000000E C=CODE     S=.text    G=(none)   M=Link3.Provider ACBP=A9
 0001:00006984 0000000E C=CODE     S=.text    G=(none)   M=Link3.GravarXml ACBP=A9
 0001:00006994 0000000E C=CODE     S=.text    G=(none)   M=Link3.LerXml ACBP=A9
 0001:000069A4 0000000E C=CODE     S=.text    G=(none)   M=MegaSoft.Provider ACBP=A9
 0001:000069B4 0000000E C=CODE     S=.text    G=(none)   M=MegaSoft.GravarXml ACBP=A9
 0001:000069C4 0000000E C=CODE     S=.text    G=(none)   M=MegaSoft.LerXml ACBP=A9
 0001:000069D4 0000000E C=CODE     S=.text    G=(none)   M=Mitra.Provider ACBP=A9
 0001:000069E4 0000000E C=CODE     S=.text    G=(none)   M=Mitra.GravarXml ACBP=A9
 0001:000069F4 0000000E C=CODE     S=.text    G=(none)   M=Mitra.LerXml ACBP=A9
 0001:00006A04 0000000E C=CODE     S=.text    G=(none)   M=ModernizacaoPublica.Provider ACBP=A9
 0001:00006A14 0000000E C=CODE     S=.text    G=(none)   M=ModernizacaoPublica.GravarXml ACBP=A9
 0001:00006A24 0000000E C=CODE     S=.text    G=(none)   M=ModernizacaoPublica.LerXml ACBP=A9
 0001:00006A34 0000000E C=CODE     S=.text    G=(none)   M=NEAInformatica.Provider ACBP=A9
 0001:00006A44 0000000E C=CODE     S=.text    G=(none)   M=NEAInformatica.GravarXml ACBP=A9
 0001:00006A54 0000000E C=CODE     S=.text    G=(none)   M=NEAInformatica.LerXml ACBP=A9
 0001:00006A64 0000000E C=CODE     S=.text    G=(none)   M=NotaInteligente.Provider ACBP=A9
 0001:00006A74 0000000E C=CODE     S=.text    G=(none)   M=NotaInteligente.GravarXml ACBP=A9
 0001:00006A84 0000000E C=CODE     S=.text    G=(none)   M=NotaInteligente.LerXml ACBP=A9
 0001:00006A94 0000000E C=CODE     S=.text    G=(none)   M=Prodata.Provider ACBP=A9
 0001:00006AA4 0000000E C=CODE     S=.text    G=(none)   M=Prodata.GravarXml ACBP=A9
 0001:00006AB4 0000000E C=CODE     S=.text    G=(none)   M=Prodata.LerXml ACBP=A9
 0001:00006AC4 0000000E C=CODE     S=.text    G=(none)   M=PRODAUB.Provider ACBP=A9
 0001:00006AD4 0000000E C=CODE     S=.text    G=(none)   M=PRODAUB.GravarXml ACBP=A9
 0001:00006AE4 0000000E C=CODE     S=.text    G=(none)   M=PRODAUB.LerXml ACBP=A9
 0001:00006AF4 0000000E C=CODE     S=.text    G=(none)   M=PublicSoft.Provider ACBP=A9
 0001:00006B04 0000000E C=CODE     S=.text    G=(none)   M=PublicSoft.GravarXml ACBP=A9
 0001:00006B14 0000000E C=CODE     S=.text    G=(none)   M=PublicSoft.LerXml ACBP=A9
 0001:00006B24 0000000E C=CODE     S=.text    G=(none)   M=RLZ.Provider ACBP=A9
 0001:00006B34 0000000E C=CODE     S=.text    G=(none)   M=RLZ.GravarXml ACBP=A9
 0001:00006B44 0000000E C=CODE     S=.text    G=(none)   M=RLZ.LerXml ACBP=A9
 0001:00006B54 0000000E C=CODE     S=.text    G=(none)   M=Saatri.Provider ACBP=A9
 0001:00006B64 0000000E C=CODE     S=.text    G=(none)   M=Saatri.GravarXml ACBP=A9
 0001:00006B74 0000000E C=CODE     S=.text    G=(none)   M=Saatri.LerXml ACBP=A9
 0001:00006B84 0000000E C=CODE     S=.text    G=(none)   M=SafeWeb.Provider ACBP=A9
 0001:00006B94 0000000E C=CODE     S=.text    G=(none)   M=SafeWeb.GravarXml ACBP=A9
[...]
   447 0001:000AD9EA   451 0001:000AD9F0   453 0001:000AD9FF   454 0001:000ADA22
   458 0001:000ADA28   460 0001:000ADA37   462 0001:000ADA5D   464 0001:000ADA82
   468 0001:000ADA88   470 0001:000ADA97   471 0001:000ADABA   475 0001:000ADAC0
   477 0001:000ADACF   478 0001:000ADAD8   480 0001:000ADAF2   481 0001:000ADB05
   483 0001:000ADB12   487 0001:000ADB18   489 0001:000ADB27   490 0001:000ADB4A
   495 0001:000ADB50   498 0001:000ADB5F   502 0001:000ADB68   505 0001:000ADB77
   507 0001:000ADB7D   510 0001:000ADB92   512 0001:000ADBA1   513 0001:000ADBAE
   517 0001:000ADBCA   518 0001:000ADBD7   521 0001:000ADBF1   522 0001:000ADC03
   526 0001:000ADC14   527 0001:000ADC21   528 0001:000ADC3B   529 0001:000ADC5B
   532 0001:000ADC6A   536 0001:000ADC70   538 0001:000ADC7F   539 0001:000ADCA2
   543 0001:000ADCA8   545 0001:000ADCB7   547 0001:000ADCDD   548 0001:000ADD02
   552 0001:000ADD08   554 0001:000ADD17   555 0001:000ADD3A   559 0001:000ADD40
   561 0001:000ADD4F   562 0001:000ADD58   564 0001:000ADD72   565 0001:000ADD85
   568 0001:000ADD92   572 0001:000ADD98   574 0001:000ADDA7   575 0001:000ADDCA
   580 0001:000ADDD0   583 0001:000ADDDF   587 0001:000ADDE8   590 0001:000ADDF7
   592 0001:000ADDFD   595 0001:000ADE12   597 0001:000ADE21   598 0001:000ADE2E
   602 0001:000ADE4A   603 0001:000ADE57   606 0001:000ADE71   607 0001:000ADE83
   611 0001:000ADE94   612 0001:000ADEA1   613 0001:000ADEBB   614 0001:000ADEDB
   617 0001:000ADEEA   621 0001:000ADEF0   623 0001:000ADEFF   624 0001:000ADF22
   628 0001:000ADF28   630 0001:000ADF37   632 0001:000ADF5D   633 0001:000ADF82
   637 0001:000ADF88   639 0001:000ADF97   640 0001:000ADFBA   644 0001:000ADFC0
   646 0001:000ADFCF   647 0001:000ADFF2   651 0001:000ADFF8   653 0001:000AE007
   655 0001:000AE02D   656 0001:000AE052   660 0001:000AE058   662 0001:000AE067
   663 0001:000AE08A   667 0001:000AE090   670 0001:000AE09F   672 0001:000AE0A5
   675 0001:000AE0BA   677 0001:000AE0C9   678 0001:000AE0D6   682 0001:000AE0F2
   683 0001:000AE0FF   686 0001:000AE119   687 0001:000AE12B   691 0001:000AE13C
   692 0001:000AE149   693 0001:000AE163   694 0001:000AE183   697 0001:000AE192
   702 0001:000AE198   705 0001:000AE1A7   709 0001:000AE1B0   711 0001:000AE1BF
   712 0001:000AE1E2   715 0001:000AE1E8   717 0001:000AE1F4   719 0001:000AE212
   720 0001:000AE22C   722 0001:000AE246   723 0001:000AE260   725 0001:000AE27A
   726 0001:000AE294   728 0001:000AE2AB   729 0001:000AE2C5   732 0001:000AE2DC
   733 0001:000AE2F6   735 0001:000AE30B   737 0001:000AE319   744 0001:000AE320
   746 0001:000AE344   749 0001:000AE362   751 0001:000AE37C   752 0001:000AE393
   753 0001:000AE3BD   756 0001:000AE3DE   758 0001:000AE3F8   759 0001:000AE40F
   760 0001:000AE439   763 0001:000AE45A   765 0001:000AE474   766 0001:000AE48B
   767 0001:000AE4B5   770 0001:000AE4D6   772 0001:000AE4F4   773 0001:000AE50B
   774 0001:000AE535   779 0001:000AE553   780 0001:000AE56A   781 0001:000AE594
   783 0001:000AE5DA   787 0001:000AE7C4   789 0001:000AE7D3   790 0001:000AE7F6
   794 0001:000AE7FC   796 0001:000AE80B   798 0001:000AE831   800 0001:000AE856
   804 0001:000AE85C   806 0001:000AE86B   808 0001:000AE88E   812 0001:000AE894
   814 0001:000AE8A3   816 0001:000AE8A9   819 0001:000AE8BE   821 0001:000AE8CD
   822 0001:000AE8DA   826 0001:000AE8F6   827 0001:000AE903   830 0001:000AE91D
   831 0001:000AE92F   837 0001:000AE940   838 0001:000AE94D   839 0001:000AE967
   840 0001:000AE987   844 0001:000AE996   849 0001:000AE99C   853 0001:000AE9AB
   857 0001:000AE9B4   859 0001:000AE9C3   860 0001:000AE9E6   864 0001:000AE9EC
   866 0001:000AE9FB   867 0001:000AEA04   869 0001:000AEA1E   870 0001:000AEA31
   872 0001:000AEA3E   875 0001:000AEA44   876 0001:000AEA63   879 0001:000AEA9C
   882 0001:000AEAD5   885 0001:000AEB0E   887 0001:000AEB69   891 0001:000AEBB4
   893 0001:000AEBD7   894 0001:000AEC16   898 0001:000AEC20   900 0001:000AEC2F
   901 0001:000AEC46   905 0001:000AEC4C   907 0001:000AEC5B   908 0001:000AEC73
   911 0001:000AEC7C   912 0001:000AEC91   913 0001:000AECA2   916 0001:000AECB1
   918 0001:000AECBA   920 0001:000AECCB   924 0001:000AECD4   926 0001:000AECE3
   927 0001:000AECFB   929 0001:000AED04   930 0001:000AED1D   931 0001:000AED2E
   934 0001:000AED3D   935 0001:000AED46   936 0001:000AED57   940 0001:000AED60
   942 0001:000AED83   943 0001:000AEDC2   947 0001:000AEDCC   949 0001:000AEDDB
   950 0001:000AEDF2   954 0001:000AEDF8   956 0001:000AEE07   957 0001:000AEE1F
   959 0001:000AEE28   960 0001:000AEE41   961 0001:000AEE52   964 0001:000AEE61
   965 0001:000AEE6A   967 0001:000AEE7B   971 0001:000AEE84   973 0001:000AEEA7
   974 0001:000AEEE6   978 0001:000AEEF0   980 0001:000AEEFF   981 0001:000AEF16
   985 0001:000AEF1C   987 0001:000AEF3F   988 0001:000AEF7E   992 0001:000AEF88
   994 0001:000AEF97   995 0001:000AEFAE   999 0001:000AEFB4  1001 0001:000AEFC3
  1002 0001:000AEFDB  1004 0001:000AEFE4  1005 0001:000AEFFD  1006 0001:000AF00E
  1009 0001:000AF01D  1010 0001:000AF026  1012 0001:000AF037  1016 0001:000AF040
  1018 0001:000AF063  1019 0001:000AF0A2  1023 0001:000AF0AC  1025 0001:000AF0BB
  1026 0001:000AF0D2  1030 0001:000AF0D8  1032 0001:000AF0E7  1033 0001:000AF0FF
  1035 0001:000AF108  1036 0001:000AF121  1037 0001:000AF132  1040 0001:000AF141
  1041 0001:000AF14A  1043 0001:000AF15B  1047 0001:000AF164  1050 0001:000AF170
  1052 0001:000AF186  1053 0001:000AF197  1054 0001:000AF1AA  1055 0001:000AF1B7
  1056 0001:000AF1CA  1058 0001:000AF1D7  1062 0001:000AF1DC  1064 0001:000AF1E8
  1065 0001:000AF1F9  1067 0001:000AF20C  1068 0001:000AF21E  1069 0001:000AF233
  1071 0001:000AF248  1075 0001:000AF24C  1078 0001:000AF258  1079 0001:000AF26E
  1080 0001:000AF27F  1081 0001:000AF292  1082 0001:000AF29F  1083 0001:000AF2B2
  1097 0001:000AF2BF  1101 0001:000AF2C4  1103 0001:000AF2D0  1104 0001:000AF2E1
  1105 0001:000AF2F4  1106 0001:000AF30A  1107 0001:000AF32D  1109 0001:000AF346
  1113 0001:000AF368  1115 0001:000AF374  1116 0001:000AF38A  1117 0001:000AF39B
  1118 0001:000AF3AE  1119 0001:000AF3BB  1120 0001:000AF3CE  1122 0001:000AF3DB
  1126 0001:000AF3E0  1128 0001:000AF3EC  1129 0001:000AF402  1130 0001:000AF413
  1131 0001:000AF426  1132 0001:000AF433  1133 0001:000AF446  1135 0001:000AF453
  1139 0001:000AF458  1141 0001:000AF464  1142 0001:000AF47A  1143 0001:000AF48B
  1144 0001:000AF49E  1145 0001:000AF4AB  1146 0001:000AF4BE  1147 0001:000AF4CB
  1151 0001:000AF4D0  1153 0001:000AF4DC  1154 0001:000AF4ED  1155 0001:000AF500
  1156 0001:000AF516  1157 0001:000AF539  1159 0001:000AF552  1163 0001:000AF574
  1165 0001:000AF580  1166 0001:000AF591  1167 0001:000AF5A4  1168 0001:000AF5BA
  1169 0001:000AF5DD  1171 0001:000AF5F6  1175 0001:000AF618  1177 0001:000AF624
  1178 0001:000AF635  1179 0001:000AF648  1180 0001:000AF65E  1181 0001:000AF681
  1182 0001:000AF69A  1184 0001:000AF6E4  1184 0001:000AF6EB

Line numbers for dmImpostos(dmImpostos.pas) segment .text

   250 0001:000B1580   253 0001:000B15A5   257 0001:000B161B   261 0001:000B1665
   265 0001:000B16B5   269 0001:000B1705   273 0001:000B1755   277 0001:000B17A5
   281 0001:000B17F5   285 0001:000B1845   289 0001:000B1895   293 0001:000B18E5
   298 0001:000B196F   302 0001:000B19BF   306 0001:000B1A0F   307 0001:000B1A1D
   309 0001:000B1A2B   313 0001:000B1A7B   321 0001:000B1B32   324 0001:000B1B74
   325 0001:000B1B8F   326 0001:000B1B9C   327 0001:000B1BAA   328 0001:000B1BB8
   329 0001:000B1BC6   331 0001:000B1BEF   334 0001:000B1BF4   336 0001:000B1C00
   337 0001:000B1C0E   340 0001:000B1C14   342 0001:000B1C33   343 0001:000B1C54
   345 0001:000B1C6A   347 0001:000B1C7D   349 0001:000B1C90   350 0001:000B1CB0
   352 0001:000B1CC6   353 0001:000B1CD4   354 0001:000B1CE2   356 0001:000B1D20
   359 0001:000B1D58   361 0001:000B1D64   362 0001:000B1D72   365 0001:000B1D78
   367 0001:000B1D84   368 0001:000B1D92   371 0001:000B1D98   373 0001:000B1DA4
   374 0001:000B1DB2   377 0001:000B1DB8   379 0001:000B1DC4   380 0001:000B1DD2
   381 0001:000B1DE0   382 0001:000B1E01   385 0001:000B1E08   387 0001:000B1E14
   388 0001:000B1E35   409 0001:000B1E3C   410 0001:000B1E68   412 0001:000B1E8A
   414 0001:000B1E94   416 0001:000B1E9C   419 0001:000B1EC9   422 0001:000B1EF6
   426 0001:000B1F23   429 0001:000B1F5F   432 0001:000B1F9B   435 0001:000B1FD7
   438 0001:000B2013   441 0001:000B204F   444 0001:000B208B   447 0001:000B20C7
   450 0001:000B2103   453 0001:000B213F   456 0001:000B217B   459 0001:000B21C3
   462 0001:000B220B   484 0001:000B227F   506 0001:000B22F0   508 0001:000B2335
   510 0001:000B233B   512 0001:000B2363   514 0001:000B237E   516 0001:000B238F
   518 0001:000B23A2   522 0001:000B23B3   524 0001:000B23BD   526 0001:000B23D6
   529 0001:000B23FE   532 0001:000B2428   537 0001:000B249A   539 0001:000B24B5
   540 0001:000B24C6   542 0001:000B24DE   544 0001:000B2508   548 0001:000B254A
   550 0001:000B2565   551 0001:000B2576   558 0001:000B25CE   579 0001:000B2958
   583 0001:000B2964   586 0001:000B2968   587 0001:000B2982   594 0001:000B29DE
   595 0001:000B29EC   599 0001:000B2A0A   600 0001:000B2A18   602 0001:000B2A3D
   607 0001:000B2A50   608 0001:000B2A5E   609 0001:000B2A6F   610 0001:000B2A7D
   611 0001:000B2A8E   616 0001:000B2AC1   620 0001:000B2AC8   622 0001:000B2AD4
   624 0001:000B2AE2   627 0001:000B2AE8   629 0001:000B2AF4   631 0001:000B2B02
   634 0001:000B2B08   636 0001:000B2B14   638 0001:000B2B22   641 0001:000B2B28
   643 0001:000B2B34   645 0001:000B2B42   648 0001:000B2B48   650 0001:000B2B54
   652 0001:000B2B62   655 0001:000B2B68   657 0001:000B2B74   659 0001:000B2B82
   662 0001:000B2B88   664 0001:000B2B94   666 0001:000B2BA2   669 0001:000B2BA8
   671 0001:000B2BB4   673 0001:000B2BC2   676 0001:000B2BC8   678 0001:000B2BD4
   680 0001:000B2BE2   683 0001:000B2BE8   685 0001:000B2BF4   687 0001:000B2C02
   690 0001:000B2C08   692 0001:000B2C14   694 0001:000B2C22   698 0001:000B2C28
   700 0001:000B2C34   702 0001:000B2C42   705 0001:000B2C48   707 0001:000B2C6A
   709 0001:000B2C8E   710 0001:000B2CA1   711 0001:000B2CC5   712 0001:000B2CE9
   715 0001:000B2D0F   717 0001:000B2D2F   718 0001:000B2D42   719 0001:000B2D63
   720 0001:000B2D84   723 0001:000B2DCA   725 0001:000B2EA0   725 0001:000B2EA7

Line numbers for fmImpostos(fmImpostos.pas) segment .text

   158 0001:000B3BF0   159 0001:000B3C0B   160 0001:000B3C18   161 0001:000B3C2F
   163 0001:000B3C44   164 0001:000B3C54   170 0001:000B3C8B   173 0001:000B3C90
   176 0001:000B3C9C   179 0001:000B3CB1   182 0001:000B3CB8   184 0001:000B3CC4
   185 0001:000B3CDE   187 0001:000B3CF4   191 0001:000B3CF8   193 0001:000B3D07
   194 0001:000B3D0D   198 0001:000B3D14   200 0001:000B3D23   201 0001:000B3D29
   205 0001:000B3D30   208 0001:000B3D3F   212 0001:000B3D48   215 0001:000B3D57
   219 0001:000B3D60   222 0001:000B3D6F   225 0001:000B3D78   226 0001:000B3D96
   227 0001:000B3DB3   229 0001:000B3E27   232 0001:000B3E44   234 0001:000B3E50
   235 0001:000B3E65   238 0001:000B3E6C   240 0001:000B3E78   241 0001:000B3E8D
   245 0001:000B3E94   247 0001:000B3EA0   248 0001:000B3EB5   252 0001:000B3EBC
   254 0001:000B3EC8   255 0001:000B3EDD   259 0001:000B3EE4   261 0001:000B3EF4
   263 0001:000B3F01   264 0001:000B3F21   266 0001:000B3F48   267 0001:000B3F68
   269 0001:000B3F8C   271 0001:000B3FAC   272 0001:000B3FCE   275 0001:000B3FF0
   279 0001:000B405C   281 0001:000B406B   282 0001:000B4083   283 0001:000B408C
   285 0001:000B409A   289 0001:000B40A0   293 0001:000B40AF   297 0001:000B40B8
   302 0001:000B40C7   306 0001:000B40D0   309 0001:000B40DF   313 0001:000B40E8
   315 0001:000B40F7   316 0001:000B410E   320 0001:000B4114   323 0001:000B4123
   329 0001:000B412C   331 0001:000B4160   332 0001:000B4164   333 0001:000B4196
   335 0001:000B41BF   338 0001:000B41D8   339 0001:000B41E1   349 0001:000B425E
   353 0001:000B4264   355 0001:000B4273   356 0001:000B4293   358 0001:000B42A5
   359 0001:000B42C5   361 0001:000B42D7   362 0001:000B42F7   364 0001:000B4309
   365 0001:000B4329   367 0001:000B433B   368 0001:000B435B   370 0001:000B436D
   371 0001:000B438D   373 0001:000B439C   374 0001:000B43BC   376 0001:000B43CB
   377 0001:000B43EB   378 0001:000B43F8   383 0001:000B48F0   385 0001:000B4901
   386 0001:000B491D   390 0001:000B4924   393 0001:000B4933   394 0001:000B4953
   396 0001:000B4965   397 0001:000B4985   399 0001:000B4997   400 0001:000B49B7
   402 0001:000B49C9   403 0001:000B49E9   405 0001:000B49FB   406 0001:000B4A1B
   408 0001:000B4A2D   409 0001:000B4A4D   411 0001:000B4A5F   412 0001:000B4A7F
   414 0001:000B4A91   415 0001:000B4AB1   417 0001:000B4AC3   418 0001:000B4AE3
   420 0001:000B4AF5   421 0001:000B4B15   423 0001:000B4B27   424 0001:000B4B47
   426 0001:000B4B59   427 0001:000B4B79   429 0001:000B4B8B   430 0001:000B4BAB
   432 0001:000B4BBD   433 0001:000B4BDD   435 0001:000B4BEF   436 0001:000B4C0F
   438 0001:000B4C21   439 0001:000B4C41   441 0001:000B4C53   442 0001:000B4C73
   444 0001:000B4C85   445 0001:000B4CA5   447 0001:000B4CB7   448 0001:000B4CD7
   450 0001:000B4CE9   451 0001:000B4D09   453 0001:000B4D1B   454 0001:000B4D3B
   456 0001:000B4D4D   457 0001:000B4D6D   459 0001:000B4D7F   460 0001:000B4D9F
   462 0001:000B4DB1   463 0001:000B4DD1   465 0001:000B4DE3   466 0001:000B4E03
   468 0001:000B4E15   469 0001:000B4E35   471 0001:000B4E47   472 0001:000B4E67
   474 0001:000B4E79   475 0001:000B4E99   477 0001:000B4EAB   478 0001:000B4ECB
   480 0001:000B4EDD   481 0001:000B4EFD   483 0001:000B4F0F   484 0001:000B4F2F
   486 0001:000B4F41   487 0001:000B4F61   489 0001:000B4F73   490 0001:000B4F93
   492 0001:000B4FA5   493 0001:000B4FC5   495 0001:000B4FD7   496 0001:000B4FF7
   498 0001:000B5006   499 0001:000B5026   501 0001:000B5035   502 0001:000B5055
   504 0001:000B5062   511 0001:000B61CC   538 0001:000B61E7   547 0001:000B61F0
   549 0001:000B6216   552 0001:000B6227   556 0001:000B6231   565 0001:000B6242
   573 0001:000B62B2   575 0001:000B62B8   576 0001:000B62C5   577 0001:000B62D2
   579 0001:000B6302   589 0001:000B6324   591 0001:000B634A   594 0001:000B635B
   598 0001:000B6365   607 0001:000B6376   623 0001:000B63E6   625 0001:000B63EC
   626 0001:000B63F9   627 0001:000B6406   630 0001:000B6436   636 0001:000B6458
   639 0001:000B647C   640 0001:000B64B8   641 0001:000B64DA   642 0001:000B64E0
   644 0001:000B650E   645 0001:000B654A   646 0001:000B656C   647 0001:000B6572
   649 0001:000B65A0   650 0001:000B65DC   651 0001:000B65FE   652 0001:000B6604
   655 0001:000B6632   656 0001:000B663E   657 0001:000B664F   659 0001:000B66B2
   665 0001:000B66F8   668 0001:000B6723   670 0001:000B6733   671 0001:000B6756
   672 0001:000B6779   673 0001:000B67A7   676 0001:000B680A   682 0001:000B6840
   699 0001:000B6880   705 0001:000B6888   716 0001:000B68C8   720 0001:000B68D0
   722 0001:000B68EF   724 0001:000B6924   726 0001:000B6936   727 0001:000B6949
   728 0001:000B695A   733 0001:000B696D   735 0001:000B697C   736 0001:000B698C
   737 0001:000B699D   742 0001:000B69CB   744 0001:000B6A00   744 0001:000B6A07

Line numbers for rgadminsistema(rgadminsistema.pas) segment .text

    25 0001:000B6A38    26 0001:000B6A4E    45 0001:000B6BA0

Line numbers for dmcadastrotransportadores(dmcadastrotransportadores.pas) segment .text

    71 0001:000B6FFC    72 0001:000B7017    73 0001:000B7024    74 0001:000B7032
    75 0001:000B705D    78 0001:000B7064    79 0001:000B7083    81 0001:000B70C2
    82 0001:000B70D4    84 0001:000B70E4    85 0001:000B70F5    86 0001:000B7110
    89 0001:000B7116    90 0001:000B7142    93 0001:000B7160    94 0001:000B717C
    95 0001:000B7180    97 0001:000B71A2    99 0001:000B71B4   100 0001:000B71C2
   101 0001:000B71E3   103 0001:000B71F1   104 0001:000B7208   105 0001:000B721E
   106 0001:000B722F   107 0001:000B724A   109 0001:000B726E   112 0001:000B7284
   113 0001:000B72B1   114 0001:000B72F5   117 0001:000B72FC   118 0001:000B7305
   119 0001:000B7313   120 0001:000B7329   121 0001:000B7330   124 0001:000B7340
   125 0001:000B7367   126 0001:000B73CB   129 0001:000B73D4   130 0001:000B73DD
   131 0001:000B73EC   134 0001:000B73F0   135 0001:000B73F9   136 0001:000B7408
   139 0001:000B740C   140 0001:000B7418   141 0001:000B7429   144 0001:000B7430
   145 0001:000B743C   146 0001:000B744D   148 0001:000B7484   148 0001:000B748B

Line numbers for fmcadastrotransportadores(fmcadastrotransportadores.pas) segment .text

    61 0001:000B7828    62 0001:000B7843    63 0001:000B785A    64 0001:000B7867
    65 0001:000B787D    66 0001:000B78B1    69 0001:000B78C4    70 0001:000B78D5
    71 0001:000B78DE    72 0001:000B78EC    73 0001:000B7901    76 0001:000B7908
    77 0001:000B792D    78 0001:000B7970    79 0001:000B799E    82 0001:000B79A4
    83 0001:000B79E3    84 0001:000B7A33    87 0001:000B7A3C    89 0001:000B7A5B
    90 0001:000B7A65    91 0001:000B7AA8    94 0001:000B7AAC    95 0001:000B7AB5
    96 0001:000B7AC0    97 0001:000B7ACA    98 0001:000B7AD0   100 0001:000B7ADF
   103 0001:000B7AE4   104 0001:000B7B06   105 0001:000B7B0A   106 0001:000B7B4D
   107 0001:000B7B5F   108 0001:000B7B6A   110 0001:000B7B9F   113 0001:000B7BA4
   114 0001:000B7BAD   115 0001:000B7BB8   116 0001:000B7BC2   117 0001:000B7BC8
   118 0001:000B7BD4   120 0001:000B7BE8   123 0001:000B7BEC   124 0001:000B7C0E
   125 0001:000B7C13   127 0001:000B7C1D   128 0001:000B7C2E   129 0001:000B7C3E
   130 0001:000B7C44   131 0001:000B7C50   133 0001:000B7C81   136 0001:000B7CA0
   137 0001:000B7CA9   138 0001:000B7CBA   139 0001:000B7CC7   142 0001:000B7CCC
   143 0001:000B7CD5   144 0001:000B7CE7   146 0001:000B7D1C   146 0001:000B7D23

Line numbers for adminsistema(C:\projetos.vcl\apps\adminsistema\adminsistema.dpk) segment .text

   150 0001:000BB664

Bound resource files

dmcadastrobancos.dfm
fmcadastrocontas.dfm
fmcadastroagencias.dfm
fmcadastrobancos.dfm
dmcadastroenderecos.dfm
dmconversaocep.dfm
fmconversaoruas.dfm
fmconversaocidades.dfm
fmcadastroenderecos.dfm
fmcadastrohistoricosevento.dfm
fmcadastroeventos.dfm
dmcadastroeventos.dfm
dmcadastrocategorias.dfm
fmcadastrocategorias.dfm
dmcadastrosinternos.dfm
fmcadastroseriesfiliais.dfm
fmcadastrofatoresprecosfilial.dfm
fmcadastrofiliais.dfm
dmcadastrogrupofiliais.dfm
fmcadastrofiliaisgrupofiliais.dfm
fmcadastrogrupofiliais.dfm
fmcadastrogruposusuarios.dfm
dmcadastrohistoricos.dfm
fmimpressaohistoricos.dfm
fmcadastrohistoricos.dfm
dmcadastroplanospagamentos.dfm
fmcadastrogruposplanopagamento.dfm
fmcadastroclassesplanopagamento.dfm
fmcadastroplanospagamentos.dfm
dmcadastrotabelascrediario.dfm
fmcadastroagentestiposcartas.dfm
fmcadastroconceitostiposcartas.dfm
fmcadastroprodutoscargos.dfm
fmcadastrocontastiposrecebimentos.dfm
fmcadastrotabelascrediario.dfm
fmcadastrocomissoesvendasusuarios.dfm
fmcadastrometasusuarios.dfm
fmcadastrocomissoescobrancausuarios.dfm
fmcadastrosetoresusuarios.dfm
fmcadastrocomissoesusuariosgrupos.dfm
fmcadastrocomissoesusuariosclasses.dfm
fmcadastrousuariosfiliais.dfm
fmcadastrousuarios.dfm
dmparametrossistema.dfm
fmparametrossistema.dfm
dmcomissaocobradores.dfm
fmcomissaocobradores.dfm
dmcomissaovendedores.dfm
fmcomissaovendedores.dfm
dmcomissaovendedorespagtoparcelas.dfm
fmcomissaovendedorespagtoparcelas.dfm
dmcadastrologotipos.dfm
fmcadastrologotipos.dfm
dmcadastroservicos.dfm
fmcadastroservicos.dfm
dmmanutencaoacessos.dfm
fmmanutencaoacessos.dfm
fmconfiguracaosistema.dfm
dmparametroscredito.dfm
fmparametroscredito.dfm
dmmemoriacredito.dfm
fmmemoriacredito.dfm
dmlogprodutos.dfm
fmlogprodutos.dfm
dmexportacaodados.dfm
fmexportacaodados.dfm
fmAtualizarMVAs.dfm
dmNCM.dfm
fmNCM.dfm
fmMonitoraBancoDados.dfm
fmquestionarios.dfm
dmManutencaoObservacoesVenda.dfm
fmManutencaoObservacoesVenda.dfm
dmImpostos.dfm
fmImpostos.dfm
dmcadastrotransportadores.dfm
fmcadastrotransportadores.dfm
adminsistema.res
adminsistema.drf


Program entry point at 0001:000BB664
