
 Start         Length     Name                   Class
 0001:00000000 000063C4H .text                   CODE
 0002:00000000 00000E9CH .data                   DATA
 0002:00000E9C 00000051H .bss                    BSS


Detailed map of segments

 0001:00000000 0000016E C=CODE     S=.text    G=(none)   M=System   ACBP=A9
 0001:00000170 00000090 C=CODE     S=.text    G=(none)   M=SysInit  ACBP=A9
 0001:00000200 00000146 C=CODE     S=.text    G=(none)   M=Forms    ACBP=A9
 0001:00000348 0000000E C=CODE     S=.text    G=(none)   M=HelpIntfs ACBP=A9
 0001:00000358 0000008E C=CODE     S=.text    G=(none)   M=Classes  ACBP=A9
 0001:000003E8 0000000E C=CODE     S=.text    G=(none)   M=ActiveX  ACBP=A9
 0001:000003F8 00000048 C=CODE     S=.text    G=(none)   M=Windows  ACBP=A9
 0001:00000440 0000000E C=CODE     S=.text    G=(none)   M=Types    ACBP=A9
 0001:00000450 00000038 C=CODE     S=.text    G=(none)   M=Messages ACBP=A9
 0001:00000488 0000000E C=CODE     S=.text    G=(none)   M=TypInfo  ACBP=A9
 0001:00000498 0000004E C=CODE     S=.text    G=(none)   M=SysUtils ACBP=A9
 0001:000004E8 0000000E C=CODE     S=.text    G=(none)   M=SysConst ACBP=A9
 0001:000004F8 0000000E C=CODE     S=.text    G=(none)   M=Variants ACBP=A9
 0001:00000508 0000000E C=CODE     S=.text    G=(none)   M=VarUtils ACBP=A9
 0001:00000518 0000000E C=CODE     S=.text    G=(none)   M=RTLConsts ACBP=A9
 0001:00000528 0000000E C=CODE     S=.text    G=(none)   M=Contnrs  ACBP=A9
 0001:00000538 00000016 C=CODE     S=.text    G=(none)   M=Math     ACBP=A9
 0001:00000550 0000000E C=CODE     S=.text    G=(none)   M=MultiMon ACBP=A9
 0001:00000560 0000000E C=CODE     S=.text    G=(none)   M=ActnList ACBP=A9
 0001:00000570 0000000E C=CODE     S=.text    G=(none)   M=ImgList  ACBP=A9
 0001:00000580 00000038 C=CODE     S=.text    G=(none)   M=CommCtrl ACBP=A9
 0001:000005B8 0000006E C=CODE     S=.text    G=(none)   M=Graphics ACBP=A9
 0001:00000628 0000000E C=CODE     S=.text    G=(none)   M=Consts   ACBP=A9
 0001:00000638 000000F6 C=CODE     S=.text    G=(none)   M=Controls ACBP=A9
 0001:00000730 00000038 C=CODE     S=.text    G=(none)   M=Imm      ACBP=A9
 0001:00000768 0000000E C=CODE     S=.text    G=(none)   M=Menus    ACBP=A9
 0001:00000778 0000000E C=CODE     S=.text    G=(none)   M=Themes   ACBP=A9
 0001:00000788 0000000E C=CODE     S=.text    G=(none)   M=UxTheme  ACBP=A9
 0001:00000798 0000000E C=CODE     S=.text    G=(none)   M=SyncObjs ACBP=A9
 0001:000007A8 0000000E C=CODE     S=.text    G=(none)   M=ComCtrls ACBP=A9
 0001:000007B8 00000038 C=CODE     S=.text    G=(none)   M=ShlObj   ACBP=A9
 0001:000007F0 00000038 C=CODE     S=.text    G=(none)   M=UrlMon   ACBP=A9
 0001:00000828 00000038 C=CODE     S=.text    G=(none)   M=WinInet  ACBP=A9
 0001:00000860 00000038 C=CODE     S=.text    G=(none)   M=RegStr   ACBP=A9
 0001:00000898 00000038 C=CODE     S=.text    G=(none)   M=ShellAPI ACBP=A9
 0001:000008D0 0000000E C=CODE     S=.text    G=(none)   M=ListActns ACBP=A9
 0001:000008E0 0000001E C=CODE     S=.text    G=(none)   M=ExtCtrls ACBP=A9
 0001:00000900 0000000E C=CODE     S=.text    G=(none)   M=StdCtrls ACBP=A9
 0001:00000910 0000000E C=CODE     S=.text    G=(none)   M=WinHelpViewer ACBP=A9
 0001:00000920 0000000E C=CODE     S=.text    G=(none)   M=StdActns ACBP=A9
 0001:00000930 00000016 C=CODE     S=.text    G=(none)   M=Dialogs  ACBP=A9
 0001:00000948 00000036 C=CODE     S=.text    G=(none)   M=Printers ACBP=A9
 0001:00000980 00000038 C=CODE     S=.text    G=(none)   M=WinSpool ACBP=A9
 0001:000009B8 00000038 C=CODE     S=.text    G=(none)   M=CommDlg  ACBP=A9
 0001:000009F0 00000038 C=CODE     S=.text    G=(none)   M=Dlgs     ACBP=A9
 0001:00000A28 0000000E C=CODE     S=.text    G=(none)   M=StrUtils ACBP=A9
 0001:00000A38 0000000E C=CODE     S=.text    G=(none)   M=Clipbrd  ACBP=A9
 0001:00000A48 0000000E C=CODE     S=.text    G=(none)   M=FlatSB   ACBP=A9
 0001:00000A58 0000000E C=CODE     S=.text    G=(none)   M=ToolWin  ACBP=A9
 0001:00000A68 00000038 C=CODE     S=.text    G=(none)   M=RichEdit ACBP=A9
 0001:00000AA0 0000000E C=CODE     S=.text    G=(none)   M=ExtActns ACBP=A9
 0001:00000AB0 0000000E C=CODE     S=.text    G=(none)   M=Registry ACBP=A9
 0001:00000AC0 0000000E C=CODE     S=.text    G=(none)   M=IniFiles ACBP=A9
 0001:00000AD0 0000000E C=CODE     S=.text    G=(none)   M=ExtDlgs  ACBP=A9
 0001:00000AE0 0000000E C=CODE     S=.text    G=(none)   M=Buttons  ACBP=A9
 0001:00000AF0 0000000E C=CODE     S=.text    G=(none)   M=Mapi     ACBP=A9
 0001:00000B00 0000000E C=CODE     S=.text    G=(none)   M=ComStrs  ACBP=A9
 0001:00000B10 000001B4 C=CODE     S=.text    G=(none)   M=bcchksum ACBP=A9
 0001:00000CC4 000048BC C=CODE     S=.text    G=(none)   M=Barcode  ACBP=A9
 0001:00005580 00000154 C=CODE     S=.text    G=(none)   M=Barcode2 ACBP=A9
 0001:000056D4 00000A88 C=CODE     S=.text    G=(none)   M=main     ACBP=A9
 0001:0000615C 00000265 C=CODE     S=.text    G=(none)   M=bctest   ACBP=A9
 0002:00000000 0000001C C=DATA     S=.data    G=DGROUP   M=SysInit  ACBP=A9
 0002:0000001C 00000E78 C=DATA     S=.data    G=DGROUP   M=Barcode  ACBP=A9
 0002:00001000 00000008 C=BSS      S=.bss     G=DGROUP   M=SysInit  ACBP=A9
 0002:00001008 00000004 C=BSS      S=.bss     G=DGROUP   M=Windows  ACBP=A9
 0002:0000100C 00000004 C=BSS      S=.bss     G=DGROUP   M=Messages ACBP=A9
 0002:00001010 00000004 C=BSS      S=.bss     G=DGROUP   M=CommCtrl ACBP=A9
 0002:00001014 00000004 C=BSS      S=.bss     G=DGROUP   M=Imm      ACBP=A9
 0002:00001018 00000004 C=BSS      S=.bss     G=DGROUP   M=ShlObj   ACBP=A9
 0002:0000101C 00000004 C=BSS      S=.bss     G=DGROUP   M=UrlMon   ACBP=A9
 0002:00001020 00000004 C=BSS      S=.bss     G=DGROUP   M=WinInet  ACBP=A9
 0002:00001024 00000004 C=BSS      S=.bss     G=DGROUP   M=RegStr   ACBP=A9
 0002:00001028 00000004 C=BSS      S=.bss     G=DGROUP   M=ShellAPI ACBP=A9
 0002:0000102C 00000004 C=BSS      S=.bss     G=DGROUP   M=WinSpool ACBP=A9
 0002:00001030 00000004 C=BSS      S=.bss     G=DGROUP   M=CommDlg  ACBP=A9
 0002:00001034 00000004 C=BSS      S=.bss     G=DGROUP   M=Dlgs     ACBP=A9
 0002:00001038 00000004 C=BSS      S=.bss     G=DGROUP   M=RichEdit ACBP=A9
 0002:0000103C 00000004 C=BSS      S=.bss     G=DGROUP   M=bcchksum ACBP=A9
 0002:00001040 00000004 C=BSS      S=.bss     G=DGROUP   M=Barcode  ACBP=A9
 0002:00001044 00000004 C=BSS      S=.bss     G=DGROUP   M=Barcode2 ACBP=A9
 0002:00001048 00000008 C=BSS      S=.bss     G=DGROUP   M=main     ACBP=A9


  Address         Publics by Name

 0002:00001020       .1
 0002:0000101C       .1
 0002:00001004       .1
 0002:00001044       .1
 0002:00001024       .1
 0002:00001018       .1
 0002:00001028       .1
 0002:00001014       .1
 0002:00001010       .1
 0002:00001030       .1
 0002:0000103C       .1
 0002:0000100C       .1
 0002:00001038       .1
 0002:00001034       .1
 0002:0000104C       .2
 0002:00001040       .2
 0002:00001008       .3
 0002:0000102C       .3
 0001:00000184       @InitExe
 0001:00005578       Barcode
 0001:000056CC       Barcode2
 0001:00000CBC       bcchksum
 0002:0000001C       BCdata
 0001:0000637C       bctest
 0001:00000B10       CheckSumModulo10
 0002:000003CC       code39x
 0002:00000B6C       code93x
 0001:000005B0       CommCtrl
 0001:000009E8       CommDlg
 0001:00001400       Convert
 0001:00005660       ConvertInchToPixelsY
 0001:000055C0       ConvertMmToPixelsX
 0001:00005610       ConvertMmToPixelsY
 0001:00000A20       Dlgs
 0001:00000730       Finalization
 0001:00000898       Finalization
 0001:00000580       Finalization
 0001:00000980       Finalization
 0001:000054F4       Finalization
 0001:000009B8       Finalization
 0001:00000450       Finalization
 0001:00006124       Finalization
 0001:000009F0       Finalization
 0001:00000408       Finalization
 0001:00000A68       Finalization
 0001:0000569C       Finalization
 0001:0000615C       Finalization
 0001:000001C8       Finalization
 0001:00000C8C       Finalization
 0001:00000860       Finalization
 0001:000007B8       Finalization
 0001:000007F0       Finalization
 0001:00000828       Finalization
 0001:00002B40       FindIdx
 0001:00003C34       Find_Codabar
 0001:00002EF0       Find_Code128AB
 0001:00002F78       Find_Code128C
 0001:000034D0       Find_Code93
 0002:00001048       Form1
 0001:00000400       GetDeviceCaps
 0001:00000170       GetModuleHandle
 0001:00005580       GetPrinterRes
 0001:0000443C       getSupp
 0002:00001000       HInstance
 0001:00000760       Imm
 0001:00000178       InitializeModule
 0001:00006154       main
 0001:00000480       Messages
 0002:00000004       Module
 0001:00001494       quersumme
 0001:00000890       RegStr
 0001:00000A98       RichEdit
 0001:000014E0       Rotate2D
 0001:000008C8       ShellAPI
 0001:000007E8       ShlObj
 0001:000001F8       SysInit
 0002:0000054C       tabelle_128
 0002:00000188       tabelle_2_5
 0002:000001BC       tabelle_39
 0002:00000A20       tabelle_93
 0002:00000DB8       tabelle_cb
 0002:000000D4       tabelle_EAN_A
 0002:00000124       tabelle_EAN_B
 0002:000000FC       tabelle_EAN_C
 0002:00000CEC       tabelle_MSI
 0002:0000014C       tabelle_ParityEAN13
 0002:00000D48       tabelle_PostNet
 0002:00000E58       tabelle_UPC_E0
 0001:00001854       TAsBarcode.Assign
 0001:00003018       TAsBarcode.Code_128
 0001:000028BC       TAsBarcode.Code_2_5_industrial
 0001:000026E8       TAsBarcode.Code_2_5_interleaved
 0001:000029D8       TAsBarcode.Code_2_5_matrix
 0001:00002B90       TAsBarcode.Code_39
 0001:00002DE0       TAsBarcode.Code_39Extended
 0001:00003520       TAsBarcode.Code_93
 0001:00003838       TAsBarcode.Code_93Extended
 0001:00003C7C       TAsBarcode.Code_Codabar
 0001:00002408       TAsBarcode.Code_EAN13
 0001:00002174       TAsBarcode.Code_EAN8
 0001:00003948       TAsBarcode.Code_MSI
 0001:00003B48       TAsBarcode.Code_PostNet
 0001:0000481C       TAsBarcode.Code_Supp2
 0001:000045D4       TAsBarcode.Code_Supp5
 0001:00003E54       TAsBarcode.Code_UPC_A
 0001:00003FF4       TAsBarcode.Code_UPC_E0
 0001:00004218       TAsBarcode.Code_UPC_E1
 0001:00001760       TAsBarcode.Create
 0001:00001818       TAsBarcode.Destroy
 0001:000052CC       TAsBarcode.DoChange
 0001:00001FF8       TAsBarcode.DoCheckSumming
 0001:00004C08       TAsBarcode.DoLines
 0001:00004EEC       TAsBarcode.DrawBarcode
 0001:00005018       TAsBarcode.DrawText
 0001:00001960       TAsBarcode.GetTypText
 0001:00001E8C       TAsBarcode.GetWidth
 0001:00001B9C       TAsBarcode.MakeData
 0001:00004AA0       TAsBarcode.MakeModules
 0001:000019B8       TAsBarcode.OneBarProps
 0001:00005350       TAsBarcode.SetAngle
 0001:00005440       TAsBarcode.SetCheckSum
 0001:0000546C       TAsBarcode.SetHeight
 0001:00005414       TAsBarcode.SetLeft
 0001:00003DD8       TAsBarcode.SetLen
 0001:00001988       TAsBarcode.SetModul
 0001:000052F0       TAsBarcode.SetRatio
 0001:000053BC       TAsBarcode.SetShowText
 0001:00005498       TAsBarcode.SetShowTextFont
 0001:000054C0       TAsBarcode.SetShowTextPosition
 0001:00005384       TAsBarcode.SetText
 0001:000053E8       TAsBarcode.SetTop
 0001:00005324       TAsBarcode.SetTyp
 0001:00001F30       TAsBarcode.SetWidth
 0001:00005FFC       TForm1.Barcode1Change
 0001:000060A0       TForm1.BtnFontClick
 0001:00005CCC       TForm1.Button1Click
 0001:00005ED4       TForm1.Button2Click
 0001:00005D18       TForm1.CBCheckSumClick
 0001:00005BB8       TForm1.ComboBox1Click
 0001:00005CE4       TForm1.ComboBox2Click
 0001:000060F0       TForm1.ComboBox3Change
 0001:0000603C       TForm1.Edit1Change
 0001:00005BEC       TForm1.Edit2Change
 0001:00005EF8       TForm1.EditWidthEnter
 0001:00005F60       TForm1.EditWidthExit
 0001:00005A90       TForm1.FormCreate
 0001:00005C94       TForm1.Image1MouseDown
 0001:00005B60       TForm1.Label2Click
 0001:00005D4C       TForm1.print_demo
 0002:00000000       TlsIndex
 0001:00001574       Translate2D
 0001:000015B8       TranslateQuad2D
 0001:00000820       UrlMon
 0001:00000438       Windows
 0001:000003F8       WinExec
 0001:00000858       WinInet
 0001:000009B0       WinSpool


  Address         Publics by Value

 0001:00000170       GetModuleHandle
 0001:00000178       InitializeModule
 0001:00000184       @InitExe
 0001:000001C8       Finalization
 0001:000001F8       SysInit
 0001:000003F8       WinExec
 0001:00000400       GetDeviceCaps
 0001:00000408       Finalization
 0001:00000438       Windows
 0001:00000450       Finalization
 0001:00000480       Messages
 0001:00000580       Finalization
 0001:000005B0       CommCtrl
 0001:00000730       Finalization
 0001:00000760       Imm
 0001:000007B8       Finalization
 0001:000007E8       ShlObj
 0001:000007F0       Finalization
 0001:00000820       UrlMon
 0001:00000828       Finalization
 0001:00000858       WinInet
 0001:00000860       Finalization
 0001:00000890       RegStr
 0001:00000898       Finalization
 0001:000008C8       ShellAPI
 0001:00000980       Finalization
 0001:000009B0       WinSpool
 0001:000009B8       Finalization
 0001:000009E8       CommDlg
 0001:000009F0       Finalization
 0001:00000A20       Dlgs
 0001:00000A68       Finalization
 0001:00000A98       RichEdit
 0001:00000B10       CheckSumModulo10
 0001:00000C8C       Finalization
 0001:00000CBC       bcchksum
 0001:00001400       Convert
 0001:00001494       quersumme
 0001:000014E0       Rotate2D
 0001:00001574       Translate2D
 0001:000015B8       TranslateQuad2D
 0001:00001760       TAsBarcode.Create
 0001:00001818       TAsBarcode.Destroy
 0001:00001854       TAsBarcode.Assign
 0001:00001960       TAsBarcode.GetTypText
 0001:00001988       TAsBarcode.SetModul
 0001:000019B8       TAsBarcode.OneBarProps
 0001:00001B9C       TAsBarcode.MakeData
 0001:00001E8C       TAsBarcode.GetWidth
 0001:00001F30       TAsBarcode.SetWidth
 0001:00001FF8       TAsBarcode.DoCheckSumming
 0001:00002174       TAsBarcode.Code_EAN8
 0001:00002408       TAsBarcode.Code_EAN13
 0001:000026E8       TAsBarcode.Code_2_5_interleaved
 0001:000028BC       TAsBarcode.Code_2_5_industrial
 0001:000029D8       TAsBarcode.Code_2_5_matrix
 0001:00002B40       FindIdx
 0001:00002B90       TAsBarcode.Code_39
 0001:00002DE0       TAsBarcode.Code_39Extended
 0001:00002EF0       Find_Code128AB
 0001:00002F78       Find_Code128C
 0001:00003018       TAsBarcode.Code_128
 0001:000034D0       Find_Code93
 0001:00003520       TAsBarcode.Code_93
 0001:00003838       TAsBarcode.Code_93Extended
 0001:00003948       TAsBarcode.Code_MSI
 0001:00003B48       TAsBarcode.Code_PostNet
 0001:00003C34       Find_Codabar
 0001:00003C7C       TAsBarcode.Code_Codabar
 0001:00003DD8       TAsBarcode.SetLen
 0001:00003E54       TAsBarcode.Code_UPC_A
 0001:00003FF4       TAsBarcode.Code_UPC_E0
 0001:00004218       TAsBarcode.Code_UPC_E1
 0001:0000443C       getSupp
 0001:000045D4       TAsBarcode.Code_Supp5
 0001:0000481C       TAsBarcode.Code_Supp2
 0001:00004AA0       TAsBarcode.MakeModules
 0001:00004C08       TAsBarcode.DoLines
 0001:00004EEC       TAsBarcode.DrawBarcode
 0001:00005018       TAsBarcode.DrawText
 0001:000052CC       TAsBarcode.DoChange
 0001:000052F0       TAsBarcode.SetRatio
 0001:00005324       TAsBarcode.SetTyp
 0001:00005350       TAsBarcode.SetAngle
 0001:00005384       TAsBarcode.SetText
 0001:000053BC       TAsBarcode.SetShowText
 0001:000053E8       TAsBarcode.SetTop
 0001:00005414       TAsBarcode.SetLeft
 0001:00005440       TAsBarcode.SetCheckSum
 0001:0000546C       TAsBarcode.SetHeight
 0001:00005498       TAsBarcode.SetShowTextFont
 0001:000054C0       TAsBarcode.SetShowTextPosition
 0001:000054F4       Finalization
 0001:00005578       Barcode
 0001:00005580       GetPrinterRes
 0001:000055C0       ConvertMmToPixelsX
 0001:00005610       ConvertMmToPixelsY
 0001:00005660       ConvertInchToPixelsY
 0001:0000569C       Finalization
 0001:000056CC       Barcode2
 0001:00005A90       TForm1.FormCreate
 0001:00005B60       TForm1.Label2Click
 0001:00005BB8       TForm1.ComboBox1Click
 0001:00005BEC       TForm1.Edit2Change
 0001:00005C94       TForm1.Image1MouseDown
 0001:00005CCC       TForm1.Button1Click
 0001:00005CE4       TForm1.ComboBox2Click
 0001:00005D18       TForm1.CBCheckSumClick
 0001:00005D4C       TForm1.print_demo
 0001:00005ED4       TForm1.Button2Click
 0001:00005EF8       TForm1.EditWidthEnter
 0001:00005F60       TForm1.EditWidthExit
 0001:00005FFC       TForm1.Barcode1Change
 0001:0000603C       TForm1.Edit1Change
 0001:000060A0       TForm1.BtnFontClick
 0001:000060F0       TForm1.ComboBox3Change
 0001:00006124       Finalization
 0001:00006154       main
 0001:0000615C       Finalization
 0001:0000637C       bctest
 0002:00000000       TlsIndex
 0002:00000004       Module
 0002:0000001C       BCdata
 0002:000000D4       tabelle_EAN_A
 0002:000000FC       tabelle_EAN_C
 0002:00000124       tabelle_EAN_B
 0002:0000014C       tabelle_ParityEAN13
 0002:00000188       tabelle_2_5
 0002:000001BC       tabelle_39
 0002:000003CC       code39x
 0002:0000054C       tabelle_128
 0002:00000A20       tabelle_93
 0002:00000B6C       code93x
 0002:00000CEC       tabelle_MSI
 0002:00000D48       tabelle_PostNet
 0002:00000DB8       tabelle_cb
 0002:00000E58       tabelle_UPC_E0
 0002:00001000       HInstance
 0002:00001004       .1
 0002:00001008       .3
 0002:0000100C       .1
 0002:00001010       .1
 0002:00001014       .1
 0002:00001018       .1
 0002:0000101C       .1
 0002:00001020       .1
 0002:00001024       .1
 0002:00001028       .1
 0002:0000102C       .3
 0002:00001030       .1
 0002:00001034       .1
 0002:00001038       .1
 0002:0000103C       .1
 0002:00001040       .2
 0002:00001044       .1
 0002:00001048       Form1
 0002:0000104C       .2


Line numbers for SysInit(SysInit.pas) segment .text

    99 0001:00000170   423 0001:00000178   424 0001:00000182   661 0001:00000184
   662 0001:00000187   663 0001:0000018E   664 0001:0000019A   665 0001:000001A4
   666 0001:000001AB   667 0001:000001B2   668 0001:000001B7   669 0001:000001C3
   840 0001:000001F8   840 0001:000001FF

Line numbers for bcchksum(bcchksum.pas) segment .text

    35 0001:00000B10    36 0001:00000B35    37 0001:00000B3A    38 0001:00000B45
    40 0001:00000B5F    41 0001:00000B72    43 0001:00000BB2    44 0001:00000BF0
    45 0001:00000BFB    38 0001:00000BFE    46 0001:00000C07    47 0001:00000C16
    49 0001:00000C28    50 0001:00000C79    55 0001:00000CBC    55 0001:00000CC3

Line numbers for Barcode(Barcode.pas) segment .text

   413 0001:00001400   414 0001:0000140C   415 0001:00001417   417 0001:0000142D
   419 0001:00001455   420 0001:0000145B   421 0001:00001466   422 0001:00001488
   415 0001:0000148B   423 0001:00001490   432 0001:00001494   433 0001:0000149D
   435 0001:000014A2   437 0001:000014A8   438 0001:000014BD   435 0001:000014CB
   440 0001:000014D1   441 0001:000014DA   450 0001:000014E0   456 0001:000014F2
   458 0001:00001507   459 0001:00001531   460 0001:0000156B   466 0001:00001574
   467 0001:0000158D   468 0001:0000159F   469 0001:000015B2   499 0001:000015B8
   500 0001:000015C7   507 0001:000015DC   509 0001:000015EE   512 0001:000015FC
   513 0001:00001601   518 0001:00001626   519 0001:00001655   524 0001:00001687
   527 0001:00001695   528 0001:000016C5   533 0001:000016CC   534 0001:00001716
   537 0001:00001746   538 0001:00001754   542 0001:00001760   543 0001:0000177B
   544 0001:00001788   545 0001:00001793   546 0001:000017A2   547 0001:000017AC
   548 0001:000017B3   549 0001:000017BA   550 0001:000017C1   551 0001:000017C8
   552 0001:000017D2   553 0001:000017DA   554 0001:000017EC   555 0001:00001811
   558 0001:00001818   559 0001:00001829   560 0001:00001834   561 0001:00001850
   566 0001:00001854   567 0001:00001860   569 0001:00001876   570 0001:0000187C
   571 0001:00001888   572 0001:00001899   573 0001:000018A5   574 0001:000018B1
   575 0001:000018BD   576 0001:000018CF   577 0001:000018DB   578 0001:000018E7
   579 0001:000018F3   580 0001:00001905   581 0001:00001917   582 0001:00001923
   583 0001:0000192F   584 0001:0000193B   587 0001:0000194F   588 0001:0000195A
   592 0001:00001960   593 0001:0000196C   594 0001:00001982   600 0001:00001988
   601 0001:00001994   603 0001:000019A0   604 0001:000019A9   606 0001:000019B1
   629 0001:000019B8   630 0001:000019CA   631 0001:00001A36   632 0001:00001A4D
   633 0001:00001A64   634 0001:00001A7B   637 0001:00001A92   638 0001:00001AA9
   639 0001:00001AC0   640 0001:00001AD7   642 0001:00001AEE   643 0001:00001B02
   644 0001:00001B16   645 0001:00001B2A   650 0001:00001B3E   653 0001:00001B77
   659 0001:00001B9C   661 0001:00001BBE   665 0001:00001BC6   667 0001:00001BDB
   668 0001:00001BF7   669 0001:00001C10   670 0001:00001C50   668 0001:00001C69
   675 0001:00001C6E   676 0001:00001CE1   677 0001:00001CF1   678 0001:00001D01
   679 0001:00001D11   680 0001:00001D21   686 0001:00001D31   687 0001:00001D41
   688 0001:00001D51   689 0001:00001D61   690 0001:00001D71   691 0001:00001D81
   692 0001:00001D91   693 0001:00001DA1   694 0001:00001DAE   695 0001:00001DBB
   696 0001:00001DC8   697 0001:00001DD5   698 0001:00001DE2   700 0001:00001DEF
   706 0001:00001E45   716 0001:00001E8C   717 0001:00001EA8   720 0001:00001EAD
   722 0001:00001EB8   724 0001:00001ECE   725 0001:00001EF7   726 0001:00001F04
   722 0001:00001F07   727 0001:00001F2C   735 0001:00001F30   736 0001:00001F4F
   739 0001:00001F54   741 0001:00001F5F   743 0001:00001F75   744 0001:00001F9E
   745 0001:00001FAB   741 0001:00001FAE   756 0001:00001FB3   757 0001:00001FB9
   758 0001:00001FF4   763 0001:00001FF8   764 0001:00002007   767 0001:00002015
   769 0001:00002022   772 0001:0000202D   823 0001:00002174   824 0001:00002199
   826 0001:000021A2   827 0001:000021AF   830 0001:000021EF   833 0001:000021FC
   835 0001:0000221D   837 0001:0000222A   838 0001:00002231   837 0001:00002271
   840 0001:00002277   842 0001:00002287   843 0001:0000228E   842 0001:000022CE
   845 0001:000022D4   846 0001:00002306   885 0001:00002408   886 0001:0000242D
   888 0001:00002436   889 0001:00002443   892 0001:0000245E   895 0001:0000246B
   898 0001:0000248C   899 0001:000024BB   901 0001:000024D1   903 0001:000024DE
   905 0001:000024E5   906 0001:0000252B   907 0001:0000256A   908 0001:000025A9
   910 0001:000025E6   903 0001:000025E9   912 0001:000025F3   914 0001:00002603
   915 0001:0000260A   914 0001:0000264A   917 0001:00002650   918 0001:00002682
   940 0001:000026E8   941 0001:0000270A   943 0001:00002717   945 0001:0000273B
   947 0001:00002742   948 0001:000027AA   950 0001:000027B0   951 0001:000027B4
   952 0001:000027CD   953 0001:0000282B   955 0001:00002831   956 0001:00002835
   957 0001:0000284E   945 0001:00002851   958 0001:0000285B   943 0001:0000285E
   960 0001:00002867   961 0001:00002899   967 0001:000028BC   968 0001:000028C8
   970 0001:000028D5   972 0001:000028F2   974 0001:000028F9   975 0001:0000294F
   977 0001:00002961   978 0001:00002971   972 0001:00002974   979 0001:0000297E
   970 0001:00002981   981 0001:0000298A   982 0001:0000299A   988 0001:000029D8
   989 0001:000029F7   991 0001:00002A04   993 0001:00002A21   995 0001:00002A28
   996 0001:00002A7E   998 0001:00002A84  1001 0001:00002A88  1002 0001:00002A8E
  1003 0001:00002AA0  1004 0001:00002AB9   993 0001:00002ABC  1005 0001:00002AC6
  1006 0001:00002AD6   991 0001:00002AD9  1008 0001:00002AE2  1009 0001:00002B0F
  1072 0001:00002B40  1073 0001:00002B49  1075 0001:00002B4E  1077 0001:00002B71
  1078 0001:00002B77  1080 0001:00002B79  1073 0001:00002B7C  1081 0001:00002B82
  1082 0001:00002B8C  1088 0001:00002B90  1089 0001:00002BB5  1091 0001:00002BBA
  1093 0001:00002C10  1095 0001:00002C2D  1096 0001:00002C54  1098 0001:00002C5A
  1099 0001:00002C9F  1100 0001:00002CC8  1093 0001:00002CCB  1103 0001:00002CD4
  1105 0001:00002CE1  1106 0001:00002CEF  1107 0001:00002CF4  1109 0001:00002D18
  1110 0001:00002D5D  1111 0001:00002D5F  1106 0001:00002D62  1115 0001:00002D68
  1116 0001:00002DC9  1144 0001:00002DE0  1145 0001:00002E02  1146 0001:00002E10
  1148 0001:00002E1B  1150 0001:00002E35  1151 0001:00002E53  1152 0001:00002EA3
  1148 0001:00002EA6  1153 0001:00002EAB  1154 0001:00002EB6  1155 0001:00002EE9
  1289 0001:00002EF0  1290 0001:00002EF9  1292 0001:00002EFE  1293 0001:00002F0A
  1295 0001:00002F2D  1297 0001:00002F4E  1299 0001:00002F56  1300 0001:00002F5C
  1302 0001:00002F5E  1290 0001:00002F61  1303 0001:00002F67  1304 0001:00002F71
  1309 0001:00002F78  1310 0001:00002F9C  1311 0001:00002FA1  1312 0001:00002FD4
  1313 0001:00002FDA  1315 0001:00002FDC  1310 0001:00002FDF  1316 0001:00002FE5
  1317 0001:00003014  1326 0001:00003018  1327 0001:00003064  1329 0001:000030A2
  1331 0001:000030B8  1333 0001:000030CE  1335 0001:000030E4  1338 0001:0000311D
  1339 0001:00003128  1341 0001:0000312F  1351 0001:0000313B  1352 0001:0000315C
  1353 0001:00003171  1358 0001:0000317C  1362 0001:000031AA  1364 0001:000031C0
  1365 0001:000031F1  1367 0001:00003215  1368 0001:00003239  1369 0001:00003263
  1370 0001:00003278  1371 0001:000032B2  1372 0001:000032C9  1373 0001:000032D4
  1365 0001:000032D7  1376 0001:000032E5  1378 0001:00003302  1379 0001:00003329
  1380 0001:0000332F  1381 0001:0000333B  1382 0001:00003375  1383 0001:0000338C
  1384 0001:00003397  1376 0001:0000339A  1386 0001:000033A3  1387 0001:000033B1
  1389 0001:000033EB  1390 0001:000033FB  1391 0001:00003446  1459 0001:000034D0
  1460 0001:000034D9  1462 0001:000034DE  1464 0001:00003500  1465 0001:00003506
  1467 0001:00003508  1460 0001:0000350B  1468 0001:00003511  1469 0001:0000351B
  1478 0001:00003520  1480 0001:00003557  1482 0001:00003564  1484 0001:00003581
  1485 0001:000035A8  1486 0001:000035AE  1487 0001:000035F4  1488 0001:00003632
  1482 0001:00003635  1490 0001:0000363E  1491 0001:00003643  1493 0001:00003648
  1494 0001:0000364F  1496 0001:00003656  1498 0001:0000366D  1500 0001:00003694
  1501 0001:000036AB  1503 0001:000036C2  1504 0001:000036CD  1505 0001:000036DA
  1507 0001:000036E5  1508 0001:000036F2  1496 0001:000036F5  1510 0001:000036FF
  1512 0001:0000370C  1513 0001:0000371A  1515 0001:00003728  1518 0001:000037A0
  1519 0001:000037B0  1520 0001:000037F3  1550 0001:00003838  1553 0001:0000385A
  1554 0001:00003868  1557 0001:00003873  1559 0001:0000388D  1560 0001:000038AB
  1561 0001:000038FB  1557 0001:000038FE  1565 0001:00003903  1566 0001:0000390E
  1567 0001:00003941  1589 0001:00003948  1590 0001:0000396A  1591 0001:00003977
  1592 0001:0000397C  1594 0001:00003981  1596 0001:0000399E  1597 0001:000039AF
  1599 0001:000039E6  1601 0001:00003A0E  1602 0001:00003A62  1594 0001:00003A65
  1604 0001:00003A6E  1606 0001:00003A8B  1607 0001:00003A99  1608 0001:00003A9F
  1610 0001:00003AB1  1612 0001:00003AFA  1613 0001:00003B2C  1633 0001:00003B48
  1634 0001:00003B67  1636 0001:00003B74  1638 0001:00003B8D  1639 0001:00003BE1
  1636 0001:00003BE4  1640 0001:00003BE9  1641 0001:00003C16  1680 0001:00003C34
  1681 0001:00003C3D  1683 0001:00003C42  1685 0001:00003C5B  1686 0001:00003C61
  1688 0001:00003C63  1681 0001:00003C66  1689 0001:00003C6C  1690 0001:00003C76
  1694 0001:00003C7C  1695 0001:00003C9E  1696 0001:00003CEA  1698 0001:00003D03
  1699 0001:00003D2A  1700 0001:00003D65  1696 0001:00003D68  1701 0001:00003D6D
  1702 0001:00003DC4  1710 0001:00003DD8  1711 0001:00003DFB  1720 0001:00003E4C
  1728 0001:00003E54  1729 0001:00003E79  1730 0001:00003E94  1731 0001:00003EC4
  1732 0001:00003EEB  1733 0001:00003EF8  1734 0001:00003EFF  1733 0001:00003F3F
  1735 0001:00003F45  1736 0001:00003F55  1737 0001:00003F5C  1736 0001:00003F9C
  1738 0001:00003FA2  1739 0001:00003FD4  1761 0001:00003FF4  1762 0001:0000401C
  1763 0001:00004037  1764 0001:0000405E  1765 0001:0000407D  1766 0001:000040A4
  1767 0001:000040B1  1769 0001:000040B8  1771 0001:000040F7  1775 0001:00004174
  1777 0001:000041B1  1767 0001:000041B4  1778 0001:000041BE  1779 0001:000041F8
  1785 0001:00004218  1786 0001:00004240  1787 0001:0000425B  1788 0001:00004282
  1789 0001:000042A1  1790 0001:000042C8  1791 0001:000042D5  1793 0001:000042DC
  1795 0001:0000431B  1799 0001:0000435A  1801 0001:000043D5  1791 0001:000043D8
  1802 0001:000043E2  1803 0001:0000441C  1809 0001:0000443C  1810 0001:0000446C
  1811 0001:00004471  1812 0001:00004496  1813 0001:000044A1  1815 0001:000044BB
  1816 0001:000044CE  1818 0001:0000450E  1819 0001:0000454C  1820 0001:00004557
  1813 0001:0000455A  1821 0001:00004563  1822 0001:00004585  1823 0001:000045D0
  1829 0001:000045D4  1830 0001:000045FC  1831 0001:00004617  1832 0001:00004648
  1833 0001:00004667  1834 0001:0000468E  1835 0001:0000469B  1837 0001:000046A2
  1839 0001:000046EB  1843 0001:00004768  1845 0001:000047A5  1846 0001:000047BB
  1835 0001:000047BE  1847 0001:000047F2  1852 0001:0000481C  1853 0001:00004840
  1854 0001:0000485B  1855 0001:00004869  1856 0001:00004885  1857 0001:00004894
  1858 0001:000048A3  1859 0001:000048B2  1861 0001:000048BF  1863 0001:000048F0
  1864 0001:00004917  1865 0001:00004924  1867 0001:0000492B  1869 0001:00004948
  1873 0001:000049C5  1875 0001:00004A02  1876 0001:00004A18  1865 0001:00004A1B
  1877 0001:00004A47  1885 0001:00004AA0  1886 0001:00004AA7  1901 0001:00004AC2
  1902 0001:00004AE2  1907 0001:00004B04  1908 0001:00004B24  1920 0001:00004B44
  1921 0001:00004B64  1922 0001:00004B9A  1923 0001:00004BCC  1924 0001:00004BF7
  1962 0001:00004C08  1963 0001:00004C30  1964 0001:00004C35  1965 0001:00004C3E
  1967 0001:00004C47  1970 0001:00004C5F  1973 0001:00004C95  1975 0001:00004CA5
  1982 0001:00004CBF  1984 0001:00004CE8  1986 0001:00004CF4  1990 0001:00004D07
  1992 0001:00004D18  1994 0001:00004D30  1995 0001:00004D36  1997 0001:00004D51
  2003 0001:00004D5A  2004 0001:00004D60  2006 0001:00004D65  2007 0001:00004D6B
  2010 0001:00004D71  2011 0001:00004D8B  2014 0001:00004D91  2015 0001:00004DAB
  2021 0001:00004DB0  2022 0001:00004DDB  2023 0001:00004E06  2024 0001:00004E31
  2027 0001:00004E5C  2029 0001:00004EA2  2030 0001:00004EAF  1975 0001:00004EB2
  2032 0001:00004ED8  2042 0001:00004EEC  2043 0001:00004F0B  2044 0001:00004F1A
  2045 0001:00004F29  2049 0001:00004F38  2052 0001:00004F43  2054 0001:00004F51
  2055 0001:00004F5F  2056 0001:00004F6D  2058 0001:00004F7B  2060 0001:00004F89
  2061 0001:00004F92  2065 0001:00004F9D  2066 0001:00004FAB  2067 0001:00004FB9
  2069 0001:00004FD4  2070 0001:00004FDC  2071 0001:00004FE4  2073 0001:00005011
  2097 0001:00005018  2107 0001:00005038  2108 0001:00005047  2109 0001:00005055
  2110 0001:00005066  2111 0001:00005074  2112 0001:00005088  2117 0001:00005098
  2118 0001:000050A1  2120 0001:000050AA  2121 0001:000050BB  2123 0001:000050C9
  2124 0001:000050DA  2127 0001:0000510D  2128 0001:0000511E  2130 0001:0000517B
  2131 0001:00005188  2133 0001:00005193  2134 0001:000051A2  2136 0001:000051CF
  2138 0001:000051DD  2139 0001:000051F2  2140 0001:000051FE  2142 0001:0000526E
  2145 0001:00005291  2148 0001:000052BE  2152 0001:000052CC  2153 0001:000052D4
  2154 0001:000052DE  2155 0001:000052EA  2158 0001:000052F0  2159 0001:000052F7
  2161 0001:00005305  2162 0001:00005314  2164 0001:0000531C  2167 0001:00005324
  2168 0001:00005330  2170 0001:0000533B  2171 0001:00005344  2173 0001:0000534C
  2176 0001:00005350  2177 0001:00005357  2179 0001:00005365  2180 0001:00005374
  2182 0001:0000537C  2185 0001:00005384  2186 0001:00005390  2188 0001:000053A0
  2189 0001:000053AE  2191 0001:000053B6  2194 0001:000053BC  2195 0001:000053C8
  2197 0001:000053D3  2198 0001:000053DC  2200 0001:000053E4  2203 0001:000053E8
  2204 0001:000053F4  2206 0001:000053FF  2207 0001:00005408  2209 0001:00005410
  2212 0001:00005414  2213 0001:00005420  2215 0001:0000542B  2216 0001:00005434
  2218 0001:0000543C  2221 0001:00005440  2222 0001:0000544C  2224 0001:00005457
  2225 0001:00005460  2227 0001:00005468  2230 0001:0000546C  2231 0001:00005478
  2233 0001:00005483  2234 0001:0000548C  2236 0001:00005494  2267 0001:00005498
  2268 0001:000054A4  2269 0001:000054B2  2270 0001:000054BA  2273 0001:000054C0
  2274 0001:000054CC  2276 0001:000054DA  2277 0001:000054E6  2279 0001:000054EE
  2281 0001:00005578  2281 0001:0000557F

Line numbers for Barcode2(Barcode2.pas) segment .text

    37 0001:00005580    38 0001:0000558C    39 0001:00005592    41 0001:0000559B
    42 0001:000055A2    43 0001:000055BA    47 0001:000055C0    48 0001:000055C6
    49 0001:000055FC    52 0001:00005610    53 0001:00005616    54 0001:0000564C
    62 0001:00005660    63 0001:00005666    64 0001:00005694    67 0001:000056CC
    67 0001:000056D3

Line numbers for main(main.pas) segment .text

    75 0001:00005A90    81 0001:00005A9C    82 0001:00005AB4    83 0001:00005AC7
    84 0001:00005ADA    85 0001:00005AEA    86 0001:00005AFD    87 0001:00005B12
    89 0001:00005B25    91 0001:00005B3B    92 0001:00005B5A    95 0001:00005B60
    97 0001:00005B6C    99 0001:00005B78   103 0001:00005BB8   104 0001:00005BC4
   105 0001:00005BE5   108 0001:00005BEC   109 0001:00005C0E   110 0001:00005C1C
   112 0001:00005C59   114 0001:00005C8D   118 0001:00005C94   119 0001:00005CA3
   120 0001:00005CB4   121 0001:00005CC5   124 0001:00005CCC   125 0001:00005CD8
   126 0001:00005CE0   129 0001:00005CE4   130 0001:00005CF0   131 0001:00005D11
   134 0001:00005D18   135 0001:00005D24   136 0001:00005D45   142 0001:00005D4C
   147 0001:00005D6E   149 0001:00005D7F   151 0001:00005D8A   152 0001:00005D98
   154 0001:00005DA0   156 0001:00005DA8   159 0001:00005DE7   160 0001:00005DFD
   164 0001:00005E13   166 0001:00005E29   167 0001:00005E3F   169 0001:00005E55
   171 0001:00005E67   174 0001:00005E7C   176 0001:00005EAE   182 0001:00005ED4
   183 0001:00005EE0   184 0001:00005EF1   187 0001:00005EF8   188 0001:00005F17
   189 0001:00005F5B   192 0001:00005F60   193 0001:00005F82   194 0001:00005FAB
   195 0001:00005FF7   198 0001:00005FFC   199 0001:00006008   200 0001:00006018
   201 0001:00006036   204 0001:0000603C   205 0001:0000605B   206 0001:0000609A
   209 0001:000060A0   210 0001:000060AC   212 0001:000060B8   213 0001:000060CC
   214 0001:000060D8   216 0001:000060EC   219 0001:000060F0   220 0001:000060FC
   221 0001:0000611D   223 0001:00006154   223 0001:0000615B

Line numbers for bctest(C:\barcode\bctest.dpr) segment .text

    10 0001:0000637C    11 0001:0000638C    12 0001:00006398    13 0001:000063B0
    14 0001:000063BC

Bound resource files

barcode.d32
main.DFM
bctest.RES
bctest.drf


Program entry point at 0001:0000637C
