
 Start         Length     Name                   Class
 0001:00000000 000013D0H .text                   CODE
 0002:00000000 0000002CH .data                   DATA
 0002:0000002C 00000049H .bss                    BSS


Detailed map of segments

 0001:00000000 00000096 C=CODE     S=.text    G=(none)   M=System   ACBP=A9
 0001:00000098 000001EC C=CODE     S=.text    G=(none)   M=SysInit  ACBP=A9
 0001:00000284 00000016 C=CODE     S=.text    G=(none)   M=Classes  ACBP=A9
 0001:0000029C 0000000E C=CODE     S=.text    G=(none)   M=ActiveX  ACBP=A9
 0001:000002AC 00000038 C=CODE     S=.text    G=(none)   M=Windows  ACBP=A9
 0001:000002E4 0000000E C=CODE     S=.text    G=(none)   M=Types    ACBP=A9
 0001:000002F4 00000038 C=CODE     S=.text    G=(none)   M=Messages ACBP=A9
 0001:0000032C 0000000E C=CODE     S=.text    G=(none)   M=TypInfo  ACBP=A9
 0001:0000033C 00000016 C=CODE     S=.text    G=(none)   M=SysUtils ACBP=A9
 0001:00000354 0000000E C=CODE     S=.text    G=(none)   M=SysConst ACBP=A9
 0001:00000364 0000000E C=CODE     S=.text    G=(none)   M=Variants ACBP=A9
 0001:00000374 0000000E C=CODE     S=.text    G=(none)   M=VarUtils ACBP=A9
 0001:00000384 0000000E C=CODE     S=.text    G=(none)   M=RTLConsts ACBP=A9
 0001:00000394 0000000E C=CODE     S=.text    G=(none)   M=ACBrConsts ACBP=A9
 0001:000003A4 00000016 C=CODE     S=.text    G=(none)   M=ACBrBase ACBP=A9
 0001:000003BC 0000000E C=CODE     S=.text    G=(none)   M=SyncObjs ACBP=A9
 0001:000003CC 0000000E C=CODE     S=.text    G=(none)   M=Contnrs  ACBP=A9
 0001:000003DC 0000000E C=CODE     S=.text    G=(none)   M=Math     ACBP=A9
 0001:000003EC 00000026 C=CODE     S=.text    G=(none)   M=Dialogs  ACBP=A9
 0001:00000414 00000038 C=CODE     S=.text    G=(none)   M=ShlObj   ACBP=A9
 0001:0000044C 00000038 C=CODE     S=.text    G=(none)   M=UrlMon   ACBP=A9
 0001:00000484 00000038 C=CODE     S=.text    G=(none)   M=WinInet  ACBP=A9
 0001:000004BC 00000038 C=CODE     S=.text    G=(none)   M=RegStr   ACBP=A9
 0001:000004F4 00000038 C=CODE     S=.text    G=(none)   M=ShellAPI ACBP=A9
 0001:0000052C 00000038 C=CODE     S=.text    G=(none)   M=CommCtrl ACBP=A9
 0001:00000564 0000000E C=CODE     S=.text    G=(none)   M=StdCtrls ACBP=A9
 0001:00000574 0000000E C=CODE     S=.text    G=(none)   M=ActnList ACBP=A9
 0001:00000584 0000000E C=CODE     S=.text    G=(none)   M=ImgList  ACBP=A9
 0001:00000594 0000000E C=CODE     S=.text    G=(none)   M=Graphics ACBP=A9
 0001:000005A4 0000000E C=CODE     S=.text    G=(none)   M=Consts   ACBP=A9
 0001:000005B4 0000000E C=CODE     S=.text    G=(none)   M=Forms    ACBP=A9
 0001:000005C4 0000000E C=CODE     S=.text    G=(none)   M=HelpIntfs ACBP=A9
 0001:000005D4 0000000E C=CODE     S=.text    G=(none)   M=MultiMon ACBP=A9
 0001:000005E4 0000000E C=CODE     S=.text    G=(none)   M=Controls ACBP=A9
 0001:000005F4 00000038 C=CODE     S=.text    G=(none)   M=Imm      ACBP=A9
 0001:0000062C 0000000E C=CODE     S=.text    G=(none)   M=Menus    ACBP=A9
 0001:0000063C 0000000E C=CODE     S=.text    G=(none)   M=Themes   ACBP=A9
 0001:0000064C 0000000E C=CODE     S=.text    G=(none)   M=UxTheme  ACBP=A9
 0001:0000065C 0000000E C=CODE     S=.text    G=(none)   M=ComCtrls ACBP=A9
 0001:0000066C 0000000E C=CODE     S=.text    G=(none)   M=ListActns ACBP=A9
 0001:0000067C 0000000E C=CODE     S=.text    G=(none)   M=ExtCtrls ACBP=A9
 0001:0000068C 0000000E C=CODE     S=.text    G=(none)   M=WinHelpViewer ACBP=A9
 0001:0000069C 0000000E C=CODE     S=.text    G=(none)   M=StdActns ACBP=A9
 0001:000006AC 0000000E C=CODE     S=.text    G=(none)   M=Printers ACBP=A9
 0001:000006BC 00000038 C=CODE     S=.text    G=(none)   M=WinSpool ACBP=A9
 0001:000006F4 00000038 C=CODE     S=.text    G=(none)   M=CommDlg  ACBP=A9
 0001:0000072C 00000038 C=CODE     S=.text    G=(none)   M=Dlgs     ACBP=A9
 0001:00000764 0000000E C=CODE     S=.text    G=(none)   M=StrUtils ACBP=A9
 0001:00000774 0000000E C=CODE     S=.text    G=(none)   M=Clipbrd  ACBP=A9
 0001:00000784 0000000E C=CODE     S=.text    G=(none)   M=FlatSB   ACBP=A9
 0001:00000794 0000000E C=CODE     S=.text    G=(none)   M=ToolWin  ACBP=A9
 0001:000007A4 00000038 C=CODE     S=.text    G=(none)   M=RichEdit ACBP=A9
 0001:000007DC 0000000E C=CODE     S=.text    G=(none)   M=ExtActns ACBP=A9
 0001:000007EC 0000000E C=CODE     S=.text    G=(none)   M=Registry ACBP=A9
 0001:000007FC 0000000E C=CODE     S=.text    G=(none)   M=IniFiles ACBP=A9
 0001:0000080C 0000000E C=CODE     S=.text    G=(none)   M=ExtDlgs  ACBP=A9
 0001:0000081C 0000000E C=CODE     S=.text    G=(none)   M=Buttons  ACBP=A9
 0001:0000082C 0000000E C=CODE     S=.text    G=(none)   M=Mapi     ACBP=A9
 0001:0000083C 0000000E C=CODE     S=.text    G=(none)   M=ComStrs  ACBP=A9
 0001:0000084C 0000000E C=CODE     S=.text    G=(none)   M=DateUtils ACBP=A9
 0001:0000085C 0000000E C=CODE     S=.text    G=(none)   M=ACBrUtil.Strings ACBP=A9
 0001:0000086C 0000000E C=CODE     S=.text    G=(none)   M=ACBrUtil.Compatibilidade ACBP=A9
 0001:0000087C 0000000E C=CODE     S=.text    G=(none)   M=ACBrUtil.Math ACBP=A9
 0001:0000088C 0000000E C=CODE     S=.text    G=(none)   M=synautil ACBP=A9
 0001:0000089C 0000000E C=CODE     S=.text    G=(none)   M=synafpc  ACBP=A9
 0001:000008AC 0000000E C=CODE     S=.text    G=(none)   M=synacode ACBP=A9
 0001:000008BC 00000016 C=CODE     S=.text    G=(none)   M=FileCtrl ACBP=A9
 0001:000008D4 00000016 C=CODE     S=.text    G=(none)   M=DesignIntf ACBP=A9
 0001:000008EC 0000000E C=CODE     S=.text    G=(none)   M=DesignMenus ACBP=A9
 0001:000008FC 0000009E C=CODE     S=.text    G=(none)   M=DesignEditors ACBP=A9
 0001:0000099C 0000000E C=CODE     S=.text    G=(none)   M=Proxies  ACBP=A9
 0001:000009AC 0000000E C=CODE     S=.text    G=(none)   M=DesignConst ACBP=A9
 0001:000009BC 0000000E C=CODE     S=.text    G=(none)   M=ACBrUtil.Base ACBP=A9
 0001:000009CC 0000000E C=CODE     S=.text    G=(none)   M=StrUtilsEx ACBP=A9
 0001:000009DC 0000000E C=CODE     S=.text    G=(none)   M=ACBrCompress ACBP=A9
 0001:000009EC 0000000E C=CODE     S=.text    G=(none)   M=ACBrZLibExGZ ACBP=A9
 0001:000009FC 0000000E C=CODE     S=.text    G=(none)   M=ACBrZLibEx ACBP=A9
 0001:00000A0C 0000000E C=CODE     S=.text    G=(none)   M=ACBrZLibExApi ACBP=A9
 0001:00000A1C 0000000E C=CODE     S=.text    G=(none)   M=ZLib     ACBP=A9
 0001:00000A2C 0000000E C=CODE     S=.text    G=(none)   M=ZLibConst ACBP=A9
 0001:00000A3C 0000000E C=CODE     S=.text    G=(none)   M=ACBrAAC  ACBP=A9
 0001:00000A4C 0000000E C=CODE     S=.text    G=(none)   M=ACBrPAFClass ACBP=A9
 0001:00000A5C 0000000E C=CODE     S=.text    G=(none)   M=ACBrUtil.DateTime ACBP=A9
 0001:00000A6C 0000000E C=CODE     S=.text    G=(none)   M=MaskUtils ACBP=A9
 0001:00000A7C 0000000E C=CODE     S=.text    G=(none)   M=ACBrUtil.FilesIO ACBP=A9
 0001:00000A8C 0000065C C=CODE     S=.text    G=(none)   M=ACBrReg  ACBP=A9
 0001:000010E8 000002E5 C=CODE     S=.text    G=(none)   M=DCLACBr_Comum ACBP=A9
 0002:00000000 0000002C C=DATA     S=.data    G=DGROUP   M=SysInit  ACBP=A9
 0002:00001000 00000010 C=BSS      S=.bss     G=DGROUP   M=SysInit  ACBP=A9
 0002:00001010 00000004 C=BSS      S=.bss     G=DGROUP   M=Windows  ACBP=A9
 0002:00001014 00000004 C=BSS      S=.bss     G=DGROUP   M=Messages ACBP=A9
 0002:00001018 00000004 C=BSS      S=.bss     G=DGROUP   M=ShlObj   ACBP=A9
 0002:0000101C 00000004 C=BSS      S=.bss     G=DGROUP   M=UrlMon   ACBP=A9
 0002:00001020 00000004 C=BSS      S=.bss     G=DGROUP   M=WinInet  ACBP=A9
 0002:00001024 00000004 C=BSS      S=.bss     G=DGROUP   M=RegStr   ACBP=A9
 0002:00001028 00000004 C=BSS      S=.bss     G=DGROUP   M=ShellAPI ACBP=A9
 0002:0000102C 00000004 C=BSS      S=.bss     G=DGROUP   M=CommCtrl ACBP=A9
 0002:00001030 00000004 C=BSS      S=.bss     G=DGROUP   M=Imm      ACBP=A9
 0002:00001034 00000004 C=BSS      S=.bss     G=DGROUP   M=WinSpool ACBP=A9
 0002:00001038 00000004 C=BSS      S=.bss     G=DGROUP   M=CommDlg  ACBP=A9
 0002:0000103C 00000004 C=BSS      S=.bss     G=DGROUP   M=Dlgs     ACBP=A9
 0002:00001040 00000004 C=BSS      S=.bss     G=DGROUP   M=RichEdit ACBP=A9
 0002:00001044 00000004 C=BSS      S=.bss     G=DGROUP   M=ACBrReg  ACBP=A9


  Address         Publics by Name

 0002:00001040       .1
 0002:0000102C       .1
 0002:00001020       .1
 0002:00001030       .1
 0002:00001008       .1
 0002:0000101C       .1
 0002:00001028       .1
 0002:0000103C       .1
 0002:00001018       .1
 0002:00001038       .1
 0002:00001024       .1
 0002:00001014       .1
 0002:00001034       .3
 0002:00001010       .3
 0002:00001044       .5
 0001:000013A8       @GetPackageInfoTable
 0001:000001D0       @InitPkg
 0001:00000234       @PackageLoad
 0001:000013B0       @PackageLoad
 0001:00000240       @PackageUnload
 0001:000013BC       @PackageUnload
 0001:000010E0       ACBrReg
 0001:000000D0       AllocTlsBuffer
 0001:0000055C       CommCtrl
 0001:00000724       CommDlg
 0001:000013C8       DCLACBr_Comum
 0001:0000075C       Dlgs
 0001:0000017C       ExitProcessTLS
 0001:00000154       ExitThreadTLS
 0001:000004BC       Finalization
 0001:0000044C       Finalization
 0001:00000414       Finalization
 0001:000004F4       Finalization
 0001:000002F4       Finalization
 0001:000002AC       Finalization
 0001:0000052C       Finalization
 0001:0000024C       Finalization
 0001:000005F4       Finalization
 0001:000006BC       Finalization
 0001:000006F4       Finalization
 0001:0000072C       Finalization
 0001:000007A4       Finalization
 0001:000010B0       Finalization
 0001:00000484       Finalization
 0001:00000098       FreeLibrary
 0001:000000DC       GetTlsSize
 0002:00001004       HInstance
 0001:00000624       Imm
 0001:000001A0       InitializeModule
 0001:00000128       InitProcessTLS
 0001:000000E4       InitThreadTLS
 0001:000000A0       LocalAlloc
 0001:000000A8       LocalFree
 0001:00000324       Messages
 0002:00000004       Module
 0002:00001000       ModuleIsLib
 0002:00001001       ModuleIsPackage
 0001:00000DDC       Register
 0001:000004EC       RegStr
 0001:000007D4       RichEdit
 0001:00000524       ShellAPI
 0001:00000444       ShlObj
 0001:0000027C       SysInit
 0001:00000E7C       TACBrAboutDialogProperty.Edit
 0001:00000E8C       TACBrAboutDialogProperty.GetAttributes
 0001:00000EAC       TACBrAboutDialogProperty.GetValue
 0001:00001024       TACBrDirProperty.Edit
 0001:00001090       TACBrDirProperty.GetAttributes
 0001:00000E40       TACBrFileINIProperty.GetFilter
 0001:00000F08       TACBrFileProperty.Edit
 0001:00001004       TACBrFileProperty.GetAttributes
 0001:00000EF0       TACBrFileProperty.GetFilter
 0001:000000B0       TlsAlloc
 0002:0000100C       tlsBuffer
 0001:000000B8       TlsFree
 0001:000000C0       TlsGetValue
 0002:00000000       TlsIndex
 0002:FFBFD000       TlsLast
 0002:0000001C       TlsProc
 0001:000000C8       TlsSetValue
 0001:000001AC       UninitializeModule
 0001:0000047C       UrlMon
 0001:000002DC       Windows
 0001:000004B4       WinInet
 0001:000006EC       WinSpool


  Address         Publics by Value

 0002:FFBFD000       TlsLast
 0001:00000098       FreeLibrary
 0001:000000A0       LocalAlloc
 0001:000000A8       LocalFree
 0001:000000B0       TlsAlloc
 0001:000000B8       TlsFree
 0001:000000C0       TlsGetValue
 0001:000000C8       TlsSetValue
 0001:000000D0       AllocTlsBuffer
 0001:000000DC       GetTlsSize
 0001:000000E4       InitThreadTLS
 0001:00000128       InitProcessTLS
 0001:00000154       ExitThreadTLS
 0001:0000017C       ExitProcessTLS
 0001:000001A0       InitializeModule
 0001:000001AC       UninitializeModule
 0001:000001D0       @InitPkg
 0001:00000234       @PackageLoad
 0001:00000240       @PackageUnload
 0001:0000024C       Finalization
 0001:0000027C       SysInit
 0001:000002AC       Finalization
 0001:000002DC       Windows
 0001:000002F4       Finalization
 0001:00000324       Messages
 0001:00000414       Finalization
 0001:00000444       ShlObj
 0001:0000044C       Finalization
 0001:0000047C       UrlMon
 0001:00000484       Finalization
 0001:000004B4       WinInet
 0001:000004BC       Finalization
 0001:000004EC       RegStr
 0001:000004F4       Finalization
 0001:00000524       ShellAPI
 0001:0000052C       Finalization
 0001:0000055C       CommCtrl
 0001:000005F4       Finalization
 0001:00000624       Imm
 0001:000006BC       Finalization
 0001:000006EC       WinSpool
 0001:000006F4       Finalization
 0001:00000724       CommDlg
 0001:0000072C       Finalization
 0001:0000075C       Dlgs
 0001:000007A4       Finalization
 0001:000007D4       RichEdit
 0001:00000DDC       Register
 0001:00000E40       TACBrFileINIProperty.GetFilter
 0001:00000E7C       TACBrAboutDialogProperty.Edit
 0001:00000E8C       TACBrAboutDialogProperty.GetAttributes
 0001:00000EAC       TACBrAboutDialogProperty.GetValue
 0001:00000EF0       TACBrFileProperty.GetFilter
 0001:00000F08       TACBrFileProperty.Edit
 0001:00001004       TACBrFileProperty.GetAttributes
 0001:00001024       TACBrDirProperty.Edit
 0001:00001090       TACBrDirProperty.GetAttributes
 0001:000010B0       Finalization
 0001:000010E0       ACBrReg
 0001:000013A8       @GetPackageInfoTable
 0001:000013B0       @PackageLoad
 0001:000013BC       @PackageUnload
 0001:000013C8       DCLACBr_Comum
 0002:00000000       TlsIndex
 0002:00000004       Module
 0002:0000001C       TlsProc
 0002:00001000       ModuleIsLib
 0002:00001001       ModuleIsPackage
 0002:00001004       HInstance
 0002:00001008       .1
 0002:0000100C       tlsBuffer
 0002:00001010       .3
 0002:00001014       .1
 0002:00001018       .1
 0002:0000101C       .1
 0002:00001020       .1
 0002:00001024       .1
 0002:00001028       .1
 0002:0000102C       .1
 0002:00001030       .1
 0002:00001034       .3
 0002:00001038       .1
 0002:0000103C       .1
 0002:00001040       .1
 0002:00001044       .5


Line numbers for SysInit(SysInit.pas) segment .text

    93 0001:00000098   102 0001:000000A0   105 0001:000000A8   108 0001:000000B0
   111 0001:000000B8   114 0001:000000C0   117 0001:000000C8   128 0001:000000D0
   129 0001:000000D8   285 0001:000000DC   286 0001:000000E1   293 0001:000000E4
   294 0001:000000E5   295 0001:000000EC   299 0001:000000F0   300 0001:00000103
   301 0001:0000010A   302 0001:0000010E   304 0001:0000011A   305 0001:00000126
   310 0001:00000128   312 0001:00000131   313 0001:0000013B   314 0001:00000140
   315 0001:00000150   321 0001:00000154   323 0001:0000015D   324 0001:00000166
   325 0001:00000171   326 0001:00000175   328 0001:0000017B   332 0001:0000017C
   334 0001:00000185   335 0001:0000018A   336 0001:00000193   337 0001:0000019E
   423 0001:000001A0   424 0001:000001AA   428 0001:000001AC   429 0001:000001B6
   430 0001:000001C7   431 0001:000001CD   495 0001:000001D0   496 0001:000001DB
   497 0001:000001E2   498 0001:000001E9   499 0001:000001EE   500 0001:000001F6
   501 0001:000001FE   502 0001:00000203   503 0001:0000020C   504 0001:00000215
   505 0001:0000021A   506 0001:00000221   507 0001:00000225   508 0001:0000022A
   509 0001:0000022D   540 0001:00000234   541 0001:0000023E   545 0001:00000240
   546 0001:0000024A   840 0001:0000027C   840 0001:00000283

Bound resource files

DCLACBrComum.dcr
DCLACBr_Comum.res
DCLACBr_Comum.drf


Program entry point at 0001:000013C8
