
 Start         Length     Name                   Class
 0001:00000000 00001934H .text                   CODE
 0002:00000000 0000002CH .data                   DATA
 0002:0000002C 00000055H .bss                    BSS


Detailed map of segments

 0001:00000000 00000066 C=CODE     S=.text    G=(none)   M=System   ACBP=A9
 0001:00000068 000001EC C=CODE     S=.text    G=(none)   M=SysInit  ACBP=A9
 0001:00000254 0000006E C=CODE     S=.text    G=(none)   M=Classes  ACBP=A9
 0001:000002C4 0000000E C=CODE     S=.text    G=(none)   M=ActiveX  ACBP=A9
 0001:000002D4 00000038 C=CODE     S=.text    G=(none)   M=Windows  ACBP=A9
 0001:0000030C 0000000E C=CODE     S=.text    G=(none)   M=Types    ACBP=A9
 0001:0000031C 00000038 C=CODE     S=.text    G=(none)   M=Messages ACBP=A9
 0001:00000354 0000000E C=CODE     S=.text    G=(none)   M=TypInfo  ACBP=A9
 0001:00000364 0000000E C=CODE     S=.text    G=(none)   M=SysUtils ACBP=A9
 0001:00000374 0000000E C=CODE     S=.text    G=(none)   M=SysConst ACBP=A9
 0001:00000384 0000000E C=CODE     S=.text    G=(none)   M=Variants ACBP=A9
 0001:00000394 0000000E C=CODE     S=.text    G=(none)   M=VarUtils ACBP=A9
 0001:000003A4 0000000E C=CODE     S=.text    G=(none)   M=RTLConsts ACBP=A9
 0001:000003B4 0000000E C=CODE     S=.text    G=(none)   M=ACBrBase ACBP=A9
 0001:000003C4 0000000E C=CODE     S=.text    G=(none)   M=SyncObjs ACBP=A9
 0001:000003D4 0000000E C=CODE     S=.text    G=(none)   M=Contnrs  ACBP=A9
 0001:000003E4 0000000E C=CODE     S=.text    G=(none)   M=Math     ACBP=A9
 0001:000003F4 0000000E C=CODE     S=.text    G=(none)   M=Dialogs  ACBP=A9
 0001:00000404 00000038 C=CODE     S=.text    G=(none)   M=ShlObj   ACBP=A9
 0001:0000043C 00000038 C=CODE     S=.text    G=(none)   M=UrlMon   ACBP=A9
 0001:00000474 00000038 C=CODE     S=.text    G=(none)   M=WinInet  ACBP=A9
 0001:000004AC 00000038 C=CODE     S=.text    G=(none)   M=RegStr   ACBP=A9
 0001:000004E4 00000038 C=CODE     S=.text    G=(none)   M=ShellAPI ACBP=A9
 0001:0000051C 00000038 C=CODE     S=.text    G=(none)   M=CommCtrl ACBP=A9
 0001:00000554 0000000E C=CODE     S=.text    G=(none)   M=StdCtrls ACBP=A9
 0001:00000564 0000000E C=CODE     S=.text    G=(none)   M=ActnList ACBP=A9
 0001:00000574 0000000E C=CODE     S=.text    G=(none)   M=ImgList  ACBP=A9
 0001:00000584 0000000E C=CODE     S=.text    G=(none)   M=Graphics ACBP=A9
 0001:00000594 0000000E C=CODE     S=.text    G=(none)   M=Consts   ACBP=A9
 0001:000005A4 0000000E C=CODE     S=.text    G=(none)   M=Forms    ACBP=A9
 0001:000005B4 0000000E C=CODE     S=.text    G=(none)   M=HelpIntfs ACBP=A9
 0001:000005C4 0000000E C=CODE     S=.text    G=(none)   M=MultiMon ACBP=A9
 0001:000005D4 0000000E C=CODE     S=.text    G=(none)   M=Controls ACBP=A9
 0001:000005E4 00000038 C=CODE     S=.text    G=(none)   M=Imm      ACBP=A9
 0001:0000061C 0000000E C=CODE     S=.text    G=(none)   M=Menus    ACBP=A9
 0001:0000062C 0000000E C=CODE     S=.text    G=(none)   M=Themes   ACBP=A9
 0001:0000063C 0000000E C=CODE     S=.text    G=(none)   M=UxTheme  ACBP=A9
 0001:0000064C 0000000E C=CODE     S=.text    G=(none)   M=ComCtrls ACBP=A9
 0001:0000065C 0000000E C=CODE     S=.text    G=(none)   M=ListActns ACBP=A9
 0001:0000066C 0000000E C=CODE     S=.text    G=(none)   M=ExtCtrls ACBP=A9
 0001:0000067C 0000000E C=CODE     S=.text    G=(none)   M=WinHelpViewer ACBP=A9
 0001:0000068C 0000000E C=CODE     S=.text    G=(none)   M=StdActns ACBP=A9
 0001:0000069C 0000000E C=CODE     S=.text    G=(none)   M=Printers ACBP=A9
 0001:000006AC 00000038 C=CODE     S=.text    G=(none)   M=WinSpool ACBP=A9
 0001:000006E4 00000038 C=CODE     S=.text    G=(none)   M=CommDlg  ACBP=A9
 0001:0000071C 00000038 C=CODE     S=.text    G=(none)   M=Dlgs     ACBP=A9
 0001:00000754 0000000E C=CODE     S=.text    G=(none)   M=StrUtils ACBP=A9
 0001:00000764 0000000E C=CODE     S=.text    G=(none)   M=Clipbrd  ACBP=A9
 0001:00000774 0000000E C=CODE     S=.text    G=(none)   M=FlatSB   ACBP=A9
 0001:00000784 0000000E C=CODE     S=.text    G=(none)   M=ToolWin  ACBP=A9
 0001:00000794 00000038 C=CODE     S=.text    G=(none)   M=RichEdit ACBP=A9
 0001:000007CC 0000000E C=CODE     S=.text    G=(none)   M=ExtActns ACBP=A9
 0001:000007DC 0000000E C=CODE     S=.text    G=(none)   M=Registry ACBP=A9
 0001:000007EC 0000000E C=CODE     S=.text    G=(none)   M=IniFiles ACBP=A9
 0001:000007FC 0000000E C=CODE     S=.text    G=(none)   M=ExtDlgs  ACBP=A9
 0001:0000080C 0000000E C=CODE     S=.text    G=(none)   M=Buttons  ACBP=A9
 0001:0000081C 0000000E C=CODE     S=.text    G=(none)   M=Mapi     ACBP=A9
 0001:0000082C 0000000E C=CODE     S=.text    G=(none)   M=ComStrs  ACBP=A9
 0001:0000083C 0000000E C=CODE     S=.text    G=(none)   M=ACBrUtil ACBP=A9
 0001:0000084C 0000000E C=CODE     S=.text    G=(none)   M=ACBrConsts ACBP=A9
 0001:0000085C 0000000E C=CODE     S=.text    G=(none)   M=DateUtils ACBP=A9
 0001:0000086C 0000000E C=CODE     S=.text    G=(none)   M=synautil ACBP=A9
 0001:0000087C 0000000E C=CODE     S=.text    G=(none)   M=synafpc  ACBP=A9
 0001:0000088C 0000000E C=CODE     S=.text    G=(none)   M=ACBrCompress ACBP=A9
 0001:0000089C 0000000E C=CODE     S=.text    G=(none)   M=ACBrZLibExGZ ACBP=A9
 0001:000008AC 0000000E C=CODE     S=.text    G=(none)   M=ACBrZLibEx ACBP=A9
 0001:000008BC 0000000E C=CODE     S=.text    G=(none)   M=ACBrZLibExApi ACBP=A9
 0001:000008CC 0000000E C=CODE     S=.text    G=(none)   M=ZLib     ACBP=A9
 0001:000008DC 0000000E C=CODE     S=.text    G=(none)   M=ZLibConst ACBP=A9
 0001:000008EC 0000000E C=CODE     S=.text    G=(none)   M=StrUtilsEx ACBP=A9
 0001:000008FC 00000036 C=CODE     S=.text    G=(none)   M=ACBrSATExtratoClass ACBP=A9
 0001:00000934 0000000E C=CODE     S=.text    G=(none)   M=pcnCFe   ACBP=A9
 0001:00000944 0000000E C=CODE     S=.text    G=(none)   M=pcnConversao ACBP=A9
 0001:00000954 0000000E C=CODE     S=.text    G=(none)   M=pcnSignature ACBP=A9
 0001:00000964 0000000E C=CODE     S=.text    G=(none)   M=pcnGerador ACBP=A9
 0001:00000974 0000000E C=CODE     S=.text    G=(none)   M=pcnAuxiliar ACBP=A9
 0001:00000984 0000000E C=CODE     S=.text    G=(none)   M=ACBrValidador ACBP=A9
 0001:00000994 0000000E C=CODE     S=.text    G=(none)   M=pcnConsts ACBP=A9
 0001:000009A4 0000000E C=CODE     S=.text    G=(none)   M=pcnCFeR  ACBP=A9
 0001:000009B4 0000000E C=CODE     S=.text    G=(none)   M=pcnLeitor ACBP=A9
 0001:000009C4 0000000E C=CODE     S=.text    G=(none)   M=pcnCFeW  ACBP=A9
 0001:000009D4 0000000E C=CODE     S=.text    G=(none)   M=pcnCFeCanc ACBP=A9
 0001:000009E4 0000000E C=CODE     S=.text    G=(none)   M=pcnCFeCancR ACBP=A9
 0001:000009F4 0000000E C=CODE     S=.text    G=(none)   M=pcnCFeCancW ACBP=A9
 0001:00000A04 0000001E C=CODE     S=.text    G=(none)   M=ACBrDFeReport ACBP=A9
 0001:00000A24 0000000E C=CODE     S=.text    G=(none)   M=ACBrDelphiZXingQRCode ACBP=A9
 0001:00000A34 0000000E C=CODE     S=.text    G=(none)   M=ACBrSAT  ACBP=A9
 0001:00000A44 0000000E C=CODE     S=.text    G=(none)   M=pcnRede  ACBP=A9
 0001:00000A54 0000000E C=CODE     S=.text    G=(none)   M=pcnRedeW ACBP=A9
 0001:00000A64 0000000E C=CODE     S=.text    G=(none)   M=pcnRedeR ACBP=A9
 0001:00000A74 0000000E C=CODE     S=.text    G=(none)   M=ACBrSATClass ACBP=A9
 0001:00000A84 0000000E C=CODE     S=.text    G=(none)   M=ACBrDFeSSL ACBP=A9
 0001:00000A94 0000000E C=CODE     S=.text    G=(none)   M=blcksock ACBP=A9
 0001:00000AA4 0000000E C=CODE     S=.text    G=(none)   M=synsock  ACBP=A9
 0001:00000AB4 0000000E C=CODE     S=.text    G=(none)   M=synacode ACBP=A9
 0001:00000AC4 0000000E C=CODE     S=.text    G=(none)   M=synaip   ACBP=A9
 0001:00000AD4 0000000E C=CODE     S=.text    G=(none)   M=ACBrDFeUtil ACBP=A9
 0001:00000AE4 0000000E C=CODE     S=.text    G=(none)   M=ACBrIBGE ACBP=A9
 0001:00000AF4 0000000E C=CODE     S=.text    G=(none)   M=ACBrSocket ACBP=A9
 0001:00000B04 0000000E C=CODE     S=.text    G=(none)   M=httpsend ACBP=A9
 0001:00000B14 0000000E C=CODE     S=.text    G=(none)   M=ssl_openssl ACBP=A9
 0001:00000B24 0000000E C=CODE     S=.text    G=(none)   M=ssl_openssl_lib ACBP=A9
 0001:00000B34 0000000E C=CODE     S=.text    G=(none)   M=Jsons    ACBP=A9
 0001:00000B44 0000000E C=CODE     S=.text    G=(none)   M=JsonsUtilsEx ACBP=A9
 0001:00000B54 0000000E C=CODE     S=.text    G=(none)   M=ACBrDFeException ACBP=A9
 0001:00000B64 0000000E C=CODE     S=.text    G=(none)   M=ACBrDFeOpenSSL ACBP=A9
 0001:00000B74 0000000E C=CODE     S=.text    G=(none)   M=ACBrDFeWinCrypt ACBP=A9
 0001:00000B84 0000000E C=CODE     S=.text    G=(none)   M=ACBr_WinCrypt ACBP=A9
 0001:00000B94 0000000E C=CODE     S=.text    G=(none)   M=ACBr_BCrypt ACBP=A9
 0001:00000BA4 00000038 C=CODE     S=.text    G=(none)   M=ACBr_NTStatus ACBP=A9
 0001:00000BDC 0000000E C=CODE     S=.text    G=(none)   M=ACBr_NCrypt ACBP=A9
 0001:00000BEC 0000000E C=CODE     S=.text    G=(none)   M=ComObj   ACBP=A9
 0001:00000BFC 0000000E C=CODE     S=.text    G=(none)   M=ComConst ACBP=A9
 0001:00000C0C 0000000E C=CODE     S=.text    G=(none)   M=OpenSSLExt ACBP=A9
 0001:00000C1C 0000000E C=CODE     S=.text    G=(none)   M=ACBrDFeHttpOpenSSL ACBP=A9
 0001:00000C2C 0000000E C=CODE     S=.text    G=(none)   M=ACBrDFeXsLibXml2 ACBP=A9
 0001:00000C3C 0000000E C=CODE     S=.text    G=(none)   M=ACBrLibXml2 ACBP=A9
 0001:00000C4C 0000000E C=CODE     S=.text    G=(none)   M=ACBrDFeCapicom ACBP=A9
 0001:00000C5C 0000000E C=CODE     S=.text    G=(none)   M=ACBrCAPICOM_TLB ACBP=A9
 0001:00000C6C 0000000E C=CODE     S=.text    G=(none)   M=OleServer ACBP=A9
 0001:00000C7C 0000000E C=CODE     S=.text    G=(none)   M=OleConst ACBP=A9
 0001:00000C8C 0000000E C=CODE     S=.text    G=(none)   M=StdVCL   ACBP=A9
 0001:00000C9C 0000000E C=CODE     S=.text    G=(none)   M=ACBrDFeXsMsXmlCapicom ACBP=A9
 0001:00000CAC 0000000E C=CODE     S=.text    G=(none)   M=ACBrDFeXsMsXml ACBP=A9
 0001:00000CBC 0000000E C=CODE     S=.text    G=(none)   M=ACBrMSXML2_TLB ACBP=A9
 0001:00000CCC 0000000E C=CODE     S=.text    G=(none)   M=ACBrDFeHttpIndy ACBP=A9
 0001:00000CDC 0000000E C=CODE     S=.text    G=(none)   M=SOAPHTTPClient ACBP=A9
 0001:00000CEC 0000000E C=CODE     S=.text    G=(none)   M=XMLIntf  ACBP=A9
 0001:00000CFC 0000000E C=CODE     S=.text    G=(none)   M=xmldom   ACBP=A9
 0001:00000D0C 0000000E C=CODE     S=.text    G=(none)   M=XMLConst ACBP=A9
 0001:00000D1C 0000000E C=CODE     S=.text    G=(none)   M=msxmldom ACBP=A9
 0001:00000D2C 0000000E C=CODE     S=.text    G=(none)   M=msxml    ACBP=A9
 0001:00000D3C 0000000E C=CODE     S=.text    G=(none)   M=WebNode  ACBP=A9
 0001:00000D4C 0000000E C=CODE     S=.text    G=(none)   M=SOAPAttachIntf ACBP=A9
 0001:00000D5C 0000000E C=CODE     S=.text    G=(none)   M=InvokeRegistry ACBP=A9
 0001:00000D6C 0000000E C=CODE     S=.text    G=(none)   M=XMLSchema ACBP=A9
 0001:00000D7C 0000000E C=CODE     S=.text    G=(none)   M=XMLDoc   ACBP=A9
 0001:00000D8C 0000000E C=CODE     S=.text    G=(none)   M=XMLSchemaTags ACBP=A9
 0001:00000D9C 0000000E C=CODE     S=.text    G=(none)   M=IntfInfo ACBP=A9
 0001:00000DAC 0000000E C=CODE     S=.text    G=(none)   M=SOAPConst ACBP=A9
 0001:00000DBC 0000000E C=CODE     S=.text    G=(none)   M=HTTPUtil ACBP=A9
 0001:00000DCC 0000000E C=CODE     S=.text    G=(none)   M=SOAPHTTPTrans ACBP=A9
 0001:00000DDC 00000038 C=CODE     S=.text    G=(none)   M=WinSock  ACBP=A9
 0001:00000E14 0000000E C=CODE     S=.text    G=(none)   M=SOAPAttach ACBP=A9
 0001:00000E24 0000000E C=CODE     S=.text    G=(none)   M=WSDLIntf ACBP=A9
 0001:00000E34 0000000E C=CODE     S=.text    G=(none)   M=HTTPApp  ACBP=A9
 0001:00000E44 0000000E C=CODE     S=.text    G=(none)   M=Masks    ACBP=A9
 0001:00000E54 0000000E C=CODE     S=.text    G=(none)   M=BrkrConst ACBP=A9
 0001:00000E64 0000000E C=CODE     S=.text    G=(none)   M=WebConst ACBP=A9
 0001:00000E74 0000000E C=CODE     S=.text    G=(none)   M=WSDLNode ACBP=A9
 0001:00000E84 0000000E C=CODE     S=.text    G=(none)   M=WSDLItems ACBP=A9
 0001:00000E94 0000000E C=CODE     S=.text    G=(none)   M=WSDLBind ACBP=A9
 0001:00000EA4 0000000E C=CODE     S=.text    G=(none)   M=OPConvert ACBP=A9
 0001:00000EB4 0000000E C=CODE     S=.text    G=(none)   M=UDDIHelper ACBP=A9
 0001:00000EC4 0000000E C=CODE     S=.text    G=(none)   M=inquire_v1 ACBP=A9
 0001:00000ED4 0000000E C=CODE     S=.text    G=(none)   M=XSBuiltIns ACBP=A9
 0001:00000EE4 0000000E C=CODE     S=.text    G=(none)   M=FMTBcd   ACBP=A9
 0001:00000EF4 0000000E C=CODE     S=.text    G=(none)   M=DBConsts ACBP=A9
 0001:00000F04 0000000E C=CODE     S=.text    G=(none)   M=OPToSOAPDomConv ACBP=A9
 0001:00000F14 0000000E C=CODE     S=.text    G=(none)   M=SOAPDomConv ACBP=A9
 0001:00000F24 0000000E C=CODE     S=.text    G=(none)   M=SOAPEnv  ACBP=A9
 0001:00000F34 0000000E C=CODE     S=.text    G=(none)   M=xercesxmldom ACBP=A9
 0001:00000F44 0000000E C=CODE     S=.text    G=(none)   M=oxmldom  ACBP=A9
 0001:00000F54 0000000E C=CODE     S=.text    G=(none)   M=xdom     ACBP=A9
 0001:00000F64 0000000E C=CODE     S=.text    G=(none)   M=OPToSOAPDomCustom ACBP=A9
 0001:00000F74 0000000E C=CODE     S=.text    G=(none)   M=TypeTrans ACBP=A9
 0001:00000F84 0000000E C=CODE     S=.text    G=(none)   M=EncdDecd ACBP=A9
 0001:00000F94 0000000E C=CODE     S=.text    G=(none)   M=InvRules ACBP=A9
 0001:00000FA4 0000000E C=CODE     S=.text    G=(none)   M=Rio      ACBP=A9
 0001:00000FB4 0000000E C=CODE     S=.text    G=(none)   M=WebServExp ACBP=A9
 0001:00000FC4 0000000E C=CODE     S=.text    G=(none)   M=ACBrDFeHttpWinApi ACBP=A9
 0001:00000FD4 0000000E C=CODE     S=.text    G=(none)   M=ACBrWinReqRespClass ACBP=A9
 0001:00000FE4 0000000E C=CODE     S=.text    G=(none)   M=ACBr_WinHttp ACBP=A9
 0001:00000FF4 0000000E C=CODE     S=.text    G=(none)   M=ACBrWinHTTPReqResp ACBP=A9
 0001:00001004 0000000E C=CODE     S=.text    G=(none)   M=ACBrWinINetReqResp ACBP=A9
 0001:00001014 0000000E C=CODE     S=.text    G=(none)   M=ACBrMail ACBP=A9
 0001:00001024 0000000E C=CODE     S=.text    G=(none)   M=smtpsend ACBP=A9
 0001:00001034 0000000E C=CODE     S=.text    G=(none)   M=mimepart ACBP=A9
 0001:00001044 0000000E C=CODE     S=.text    G=(none)   M=synachar ACBP=A9
 0001:00001054 0000000E C=CODE     S=.text    G=(none)   M=synaicnv ACBP=A9
 0001:00001064 0000000E C=CODE     S=.text    G=(none)   M=mimeinln ACBP=A9
 0001:00001074 0000000E C=CODE     S=.text    G=(none)   M=mimemess ACBP=A9
 0001:00001084 0000000E C=CODE     S=.text    G=(none)   M=ACBrIntegrador ACBP=A9
 0001:00001094 0000000E C=CODE     S=.text    G=(none)   M=pcnVFPe  ACBP=A9
 0001:000010A4 0000000E C=CODE     S=.text    G=(none)   M=ACBrIntegradorResposta ACBP=A9
 0001:000010B4 0000000E C=CODE     S=.text    G=(none)   M=pcnVFPeW ACBP=A9
 0001:000010C4 0000000E C=CODE     S=.text    G=(none)   M=pcnVFPeR ACBP=A9
 0001:000010D4 0000000E C=CODE     S=.text    G=(none)   M=ACBrSATDinamico_cdecl ACBP=A9
 0001:000010E4 0000000E C=CODE     S=.text    G=(none)   M=ACBrSATDinamico_stdcall ACBP=A9
 0001:000010F4 0000000E C=CODE     S=.text    G=(none)   M=ACBrSATMFe_integrador ACBP=A9
 0001:00001104 0000001E C=CODE     S=.text    G=(none)   M=ACBrSATExtratoReportClass ACBP=A9
 0001:00001124 00000198 C=CODE     S=.text    G=(none)   M=ACBrSATExtratoFR ACBP=A9
 0001:000012BC 00000038 C=CODE     S=.text    G=(none)   M=ACBrSATExtratoFRReg ACBP=A9
 0001:000012F4 0000063D C=CODE     S=.text    G=(none)   M=DCLACBr_SATExtratoFR ACBP=A9
 0002:00000000 0000002C C=DATA     S=.data    G=DGROUP   M=SysInit  ACBP=A9
 0002:00001000 00000010 C=BSS      S=.bss     G=DGROUP   M=SysInit  ACBP=A9
 0002:00001010 00000004 C=BSS      S=.bss     G=DGROUP   M=Windows  ACBP=A9
 0002:00001014 00000004 C=BSS      S=.bss     G=DGROUP   M=Messages ACBP=A9
 0002:00001018 00000004 C=BSS      S=.bss     G=DGROUP   M=ShlObj   ACBP=A9
 0002:0000101C 00000004 C=BSS      S=.bss     G=DGROUP   M=UrlMon   ACBP=A9
 0002:00001020 00000004 C=BSS      S=.bss     G=DGROUP   M=WinInet  ACBP=A9
 0002:00001024 00000004 C=BSS      S=.bss     G=DGROUP   M=RegStr   ACBP=A9
 0002:00001028 00000004 C=BSS      S=.bss     G=DGROUP   M=ShellAPI ACBP=A9
 0002:0000102C 00000004 C=BSS      S=.bss     G=DGROUP   M=CommCtrl ACBP=A9
 0002:00001030 00000004 C=BSS      S=.bss     G=DGROUP   M=Imm      ACBP=A9
 0002:00001034 00000004 C=BSS      S=.bss     G=DGROUP   M=WinSpool ACBP=A9
 0002:00001038 00000004 C=BSS      S=.bss     G=DGROUP   M=CommDlg  ACBP=A9
 0002:0000103C 00000004 C=BSS      S=.bss     G=DGROUP   M=Dlgs     ACBP=A9
 0002:00001040 00000004 C=BSS      S=.bss     G=DGROUP   M=RichEdit ACBP=A9
 0002:00001044 00000004 C=BSS      S=.bss     G=DGROUP   M=ACBr_NTStatus ACBP=A9
 0002:00001048 00000004 C=BSS      S=.bss     G=DGROUP   M=WinSock  ACBP=A9
 0002:0000104C 00000004 C=BSS      S=.bss     G=DGROUP   M=ACBrSATExtratoFR ACBP=A9
 0002:00001050 00000004 C=BSS      S=.bss     G=DGROUP   M=ACBrSATExtratoFRReg ACBP=A9


  Address         Publics by Name

 0002:00001018       .1
 0002:00001038       .1
 0002:0000101C       .1
 0002:00001020       .1
 0002:00001024       .1
 0002:00001008       .1
 0002:00001050       .1
 0002:00001028       .1
 0002:00001014       .1
 0002:00001048       .1
 0002:0000102C       .1
 0002:00001044       .1
 0002:00001040       .1
 0002:00001030       .1
 0002:0000103C       .1
 0002:0000104C       .2
 0002:00001034       .3
 0002:00001010       .3
 0001:0000190C       @GetPackageInfoTable
 0001:000001A0       @InitPkg
 0001:00001914       @PackageLoad
 0001:00000204       @PackageLoad
 0001:00001920       @PackageUnload
 0001:00000210       @PackageUnload
 0001:000012B4       ACBrSATExtratoFR
 0001:000012EC       ACBrSATExtratoFRReg
 0001:00000BD4       ACBr_NTStatus
 0001:000000A0       AllocTlsBuffer
 0001:0000054C       CommCtrl
 0001:00000714       CommDlg
 0001:0000192C       DCLACBr_SATExtratoFR
 0001:0000074C       Dlgs
 0001:0000014C       ExitProcessTLS
 0001:00000124       ExitThreadTLS
 0001:00000DDC       Finalization
 0001:000006E4       Finalization
 0001:00000404       Finalization
 0001:000012BC       Finalization
 0001:0000021C       Finalization
 0001:0000043C       Finalization
 0001:00000794       Finalization
 0001:000006AC       Finalization
 0001:00000474       Finalization
 0001:00001284       Finalization
 0001:000005E4       Finalization
 0001:000004AC       Finalization
 0001:000004E4       Finalization
 0001:00000BA4       Finalization
 0001:0000051C       Finalization
 0001:0000031C       Finalization
 0001:000002D4       Finalization
 0001:0000071C       Finalization
 0001:00000068       FreeLibrary
 0001:000000AC       GetTlsSize
 0002:00001004       HInstance
 0001:00000614       Imm
 0001:00000170       InitializeModule
 0001:000000F8       InitProcessTLS
 0001:000000B4       InitThreadTLS
 0001:00000070       LocalAlloc
 0001:00000078       LocalFree
 0001:0000034C       Messages
 0002:00000004       Module
 0002:00001000       ModuleIsLib
 0002:00001001       ModuleIsPackage
 0001:000004DC       RegStr
 0001:000007C4       RichEdit
 0001:00000514       ShellAPI
 0001:00000434       ShlObj
 0001:0000024C       SysInit
 0001:00001204       TACBrSATExtratoFast.Imprimir
 0001:00001210       TACBrSATExtratoFast.ImprimirExtrato
 0001:00001234       TACBrSATExtratoFast.ImprimirExtratoCancelamento
 0001:00001260       TACBrSATExtratoFast.ImprimirExtratoResumido
 0001:00000080       TlsAlloc
 0002:0000100C       tlsBuffer
 0001:00000088       TlsFree
 0001:00000090       TlsGetValue
 0002:00000000       TlsIndex
 0002:FFBFD000       TlsLast
 0002:0000001C       TlsProc
 0001:00000098       TlsSetValue
 0001:0000017C       UninitializeModule
 0001:0000046C       UrlMon
 0001:00000304       Windows
 0001:000004A4       WinInet
 0001:00000E0C       WinSock
 0001:000006DC       WinSpool


  Address         Publics by Value

 0002:FFBFD000       TlsLast
 0001:00000068       FreeLibrary
 0001:00000070       LocalAlloc
 0001:00000078       LocalFree
 0001:00000080       TlsAlloc
 0001:00000088       TlsFree
 0001:00000090       TlsGetValue
 0001:00000098       TlsSetValue
 0001:000000A0       AllocTlsBuffer
 0001:000000AC       GetTlsSize
 0001:000000B4       InitThreadTLS
 0001:000000F8       InitProcessTLS
 0001:00000124       ExitThreadTLS
 0001:0000014C       ExitProcessTLS
 0001:00000170       InitializeModule
 0001:0000017C       UninitializeModule
 0001:000001A0       @InitPkg
 0001:00000204       @PackageLoad
 0001:00000210       @PackageUnload
 0001:0000021C       Finalization
 0001:0000024C       SysInit
 0001:000002D4       Finalization
 0001:00000304       Windows
 0001:0000031C       Finalization
 0001:0000034C       Messages
 0001:00000404       Finalization
 0001:00000434       ShlObj
 0001:0000043C       Finalization
 0001:0000046C       UrlMon
 0001:00000474       Finalization
 0001:000004A4       WinInet
 0001:000004AC       Finalization
 0001:000004DC       RegStr
 0001:000004E4       Finalization
 0001:00000514       ShellAPI
 0001:0000051C       Finalization
 0001:0000054C       CommCtrl
 0001:000005E4       Finalization
 0001:00000614       Imm
 0001:000006AC       Finalization
 0001:000006DC       WinSpool
 0001:000006E4       Finalization
 0001:00000714       CommDlg
 0001:0000071C       Finalization
 0001:0000074C       Dlgs
 0001:00000794       Finalization
 0001:000007C4       RichEdit
 0001:00000BA4       Finalization
 0001:00000BD4       ACBr_NTStatus
 0001:00000DDC       Finalization
 0001:00000E0C       WinSock
 0001:00001204       TACBrSATExtratoFast.Imprimir
 0001:00001210       TACBrSATExtratoFast.ImprimirExtrato
 0001:00001234       TACBrSATExtratoFast.ImprimirExtratoCancelamento
 0001:00001260       TACBrSATExtratoFast.ImprimirExtratoResumido
 0001:00001284       Finalization
 0001:000012B4       ACBrSATExtratoFR
 0001:000012BC       Finalization
 0001:000012EC       ACBrSATExtratoFRReg
 0001:0000190C       @GetPackageInfoTable
 0001:00001914       @PackageLoad
 0001:00001920       @PackageUnload
 0001:0000192C       DCLACBr_SATExtratoFR
 0002:00000000       TlsIndex
 0002:00000004       Module
 0002:0000001C       TlsProc
 0002:00001000       ModuleIsLib
 0002:00001001       ModuleIsPackage
 0002:00001004       HInstance
 0002:00001008       .1
 0002:0000100C       tlsBuffer
 0002:00001010       .3
 0002:00001014       .1
 0002:00001018       .1
 0002:0000101C       .1
 0002:00001020       .1
 0002:00001024       .1
 0002:00001028       .1
 0002:0000102C       .1
 0002:00001030       .1
 0002:00001034       .3
 0002:00001038       .1
 0002:0000103C       .1
 0002:00001040       .1
 0002:00001044       .1
 0002:00001048       .1
 0002:0000104C       .2
 0002:00001050       .1


Line numbers for SysInit(SysInit.pas) segment .text

    93 0001:00000068   102 0001:00000070   105 0001:00000078   108 0001:00000080
   111 0001:00000088   114 0001:00000090   117 0001:00000098   128 0001:000000A0
   129 0001:000000A8   285 0001:000000AC   286 0001:000000B1   293 0001:000000B4
   294 0001:000000B5   295 0001:000000BC   299 0001:000000C0   300 0001:000000D3
   301 0001:000000DA   302 0001:000000DE   304 0001:000000EA   305 0001:000000F6
   310 0001:000000F8   312 0001:00000101   313 0001:0000010B   314 0001:00000110
   315 0001:00000120   321 0001:00000124   323 0001:0000012D   324 0001:00000136
   325 0001:00000141   326 0001:00000145   328 0001:0000014B   332 0001:0000014C
   334 0001:00000155   335 0001:0000015A   336 0001:00000163   337 0001:0000016E
   423 0001:00000170   424 0001:0000017A   428 0001:0000017C   429 0001:00000186
   430 0001:00000197   431 0001:0000019D   495 0001:000001A0   496 0001:000001AB
   497 0001:000001B2   498 0001:000001B9   499 0001:000001BE   500 0001:000001C6
   501 0001:000001CE   502 0001:000001D3   503 0001:000001DC   504 0001:000001E5
   505 0001:000001EA   506 0001:000001F1   507 0001:000001F5   508 0001:000001FA
   509 0001:000001FD   540 0001:00000204   541 0001:0000020E   545 0001:00000210
   546 0001:0000021A   840 0001:0000024C   840 0001:00000253

Line numbers for ACBr_NTStatus(..\..\..\Fontes\Terceiros\CodeGear\ACBr_NTStatus.pas) segment .text

 18067 0001:00000BD4 18067 0001:00000BDB

Bound resource files

DCLACBr_SATExtratoFR.res
DCLACBr_SATExtratoFR.drf


Program entry point at 0001:0000192C
