
 Start         Length     Name                   Class
 0001:00401000 0000214CH .text                   CODE
 0002:00404000 00000618H .itext                  ICODE
 0003:00405000 00000098H .data                   DATA
 0004:00406000 0000003CH .bss                    BSS
 0005:00000000 00000000H .tls                    TLS
 0006:00400000 00000000H .pdata                  PDATA


Detailed map of segments

 0001:00000000 00000040 C=CODE     S=.text    G=(none)   M=System   ACBP=A9
 0001:00000040 00000CF4 C=CODE     S=.text    G=(none)   M=SysInit  ACBP=A9
 0001:00000D34 00000008 C=CODE     S=.text    G=(none)   M=System.UITypes ACBP=A9
 0001:00000D3C 0000006C C=CODE     S=.text    G=(none)   M=Winapi.Windows ACBP=A9
 0001:00000DA8 00000024 C=CODE     S=.text    G=(none)   M=Winapi.PsAPI ACBP=A9
 0001:00000DCC 00000008 C=CODE     S=.text    G=(none)   M=System.Character ACBP=A9
 0001:00000DD4 00000008 C=CODE     S=.text    G=(none)   M=System.Internal.ExcUtils ACBP=A9
 0001:00000DDC 00000030 C=CODE     S=.text    G=(none)   M=System.SysUtils ACBP=A9
 0001:00000E0C 00000008 C=CODE     S=.text    G=(none)   M=System.VarUtils ACBP=A9
 0001:00000E14 00000008 C=CODE     S=.text    G=(none)   M=System.Variants ACBP=A9
 0001:00000E1C 00000008 C=CODE     S=.text    G=(none)   M=System.TypInfo ACBP=A9
 0001:00000E24 00000008 C=CODE     S=.text    G=(none)   M=System.Math ACBP=A9
 0001:00000E2C 00000010 C=CODE     S=.text    G=(none)   M=System.Generics.Defaults ACBP=A9
 0001:00000E3C 00000010 C=CODE     S=.text    G=(none)   M=System.Rtti ACBP=A9
 0001:00000E4C 00000008 C=CODE     S=.text    G=(none)   M=System.TimeSpan ACBP=A9
 0001:00000E54 00000048 C=CODE     S=.text    G=(none)   M=System.Classes ACBP=A9
 0001:00000E9C 00000010 C=CODE     S=.text    G=(none)   M=System.DateUtils ACBP=A9
 0001:00000EAC 00000008 C=CODE     S=.text    G=(none)   M=System.IOUtils ACBP=A9
 0001:00000EB4 00000008 C=CODE     S=.text    G=(none)   M=System.IniFiles ACBP=A9
 0001:00000EBC 00000008 C=CODE     S=.text    G=(none)   M=System.Win.Registry ACBP=A9
 0001:00000EC4 00000008 C=CODE     S=.text    G=(none)   M=System.UIConsts ACBP=A9
 0001:00000ECC 00000010 C=CODE     S=.text    G=(none)   M=Vcl.Graphics ACBP=A9
 0001:00000EDC 00000008 C=CODE     S=.text    G=(none)   M=System.SyncObjs ACBP=A9
 0001:00000EE4 00000008 C=CODE     S=.text    G=(none)   M=System.Messaging ACBP=A9
 0001:00000EEC 00000008 C=CODE     S=.text    G=(none)   M=System.Actions ACBP=A9
 0001:00000EF4 00000008 C=CODE     S=.text    G=(none)   M=Winapi.UxTheme ACBP=A9
 0001:00000EFC 00000008 C=CODE     S=.text    G=(none)   M=Vcl.ActnList ACBP=A9
 0001:00000F04 00000008 C=CODE     S=.text    G=(none)   M=System.AnsiStrings ACBP=A9
 0001:00000F0C 00000010 C=CODE     S=.text    G=(none)   M=System.Win.ComObj ACBP=A9
 0001:00000F1C 00000068 C=CODE     S=.text    G=(none)   M=Winapi.MsCTF ACBP=A9
 0001:00000F84 00000008 C=CODE     S=.text    G=(none)   M=Vcl.GraphUtil ACBP=A9
 0001:00000F8C 00000008 C=CODE     S=.text    G=(none)   M=Vcl.Controls ACBP=A9
 0001:00000F94 00000098 C=CODE     S=.text    G=(none)   M=Vcl.StdCtrls ACBP=A9
 0001:0000102C 00000008 C=CODE     S=.text    G=(none)   M=Vcl.Clipbrd ACBP=A9
 0001:00001034 00000030 C=CODE     S=.text    G=(none)   M=Vcl.ExtCtrls ACBP=A9
 0001:00001064 00000010 C=CODE     S=.text    G=(none)   M=Vcl.Themes ACBP=A9
 0001:00001074 00000008 C=CODE     S=.text    G=(none)   M=Vcl.Menus ACBP=A9
 0001:0000107C 00000008 C=CODE     S=.text    G=(none)   M=System.HelpIntfs ACBP=A9
 0001:00001084 00000008 C=CODE     S=.text    G=(none)   M=Winapi.FlatSB ACBP=A9
 0001:0000108C 000000C8 C=CODE     S=.text    G=(none)   M=Vcl.ComCtrls ACBP=A9
 0001:00001154 00000020 C=CODE     S=.text    G=(none)   M=Vcl.Forms ACBP=A9
 0001:00001174 00000008 C=CODE     S=.text    G=(none)   M=Vcl.Printers ACBP=A9
 0001:0000117C 00000008 C=CODE     S=.text    G=(none)   M=Vcl.Dialogs ACBP=A9
 0001:00001184 00000008 C=CODE     S=.text    G=(none)   M=ACBrConsts ACBP=A9
 0001:0000118C 00000008 C=CODE     S=.text    G=(none)   M=ACBrUtil.Strings ACBP=A9
 0001:00001194 00000008 C=CODE     S=.text    G=(none)   M=synautil ACBP=A9
 0001:0000119C 00000008 C=CODE     S=.text    G=(none)   M=pcnConversao ACBP=A9
 0001:000011A4 00000008 C=CODE     S=.text    G=(none)   M=pcnConversaoNFe ACBP=A9
 0001:000011AC 00000008 C=CODE     S=.text    G=(none)   M=System.Zip ACBP=A9
 0001:000011B4 00000008 C=CODE     S=.text    G=(none)   M=ACBrUtil.Base ACBP=A9
 0001:000011BC 00000008 C=CODE     S=.text    G=(none)   M=pcnAuxiliar ACBP=A9
 0001:000011C4 00000008 C=CODE     S=.text    G=(none)   M=pcnLeitor ACBP=A9
 0001:000011CC 00000008 C=CODE     S=.text    G=(none)   M=ACBrUtil.FilesIO ACBP=A9
 0001:000011D4 00000008 C=CODE     S=.text    G=(none)   M=synsock  ACBP=A9
 0001:000011DC 00000008 C=CODE     S=.text    G=(none)   M=blcksock ACBP=A9
 0001:000011E4 00000008 C=CODE     S=.text    G=(none)   M=ssl_openssl_lib ACBP=A9
 0001:000011EC 00000008 C=CODE     S=.text    G=(none)   M=ssl_openssl ACBP=A9
 0001:000011F4 00000008 C=CODE     S=.text    G=(none)   M=JsonDataObjects_ACBr ACBP=A9
 0001:000011FC 00000008 C=CODE     S=.text    G=(none)   M=ACBrDFeUtil ACBP=A9
 0001:00001204 00000008 C=CODE     S=.text    G=(none)   M=ACBr_BCrypt ACBP=A9
 0001:0000120C 00000008 C=CODE     S=.text    G=(none)   M=ACBr_NCrypt ACBP=A9
 0001:00001214 00000008 C=CODE     S=.text    G=(none)   M=ACBr_WinCrypt ACBP=A9
 0001:0000121C 00000008 C=CODE     S=.text    G=(none)   M=ACBrDFeWinCrypt ACBP=A9
 0001:00001224 00000008 C=CODE     S=.text    G=(none)   M=OpenSSLExt ACBP=A9
 0001:0000122C 00000008 C=CODE     S=.text    G=(none)   M=ACBrLibXml2 ACBP=A9
 0001:00001234 00000008 C=CODE     S=.text    G=(none)   M=System.Net.Mime ACBP=A9
 0001:0000123C 00000038 C=CODE     S=.text    G=(none)   M=System.Threading ACBP=A9
 0001:00001274 00000008 C=CODE     S=.text    G=(none)   M=System.NetEncoding ACBP=A9
 0001:0000127C 00000020 C=CODE     S=.text    G=(none)   M=System.Net.URLClient ACBP=A9
 0001:0000129C 00000010 C=CODE     S=.text    G=(none)   M=System.Net.HttpClient.Win ACBP=A9
 0001:000012AC 00000008 C=CODE     S=.text    G=(none)   M=System.Net.HttpClient ACBP=A9
 0001:000012B4 00000010 C=CODE     S=.text    G=(none)   M=Xml.Win.msxmldom ACBP=A9
 0001:000012C4 00000008 C=CODE     S=.text    G=(none)   M=Xml.xmldom ACBP=A9
 0001:000012CC 00000008 C=CODE     S=.text    G=(none)   M=Xml.xmlutil ACBP=A9
 0001:000012D4 00000008 C=CODE     S=.text    G=(none)   M=Xml.XMLSchema ACBP=A9
 0001:000012DC 00000008 C=CODE     S=.text    G=(none)   M=Soap.SOAPConst ACBP=A9
 0001:000012E4 00000008 C=CODE     S=.text    G=(none)   M=Web.HTTPApp ACBP=A9
 0001:000012EC 00000008 C=CODE     S=.text    G=(none)   M=Data.FmtBcd ACBP=A9
 0001:000012F4 00000008 C=CODE     S=.text    G=(none)   M=Soap.XSBuiltIns ACBP=A9
 0001:000012FC 00000008 C=CODE     S=.text    G=(none)   M=Soap.InvokeRegistry ACBP=A9
 0001:00001304 00000008 C=CODE     S=.text    G=(none)   M=Soap.TypeTrans ACBP=A9
 0001:0000130C 00000008 C=CODE     S=.text    G=(none)   M=Soap.OPToSOAPDomConv ACBP=A9
 0001:00001314 00000008 C=CODE     S=.text    G=(none)   M=Vcl.OleServer ACBP=A9
 0001:0000131C 00000008 C=CODE     S=.text    G=(none)   M=synaicnv ACBP=A9
 0001:00001324 00000008 C=CODE     S=.text    G=(none)   M=synachar ACBP=A9
 0001:0000132C 00000008 C=CODE     S=.text    G=(none)   M=ACBrMail ACBP=A9
 0001:00001334 00000008 C=CODE     S=.text    G=(none)   M=Data.SqlTimSt ACBP=A9
 0001:0000133C 00000008 C=CODE     S=.text    G=(none)   M=Data.DB  ACBP=A9
 0001:00001344 00000010 C=CODE     S=.text    G=(none)   M=Vcl.Buttons ACBP=A9
 0001:00001354 00000008 C=CODE     S=.text    G=(none)   M=Vcl.ImageCollection ACBP=A9
 0001:0000135C 00000008 C=CODE     S=.text    G=(none)   M=Vcl.DBLogDlg ACBP=A9
 0001:00001364 00000008 C=CODE     S=.text    G=(none)   M=Vcl.DBPWDlg ACBP=A9
 0001:0000136C 00000030 C=CODE     S=.text    G=(none)   M=Vcl.DBCtrls ACBP=A9
 0001:0000139C 00000008 C=CODE     S=.text    G=(none)   M=Vcl.Imaging.pngimage ACBP=A9
 0001:000013A4 00000008 C=CODE     S=.text    G=(none)   M=RLConsts ACBP=A9
 0001:000013AC 00000008 C=CODE     S=.text    G=(none)   M=RLUtils  ACBP=A9
 0001:000013B4 00000008 C=CODE     S=.text    G=(none)   M=RLTypes  ACBP=A9
 0001:000013BC 00000008 C=CODE     S=.text    G=(none)   M=RLPrinters ACBP=A9
 0001:000013C4 00000008 C=CODE     S=.text    G=(none)   M=RLSpoolFilter ACBP=A9
 0001:000013CC 00000008 C=CODE     S=.text    G=(none)   M=RLFilters ACBP=A9
 0001:000013D4 00000008 C=CODE     S=.text    G=(none)   M=RLPreview ACBP=A9
 0001:000013DC 00000008 C=CODE     S=.text    G=(none)   M=Vcl.Imaging.jpeg ACBP=A9
 0001:000013E4 00000008 C=CODE     S=.text    G=(none)   M=RLPDFFilter ACBP=A9
 0001:000013EC 00000008 C=CODE     S=.text    G=(none)   M=System.Win.VCLCom ACBP=A9
 0001:000013F4 00000008 C=CODE     S=.text    G=(none)   M=RLPreviewForm ACBP=A9
 0001:000013FC 00000008 C=CODE     S=.text    G=(none)   M=RLBarcode ACBP=A9
 0001:00001404 00000058 C=CODE     S=.text    G=(none)   M=ACBrNFeDANFeRLReg ACBP=A9
 0001:0000145C 00000CF0 C=CODE     S=.text    G=(none)   M=.DCLACBr_NFeDanfeRL ACBP=A9
 0002:00000000 00000008 C=ICODE    S=.itext   G=(none)   M=System   ACBP=A9
 0002:00000008 00000008 C=ICODE    S=.itext   G=(none)   M=SysInit  ACBP=A9
 0002:00000010 00000008 C=ICODE    S=.itext   G=(none)   M=System.UITypes ACBP=A9
 0002:00000018 00000018 C=ICODE    S=.itext   G=(none)   M=Winapi.Windows ACBP=A9
 0002:00000030 00000008 C=ICODE    S=.itext   G=(none)   M=Winapi.PsAPI ACBP=A9
 0002:00000038 00000008 C=ICODE    S=.itext   G=(none)   M=System.Character ACBP=A9
 0002:00000040 00000008 C=ICODE    S=.itext   G=(none)   M=System.Internal.ExcUtils ACBP=A9
 0002:00000048 00000028 C=ICODE    S=.itext   G=(none)   M=System.SysUtils ACBP=A9
 0002:00000070 00000008 C=ICODE    S=.itext   G=(none)   M=System.VarUtils ACBP=A9
 0002:00000078 00000008 C=ICODE    S=.itext   G=(none)   M=System.Variants ACBP=A9
 0002:00000080 00000008 C=ICODE    S=.itext   G=(none)   M=System.TypInfo ACBP=A9
 0002:00000088 00000008 C=ICODE    S=.itext   G=(none)   M=System.Math ACBP=A9
 0002:00000090 00000010 C=ICODE    S=.itext   G=(none)   M=System.Generics.Defaults ACBP=A9
 0002:000000A0 00000010 C=ICODE    S=.itext   G=(none)   M=System.Rtti ACBP=A9
 0002:000000B0 00000008 C=ICODE    S=.itext   G=(none)   M=System.TimeSpan ACBP=A9
 0002:000000B8 00000040 C=ICODE    S=.itext   G=(none)   M=System.Classes ACBP=A9
 0002:000000F8 00000010 C=ICODE    S=.itext   G=(none)   M=System.DateUtils ACBP=A9
 0002:00000108 00000008 C=ICODE    S=.itext   G=(none)   M=System.IOUtils ACBP=A9
 0002:00000110 00000008 C=ICODE    S=.itext   G=(none)   M=System.IniFiles ACBP=A9
 0002:00000118 00000008 C=ICODE    S=.itext   G=(none)   M=System.Win.Registry ACBP=A9
 0002:00000120 00000008 C=ICODE    S=.itext   G=(none)   M=System.UIConsts ACBP=A9
 0002:00000128 00000010 C=ICODE    S=.itext   G=(none)   M=Vcl.Graphics ACBP=A9
 0002:00000138 00000008 C=ICODE    S=.itext   G=(none)   M=System.SyncObjs ACBP=A9
 0002:00000140 00000008 C=ICODE    S=.itext   G=(none)   M=System.Messaging ACBP=A9
 0002:00000148 00000008 C=ICODE    S=.itext   G=(none)   M=System.Actions ACBP=A9
 0002:00000150 00000008 C=ICODE    S=.itext   G=(none)   M=Winapi.UxTheme ACBP=A9
 0002:00000158 00000008 C=ICODE    S=.itext   G=(none)   M=Vcl.ActnList ACBP=A9
 0002:00000160 00000008 C=ICODE    S=.itext   G=(none)   M=System.AnsiStrings ACBP=A9
 0002:00000168 00000010 C=ICODE    S=.itext   G=(none)   M=System.Win.ComObj ACBP=A9
 0002:00000178 00000010 C=ICODE    S=.itext   G=(none)   M=Winapi.MsCTF ACBP=A9
 0002:00000188 00000008 C=ICODE    S=.itext   G=(none)   M=Vcl.GraphUtil ACBP=A9
 0002:00000190 00000008 C=ICODE    S=.itext   G=(none)   M=Vcl.Controls ACBP=A9
 0002:00000198 00000098 C=ICODE    S=.itext   G=(none)   M=Vcl.StdCtrls ACBP=A9
 0002:00000230 00000008 C=ICODE    S=.itext   G=(none)   M=Vcl.Clipbrd ACBP=A9
 0002:00000238 00000030 C=ICODE    S=.itext   G=(none)   M=Vcl.ExtCtrls ACBP=A9
 0002:00000268 00000010 C=ICODE    S=.itext   G=(none)   M=Vcl.Themes ACBP=A9
 0002:00000278 00000008 C=ICODE    S=.itext   G=(none)   M=Vcl.Menus ACBP=A9
 0002:00000280 00000008 C=ICODE    S=.itext   G=(none)   M=System.HelpIntfs ACBP=A9
 0002:00000288 00000008 C=ICODE    S=.itext   G=(none)   M=Winapi.FlatSB ACBP=A9
 0002:00000290 000000C8 C=ICODE    S=.itext   G=(none)   M=Vcl.ComCtrls ACBP=A9
 0002:00000358 00000020 C=ICODE    S=.itext   G=(none)   M=Vcl.Forms ACBP=A9
 0002:00000378 00000008 C=ICODE    S=.itext   G=(none)   M=Vcl.Printers ACBP=A9
 0002:00000380 00000008 C=ICODE    S=.itext   G=(none)   M=Vcl.Dialogs ACBP=A9
 0002:00000388 00000008 C=ICODE    S=.itext   G=(none)   M=ACBrConsts ACBP=A9
 0002:00000390 00000008 C=ICODE    S=.itext   G=(none)   M=ACBrUtil.Strings ACBP=A9
 0002:00000398 00000008 C=ICODE    S=.itext   G=(none)   M=synautil ACBP=A9
 0002:000003A0 00000008 C=ICODE    S=.itext   G=(none)   M=pcnConversao ACBP=A9
 0002:000003A8 00000008 C=ICODE    S=.itext   G=(none)   M=pcnConversaoNFe ACBP=A9
 0002:000003B0 00000008 C=ICODE    S=.itext   G=(none)   M=System.Zip ACBP=A9
 0002:000003B8 00000008 C=ICODE    S=.itext   G=(none)   M=ACBrUtil.Base ACBP=A9
 0002:000003C0 00000008 C=ICODE    S=.itext   G=(none)   M=pcnAuxiliar ACBP=A9
 0002:000003C8 00000008 C=ICODE    S=.itext   G=(none)   M=pcnLeitor ACBP=A9
 0002:000003D0 00000008 C=ICODE    S=.itext   G=(none)   M=ACBrUtil.FilesIO ACBP=A9
 0002:000003D8 00000008 C=ICODE    S=.itext   G=(none)   M=synsock  ACBP=A9
 0002:000003E0 00000008 C=ICODE    S=.itext   G=(none)   M=blcksock ACBP=A9
 0002:000003E8 00000008 C=ICODE    S=.itext   G=(none)   M=ssl_openssl_lib ACBP=A9
 0002:000003F0 00000008 C=ICODE    S=.itext   G=(none)   M=ssl_openssl ACBP=A9
 0002:000003F8 00000008 C=ICODE    S=.itext   G=(none)   M=JsonDataObjects_ACBr ACBP=A9
 0002:00000400 00000008 C=ICODE    S=.itext   G=(none)   M=ACBrDFeUtil ACBP=A9
 0002:00000408 00000008 C=ICODE    S=.itext   G=(none)   M=ACBr_BCrypt ACBP=A9
 0002:00000410 00000008 C=ICODE    S=.itext   G=(none)   M=ACBr_NCrypt ACBP=A9
 0002:00000418 00000008 C=ICODE    S=.itext   G=(none)   M=ACBr_WinCrypt ACBP=A9
 0002:00000420 00000008 C=ICODE    S=.itext   G=(none)   M=ACBrDFeWinCrypt ACBP=A9
 0002:00000428 00000008 C=ICODE    S=.itext   G=(none)   M=OpenSSLExt ACBP=A9
 0002:00000430 00000008 C=ICODE    S=.itext   G=(none)   M=ACBrLibXml2 ACBP=A9
 0002:00000438 00000008 C=ICODE    S=.itext   G=(none)   M=System.Net.Mime ACBP=A9
 0002:00000440 00000038 C=ICODE    S=.itext   G=(none)   M=System.Threading ACBP=A9
 0002:00000478 00000008 C=ICODE    S=.itext   G=(none)   M=System.NetEncoding ACBP=A9
 0002:00000480 00000020 C=ICODE    S=.itext   G=(none)   M=System.Net.URLClient ACBP=A9
 0002:000004A0 00000010 C=ICODE    S=.itext   G=(none)   M=System.Net.HttpClient.Win ACBP=A9
 0002:000004B0 00000008 C=ICODE    S=.itext   G=(none)   M=System.Net.HttpClient ACBP=A9
 0002:000004B8 00000010 C=ICODE    S=.itext   G=(none)   M=Xml.Win.msxmldom ACBP=A9
 0002:000004C8 00000008 C=ICODE    S=.itext   G=(none)   M=Xml.xmldom ACBP=A9
 0002:000004D0 00000008 C=ICODE    S=.itext   G=(none)   M=Xml.xmlutil ACBP=A9
 0002:000004D8 00000008 C=ICODE    S=.itext   G=(none)   M=Xml.XMLSchema ACBP=A9
 0002:000004E0 00000008 C=ICODE    S=.itext   G=(none)   M=Soap.SOAPConst ACBP=A9
 0002:000004E8 00000008 C=ICODE    S=.itext   G=(none)   M=Web.HTTPApp ACBP=A9
 0002:000004F0 00000008 C=ICODE    S=.itext   G=(none)   M=Data.FmtBcd ACBP=A9
 0002:000004F8 00000008 C=ICODE    S=.itext   G=(none)   M=Soap.XSBuiltIns ACBP=A9
 0002:00000500 00000008 C=ICODE    S=.itext   G=(none)   M=Soap.InvokeRegistry ACBP=A9
 0002:00000508 00000008 C=ICODE    S=.itext   G=(none)   M=Soap.TypeTrans ACBP=A9
 0002:00000510 00000008 C=ICODE    S=.itext   G=(none)   M=Soap.OPToSOAPDomConv ACBP=A9
 0002:00000518 00000008 C=ICODE    S=.itext   G=(none)   M=Vcl.OleServer ACBP=A9
 0002:00000520 00000008 C=ICODE    S=.itext   G=(none)   M=synaicnv ACBP=A9
 0002:00000528 00000008 C=ICODE    S=.itext   G=(none)   M=synachar ACBP=A9
 0002:00000530 00000008 C=ICODE    S=.itext   G=(none)   M=ACBrMail ACBP=A9
 0002:00000538 00000008 C=ICODE    S=.itext   G=(none)   M=Data.SqlTimSt ACBP=A9
 0002:00000540 00000008 C=ICODE    S=.itext   G=(none)   M=Data.DB  ACBP=A9
 0002:00000548 00000010 C=ICODE    S=.itext   G=(none)   M=Vcl.Buttons ACBP=A9
 0002:00000558 00000008 C=ICODE    S=.itext   G=(none)   M=Vcl.ImageCollection ACBP=A9
 0002:00000560 00000008 C=ICODE    S=.itext   G=(none)   M=Vcl.DBLogDlg ACBP=A9
 0002:00000568 00000008 C=ICODE    S=.itext   G=(none)   M=Vcl.DBPWDlg ACBP=A9
 0002:00000570 00000030 C=ICODE    S=.itext   G=(none)   M=Vcl.DBCtrls ACBP=A9
 0002:000005A0 00000008 C=ICODE    S=.itext   G=(none)   M=Vcl.Imaging.pngimage ACBP=A9
 0002:000005A8 00000008 C=ICODE    S=.itext   G=(none)   M=RLConsts ACBP=A9
 0002:000005B0 00000008 C=ICODE    S=.itext   G=(none)   M=RLUtils  ACBP=A9
 0002:000005B8 00000008 C=ICODE    S=.itext   G=(none)   M=RLTypes  ACBP=A9
 0002:000005C0 00000008 C=ICODE    S=.itext   G=(none)   M=RLPrinters ACBP=A9
 0002:000005C8 00000008 C=ICODE    S=.itext   G=(none)   M=RLSpoolFilter ACBP=A9
 0002:000005D0 00000008 C=ICODE    S=.itext   G=(none)   M=RLFilters ACBP=A9
 0002:000005D8 00000008 C=ICODE    S=.itext   G=(none)   M=RLPreview ACBP=A9
 0002:000005E0 00000008 C=ICODE    S=.itext   G=(none)   M=Vcl.Imaging.jpeg ACBP=A9
 0002:000005E8 00000008 C=ICODE    S=.itext   G=(none)   M=RLPDFFilter ACBP=A9
 0002:000005F0 00000008 C=ICODE    S=.itext   G=(none)   M=System.Win.VCLCom ACBP=A9
 0002:000005F8 00000008 C=ICODE    S=.itext   G=(none)   M=RLPreviewForm ACBP=A9
 0002:00000600 00000008 C=ICODE    S=.itext   G=(none)   M=RLBarcode ACBP=A9
 0002:00000608 00000008 C=ICODE    S=.itext   G=(none)   M=ACBrNFeDANFeRLReg ACBP=A9
 0002:00000610 00000008 C=ICODE    S=.itext   G=(none)   M=.DCLACBr_NFeDanfeRL ACBP=A9
 0003:00000000 00000088 C=DATA     S=.data    G=DGROUP   M=SysInit  ACBP=A9
 0003:00000088 0000000C C=DATA     S=.data    G=DGROUP   M=Winapi.Windows ACBP=A9
 0003:00000094 00000004 C=DATA     S=.data    G=DGROUP   M=Winapi.MsCTF ACBP=A9
 0004:00000000 00000024 C=BSS      S=.bss     G=DGROUP   M=SysInit  ACBP=A9
 0004:00000024 00000008 C=BSS      S=.bss     G=DGROUP   M=Winapi.Windows ACBP=A9
 0004:0000002C 00000008 C=BSS      S=.bss     G=DGROUP   M=Winapi.PsAPI ACBP=A9
 0004:00000034 00000004 C=BSS      S=.bss     G=DGROUP   M=Winapi.MsCTF ACBP=A9
 0004:00000038 00000004 C=BSS      S=.bss     G=DGROUP   M=ACBrNFeDANFeRLReg ACBP=A9


  Address             Publics by Name

 0002:00000610       .DCLACBr_NFeDanfeRL..DCLACBr_NFeDanfeRL
 0001:0000212C       .DCLACBr_NFeDanfeRL.@GetPackageInfoTable
 0001:00002134       .DCLACBr_NFeDanfeRL.@PackageLoad
 0001:00002140       .DCLACBr_NFeDanfeRL.@PackageUnload
 0002:00000388       ACBrConsts.ACBrConsts
 0001:00001184       ACBrConsts.Finalization
 0002:00000400       ACBrDFeUtil.ACBrDFeUtil
 0001:000011FC       ACBrDFeUtil.Finalization
 0002:00000420       ACBrDFeWinCrypt.ACBrDFeWinCrypt
 0001:0000121C       ACBrDFeWinCrypt.Finalization
 0002:00000430       ACBrLibXml2.ACBrLibXml2
 0001:0000122C       ACBrLibXml2.Finalization
 0002:00000530       ACBrMail.ACBrMail
 0001:0000132C       ACBrMail.Finalization
 0004:00000038       ACBrNFeDANFeRLReg..1
 0002:00000608       ACBrNFeDANFeRLReg.ACBrNFeDANFeRLReg
 0001:00001454       ACBrNFeDANFeRLReg.Finalization
 0001:00001404       ACBrNFeDANFeRLReg.Register
 0002:000003B8       ACBrUtil.Base.ACBrUtil.Base
 0001:000011B4       ACBrUtil.Base.Finalization
 0002:000003D0       ACBrUtil.FilesIO.ACBrUtil.FilesIO
 0001:000011CC       ACBrUtil.FilesIO.Finalization
 0002:00000390       ACBrUtil.Strings.ACBrUtil.Strings
 0001:0000118C       ACBrUtil.Strings.Finalization
 0002:00000408       ACBr_BCrypt.ACBr_BCrypt
 0001:00001204       ACBr_BCrypt.Finalization
 0002:00000410       ACBr_NCrypt.ACBr_NCrypt
 0001:0000120C       ACBr_NCrypt.Finalization
 0002:00000418       ACBr_WinCrypt.ACBr_WinCrypt
 0001:00001214       ACBr_WinCrypt.Finalization
 0002:000003E0       blcksock.blcksock
 0001:000011DC       blcksock.Finalization
 0002:00000540       Data.DB.Data.DB
 0001:0000133C       Data.DB.Finalization
 0002:000004F0       Data.FmtBcd.Data.FmtBcd
 0001:000012EC       Data.FmtBcd.Finalization
 0002:00000538       Data.SqlTimSt.Data.SqlTimSt
 0001:00001334       Data.SqlTimSt.Finalization
 0001:000011F4       JsonDataObjects_ACBr.Finalization
 0002:000003F8       JsonDataObjects_ACBr.JsonDataObjects_ACBr
 0001:00001224       OpenSSLExt.Finalization
 0002:00000428       OpenSSLExt.OpenSSLExt
 0001:000011BC       pcnAuxiliar.Finalization
 0002:000003C0       pcnAuxiliar.pcnAuxiliar
 0001:0000119C       pcnConversao.Finalization
 0002:000003A0       pcnConversao.pcnConversao
 0001:000011A4       pcnConversaoNFe.Finalization
 0002:000003A8       pcnConversaoNFe.pcnConversaoNFe
 0001:000011C4       pcnLeitor.Finalization
 0002:000003C8       pcnLeitor.pcnLeitor
 0001:000013FC       RLBarcode.Finalization
 0002:00000600       RLBarcode.RLBarcode
 0001:000013A4       RLConsts.Finalization
 0002:000005A8       RLConsts.RLConsts
 0001:000013CC       RLFilters.Finalization
 0002:000005D0       RLFilters.RLFilters
 0001:000013E4       RLPDFFilter.Finalization
 0002:000005E8       RLPDFFilter.RLPDFFilter
 0001:000013D4       RLPreview.Finalization
 0002:000005D8       RLPreview.RLPreview
 0001:000013F4       RLPreviewForm.Finalization
 0002:000005F8       RLPreviewForm.RLPreviewForm
 0001:000013BC       RLPrinters.Finalization
 0002:000005C0       RLPrinters.RLPrinters
 0001:000013C4       RLSpoolFilter.Finalization
 0002:000005C8       RLSpoolFilter.RLSpoolFilter
 0001:000013B4       RLTypes.Finalization
 0002:000005B8       RLTypes.RLTypes
 0001:000013AC       RLUtils.Finalization
 0002:000005B0       RLUtils.RLUtils
 0001:000012FC       Soap.InvokeRegistry.Finalization
 0002:00000500       Soap.InvokeRegistry.Soap.InvokeRegistry
 0001:0000130C       Soap.OPToSOAPDomConv.Finalization
 0002:00000510       Soap.OPToSOAPDomConv.Soap.OPToSOAPDomConv
 0001:000012DC       Soap.SOAPConst.Finalization
 0002:000004E0       Soap.SOAPConst.Soap.SOAPConst
 0001:00001304       Soap.TypeTrans.Finalization
 0002:00000508       Soap.TypeTrans.Soap.TypeTrans
 0001:000012F4       Soap.XSBuiltIns.Finalization
 0002:000004F8       Soap.XSBuiltIns.Soap.XSBuiltIns
 0001:000011EC       ssl_openssl.Finalization
 0002:000003F0       ssl_openssl.ssl_openssl
 0001:000011E4       ssl_openssl_lib.Finalization
 0002:000003E8       ssl_openssl_lib.ssl_openssl_lib
 0001:00001324       synachar.Finalization
 0002:00000528       synachar.synachar
 0001:0000131C       synaicnv.Finalization
 0002:00000520       synaicnv.synaicnv
 0001:00001194       synautil.Finalization
 0002:00000398       synautil.synautil
 0001:000011D4       synsock.Finalization
 0002:000003D8       synsock.synsock
 0001:00000C3C       SysInit...
 0001:00000C1C       SysInit...
 0001:00000D14       SysInit...
 0001:00000D04       SysInit...
 0001:00000C4C       SysInit...
 0001:00000CE0       SysInit...
 0001:00000C5C       SysInit...
 0001:00000CB8       SysInit...
 0001:00000C70       SysInit...
 0001:00000CA0       SysInit...
 0001:00000C2C       SysInit...
 0003:00000034       SysInit...
 0001:00000C0C       SysInit...
 0004:00000018       SysInit..1
 0001:000006D8       SysInit.@InitPkg
 0001:00000744       SysInit.@PackageLoad
 0001:00000750       SysInit.@PackageUnload
 0001:000001B8       SysInit.@_dbkDummyProc
 0001:000001BC       SysInit.@_dbkFCallArgs
 0001:000005AC       SysInit.@_dbk_fcall_wrapper
 0001:0000075C       SysInit.@_delayLoadHelper2
 0001:00000A3C       SysInit.@_FUnloadDelayLoadedDLL2
 0001:00000B4C       SysInit.@_HrLoadAllImportsForDll
 0004:00000014       SysInit.@_pfnDliFailureHook2
 0004:00000010       SysInit.@_pfnDliNotifyHook2
 0001:000000A8       SysInit.AllocTlsBuffer
 0004:0000000C       SysInit.dbkFCallWrapperAddr
 0001:00000164       SysInit.ExitProcessTLS
 0001:0000012C       SysInit.ExitThreadTLS
 0001:00000D24       SysInit.Finalization
 0001:00000050       SysInit.FreeLibrary
 0001:00000088       SysInit.GetLastError
 0001:000000A0       SysInit.GetProcAddress
 0001:000000B4       SysInit.GetTlsSize
 0004:00000004       SysInit.HInstance
 0001:00000188       SysInit.InitializeModule
 0001:00000100       SysInit.InitProcessTLS
 0001:000000BC       SysInit.InitThreadTLS
 0001:00000040       SysInit.InterlockedExchange
 0001:00000090       SysInit.LoadLibraryA
 0001:00000058       SysInit.LocalAlloc
 0001:00000060       SysInit.LocalFree
 0003:00000008       SysInit.Module
 0004:00000000       SysInit.ModuleIsLib
 0004:00000001       SysInit.ModuleIsPackage
 0003:00000004       SysInit.PtrToNil
 0001:00000098       SysInit.RaiseException
 0001:00000C04       SysInit.ShutdownDelayHelp2
 0002:00000008       SysInit.SysInit
 0001:00000068       SysInit.TlsAlloc
 0004:0000001C       SysInit.tlsBuffer
 0001:00000070       SysInit.TlsFree
 0001:00000078       SysInit.TlsGetValue
 0003:00000000       SysInit.TlsIndex
 0005:00000000       SysInit.TlsLast
 0003:00000024       SysInit.TlsProc
 0001:00000080       SysInit.TlsSetValue
 0001:00000194       SysInit.UninitializeModule
 0004:00000020       SysInit.UseTlsAPI
 0004:FFFFA000       SysInit.__ImageBase
 0001:00000008       System.@DoneExcept
 0001:00000000       System.@HandleAnyException
 0001:00000010       System.@PackageLoad
 0001:00000018       System.@PackageUnload
 0001:00000020       System.@RunError
 0001:00000038       System.Finalization
 0001:00000028       System.RegisterModule
 0002:00000000       System.System
 0001:00000030       System.UnregisterModule
 0001:00000EEC       System.Actions.Finalization
 0002:00000148       System.Actions.System.Actions
 0001:00000F04       System.AnsiStrings.Finalization
 0002:00000160       System.AnsiStrings.System.AnsiStrings
 0001:00000DCC       System.Character.Finalization
 0002:00000038       System.Character.System.Character
 0001:00000E94       System.Classes.Finalization
 0001:00000E5C       System.Classes.RegisterComponents
 0002:000000F0       System.Classes.System.Classes
 0002:000000E8       System.Classes.TBaseAsyncResult.Create@
 0001:00000E8C       System.Classes.TBaseAsyncResult.Destroy@
 0002:000000C0       System.Classes.TBinaryWriter.Create@
 0001:00000E74       System.Classes.TBinaryWriter.Destroy@
 0002:000000D8       System.Classes.TComponent.Create@
 0001:00000E54       System.Classes.TComponent.Destroy@
 0002:000000C8       System.Classes.TFieldsCache.Create@
 0001:00000E64       System.Classes.TFieldsCache.Destroy@
 0002:000000E0       System.Classes.TLoginCredentialService.Create@
 0001:00000E7C       System.Classes.TLoginCredentialService.Destroy@
 0002:000000B8       System.Classes.TObserverMapping.Create@
 0001:00000E84       System.Classes.TObserverMapping.Destroy@
 0002:000000D0       System.Classes.TThread.Create@
 0001:00000E6C       System.Classes.TThread.Destroy@
 0001:00000EA4       System.DateUtils.Finalization
 0002:00000100       System.DateUtils.System.DateUtils
 0002:000000F8       System.DateUtils.TTimeZone.Create@
 0001:00000E9C       System.DateUtils.TTimeZone.Destroy@
 0002:00000098       System.Generics.Defaults.TIStringComparer.Create@
 0001:00000E34       System.Generics.Defaults.TIStringComparer.Destroy@
 0002:00000090       System.Generics.Defaults.TStringComparer.Create@
 0001:00000E2C       System.Generics.Defaults.TStringComparer.Destroy@
 0001:0000107C       System.HelpIntfs.Finalization
 0002:00000280       System.HelpIntfs.System.HelpIntfs
 0001:00000EB4       System.IniFiles.Finalization
 0002:00000110       System.IniFiles.System.IniFiles
 0001:00000DD4       System.Internal.ExcUtils.Finalization
 0002:00000040       System.Internal.ExcUtils.System.Internal.ExcUtils
 0002:00000108       System.IOUtils.TPath.Create@
 0001:00000EAC       System.IOUtils.TPath.Destroy@
 0001:00000E24       System.Math.Finalization
 0002:00000088       System.Math.System.Math
 0002:00000140       System.Messaging.TMessageManager.Create@
 0001:00000EE4       System.Messaging.TMessageManager.UnInitialize@
 0001:000012AC       System.Net.HttpClient.Finalization
 0002:000004B0       System.Net.HttpClient.System.Net.HttpClient
 0001:000012A4       System.Net.HttpClient.Win.Finalization
 0002:000004A8       System.Net.HttpClient.Win.System.Net.HttpClient.Win
 0002:000004A0       System.Net.HttpClient.Win.TWinHttpLib.Create@
 0001:0000129C       System.Net.HttpClient.Win.TWinHttpLib.Destroy@
 0002:00000438       System.Net.Mime.TMimeTypes.Create@
 0001:00001234       System.Net.Mime.TMimeTypes.Destroy@
 0002:00000490       System.Net.URLClient.TAsyncReadStream.Create@
 0001:0000128C       System.Net.URLClient.TAsyncReadStream.Destroy@
 0002:00000488       System.Net.URLClient.TCredentialsStorage.Create@
 0001:00001284       System.Net.URLClient.TCredentialsStorage.Destroy@
 0002:00000480       System.Net.URLClient.TURLSchemes.Create@
 0001:0000127C       System.Net.URLClient.TURLSchemes.Destroy@
 0002:00000498       System.Net.URLClient.TURLStream.Create@
 0001:00001294       System.Net.URLClient.TURLStream.Destroy@
 0002:00000478       System.NetEncoding.TNetEncoding.Create@
 0001:00001274       System.NetEncoding.TNetEncoding.Destroy@
 0001:00000E44       System.Rtti.Finalization
 0002:000000A8       System.Rtti.System.Rtti
 0002:000000A0       System.Rtti.TValue.Create@
 0001:00000E3C       System.Rtti.TValue.Destroy@
 0001:00000EDC       System.SyncObjs.Finalization
 0002:00000138       System.SyncObjs.System.SyncObjs
 0002:00000058       System.SysUtils.Exception.Create@
 0001:00000DE4       System.SysUtils.Exception.Destroy@
 0001:00000E04       System.SysUtils.Finalization
 0001:00000DF4       System.SysUtils.SafeLoadLibrary
 0002:00000068       System.SysUtils.System.SysUtils
 0002:00000050       System.SysUtils.TEncoding.Create@
 0001:00000DFC       System.SysUtils.TEncoding.Destroy@
 0002:00000048       System.SysUtils.TLanguages.Create@
 0001:00000DEC       System.SysUtils.TLanguages.Destroy@
 0002:00000060       System.SysUtils.TOSVersion.Create@
 0001:00000DDC       System.SysUtils.TOSVersion.Destroy@
 0001:0000126C       System.Threading.Finalization
 0002:00000470       System.Threading.System.Threading
 0002:00000460       System.Threading.TParallel.TJoinTask.Create@
 0001:00001254       System.Threading.TParallel.TJoinTask.Destroy@
 0002:00000448       System.Threading.TParallel.TReplicableTask.Create@
 0001:00001244       System.Threading.TParallel.TReplicableTask.Destroy@
 0002:00000468       System.Threading.TParallel.TReplicaTask.Create@
 0001:0000124C       System.Threading.TParallel.TReplicaTask.Destroy@
 0002:00000440       System.Threading.TTask.Create@
 0001:0000125C       System.Threading.TTask.Destroy@
 0002:00000450       System.Threading.TThreadPool.Create@
 0001:00001264       System.Threading.TThreadPool.Destroy@
 0002:00000458       System.Threading.TThreadPool.TWorkerData.Create@
 0001:0000123C       System.Threading.TThreadPool.TWorkerData.Destroy@
 0002:000000B0       System.TimeSpan.TTimeSpan.Create@
 0001:00000E4C       System.TimeSpan.TTimeSpan.Destroy@
 0001:00000E1C       System.TypInfo.Finalization
 0002:00000080       System.TypInfo.System.TypInfo
 0001:00000EC4       System.UIConsts.Finalization
 0002:00000120       System.UIConsts.System.UIConsts
 0001:00000D34       System.UITypes.Finalization
 0002:00000010       System.UITypes.System.UITypes
 0001:00000E14       System.Variants.Finalization
 0002:00000078       System.Variants.System.Variants
 0001:00000E0C       System.VarUtils.Finalization
 0002:00000070       System.VarUtils.System.VarUtils
 0001:00000F14       System.Win.ComObj.Finalization
 0002:00000170       System.Win.ComObj.System.Win.ComObj
 0002:00000168       System.Win.ComObj.TComServerObject.Create@
 0001:00000F0C       System.Win.ComObj.TComServerObject.Destroy@
 0002:00000118       System.Win.Registry.TRegistry.Create@
 0001:00000EBC       System.Win.Registry.TRegistry.Destroy@
 0001:000013EC       System.Win.VCLCom.Finalization
 0002:000005F0       System.Win.VCLCom.System.Win.VCLCom
 0002:000003B0       System.Zip.TZipFile.Create@
 0001:000011AC       System.Zip.TZipFile.Destroy@
 0001:00000EFC       Vcl.ActnList.Finalization
 0002:00000158       Vcl.ActnList.Vcl.ActnList
 0001:0000134C       Vcl.Buttons.Finalization
 0002:00000548       Vcl.Buttons.TBitBtn.Create@
 0001:00001344       Vcl.Buttons.TBitBtn.Destroy@
 0002:00000550       Vcl.Buttons.Vcl.Buttons
 0001:0000102C       Vcl.Clipbrd.Finalization
 0002:00000230       Vcl.Clipbrd.Vcl.Clipbrd
 0001:0000114C       Vcl.ComCtrls.Finalization
 0002:00000338       Vcl.ComCtrls.TComboBoxEx.Create@
 0001:00001134       Vcl.ComCtrls.TComboBoxEx.Destroy@
 0002:00000318       Vcl.ComCtrls.TCoolBar.Create@
 0001:00001114       Vcl.ComCtrls.TCoolBar.Destroy@
 0002:00000330       Vcl.ComCtrls.TCustomComboBoxEx.Create@
 0001:0000112C       Vcl.ComCtrls.TCustomComboBoxEx.Destroy@
 0002:000002A8       Vcl.ComCtrls.TCustomHeaderControl.Create@
 0001:000010A4       Vcl.ComCtrls.TCustomHeaderControl.Destroy@
 0002:000002F0       Vcl.ComCtrls.TCustomHotKey.Create@
 0001:000010EC       Vcl.ComCtrls.TCustomHotKey.Destroy@
 0002:00000300       Vcl.ComCtrls.TCustomListView.Create@
 0001:000010FC       Vcl.ComCtrls.TCustomListView.Destroy@
 0002:000002D0       Vcl.ComCtrls.TCustomRichEdit.Create@
 0001:000010CC       Vcl.ComCtrls.TCustomRichEdit.Destroy@
 0002:000002A0       Vcl.ComCtrls.TCustomStatusBar.Create@
 0001:0000109C       Vcl.ComCtrls.TCustomStatusBar.Destroy@
 0002:00000290       Vcl.ComCtrls.TCustomTabControl.Create@
 0001:0000108C       Vcl.ComCtrls.TCustomTabControl.Destroy@
 0002:000002B0       Vcl.ComCtrls.TCustomTreeView.Create@
 0001:000010AC       Vcl.ComCtrls.TCustomTreeView.Destroy@
 0002:000002E0       Vcl.ComCtrls.TCustomUpDown.Create@
 0001:000010DC       Vcl.ComCtrls.TCustomUpDown.Destroy@
 0002:00000320       Vcl.ComCtrls.TDateTimePicker.Create@
 0001:0000111C       Vcl.ComCtrls.TDateTimePicker.Destroy@
 0002:00000348       Vcl.ComCtrls.THeaderControl.Create@
 0001:00001144       Vcl.ComCtrls.THeaderControl.Destroy@
 0002:000002F8       Vcl.ComCtrls.THotKey.Create@
 0001:000010F4       Vcl.ComCtrls.THotKey.Destroy@
 0002:00000308       Vcl.ComCtrls.TListView.Create@
 0001:00001104       Vcl.ComCtrls.TListView.Destroy@
 0002:00000328       Vcl.ComCtrls.TPageScroller.Create@
 0001:00001124       Vcl.ComCtrls.TPageScroller.Destroy@
 0002:000002C8       Vcl.ComCtrls.TProgressBar.Create@
 0001:000010C4       Vcl.ComCtrls.TProgressBar.Destroy@
 0002:000002D8       Vcl.ComCtrls.TRichEdit.Create@
 0001:000010D4       Vcl.ComCtrls.TRichEdit.Destroy@
 0002:00000340       Vcl.ComCtrls.TStatusBar.Create@
 0001:0000113C       Vcl.ComCtrls.TStatusBar.Destroy@
 0002:00000298       Vcl.ComCtrls.TTabControl.Create@
 0001:00001094       Vcl.ComCtrls.TTabControl.Destroy@
 0002:00000310       Vcl.ComCtrls.TToolBar.Create@
 0001:0000110C       Vcl.ComCtrls.TToolBar.Destroy@
 0002:000002C0       Vcl.ComCtrls.TTrackBar.Create@
 0001:000010BC       Vcl.ComCtrls.TTrackBar.Destroy@
 0002:000002B8       Vcl.ComCtrls.TTreeView.Create@
 0001:000010B4       Vcl.ComCtrls.TTreeView.Destroy@
 0002:000002E8       Vcl.ComCtrls.TUpDown.Create@
 0001:000010E4       Vcl.ComCtrls.TUpDown.Destroy@
 0002:00000350       Vcl.ComCtrls.Vcl.ComCtrls
 0001:00000F8C       Vcl.Controls.Finalization
 0002:00000190       Vcl.Controls.Vcl.Controls
 0001:00001394       Vcl.DBCtrls.Finalization
 0002:00000588       Vcl.DBCtrls.TCustomDBLookupComboBox.Create@
 0001:00001384       Vcl.DBCtrls.TCustomDBLookupComboBox.Destroy@
 0002:00000590       Vcl.DBCtrls.TDBLookupComboBox.Create@
 0001:0000138C       Vcl.DBCtrls.TDBLookupComboBox.Destroy@
 0002:00000580       Vcl.DBCtrls.TDBLookupListBox.Create@
 0001:0000137C       Vcl.DBCtrls.TDBLookupListBox.Destroy@
 0002:00000570       Vcl.DBCtrls.TDBMemo.Create@
 0001:0000136C       Vcl.DBCtrls.TDBMemo.Destroy@
 0002:00000578       Vcl.DBCtrls.TDBNavigator.Create@
 0001:00001374       Vcl.DBCtrls.TDBNavigator.Destroy@
 0002:00000598       Vcl.DBCtrls.Vcl.DBCtrls
 0001:0000135C       Vcl.DBLogDlg.Finalization
 0002:00000560       Vcl.DBLogDlg.Vcl.DBLogDlg
 0001:00001364       Vcl.DBPWDlg.Finalization
 0002:00000568       Vcl.DBPWDlg.Vcl.DBPWDlg
 0001:0000117C       Vcl.Dialogs.Finalization
 0002:00000380       Vcl.Dialogs.Vcl.Dialogs
 0001:0000105C       Vcl.ExtCtrls.Finalization
 0002:00000248       Vcl.ExtCtrls.TCategoryPanelGroup.Create@
 0001:00001044       Vcl.ExtCtrls.TCategoryPanelGroup.Destroy@
 0002:00000240       Vcl.ExtCtrls.TCustomCategoryPanelGroup.Create@
 0001:0000103C       Vcl.ExtCtrls.TCustomCategoryPanelGroup.Destroy@
 0002:00000250       Vcl.ExtCtrls.TCustomLinkLabel.Create@
 0001:0000104C       Vcl.ExtCtrls.TCustomLinkLabel.Destroy@
 0002:00000238       Vcl.ExtCtrls.TCustomPanel.Create@
 0001:00001034       Vcl.ExtCtrls.TCustomPanel.Destroy@
 0002:00000258       Vcl.ExtCtrls.TLinkLabel.Create@
 0001:00001054       Vcl.ExtCtrls.TLinkLabel.Destroy@
 0002:00000260       Vcl.ExtCtrls.Vcl.ExtCtrls
 0001:0000116C       Vcl.Forms.Finalization
 0002:00000360       Vcl.Forms.TCustomForm.Create@
 0001:0000115C       Vcl.Forms.TCustomForm.Destroy@
 0002:00000368       Vcl.Forms.TForm.Create@
 0001:00001164       Vcl.Forms.TForm.Destroy@
 0002:00000358       Vcl.Forms.TScrollBox.Create@
 0001:00001154       Vcl.Forms.TScrollBox.Destroy@
 0002:00000370       Vcl.Forms.Vcl.Forms
 0001:00000ED4       Vcl.Graphics.Finalization
 0002:00000128       Vcl.Graphics.TWICImage.Create@
 0001:00000ECC       Vcl.Graphics.TWICImage.Destroy@
 0002:00000130       Vcl.Graphics.Vcl.Graphics
 0001:00000F84       Vcl.GraphUtil.Finalization
 0002:00000188       Vcl.GraphUtil.Vcl.GraphUtil
 0001:00001354       Vcl.ImageCollection.Finalization
 0002:00000558       Vcl.ImageCollection.Vcl.ImageCollection
 0001:000013DC       Vcl.Imaging.jpeg.Finalization
 0002:000005E0       Vcl.Imaging.jpeg.Vcl.Imaging.jpeg
 0001:0000139C       Vcl.Imaging.pngimage.Finalization
 0002:000005A0       Vcl.Imaging.pngimage.Vcl.Imaging.pngimage
 0001:00001074       Vcl.Menus.Finalization
 0002:00000278       Vcl.Menus.Vcl.Menus
 0001:00001314       Vcl.OleServer.Finalization
 0002:00000518       Vcl.OleServer.Vcl.OleServer
 0001:00001174       Vcl.Printers.Finalization
 0002:00000378       Vcl.Printers.Vcl.Printers
 0001:00001024       Vcl.StdCtrls.Finalization
 0002:00000208       Vcl.StdCtrls.TButton.Create@
 0001:00001004       Vcl.StdCtrls.TButton.Destroy@
 0002:00000210       Vcl.StdCtrls.TCheckBox.Create@
 0001:0000100C       Vcl.StdCtrls.TCheckBox.Destroy@
 0002:00000200       Vcl.StdCtrls.TComboBox.Create@
 0001:00000FFC       Vcl.StdCtrls.TComboBox.Destroy@
 0002:000001B8       Vcl.StdCtrls.TCustomButton.Create@
 0001:00000FB4       Vcl.StdCtrls.TCustomButton.Destroy@
 0002:000001C0       Vcl.StdCtrls.TCustomCheckBox.Create@
 0001:00000FBC       Vcl.StdCtrls.TCustomCheckBox.Destroy@
 0002:000001B0       Vcl.StdCtrls.TCustomComboBox.Create@
 0001:00000FAC       Vcl.StdCtrls.TCustomComboBox.Destroy@
 0002:000001A0       Vcl.StdCtrls.TCustomEdit.Create@
 0001:00000F9C       Vcl.StdCtrls.TCustomEdit.Destroy@
 0002:00000198       Vcl.StdCtrls.TCustomGroupBox.Create@
 0001:00000F94       Vcl.StdCtrls.TCustomGroupBox.Destroy@
 0002:000001D0       Vcl.StdCtrls.TCustomListBox.Create@
 0001:00000FCC       Vcl.StdCtrls.TCustomListBox.Destroy@
 0002:000001A8       Vcl.StdCtrls.TCustomMemo.Create@
 0001:00000FA4       Vcl.StdCtrls.TCustomMemo.Destroy@
 0002:000001E0       Vcl.StdCtrls.TCustomStaticText.Create@
 0001:00000FDC       Vcl.StdCtrls.TCustomStaticText.Destroy@
 0002:000001F0       Vcl.StdCtrls.TEdit.Create@
 0001:00000FEC       Vcl.StdCtrls.TEdit.Destroy@
 0002:000001E8       Vcl.StdCtrls.TGroupBox.Create@
 0001:00000FE4       Vcl.StdCtrls.TGroupBox.Destroy@
 0002:00000218       Vcl.StdCtrls.TListBox.Create@
 0001:00001014       Vcl.StdCtrls.TListBox.Destroy@
 0002:000001F8       Vcl.StdCtrls.TMemo.Create@
 0001:00000FF4       Vcl.StdCtrls.TMemo.Destroy@
 0002:000001C8       Vcl.StdCtrls.TRadioButton.Create@
 0001:00000FC4       Vcl.StdCtrls.TRadioButton.Destroy@
 0002:000001D8       Vcl.StdCtrls.TScrollBar.Create@
 0001:00000FD4       Vcl.StdCtrls.TScrollBar.Destroy@
 0002:00000220       Vcl.StdCtrls.TStaticText.Create@
 0001:0000101C       Vcl.StdCtrls.TStaticText.Destroy@
 0002:00000228       Vcl.StdCtrls.Vcl.StdCtrls
 0002:00000270       Vcl.Themes.TCustomStyleEngine.Create@
 0001:0000106C       Vcl.Themes.TCustomStyleEngine.Destroy@
 0002:00000268       Vcl.Themes.TStyleManager.Create@
 0001:00001064       Vcl.Themes.TStyleManager.Destroy@
 0001:000012E4       Web.HTTPApp.Finalization
 0002:000004E8       Web.HTTPApp.Web.HTTPApp
 0001:00001084       Winapi.FlatSB.Finalization
 0002:00000288       Winapi.FlatSB.Winapi.FlatSB
 0004:00000034       Winapi.MsCTF..1
 0001:00000F5C       Winapi.MsCTF.DoneMSCTF
 0001:00000F74       Winapi.MsCTF.Finalization
 0001:00000F1C       Winapi.MsCTF.InitMSCTF
 0003:00000094       Winapi.MsCTF.MsCTFHandle
 0002:00000178       Winapi.MsCTF.Winapi.MsCTF
 0004:0000002C       Winapi.PsAPI..1
 0001:00000DA8       Winapi.PsAPI.Finalization
 0004:00000030       Winapi.PsAPI.hPSAPI
 0002:00000030       Winapi.PsAPI.Winapi.PsAPI
 0001:00000EF4       Winapi.UxTheme.Finalization
 0002:00000150       Winapi.UxTheme.Winapi.UxTheme
 0004:00000024       Winapi.Windows..2
 0001:00000D88       Winapi.Windows.Finalization
 0001:00000D3C       Winapi.Windows.FreeLibrary
 0001:00000D44       Winapi.Windows.GetVersionEx
 0004:00000028       Winapi.Windows.HtmlHelpModule
 0001:00000D4C       Winapi.Windows.InitVersionInfo
 0003:00000088       Winapi.Windows.Win32MajorVersion
 0003:0000008C       Winapi.Windows.Win32MinorVersion
 0003:00000090       Winapi.Windows.Win32Platform
 0002:00000018       Winapi.Windows.Winapi.Windows
 0001:000012BC       Xml.Win.msxmldom.Finalization
 0002:000004B8       Xml.Win.msxmldom.TMSXMLDOMDocumentFactory.Create@
 0001:000012B4       Xml.Win.msxmldom.TMSXMLDOMDocumentFactory.Destroy@
 0002:000004C0       Xml.Win.msxmldom.Xml.Win.msxmldom
 0001:000012C4       Xml.xmldom.Finalization
 0002:000004C8       Xml.xmldom.Xml.xmldom
 0001:000012D4       Xml.XMLSchema.Finalization
 0002:000004D8       Xml.XMLSchema.Xml.XMLSchema
 0001:000012CC       Xml.xmlutil.Finalization
 0002:000004D0       Xml.xmlutil.Xml.xmlutil


  Address             Publics by Value

 0001:00000000       System.@HandleAnyException
 0001:00000008       System.@DoneExcept
 0001:00000010       System.@PackageLoad
 0001:00000018       System.@PackageUnload
 0001:00000020       System.@RunError
 0001:00000028       System.RegisterModule
 0001:00000030       System.UnregisterModule
 0001:00000038       System.Finalization
 0001:00000040       SysInit.InterlockedExchange
 0001:00000050       SysInit.FreeLibrary
 0001:00000058       SysInit.LocalAlloc
 0001:00000060       SysInit.LocalFree
 0001:00000068       SysInit.TlsAlloc
 0001:00000070       SysInit.TlsFree
 0001:00000078       SysInit.TlsGetValue
 0001:00000080       SysInit.TlsSetValue
 0001:00000088       SysInit.GetLastError
 0001:00000090       SysInit.LoadLibraryA
 0001:00000098       SysInit.RaiseException
 0001:000000A0       SysInit.GetProcAddress
 0001:000000A8       SysInit.AllocTlsBuffer
 0001:000000B4       SysInit.GetTlsSize
 0001:000000BC       SysInit.InitThreadTLS
 0001:00000100       SysInit.InitProcessTLS
 0001:0000012C       SysInit.ExitThreadTLS
 0001:00000164       SysInit.ExitProcessTLS
 0001:00000188       SysInit.InitializeModule
 0001:00000194       SysInit.UninitializeModule
 0001:000001B8       SysInit.@_dbkDummyProc
 0001:000001BC       SysInit.@_dbkFCallArgs
 0001:000005AC       SysInit.@_dbk_fcall_wrapper
 0001:000006D8       SysInit.@InitPkg
 0001:00000744       SysInit.@PackageLoad
 0001:00000750       SysInit.@PackageUnload
 0001:0000075C       SysInit.@_delayLoadHelper2
 0001:00000A3C       SysInit.@_FUnloadDelayLoadedDLL2
 0001:00000B4C       SysInit.@_HrLoadAllImportsForDll
 0001:00000C04       SysInit.ShutdownDelayHelp2
 0001:00000C0C       SysInit...
 0001:00000C1C       SysInit...
 0001:00000C2C       SysInit...
 0001:00000C3C       SysInit...
 0001:00000C4C       SysInit...
 0001:00000C5C       SysInit...
 0001:00000C70       SysInit...
 0001:00000CA0       SysInit...
 0001:00000CB8       SysInit...
 0001:00000CE0       SysInit...
 0001:00000D04       SysInit...
 0001:00000D14       SysInit...
 0001:00000D24       SysInit.Finalization
 0001:00000D34       System.UITypes.Finalization
 0001:00000D3C       Winapi.Windows.FreeLibrary
 0001:00000D44       Winapi.Windows.GetVersionEx
 0001:00000D4C       Winapi.Windows.InitVersionInfo
 0001:00000D88       Winapi.Windows.Finalization
 0001:00000DA8       Winapi.PsAPI.Finalization
 0001:00000DCC       System.Character.Finalization
 0001:00000DD4       System.Internal.ExcUtils.Finalization
 0001:00000DDC       System.SysUtils.TOSVersion.Destroy@
 0001:00000DE4       System.SysUtils.Exception.Destroy@
 0001:00000DEC       System.SysUtils.TLanguages.Destroy@
 0001:00000DF4       System.SysUtils.SafeLoadLibrary
 0001:00000DFC       System.SysUtils.TEncoding.Destroy@
 0001:00000E04       System.SysUtils.Finalization
 0001:00000E0C       System.VarUtils.Finalization
 0001:00000E14       System.Variants.Finalization
 0001:00000E1C       System.TypInfo.Finalization
 0001:00000E24       System.Math.Finalization
 0001:00000E2C       System.Generics.Defaults.TStringComparer.Destroy@
 0001:00000E34       System.Generics.Defaults.TIStringComparer.Destroy@
 0001:00000E3C       System.Rtti.TValue.Destroy@
 0001:00000E44       System.Rtti.Finalization
 0001:00000E4C       System.TimeSpan.TTimeSpan.Destroy@
 0001:00000E54       System.Classes.TComponent.Destroy@
 0001:00000E5C       System.Classes.RegisterComponents
 0001:00000E64       System.Classes.TFieldsCache.Destroy@
 0001:00000E6C       System.Classes.TThread.Destroy@
 0001:00000E74       System.Classes.TBinaryWriter.Destroy@
 0001:00000E7C       System.Classes.TLoginCredentialService.Destroy@
 0001:00000E84       System.Classes.TObserverMapping.Destroy@
 0001:00000E8C       System.Classes.TBaseAsyncResult.Destroy@
 0001:00000E94       System.Classes.Finalization
 0001:00000E9C       System.DateUtils.TTimeZone.Destroy@
 0001:00000EA4       System.DateUtils.Finalization
 0001:00000EAC       System.IOUtils.TPath.Destroy@
 0001:00000EB4       System.IniFiles.Finalization
 0001:00000EBC       System.Win.Registry.TRegistry.Destroy@
 0001:00000EC4       System.UIConsts.Finalization
 0001:00000ECC       Vcl.Graphics.TWICImage.Destroy@
 0001:00000ED4       Vcl.Graphics.Finalization
 0001:00000EDC       System.SyncObjs.Finalization
 0001:00000EE4       System.Messaging.TMessageManager.UnInitialize@
 0001:00000EEC       System.Actions.Finalization
 0001:00000EF4       Winapi.UxTheme.Finalization
 0001:00000EFC       Vcl.ActnList.Finalization
 0001:00000F04       System.AnsiStrings.Finalization
 0001:00000F0C       System.Win.ComObj.TComServerObject.Destroy@
 0001:00000F14       System.Win.ComObj.Finalization
 0001:00000F1C       Winapi.MsCTF.InitMSCTF
 0001:00000F5C       Winapi.MsCTF.DoneMSCTF
 0001:00000F74       Winapi.MsCTF.Finalization
 0001:00000F84       Vcl.GraphUtil.Finalization
 0001:00000F8C       Vcl.Controls.Finalization
 0001:00000F94       Vcl.StdCtrls.TCustomGroupBox.Destroy@
 0001:00000F9C       Vcl.StdCtrls.TCustomEdit.Destroy@
 0001:00000FA4       Vcl.StdCtrls.TCustomMemo.Destroy@
 0001:00000FAC       Vcl.StdCtrls.TCustomComboBox.Destroy@
 0001:00000FB4       Vcl.StdCtrls.TCustomButton.Destroy@
 0001:00000FBC       Vcl.StdCtrls.TCustomCheckBox.Destroy@
 0001:00000FC4       Vcl.StdCtrls.TRadioButton.Destroy@
 0001:00000FCC       Vcl.StdCtrls.TCustomListBox.Destroy@
 0001:00000FD4       Vcl.StdCtrls.TScrollBar.Destroy@
 0001:00000FDC       Vcl.StdCtrls.TCustomStaticText.Destroy@
 0001:00000FE4       Vcl.StdCtrls.TGroupBox.Destroy@
 0001:00000FEC       Vcl.StdCtrls.TEdit.Destroy@
 0001:00000FF4       Vcl.StdCtrls.TMemo.Destroy@
 0001:00000FFC       Vcl.StdCtrls.TComboBox.Destroy@
 0001:00001004       Vcl.StdCtrls.TButton.Destroy@
 0001:0000100C       Vcl.StdCtrls.TCheckBox.Destroy@
 0001:00001014       Vcl.StdCtrls.TListBox.Destroy@
 0001:0000101C       Vcl.StdCtrls.TStaticText.Destroy@
 0001:00001024       Vcl.StdCtrls.Finalization
 0001:0000102C       Vcl.Clipbrd.Finalization
 0001:00001034       Vcl.ExtCtrls.TCustomPanel.Destroy@
 0001:0000103C       Vcl.ExtCtrls.TCustomCategoryPanelGroup.Destroy@
 0001:00001044       Vcl.ExtCtrls.TCategoryPanelGroup.Destroy@
 0001:0000104C       Vcl.ExtCtrls.TCustomLinkLabel.Destroy@
 0001:00001054       Vcl.ExtCtrls.TLinkLabel.Destroy@
 0001:0000105C       Vcl.ExtCtrls.Finalization
 0001:00001064       Vcl.Themes.TStyleManager.Destroy@
 0001:0000106C       Vcl.Themes.TCustomStyleEngine.Destroy@
 0001:00001074       Vcl.Menus.Finalization
 0001:0000107C       System.HelpIntfs.Finalization
 0001:00001084       Winapi.FlatSB.Finalization
 0001:0000108C       Vcl.ComCtrls.TCustomTabControl.Destroy@
 0001:00001094       Vcl.ComCtrls.TTabControl.Destroy@
 0001:0000109C       Vcl.ComCtrls.TCustomStatusBar.Destroy@
 0001:000010A4       Vcl.ComCtrls.TCustomHeaderControl.Destroy@
 0001:000010AC       Vcl.ComCtrls.TCustomTreeView.Destroy@
 0001:000010B4       Vcl.ComCtrls.TTreeView.Destroy@
 0001:000010BC       Vcl.ComCtrls.TTrackBar.Destroy@
 0001:000010C4       Vcl.ComCtrls.TProgressBar.Destroy@
 0001:000010CC       Vcl.ComCtrls.TCustomRichEdit.Destroy@
 0001:000010D4       Vcl.ComCtrls.TRichEdit.Destroy@
 0001:000010DC       Vcl.ComCtrls.TCustomUpDown.Destroy@
 0001:000010E4       Vcl.ComCtrls.TUpDown.Destroy@
 0001:000010EC       Vcl.ComCtrls.TCustomHotKey.Destroy@
 0001:000010F4       Vcl.ComCtrls.THotKey.Destroy@
 0001:000010FC       Vcl.ComCtrls.TCustomListView.Destroy@
 0001:00001104       Vcl.ComCtrls.TListView.Destroy@
 0001:0000110C       Vcl.ComCtrls.TToolBar.Destroy@
 0001:00001114       Vcl.ComCtrls.TCoolBar.Destroy@
 0001:0000111C       Vcl.ComCtrls.TDateTimePicker.Destroy@
 0001:00001124       Vcl.ComCtrls.TPageScroller.Destroy@
 0001:0000112C       Vcl.ComCtrls.TCustomComboBoxEx.Destroy@
 0001:00001134       Vcl.ComCtrls.TComboBoxEx.Destroy@
 0001:0000113C       Vcl.ComCtrls.TStatusBar.Destroy@
 0001:00001144       Vcl.ComCtrls.THeaderControl.Destroy@
 0001:0000114C       Vcl.ComCtrls.Finalization
 0001:00001154       Vcl.Forms.TScrollBox.Destroy@
 0001:0000115C       Vcl.Forms.TCustomForm.Destroy@
 0001:00001164       Vcl.Forms.TForm.Destroy@
 0001:0000116C       Vcl.Forms.Finalization
 0001:00001174       Vcl.Printers.Finalization
 0001:0000117C       Vcl.Dialogs.Finalization
 0001:00001184       ACBrConsts.Finalization
 0001:0000118C       ACBrUtil.Strings.Finalization
 0001:00001194       synautil.Finalization
 0001:0000119C       pcnConversao.Finalization
 0001:000011A4       pcnConversaoNFe.Finalization
 0001:000011AC       System.Zip.TZipFile.Destroy@
 0001:000011B4       ACBrUtil.Base.Finalization
 0001:000011BC       pcnAuxiliar.Finalization
 0001:000011C4       pcnLeitor.Finalization
 0001:000011CC       ACBrUtil.FilesIO.Finalization
 0001:000011D4       synsock.Finalization
 0001:000011DC       blcksock.Finalization
 0001:000011E4       ssl_openssl_lib.Finalization
 0001:000011EC       ssl_openssl.Finalization
 0001:000011F4       JsonDataObjects_ACBr.Finalization
 0001:000011FC       ACBrDFeUtil.Finalization
 0001:00001204       ACBr_BCrypt.Finalization
 0001:0000120C       ACBr_NCrypt.Finalization
 0001:00001214       ACBr_WinCrypt.Finalization
 0001:0000121C       ACBrDFeWinCrypt.Finalization
 0001:00001224       OpenSSLExt.Finalization
 0001:0000122C       ACBrLibXml2.Finalization
 0001:00001234       System.Net.Mime.TMimeTypes.Destroy@
 0001:0000123C       System.Threading.TThreadPool.TWorkerData.Destroy@
 0001:00001244       System.Threading.TParallel.TReplicableTask.Destroy@
 0001:0000124C       System.Threading.TParallel.TReplicaTask.Destroy@
 0001:00001254       System.Threading.TParallel.TJoinTask.Destroy@
 0001:0000125C       System.Threading.TTask.Destroy@
 0001:00001264       System.Threading.TThreadPool.Destroy@
 0001:0000126C       System.Threading.Finalization
 0001:00001274       System.NetEncoding.TNetEncoding.Destroy@
 0001:0000127C       System.Net.URLClient.TURLSchemes.Destroy@
 0001:00001284       System.Net.URLClient.TCredentialsStorage.Destroy@
 0001:0000128C       System.Net.URLClient.TAsyncReadStream.Destroy@
 0001:00001294       System.Net.URLClient.TURLStream.Destroy@
 0001:0000129C       System.Net.HttpClient.Win.TWinHttpLib.Destroy@
 0001:000012A4       System.Net.HttpClient.Win.Finalization
 0001:000012AC       System.Net.HttpClient.Finalization
 0001:000012B4       Xml.Win.msxmldom.TMSXMLDOMDocumentFactory.Destroy@
 0001:000012BC       Xml.Win.msxmldom.Finalization
 0001:000012C4       Xml.xmldom.Finalization
 0001:000012CC       Xml.xmlutil.Finalization
 0001:000012D4       Xml.XMLSchema.Finalization
 0001:000012DC       Soap.SOAPConst.Finalization
 0001:000012E4       Web.HTTPApp.Finalization
 0001:000012EC       Data.FmtBcd.Finalization
 0001:000012F4       Soap.XSBuiltIns.Finalization
 0001:000012FC       Soap.InvokeRegistry.Finalization
 0001:00001304       Soap.TypeTrans.Finalization
 0001:0000130C       Soap.OPToSOAPDomConv.Finalization
 0001:00001314       Vcl.OleServer.Finalization
 0001:0000131C       synaicnv.Finalization
 0001:00001324       synachar.Finalization
 0001:0000132C       ACBrMail.Finalization
 0001:00001334       Data.SqlTimSt.Finalization
 0001:0000133C       Data.DB.Finalization
 0001:00001344       Vcl.Buttons.TBitBtn.Destroy@
 0001:0000134C       Vcl.Buttons.Finalization
 0001:00001354       Vcl.ImageCollection.Finalization
 0001:0000135C       Vcl.DBLogDlg.Finalization
 0001:00001364       Vcl.DBPWDlg.Finalization
 0001:0000136C       Vcl.DBCtrls.TDBMemo.Destroy@
 0001:00001374       Vcl.DBCtrls.TDBNavigator.Destroy@
 0001:0000137C       Vcl.DBCtrls.TDBLookupListBox.Destroy@
 0001:00001384       Vcl.DBCtrls.TCustomDBLookupComboBox.Destroy@
 0001:0000138C       Vcl.DBCtrls.TDBLookupComboBox.Destroy@
 0001:00001394       Vcl.DBCtrls.Finalization
 0001:0000139C       Vcl.Imaging.pngimage.Finalization
 0001:000013A4       RLConsts.Finalization
 0001:000013AC       RLUtils.Finalization
 0001:000013B4       RLTypes.Finalization
 0001:000013BC       RLPrinters.Finalization
 0001:000013C4       RLSpoolFilter.Finalization
 0001:000013CC       RLFilters.Finalization
 0001:000013D4       RLPreview.Finalization
 0001:000013DC       Vcl.Imaging.jpeg.Finalization
 0001:000013E4       RLPDFFilter.Finalization
 0001:000013EC       System.Win.VCLCom.Finalization
 0001:000013F4       RLPreviewForm.Finalization
 0001:000013FC       RLBarcode.Finalization
 0001:00001404       ACBrNFeDANFeRLReg.Register
 0001:00001454       ACBrNFeDANFeRLReg.Finalization
 0001:0000212C       .DCLACBr_NFeDanfeRL.@GetPackageInfoTable
 0001:00002134       .DCLACBr_NFeDanfeRL.@PackageLoad
 0001:00002140       .DCLACBr_NFeDanfeRL.@PackageUnload
 0002:00000000       System.System
 0002:00000008       SysInit.SysInit
 0002:00000010       System.UITypes.System.UITypes
 0002:00000018       Winapi.Windows.Winapi.Windows
 0002:00000030       Winapi.PsAPI.Winapi.PsAPI
 0002:00000038       System.Character.System.Character
 0002:00000040       System.Internal.ExcUtils.System.Internal.ExcUtils
 0002:00000048       System.SysUtils.TLanguages.Create@
 0002:00000050       System.SysUtils.TEncoding.Create@
 0002:00000058       System.SysUtils.Exception.Create@
 0002:00000060       System.SysUtils.TOSVersion.Create@
 0002:00000068       System.SysUtils.System.SysUtils
 0002:00000070       System.VarUtils.System.VarUtils
 0002:00000078       System.Variants.System.Variants
 0002:00000080       System.TypInfo.System.TypInfo
 0002:00000088       System.Math.System.Math
 0002:00000090       System.Generics.Defaults.TStringComparer.Create@
 0002:00000098       System.Generics.Defaults.TIStringComparer.Create@
 0002:000000A0       System.Rtti.TValue.Create@
 0002:000000A8       System.Rtti.System.Rtti
 0002:000000B0       System.TimeSpan.TTimeSpan.Create@
 0002:000000B8       System.Classes.TObserverMapping.Create@
 0002:000000C0       System.Classes.TBinaryWriter.Create@
 0002:000000C8       System.Classes.TFieldsCache.Create@
 0002:000000D0       System.Classes.TThread.Create@
 0002:000000D8       System.Classes.TComponent.Create@
 0002:000000E0       System.Classes.TLoginCredentialService.Create@
 0002:000000E8       System.Classes.TBaseAsyncResult.Create@
 0002:000000F0       System.Classes.System.Classes
 0002:000000F8       System.DateUtils.TTimeZone.Create@
 0002:00000100       System.DateUtils.System.DateUtils
 0002:00000108       System.IOUtils.TPath.Create@
 0002:00000110       System.IniFiles.System.IniFiles
 0002:00000118       System.Win.Registry.TRegistry.Create@
 0002:00000120       System.UIConsts.System.UIConsts
 0002:00000128       Vcl.Graphics.TWICImage.Create@
 0002:00000130       Vcl.Graphics.Vcl.Graphics
 0002:00000138       System.SyncObjs.System.SyncObjs
 0002:00000140       System.Messaging.TMessageManager.Create@
 0002:00000148       System.Actions.System.Actions
 0002:00000150       Winapi.UxTheme.Winapi.UxTheme
 0002:00000158       Vcl.ActnList.Vcl.ActnList
 0002:00000160       System.AnsiStrings.System.AnsiStrings
 0002:00000168       System.Win.ComObj.TComServerObject.Create@
 0002:00000170       System.Win.ComObj.System.Win.ComObj
 0002:00000178       Winapi.MsCTF.Winapi.MsCTF
 0002:00000188       Vcl.GraphUtil.Vcl.GraphUtil
 0002:00000190       Vcl.Controls.Vcl.Controls
 0002:00000198       Vcl.StdCtrls.TCustomGroupBox.Create@
 0002:000001A0       Vcl.StdCtrls.TCustomEdit.Create@
 0002:000001A8       Vcl.StdCtrls.TCustomMemo.Create@
 0002:000001B0       Vcl.StdCtrls.TCustomComboBox.Create@
 0002:000001B8       Vcl.StdCtrls.TCustomButton.Create@
 0002:000001C0       Vcl.StdCtrls.TCustomCheckBox.Create@
 0002:000001C8       Vcl.StdCtrls.TRadioButton.Create@
 0002:000001D0       Vcl.StdCtrls.TCustomListBox.Create@
 0002:000001D8       Vcl.StdCtrls.TScrollBar.Create@
 0002:000001E0       Vcl.StdCtrls.TCustomStaticText.Create@
 0002:000001E8       Vcl.StdCtrls.TGroupBox.Create@
 0002:000001F0       Vcl.StdCtrls.TEdit.Create@
 0002:000001F8       Vcl.StdCtrls.TMemo.Create@
 0002:00000200       Vcl.StdCtrls.TComboBox.Create@
 0002:00000208       Vcl.StdCtrls.TButton.Create@
 0002:00000210       Vcl.StdCtrls.TCheckBox.Create@
 0002:00000218       Vcl.StdCtrls.TListBox.Create@
 0002:00000220       Vcl.StdCtrls.TStaticText.Create@
 0002:00000228       Vcl.StdCtrls.Vcl.StdCtrls
 0002:00000230       Vcl.Clipbrd.Vcl.Clipbrd
 0002:00000238       Vcl.ExtCtrls.TCustomPanel.Create@
 0002:00000240       Vcl.ExtCtrls.TCustomCategoryPanelGroup.Create@
 0002:00000248       Vcl.ExtCtrls.TCategoryPanelGroup.Create@
 0002:00000250       Vcl.ExtCtrls.TCustomLinkLabel.Create@
 0002:00000258       Vcl.ExtCtrls.TLinkLabel.Create@
 0002:00000260       Vcl.ExtCtrls.Vcl.ExtCtrls
 0002:00000268       Vcl.Themes.TStyleManager.Create@
 0002:00000270       Vcl.Themes.TCustomStyleEngine.Create@
 0002:00000278       Vcl.Menus.Vcl.Menus
 0002:00000280       System.HelpIntfs.System.HelpIntfs
 0002:00000288       Winapi.FlatSB.Winapi.FlatSB
 0002:00000290       Vcl.ComCtrls.TCustomTabControl.Create@
 0002:00000298       Vcl.ComCtrls.TTabControl.Create@
 0002:000002A0       Vcl.ComCtrls.TCustomStatusBar.Create@
 0002:000002A8       Vcl.ComCtrls.TCustomHeaderControl.Create@
 0002:000002B0       Vcl.ComCtrls.TCustomTreeView.Create@
 0002:000002B8       Vcl.ComCtrls.TTreeView.Create@
 0002:000002C0       Vcl.ComCtrls.TTrackBar.Create@
 0002:000002C8       Vcl.ComCtrls.TProgressBar.Create@
 0002:000002D0       Vcl.ComCtrls.TCustomRichEdit.Create@
 0002:000002D8       Vcl.ComCtrls.TRichEdit.Create@
 0002:000002E0       Vcl.ComCtrls.TCustomUpDown.Create@
 0002:000002E8       Vcl.ComCtrls.TUpDown.Create@
 0002:000002F0       Vcl.ComCtrls.TCustomHotKey.Create@
 0002:000002F8       Vcl.ComCtrls.THotKey.Create@
 0002:00000300       Vcl.ComCtrls.TCustomListView.Create@
 0002:00000308       Vcl.ComCtrls.TListView.Create@
 0002:00000310       Vcl.ComCtrls.TToolBar.Create@
 0002:00000318       Vcl.ComCtrls.TCoolBar.Create@
 0002:00000320       Vcl.ComCtrls.TDateTimePicker.Create@
 0002:00000328       Vcl.ComCtrls.TPageScroller.Create@
 0002:00000330       Vcl.ComCtrls.TCustomComboBoxEx.Create@
 0002:00000338       Vcl.ComCtrls.TComboBoxEx.Create@
 0002:00000340       Vcl.ComCtrls.TStatusBar.Create@
 0002:00000348       Vcl.ComCtrls.THeaderControl.Create@
 0002:00000350       Vcl.ComCtrls.Vcl.ComCtrls
 0002:00000358       Vcl.Forms.TScrollBox.Create@
 0002:00000360       Vcl.Forms.TCustomForm.Create@
 0002:00000368       Vcl.Forms.TForm.Create@
 0002:00000370       Vcl.Forms.Vcl.Forms
 0002:00000378       Vcl.Printers.Vcl.Printers
 0002:00000380       Vcl.Dialogs.Vcl.Dialogs
 0002:00000388       ACBrConsts.ACBrConsts
 0002:00000390       ACBrUtil.Strings.ACBrUtil.Strings
 0002:00000398       synautil.synautil
 0002:000003A0       pcnConversao.pcnConversao
 0002:000003A8       pcnConversaoNFe.pcnConversaoNFe
 0002:000003B0       System.Zip.TZipFile.Create@
 0002:000003B8       ACBrUtil.Base.ACBrUtil.Base
 0002:000003C0       pcnAuxiliar.pcnAuxiliar
 0002:000003C8       pcnLeitor.pcnLeitor
 0002:000003D0       ACBrUtil.FilesIO.ACBrUtil.FilesIO
 0002:000003D8       synsock.synsock
 0002:000003E0       blcksock.blcksock
 0002:000003E8       ssl_openssl_lib.ssl_openssl_lib
 0002:000003F0       ssl_openssl.ssl_openssl
 0002:000003F8       JsonDataObjects_ACBr.JsonDataObjects_ACBr
 0002:00000400       ACBrDFeUtil.ACBrDFeUtil
 0002:00000408       ACBr_BCrypt.ACBr_BCrypt
 0002:00000410       ACBr_NCrypt.ACBr_NCrypt
 0002:00000418       ACBr_WinCrypt.ACBr_WinCrypt
 0002:00000420       ACBrDFeWinCrypt.ACBrDFeWinCrypt
 0002:00000428       OpenSSLExt.OpenSSLExt
 0002:00000430       ACBrLibXml2.ACBrLibXml2
 0002:00000438       System.Net.Mime.TMimeTypes.Create@
 0002:00000440       System.Threading.TTask.Create@
 0002:00000448       System.Threading.TParallel.TReplicableTask.Create@
 0002:00000450       System.Threading.TThreadPool.Create@
 0002:00000458       System.Threading.TThreadPool.TWorkerData.Create@
 0002:00000460       System.Threading.TParallel.TJoinTask.Create@
 0002:00000468       System.Threading.TParallel.TReplicaTask.Create@
 0002:00000470       System.Threading.System.Threading
 0002:00000478       System.NetEncoding.TNetEncoding.Create@
 0002:00000480       System.Net.URLClient.TURLSchemes.Create@
 0002:00000488       System.Net.URLClient.TCredentialsStorage.Create@
 0002:00000490       System.Net.URLClient.TAsyncReadStream.Create@
 0002:00000498       System.Net.URLClient.TURLStream.Create@
 0002:000004A0       System.Net.HttpClient.Win.TWinHttpLib.Create@
 0002:000004A8       System.Net.HttpClient.Win.System.Net.HttpClient.Win
 0002:000004B0       System.Net.HttpClient.System.Net.HttpClient
 0002:000004B8       Xml.Win.msxmldom.TMSXMLDOMDocumentFactory.Create@
 0002:000004C0       Xml.Win.msxmldom.Xml.Win.msxmldom
 0002:000004C8       Xml.xmldom.Xml.xmldom
 0002:000004D0       Xml.xmlutil.Xml.xmlutil
 0002:000004D8       Xml.XMLSchema.Xml.XMLSchema
 0002:000004E0       Soap.SOAPConst.Soap.SOAPConst
 0002:000004E8       Web.HTTPApp.Web.HTTPApp
 0002:000004F0       Data.FmtBcd.Data.FmtBcd
 0002:000004F8       Soap.XSBuiltIns.Soap.XSBuiltIns
 0002:00000500       Soap.InvokeRegistry.Soap.InvokeRegistry
 0002:00000508       Soap.TypeTrans.Soap.TypeTrans
 0002:00000510       Soap.OPToSOAPDomConv.Soap.OPToSOAPDomConv
 0002:00000518       Vcl.OleServer.Vcl.OleServer
 0002:00000520       synaicnv.synaicnv
 0002:00000528       synachar.synachar
 0002:00000530       ACBrMail.ACBrMail
 0002:00000538       Data.SqlTimSt.Data.SqlTimSt
 0002:00000540       Data.DB.Data.DB
 0002:00000548       Vcl.Buttons.TBitBtn.Create@
 0002:00000550       Vcl.Buttons.Vcl.Buttons
 0002:00000558       Vcl.ImageCollection.Vcl.ImageCollection
 0002:00000560       Vcl.DBLogDlg.Vcl.DBLogDlg
 0002:00000568       Vcl.DBPWDlg.Vcl.DBPWDlg
 0002:00000570       Vcl.DBCtrls.TDBMemo.Create@
 0002:00000578       Vcl.DBCtrls.TDBNavigator.Create@
 0002:00000580       Vcl.DBCtrls.TDBLookupListBox.Create@
 0002:00000588       Vcl.DBCtrls.TCustomDBLookupComboBox.Create@
 0002:00000590       Vcl.DBCtrls.TDBLookupComboBox.Create@
 0002:00000598       Vcl.DBCtrls.Vcl.DBCtrls
 0002:000005A0       Vcl.Imaging.pngimage.Vcl.Imaging.pngimage
 0002:000005A8       RLConsts.RLConsts
 0002:000005B0       RLUtils.RLUtils
 0002:000005B8       RLTypes.RLTypes
 0002:000005C0       RLPrinters.RLPrinters
 0002:000005C8       RLSpoolFilter.RLSpoolFilter
 0002:000005D0       RLFilters.RLFilters
 0002:000005D8       RLPreview.RLPreview
 0002:000005E0       Vcl.Imaging.jpeg.Vcl.Imaging.jpeg
 0002:000005E8       RLPDFFilter.RLPDFFilter
 0002:000005F0       System.Win.VCLCom.System.Win.VCLCom
 0002:000005F8       RLPreviewForm.RLPreviewForm
 0002:00000600       RLBarcode.RLBarcode
 0002:00000608       ACBrNFeDANFeRLReg.ACBrNFeDANFeRLReg
 0002:00000610       .DCLACBr_NFeDanfeRL..DCLACBr_NFeDanfeRL
 0003:00000000       SysInit.TlsIndex
 0003:00000004       SysInit.PtrToNil
 0003:00000008       SysInit.Module
 0003:00000024       SysInit.TlsProc
 0003:00000034       SysInit...
 0003:00000088       Winapi.Windows.Win32MajorVersion
 0003:0000008C       Winapi.Windows.Win32MinorVersion
 0003:00000090       Winapi.Windows.Win32Platform
 0003:00000094       Winapi.MsCTF.MsCTFHandle
 0004:FFFFA000       SysInit.__ImageBase
 0004:00000000       SysInit.ModuleIsLib
 0004:00000001       SysInit.ModuleIsPackage
 0004:00000004       SysInit.HInstance
 0004:0000000C       SysInit.dbkFCallWrapperAddr
 0004:00000010       SysInit.@_pfnDliNotifyHook2
 0004:00000014       SysInit.@_pfnDliFailureHook2
 0004:00000018       SysInit..1
 0004:0000001C       SysInit.tlsBuffer
 0004:00000020       SysInit.UseTlsAPI
 0004:00000024       Winapi.Windows..2
 0004:00000028       Winapi.Windows.HtmlHelpModule
 0004:0000002C       Winapi.PsAPI..1
 0004:00000030       Winapi.PsAPI.hPSAPI
 0004:00000034       Winapi.MsCTF..1
 0004:00000038       ACBrNFeDANFeRLReg..1
 0005:00000000       SysInit.TlsLast


Line numbers for ACBr_NTStatus(ACBr_NTStatus.pas) segment .text

 18067 0001:00000000

Bound resource files

..\..\..\..\..\..\..\Fontes\ACBrDFe\ACBrNFe\ACBrNFe.dcr
DCLACBr_NFeDanfeRL.res
DCLACBr_NFeDanfeRL.otares
DCLACBr_NFeDanfeRL.drf


Program entry point at 0002:00000610
