
 Start         Length     Name                   Class
 0001:00401000 000021C4H .text                   CODE
 0002:00404000 00000570H .itext                  ICODE
 0003:00405000 00000098H .data                   DATA
 0004:00406000 0000003CH .bss                    BSS
 0005:00000000 00000000H .tls                    TLS
 0006:00400000 00000000H .pdata                  PDATA


Detailed map of segments

 0001:00000000 000000A0 C=CODE     S=.text    G=(none)   M=System   ACBP=A9
 0001:000000A0 00000CF4 C=CODE     S=.text    G=(none)   M=SysInit  ACBP=A9
 0001:00000D94 00000008 C=CODE     S=.text    G=(none)   M=System.UITypes ACBP=A9
 0001:00000D9C 0000006C C=CODE     S=.text    G=(none)   M=Winapi.Windows ACBP=A9
 0001:00000E08 00000024 C=CODE     S=.text    G=(none)   M=Winapi.PsAPI ACBP=A9
 0001:00000E2C 00000008 C=CODE     S=.text    G=(none)   M=System.Character ACBP=A9
 0001:00000E34 00000008 C=CODE     S=.text    G=(none)   M=System.Internal.ExcUtils ACBP=A9
 0001:00000E3C 00000030 C=CODE     S=.text    G=(none)   M=System.SysUtils ACBP=A9
 0001:00000E6C 00000008 C=CODE     S=.text    G=(none)   M=System.VarUtils ACBP=A9
 0001:00000E74 00000008 C=CODE     S=.text    G=(none)   M=System.Variants ACBP=A9
 0001:00000E7C 00000008 C=CODE     S=.text    G=(none)   M=System.TypInfo ACBP=A9
 0001:00000E84 00000008 C=CODE     S=.text    G=(none)   M=System.Math ACBP=A9
 0001:00000E8C 00000010 C=CODE     S=.text    G=(none)   M=System.Generics.Defaults ACBP=A9
 0001:00000E9C 00000010 C=CODE     S=.text    G=(none)   M=System.Rtti ACBP=A9
 0001:00000EAC 00000008 C=CODE     S=.text    G=(none)   M=System.TimeSpan ACBP=A9
 0001:00000EB4 00000048 C=CODE     S=.text    G=(none)   M=System.Classes ACBP=A9
 0001:00000EFC 00000010 C=CODE     S=.text    G=(none)   M=System.DateUtils ACBP=A9
 0001:00000F0C 00000008 C=CODE     S=.text    G=(none)   M=System.IOUtils ACBP=A9
 0001:00000F14 00000008 C=CODE     S=.text    G=(none)   M=System.IniFiles ACBP=A9
 0001:00000F1C 00000008 C=CODE     S=.text    G=(none)   M=System.Win.Registry ACBP=A9
 0001:00000F24 00000008 C=CODE     S=.text    G=(none)   M=System.UIConsts ACBP=A9
 0001:00000F2C 00000010 C=CODE     S=.text    G=(none)   M=Vcl.Graphics ACBP=A9
 0001:00000F3C 00000008 C=CODE     S=.text    G=(none)   M=System.Messaging ACBP=A9
 0001:00000F44 00000008 C=CODE     S=.text    G=(none)   M=System.Actions ACBP=A9
 0001:00000F4C 00000008 C=CODE     S=.text    G=(none)   M=Vcl.ActnList ACBP=A9
 0001:00000F54 00000008 C=CODE     S=.text    G=(none)   M=System.HelpIntfs ACBP=A9
 0001:00000F5C 00000008 C=CODE     S=.text    G=(none)   M=System.SyncObjs ACBP=A9
 0001:00000F64 00000008 C=CODE     S=.text    G=(none)   M=Winapi.UxTheme ACBP=A9
 0001:00000F6C 00000008 C=CODE     S=.text    G=(none)   M=Vcl.GraphUtil ACBP=A9
 0001:00000F74 00000098 C=CODE     S=.text    G=(none)   M=Vcl.StdCtrls ACBP=A9
 0001:0000100C 00000008 C=CODE     S=.text    G=(none)   M=Vcl.Clipbrd ACBP=A9
 0001:00001014 00000008 C=CODE     S=.text    G=(none)   M=Vcl.Printers ACBP=A9
 0001:0000101C 000000C8 C=CODE     S=.text    G=(none)   M=Vcl.ComCtrls ACBP=A9
 0001:000010E4 00000008 C=CODE     S=.text    G=(none)   M=Vcl.Dialogs ACBP=A9
 0001:000010EC 00000030 C=CODE     S=.text    G=(none)   M=Vcl.ExtCtrls ACBP=A9
 0001:0000111C 00000010 C=CODE     S=.text    G=(none)   M=Vcl.Themes ACBP=A9
 0001:0000112C 00000008 C=CODE     S=.text    G=(none)   M=System.AnsiStrings ACBP=A9
 0001:00001134 00000010 C=CODE     S=.text    G=(none)   M=System.Win.ComObj ACBP=A9
 0001:00001144 00000008 C=CODE     S=.text    G=(none)   M=Winapi.FlatSB ACBP=A9
 0001:0000114C 00000020 C=CODE     S=.text    G=(none)   M=Vcl.Forms ACBP=A9
 0001:0000116C 00000008 C=CODE     S=.text    G=(none)   M=Vcl.Menus ACBP=A9
 0001:00001174 00000068 C=CODE     S=.text    G=(none)   M=Winapi.MsCTF ACBP=A9
 0001:000011DC 00000008 C=CODE     S=.text    G=(none)   M=Vcl.Controls ACBP=A9
 0001:000011E4 00000018 C=CODE     S=.text    G=(none)   M=DesignIntf ACBP=A9
 0001:000011FC 00000008 C=CODE     S=.text    G=(none)   M=IDEMessages ACBP=A9
 0001:00001204 00000008 C=CODE     S=.text    G=(none)   M=Vcl.CaptionedDockTree ACBP=A9
 0001:0000120C 00000008 C=CODE     S=.text    G=(none)   M=Vcl.DockTabSet ACBP=A9
 0001:00001214 00000020 C=CODE     S=.text    G=(none)   M=Vcl.Grids ACBP=A9
 0001:00001234 00000010 C=CODE     S=.text    G=(none)   M=Vcl.CategoryButtons ACBP=A9
 0001:00001244 00000008 C=CODE     S=.text    G=(none)   M=Vcl.ButtonGroup ACBP=A9
 0001:0000124C 00000008 C=CODE     S=.text    G=(none)   M=Vcl.SysStyles ACBP=A9
 0001:00001254 00000008 C=CODE     S=.text    G=(none)   M=Winapi.D2D1 ACBP=A9
 0001:0000125C 00000010 C=CODE     S=.text    G=(none)   M=Vcl.Direct2D ACBP=A9
 0001:0000126C 00000010 C=CODE     S=.text    G=(none)   M=Vcl.Styles ACBP=A9
 0001:0000127C 00000008 C=CODE     S=.text    G=(none)   M=Vcl.ImageCollection ACBP=A9
 0001:00001284 00000008 C=CODE     S=.text    G=(none)   M=BrandingAPI ACBP=A9
 0001:0000128C 00000008 C=CODE     S=.text    G=(none)   M=Winapi.GDIPOBJ ACBP=A9
 0001:00001294 00000010 C=CODE     S=.text    G=(none)   M=Vcl.Buttons ACBP=A9
 0001:000012A4 00000008 C=CODE     S=.text    G=(none)   M=Vcl.Imaging.pngimage ACBP=A9
 0001:000012AC 00000008 C=CODE     S=.text    G=(none)   M=DebugAPI ACBP=A9
 0001:000012B4 00000008 C=CODE     S=.text    G=(none)   M=System.Devices ACBP=A9
 0001:000012BC 00000008 C=CODE     S=.text    G=(none)   M=Proxies  ACBP=A9
 0001:000012C4 00000008 C=CODE     S=.text    G=(none)   M=Vcl.AxCtrls ACBP=A9
 0001:000012CC 00000008 C=CODE     S=.text    G=(none)   M=Vcl.AppEvnts ACBP=A9
 0001:000012D4 00000008 C=CODE     S=.text    G=(none)   M=TreeIntf ACBP=A9
 0001:000012DC 00000008 C=CODE     S=.text    G=(none)   M=TopLevels ACBP=A9
 0001:000012E4 00000008 C=CODE     S=.text    G=(none)   M=StFilSys ACBP=A9
 0001:000012EC 00000008 C=CODE     S=.text    G=(none)   M=IDEHelp  ACBP=A9
 0001:000012F4 00000008 C=CODE     S=.text    G=(none)   M=ComponentDesigner ACBP=A9
 0001:000012FC 00000008 C=CODE     S=.text    G=(none)   M=IDETheme.Utils ACBP=A9
 0001:00001304 00000008 C=CODE     S=.text    G=(none)   M=PercentageDockTree ACBP=A9
 0001:0000130C 00000008 C=CODE     S=.text    G=(none)   M=Vcl.WinXCtrls ACBP=A9
 0001:00001314 00000008 C=CODE     S=.text    G=(none)   M=WaitDialog ACBP=A9
 0001:0000131C 00000008 C=CODE     S=.text    G=(none)   M=Vcl.ExtDlgs ACBP=A9
 0001:00001324 00000008 C=CODE     S=.text    G=(none)   M=Winapi.Mapi ACBP=A9
 0001:0000132C 00000008 C=CODE     S=.text    G=(none)   M=Vcl.ExtActns ACBP=A9
 0001:00001334 00000008 C=CODE     S=.text    G=(none)   M=Vcl.ActnMenus ACBP=A9
 0001:0000133C 00000008 C=CODE     S=.text    G=(none)   M=Vcl.ActnMan ACBP=A9
 0001:00001344 00000008 C=CODE     S=.text    G=(none)   M=Vcl.PlatformDefaultStyleActnCtrls ACBP=A9
 0001:0000134C 00000008 C=CODE     S=.text    G=(none)   M=BaseDock ACBP=A9
 0001:00001354 00000008 C=CODE     S=.text    G=(none)   M=DeskUtil ACBP=A9
 0001:0000135C 00000008 C=CODE     S=.text    G=(none)   M=DeskForm ACBP=A9
 0001:00001364 00000008 C=CODE     S=.text    G=(none)   M=DockForm ACBP=A9
 0001:0000136C 00000010 C=CODE     S=.text    G=(none)   M=Xml.Win.msxmldom ACBP=A9
 0001:0000137C 00000008 C=CODE     S=.text    G=(none)   M=Xml.xmldom ACBP=A9
 0001:00001384 00000008 C=CODE     S=.text    G=(none)   M=ToolsAPI ACBP=A9
 0001:0000138C 00000038 C=CODE     S=.text    G=(none)   M=DesignEditors ACBP=A9
 0001:000013C4 00000008 C=CODE     S=.text    G=(none)   M=ACBrConsts ACBP=A9
 0001:000013CC 00000008 C=CODE     S=.text    G=(none)   M=ACBrUtil.Strings ACBP=A9
 0001:000013D4 00000008 C=CODE     S=.text    G=(none)   M=synautil ACBP=A9
 0001:000013DC 00000008 C=CODE     S=.text    G=(none)   M=System.Zip ACBP=A9
 0001:000013E4 00000008 C=CODE     S=.text    G=(none)   M=ACBrUtil.Base ACBP=A9
 0001:000013EC 00000008 C=CODE     S=.text    G=(none)   M=ACBrUtil.FilesIO ACBP=A9
 0001:000013F4 00000008 C=CODE     S=.text    G=(none)   M=ACBrReg  ACBP=A9
 0001:000013FC 00000008 C=CODE     S=.text    G=(none)   M=Gif1     ACBP=A9
 0001:00001404 00000008 C=CODE     S=.text    G=(none)   M=ACBrCalculadora ACBP=A9
 0001:0000140C 00000008 C=CODE     S=.text    G=(none)   M=ACBrFala ACBP=A9
 0001:00001414 0000035C C=CODE     S=.text    G=(none)   M=ACBrDiversosReg ACBP=A9
 0001:00001770 00000A54 C=CODE     S=.text    G=(none)   M=.DCLACBr_Diversos ACBP=A9
 0002:00000000 00000008 C=ICODE    S=.itext   G=(none)   M=System   ACBP=A9
 0002:00000008 00000008 C=ICODE    S=.itext   G=(none)   M=SysInit  ACBP=A9
 0002:00000010 00000008 C=ICODE    S=.itext   G=(none)   M=System.UITypes ACBP=A9
 0002:00000018 00000018 C=ICODE    S=.itext   G=(none)   M=Winapi.Windows ACBP=A9
 0002:00000030 00000008 C=ICODE    S=.itext   G=(none)   M=Winapi.PsAPI ACBP=A9
 0002:00000038 00000008 C=ICODE    S=.itext   G=(none)   M=System.Character ACBP=A9
 0002:00000040 00000008 C=ICODE    S=.itext   G=(none)   M=System.Internal.ExcUtils ACBP=A9
 0002:00000048 00000028 C=ICODE    S=.itext   G=(none)   M=System.SysUtils ACBP=A9
 0002:00000070 00000008 C=ICODE    S=.itext   G=(none)   M=System.VarUtils ACBP=A9
 0002:00000078 00000008 C=ICODE    S=.itext   G=(none)   M=System.Variants ACBP=A9
 0002:00000080 00000008 C=ICODE    S=.itext   G=(none)   M=System.TypInfo ACBP=A9
 0002:00000088 00000008 C=ICODE    S=.itext   G=(none)   M=System.Math ACBP=A9
 0002:00000090 00000010 C=ICODE    S=.itext   G=(none)   M=System.Generics.Defaults ACBP=A9
 0002:000000A0 00000010 C=ICODE    S=.itext   G=(none)   M=System.Rtti ACBP=A9
 0002:000000B0 00000008 C=ICODE    S=.itext   G=(none)   M=System.TimeSpan ACBP=A9
 0002:000000B8 00000040 C=ICODE    S=.itext   G=(none)   M=System.Classes ACBP=A9
 0002:000000F8 00000010 C=ICODE    S=.itext   G=(none)   M=System.DateUtils ACBP=A9
 0002:00000108 00000008 C=ICODE    S=.itext   G=(none)   M=System.IOUtils ACBP=A9
 0002:00000110 00000008 C=ICODE    S=.itext   G=(none)   M=System.IniFiles ACBP=A9
 0002:00000118 00000008 C=ICODE    S=.itext   G=(none)   M=System.Win.Registry ACBP=A9
 0002:00000120 00000008 C=ICODE    S=.itext   G=(none)   M=System.UIConsts ACBP=A9
 0002:00000128 00000010 C=ICODE    S=.itext   G=(none)   M=Vcl.Graphics ACBP=A9
 0002:00000138 00000008 C=ICODE    S=.itext   G=(none)   M=System.Messaging ACBP=A9
 0002:00000140 00000008 C=ICODE    S=.itext   G=(none)   M=System.Actions ACBP=A9
 0002:00000148 00000008 C=ICODE    S=.itext   G=(none)   M=Vcl.ActnList ACBP=A9
 0002:00000150 00000008 C=ICODE    S=.itext   G=(none)   M=System.HelpIntfs ACBP=A9
 0002:00000158 00000008 C=ICODE    S=.itext   G=(none)   M=System.SyncObjs ACBP=A9
 0002:00000160 00000008 C=ICODE    S=.itext   G=(none)   M=Winapi.UxTheme ACBP=A9
 0002:00000168 00000008 C=ICODE    S=.itext   G=(none)   M=Vcl.GraphUtil ACBP=A9
 0002:00000170 00000098 C=ICODE    S=.itext   G=(none)   M=Vcl.StdCtrls ACBP=A9
 0002:00000208 00000008 C=ICODE    S=.itext   G=(none)   M=Vcl.Clipbrd ACBP=A9
 0002:00000210 00000008 C=ICODE    S=.itext   G=(none)   M=Vcl.Printers ACBP=A9
 0002:00000218 000000C8 C=ICODE    S=.itext   G=(none)   M=Vcl.ComCtrls ACBP=A9
 0002:000002E0 00000008 C=ICODE    S=.itext   G=(none)   M=Vcl.Dialogs ACBP=A9
 0002:000002E8 00000030 C=ICODE    S=.itext   G=(none)   M=Vcl.ExtCtrls ACBP=A9
 0002:00000318 00000010 C=ICODE    S=.itext   G=(none)   M=Vcl.Themes ACBP=A9
 0002:00000328 00000008 C=ICODE    S=.itext   G=(none)   M=System.AnsiStrings ACBP=A9
 0002:00000330 00000010 C=ICODE    S=.itext   G=(none)   M=System.Win.ComObj ACBP=A9
 0002:00000340 00000008 C=ICODE    S=.itext   G=(none)   M=Winapi.FlatSB ACBP=A9
 0002:00000348 00000020 C=ICODE    S=.itext   G=(none)   M=Vcl.Forms ACBP=A9
 0002:00000368 00000008 C=ICODE    S=.itext   G=(none)   M=Vcl.Menus ACBP=A9
 0002:00000370 00000010 C=ICODE    S=.itext   G=(none)   M=Winapi.MsCTF ACBP=A9
 0002:00000380 00000008 C=ICODE    S=.itext   G=(none)   M=Vcl.Controls ACBP=A9
 0002:00000388 00000008 C=ICODE    S=.itext   G=(none)   M=IDEMessages ACBP=A9
 0002:00000390 00000008 C=ICODE    S=.itext   G=(none)   M=Vcl.CaptionedDockTree ACBP=A9
 0002:00000398 00000008 C=ICODE    S=.itext   G=(none)   M=Vcl.DockTabSet ACBP=A9
 0002:000003A0 00000020 C=ICODE    S=.itext   G=(none)   M=Vcl.Grids ACBP=A9
 0002:000003C0 00000010 C=ICODE    S=.itext   G=(none)   M=Vcl.CategoryButtons ACBP=A9
 0002:000003D0 00000008 C=ICODE    S=.itext   G=(none)   M=Vcl.ButtonGroup ACBP=A9
 0002:000003D8 00000008 C=ICODE    S=.itext   G=(none)   M=Vcl.SysStyles ACBP=A9
 0002:000003E0 00000008 C=ICODE    S=.itext   G=(none)   M=Winapi.D2D1 ACBP=A9
 0002:000003E8 00000010 C=ICODE    S=.itext   G=(none)   M=Vcl.Direct2D ACBP=A9
 0002:000003F8 00000010 C=ICODE    S=.itext   G=(none)   M=Vcl.Styles ACBP=A9
 0002:00000408 00000008 C=ICODE    S=.itext   G=(none)   M=Vcl.ImageCollection ACBP=A9
 0002:00000410 00000008 C=ICODE    S=.itext   G=(none)   M=BrandingAPI ACBP=A9
 0002:00000418 00000008 C=ICODE    S=.itext   G=(none)   M=Winapi.GDIPOBJ ACBP=A9
 0002:00000420 00000010 C=ICODE    S=.itext   G=(none)   M=Vcl.Buttons ACBP=A9
 0002:00000430 00000008 C=ICODE    S=.itext   G=(none)   M=Vcl.Imaging.pngimage ACBP=A9
 0002:00000438 00000008 C=ICODE    S=.itext   G=(none)   M=DebugAPI ACBP=A9
 0002:00000440 00000008 C=ICODE    S=.itext   G=(none)   M=System.Devices ACBP=A9
 0002:00000448 00000008 C=ICODE    S=.itext   G=(none)   M=Proxies  ACBP=A9
 0002:00000450 00000008 C=ICODE    S=.itext   G=(none)   M=Vcl.AxCtrls ACBP=A9
 0002:00000458 00000008 C=ICODE    S=.itext   G=(none)   M=Vcl.AppEvnts ACBP=A9
 0002:00000460 00000008 C=ICODE    S=.itext   G=(none)   M=TreeIntf ACBP=A9
 0002:00000468 00000008 C=ICODE    S=.itext   G=(none)   M=TopLevels ACBP=A9
 0002:00000470 00000008 C=ICODE    S=.itext   G=(none)   M=StFilSys ACBP=A9
 0002:00000478 00000008 C=ICODE    S=.itext   G=(none)   M=IDEHelp  ACBP=A9
 0002:00000480 00000008 C=ICODE    S=.itext   G=(none)   M=ComponentDesigner ACBP=A9
 0002:00000488 00000008 C=ICODE    S=.itext   G=(none)   M=IDETheme.Utils ACBP=A9
 0002:00000490 00000008 C=ICODE    S=.itext   G=(none)   M=PercentageDockTree ACBP=A9
 0002:00000498 00000008 C=ICODE    S=.itext   G=(none)   M=Vcl.WinXCtrls ACBP=A9
 0002:000004A0 00000008 C=ICODE    S=.itext   G=(none)   M=WaitDialog ACBP=A9
 0002:000004A8 00000008 C=ICODE    S=.itext   G=(none)   M=Vcl.ExtDlgs ACBP=A9
 0002:000004B0 00000008 C=ICODE    S=.itext   G=(none)   M=Winapi.Mapi ACBP=A9
 0002:000004B8 00000008 C=ICODE    S=.itext   G=(none)   M=Vcl.ExtActns ACBP=A9
 0002:000004C0 00000008 C=ICODE    S=.itext   G=(none)   M=Vcl.ActnMenus ACBP=A9
 0002:000004C8 00000008 C=ICODE    S=.itext   G=(none)   M=Vcl.ActnMan ACBP=A9
 0002:000004D0 00000008 C=ICODE    S=.itext   G=(none)   M=Vcl.PlatformDefaultStyleActnCtrls ACBP=A9
 0002:000004D8 00000008 C=ICODE    S=.itext   G=(none)   M=BaseDock ACBP=A9
 0002:000004E0 00000008 C=ICODE    S=.itext   G=(none)   M=DeskUtil ACBP=A9
 0002:000004E8 00000008 C=ICODE    S=.itext   G=(none)   M=DeskForm ACBP=A9
 0002:000004F0 00000008 C=ICODE    S=.itext   G=(none)   M=DockForm ACBP=A9
 0002:000004F8 00000010 C=ICODE    S=.itext   G=(none)   M=Xml.Win.msxmldom ACBP=A9
 0002:00000508 00000008 C=ICODE    S=.itext   G=(none)   M=Xml.xmldom ACBP=A9
 0002:00000510 00000008 C=ICODE    S=.itext   G=(none)   M=ToolsAPI ACBP=A9
 0002:00000518 00000008 C=ICODE    S=.itext   G=(none)   M=DesignEditors ACBP=A9
 0002:00000520 00000008 C=ICODE    S=.itext   G=(none)   M=ACBrConsts ACBP=A9
 0002:00000528 00000008 C=ICODE    S=.itext   G=(none)   M=ACBrUtil.Strings ACBP=A9
 0002:00000530 00000008 C=ICODE    S=.itext   G=(none)   M=synautil ACBP=A9
 0002:00000538 00000008 C=ICODE    S=.itext   G=(none)   M=System.Zip ACBP=A9
 0002:00000540 00000008 C=ICODE    S=.itext   G=(none)   M=ACBrUtil.Base ACBP=A9
 0002:00000548 00000008 C=ICODE    S=.itext   G=(none)   M=ACBrUtil.FilesIO ACBP=A9
 0002:00000550 00000008 C=ICODE    S=.itext   G=(none)   M=ACBrReg  ACBP=A9
 0002:00000558 00000008 C=ICODE    S=.itext   G=(none)   M=Gif1     ACBP=A9
 0002:00000560 00000008 C=ICODE    S=.itext   G=(none)   M=ACBrDiversosReg ACBP=A9
 0002:00000568 00000008 C=ICODE    S=.itext   G=(none)   M=.DCLACBr_Diversos ACBP=A9
 0003:00000000 00000088 C=DATA     S=.data    G=DGROUP   M=SysInit  ACBP=A9
 0003:00000088 0000000C C=DATA     S=.data    G=DGROUP   M=Winapi.Windows ACBP=A9
 0003:00000094 00000004 C=DATA     S=.data    G=DGROUP   M=Winapi.MsCTF ACBP=A9
 0004:00000000 00000024 C=BSS      S=.bss     G=DGROUP   M=SysInit  ACBP=A9
 0004:00000024 00000008 C=BSS      S=.bss     G=DGROUP   M=Winapi.Windows ACBP=A9
 0004:0000002C 00000008 C=BSS      S=.bss     G=DGROUP   M=Winapi.PsAPI ACBP=A9
 0004:00000034 00000004 C=BSS      S=.bss     G=DGROUP   M=Winapi.MsCTF ACBP=A9
 0004:00000038 00000004 C=BSS      S=.bss     G=DGROUP   M=ACBrDiversosReg ACBP=A9


  Address             Publics by Name

 0002:00000568       .DCLACBr_Diversos..DCLACBr_Diversos
 0001:000021A4       .DCLACBr_Diversos.@GetPackageInfoTable
 0001:000021AC       .DCLACBr_Diversos.@PackageLoad
 0001:000021B8       .DCLACBr_Diversos.@PackageUnload
 0001:00001404       ACBrCalculadora.TACBrCalculadora.Execute
 0002:00000520       ACBrConsts.ACBrConsts
 0001:000013C4       ACBrConsts.Finalization
 0004:00000038       ACBrDiversosReg..3
 0001:00001414       ACBrDiversosReg..TACBrCalculadoraEditor
 0001:00001514       ACBrDiversosReg..TACBrFalaEditor
 0002:00000560       ACBrDiversosReg.ACBrDiversosReg
 0001:00001768       ACBrDiversosReg.Finalization
 0001:00001604       ACBrDiversosReg.Register
 0001:00001710       ACBrDiversosReg.TACBrCalculadoraEditor.Edit
 0001:0000173C       ACBrDiversosReg.TACBrFalaEditor.Edit
 0001:0000140C       ACBrFala.TACBrFala.Falar
 0002:00000550       ACBrReg.ACBrReg
 0001:000013F4       ACBrReg.Finalization
 0002:00000540       ACBrUtil.Base.ACBrUtil.Base
 0001:000013E4       ACBrUtil.Base.Finalization
 0002:00000548       ACBrUtil.FilesIO.ACBrUtil.FilesIO
 0001:000013EC       ACBrUtil.FilesIO.Finalization
 0002:00000528       ACBrUtil.Strings.ACBrUtil.Strings
 0001:000013CC       ACBrUtil.Strings.Finalization
 0002:000004D8       BaseDock.BaseDock
 0001:0000134C       BaseDock.Finalization
 0002:00000410       BrandingAPI.BrandingAPI
 0001:00001284       BrandingAPI.Finalization
 0002:00000480       ComponentDesigner.ComponentDesigner
 0001:000012F4       ComponentDesigner.Finalization
 0002:00000438       DebugAPI.DebugAPI
 0001:000012AC       DebugAPI.Finalization
 0002:00000518       DesignEditors.DesignEditors
 0001:000013BC       DesignEditors.Finalization
 0001:000013AC       DesignEditors.TComponentEditor.Copy
 0001:0000138C       DesignEditors.TComponentEditor.Create
 0001:000013A4       DesignEditors.TComponentEditor.ExecuteVerb
 0001:0000139C       DesignEditors.TComponentEditor.GetVerb
 0001:00001394       DesignEditors.TComponentEditor.GetVerbCount
 0001:000013B4       DesignEditors.TComponentEditor.PrepareItem
 0001:000011F4       DesignIntf.ForceDemandLoadState
 0001:000011E4       DesignIntf.RegisterComponentEditor
 0001:000011EC       DesignIntf.RegisterPropertyEditor
 0002:000004E8       DeskForm.DeskForm
 0001:0000135C       DeskForm.Finalization
 0002:000004E0       DeskUtil.DeskUtil
 0001:00001354       DeskUtil.Finalization
 0002:000004F0       DockForm.DockForm
 0001:00001364       DockForm.Finalization
 0001:000013FC       Gif1.Finalization
 0002:00000558       Gif1.Gif1
 0001:000012EC       IDEHelp.Finalization
 0002:00000478       IDEHelp.IDEHelp
 0001:000011FC       IDEMessages.Finalization
 0002:00000388       IDEMessages.IDEMessages
 0001:000012FC       IDETheme.Utils.Finalization
 0002:00000488       IDETheme.Utils.IDETheme.Utils
 0001:00001304       PercentageDockTree.Finalization
 0002:00000490       PercentageDockTree.PercentageDockTree
 0001:000012BC       Proxies.Finalization
 0002:00000448       Proxies.Proxies
 0001:000012E4       StFilSys.Finalization
 0002:00000470       StFilSys.StFilSys
 0001:000013D4       synautil.Finalization
 0002:00000530       synautil.synautil
 0001:00000C9C       SysInit...
 0001:00000C7C       SysInit...
 0001:00000D74       SysInit...
 0001:00000D64       SysInit...
 0001:00000CAC       SysInit...
 0001:00000D40       SysInit...
 0001:00000CBC       SysInit...
 0001:00000D18       SysInit...
 0001:00000CD0       SysInit...
 0001:00000D00       SysInit...
 0001:00000C8C       SysInit...
 0003:00000034       SysInit...
 0001:00000C6C       SysInit...
 0004:00000018       SysInit..1
 0001:00000738       SysInit.@InitPkg
 0001:000007A4       SysInit.@PackageLoad
 0001:000007B0       SysInit.@PackageUnload
 0001:00000218       SysInit.@_dbkDummyProc
 0001:0000021C       SysInit.@_dbkFCallArgs
 0001:0000060C       SysInit.@_dbk_fcall_wrapper
 0001:000007BC       SysInit.@_delayLoadHelper2
 0001:00000A9C       SysInit.@_FUnloadDelayLoadedDLL2
 0001:00000BAC       SysInit.@_HrLoadAllImportsForDll
 0004:00000014       SysInit.@_pfnDliFailureHook2
 0004:00000010       SysInit.@_pfnDliNotifyHook2
 0001:00000108       SysInit.AllocTlsBuffer
 0004:0000000C       SysInit.dbkFCallWrapperAddr
 0001:000001C4       SysInit.ExitProcessTLS
 0001:0000018C       SysInit.ExitThreadTLS
 0001:00000D84       SysInit.Finalization
 0001:000000B0       SysInit.FreeLibrary
 0001:000000E8       SysInit.GetLastError
 0001:00000100       SysInit.GetProcAddress
 0001:00000114       SysInit.GetTlsSize
 0004:00000004       SysInit.HInstance
 0001:000001E8       SysInit.InitializeModule
 0001:00000160       SysInit.InitProcessTLS
 0001:0000011C       SysInit.InitThreadTLS
 0001:000000A0       SysInit.InterlockedExchange
 0001:000000F0       SysInit.LoadLibraryA
 0001:000000B8       SysInit.LocalAlloc
 0001:000000C0       SysInit.LocalFree
 0003:00000008       SysInit.Module
 0004:00000000       SysInit.ModuleIsLib
 0004:00000001       SysInit.ModuleIsPackage
 0003:00000004       SysInit.PtrToNil
 0001:000000F8       SysInit.RaiseException
 0001:00000C64       SysInit.ShutdownDelayHelp2
 0002:00000008       SysInit.SysInit
 0001:000000C8       SysInit.TlsAlloc
 0004:0000001C       SysInit.tlsBuffer
 0001:000000D0       SysInit.TlsFree
 0001:000000D8       SysInit.TlsGetValue
 0003:00000000       SysInit.TlsIndex
 0005:00000000       SysInit.TlsLast
 0003:00000024       SysInit.TlsProc
 0001:000000E0       SysInit.TlsSetValue
 0001:000001F4       SysInit.UninitializeModule
 0004:00000020       SysInit.UseTlsAPI
 0004:FFFFA000       SysInit.__ImageBase
 0001:00000020       System.@AsClass
 0001:00000050       System.@DoneExcept
 0001:00000048       System.@HandleAnyException
 0001:00000058       System.@PackageLoad
 0001:00000060       System.@PackageUnload
 0001:00000068       System.@RunError
 0001:00000098       System.Finalization
 0001:00000070       System.RegisterModule
 0002:00000000       System.System
 0001:00000080       System.TInterfacedObject.AfterConstruction
 0001:00000088       System.TInterfacedObject.BeforeDestruction
 0001:00000090       System.TInterfacedObject.NewInstance
 0001:00000038       System.TObject.DefaultHandler
 0001:00000008       System.TObject.Destroy
 0001:00000040       System.TObject.Dispatch
 0001:00000010       System.TObject.Equals
 0001:00000000       System.TObject.FreeInstance
 0001:00000018       System.TObject.GetHashCode
 0001:00000028       System.TObject.SafeCallException
 0001:00000030       System.TObject.ToString
 0001:00000078       System.UnregisterModule
 0001:00000F44       System.Actions.Finalization
 0002:00000140       System.Actions.System.Actions
 0001:0000112C       System.AnsiStrings.Finalization
 0002:00000328       System.AnsiStrings.System.AnsiStrings
 0001:00000E2C       System.Character.Finalization
 0002:00000038       System.Character.System.Character
 0001:00000EF4       System.Classes.Finalization
 0001:00000EBC       System.Classes.RegisterComponents
 0002:000000F0       System.Classes.System.Classes
 0002:000000E8       System.Classes.TBaseAsyncResult.Create@
 0001:00000EEC       System.Classes.TBaseAsyncResult.Destroy@
 0002:000000C0       System.Classes.TBinaryWriter.Create@
 0001:00000ED4       System.Classes.TBinaryWriter.Destroy@
 0002:000000D8       System.Classes.TComponent.Create@
 0001:00000EB4       System.Classes.TComponent.Destroy@
 0002:000000C8       System.Classes.TFieldsCache.Create@
 0001:00000EC4       System.Classes.TFieldsCache.Destroy@
 0002:000000E0       System.Classes.TLoginCredentialService.Create@
 0001:00000EDC       System.Classes.TLoginCredentialService.Destroy@
 0002:000000B8       System.Classes.TObserverMapping.Create@
 0001:00000EE4       System.Classes.TObserverMapping.Destroy@
 0002:000000D0       System.Classes.TThread.Create@
 0001:00000ECC       System.Classes.TThread.Destroy@
 0001:00000F04       System.DateUtils.Finalization
 0002:00000100       System.DateUtils.System.DateUtils
 0002:000000F8       System.DateUtils.TTimeZone.Create@
 0001:00000EFC       System.DateUtils.TTimeZone.Destroy@
 0002:00000440       System.Devices.TDeviceInfo.Create@
 0001:000012B4       System.Devices.TDeviceInfo.Destroy@
 0002:00000098       System.Generics.Defaults.TIStringComparer.Create@
 0001:00000E94       System.Generics.Defaults.TIStringComparer.Destroy@
 0002:00000090       System.Generics.Defaults.TStringComparer.Create@
 0001:00000E8C       System.Generics.Defaults.TStringComparer.Destroy@
 0001:00000F54       System.HelpIntfs.Finalization
 0002:00000150       System.HelpIntfs.System.HelpIntfs
 0001:00000F14       System.IniFiles.Finalization
 0002:00000110       System.IniFiles.System.IniFiles
 0001:00000E34       System.Internal.ExcUtils.Finalization
 0002:00000040       System.Internal.ExcUtils.System.Internal.ExcUtils
 0002:00000108       System.IOUtils.TPath.Create@
 0001:00000F0C       System.IOUtils.TPath.Destroy@
 0001:00000E84       System.Math.Finalization
 0002:00000088       System.Math.System.Math
 0002:00000138       System.Messaging.TMessageManager.Create@
 0001:00000F3C       System.Messaging.TMessageManager.UnInitialize@
 0001:00000EA4       System.Rtti.Finalization
 0002:000000A8       System.Rtti.System.Rtti
 0002:000000A0       System.Rtti.TValue.Create@
 0001:00000E9C       System.Rtti.TValue.Destroy@
 0001:00000F5C       System.SyncObjs.Finalization
 0002:00000158       System.SyncObjs.System.SyncObjs
 0002:00000058       System.SysUtils.Exception.Create@
 0001:00000E44       System.SysUtils.Exception.Destroy@
 0001:00000E64       System.SysUtils.Finalization
 0001:00000E54       System.SysUtils.SafeLoadLibrary
 0002:00000068       System.SysUtils.System.SysUtils
 0002:00000050       System.SysUtils.TEncoding.Create@
 0001:00000E5C       System.SysUtils.TEncoding.Destroy@
 0002:00000048       System.SysUtils.TLanguages.Create@
 0001:00000E4C       System.SysUtils.TLanguages.Destroy@
 0002:00000060       System.SysUtils.TOSVersion.Create@
 0001:00000E3C       System.SysUtils.TOSVersion.Destroy@
 0002:000000B0       System.TimeSpan.TTimeSpan.Create@
 0001:00000EAC       System.TimeSpan.TTimeSpan.Destroy@
 0001:00000E7C       System.TypInfo.Finalization
 0002:00000080       System.TypInfo.System.TypInfo
 0001:00000F24       System.UIConsts.Finalization
 0002:00000120       System.UIConsts.System.UIConsts
 0001:00000D94       System.UITypes.Finalization
 0002:00000010       System.UITypes.System.UITypes
 0001:00000E74       System.Variants.Finalization
 0002:00000078       System.Variants.System.Variants
 0001:00000E6C       System.VarUtils.Finalization
 0002:00000070       System.VarUtils.System.VarUtils
 0001:0000113C       System.Win.ComObj.Finalization
 0002:00000338       System.Win.ComObj.System.Win.ComObj
 0002:00000330       System.Win.ComObj.TComServerObject.Create@
 0001:00001134       System.Win.ComObj.TComServerObject.Destroy@
 0002:00000118       System.Win.Registry.TRegistry.Create@
 0001:00000F1C       System.Win.Registry.TRegistry.Destroy@
 0002:00000538       System.Zip.TZipFile.Create@
 0001:000013DC       System.Zip.TZipFile.Destroy@
 0001:00001384       ToolsAPI.Finalization
 0002:00000510       ToolsAPI.ToolsAPI
 0001:000012DC       TopLevels.Finalization
 0002:00000468       TopLevels.TopLevels
 0001:000012D4       TreeIntf.Finalization
 0002:00000460       TreeIntf.TreeIntf
 0001:00000F4C       Vcl.ActnList.Finalization
 0002:00000148       Vcl.ActnList.Vcl.ActnList
 0001:0000133C       Vcl.ActnMan.Finalization
 0002:000004C8       Vcl.ActnMan.Vcl.ActnMan
 0001:00001334       Vcl.ActnMenus.Finalization
 0002:000004C0       Vcl.ActnMenus.Vcl.ActnMenus
 0001:000012CC       Vcl.AppEvnts.Finalization
 0002:00000458       Vcl.AppEvnts.Vcl.AppEvnts
 0001:000012C4       Vcl.AxCtrls.Finalization
 0002:00000450       Vcl.AxCtrls.Vcl.AxCtrls
 0002:000003D0       Vcl.ButtonGroup.TButtonGroup.Create@
 0001:00001244       Vcl.ButtonGroup.TButtonGroup.Destroy@
 0001:0000129C       Vcl.Buttons.Finalization
 0002:00000420       Vcl.Buttons.TBitBtn.Create@
 0001:00001294       Vcl.Buttons.TBitBtn.Destroy@
 0002:00000428       Vcl.Buttons.Vcl.Buttons
 0001:00001204       Vcl.CaptionedDockTree.Finalization
 0002:00000390       Vcl.CaptionedDockTree.Vcl.CaptionedDockTree
 0001:0000123C       Vcl.CategoryButtons.Finalization
 0002:000003C0       Vcl.CategoryButtons.TCategoryButtons.Create@
 0001:00001234       Vcl.CategoryButtons.TCategoryButtons.Destroy@
 0002:000003C8       Vcl.CategoryButtons.Vcl.CategoryButtons
 0001:0000100C       Vcl.Clipbrd.Finalization
 0002:00000208       Vcl.Clipbrd.Vcl.Clipbrd
 0001:000010DC       Vcl.ComCtrls.Finalization
 0002:000002C0       Vcl.ComCtrls.TComboBoxEx.Create@
 0001:000010C4       Vcl.ComCtrls.TComboBoxEx.Destroy@
 0002:000002A0       Vcl.ComCtrls.TCoolBar.Create@
 0001:000010A4       Vcl.ComCtrls.TCoolBar.Destroy@
 0002:000002B8       Vcl.ComCtrls.TCustomComboBoxEx.Create@
 0001:000010BC       Vcl.ComCtrls.TCustomComboBoxEx.Destroy@
 0002:00000230       Vcl.ComCtrls.TCustomHeaderControl.Create@
 0001:00001034       Vcl.ComCtrls.TCustomHeaderControl.Destroy@
 0002:00000278       Vcl.ComCtrls.TCustomHotKey.Create@
 0001:0000107C       Vcl.ComCtrls.TCustomHotKey.Destroy@
 0002:00000288       Vcl.ComCtrls.TCustomListView.Create@
 0001:0000108C       Vcl.ComCtrls.TCustomListView.Destroy@
 0002:00000258       Vcl.ComCtrls.TCustomRichEdit.Create@
 0001:0000105C       Vcl.ComCtrls.TCustomRichEdit.Destroy@
 0002:00000228       Vcl.ComCtrls.TCustomStatusBar.Create@
 0001:0000102C       Vcl.ComCtrls.TCustomStatusBar.Destroy@
 0002:00000218       Vcl.ComCtrls.TCustomTabControl.Create@
 0001:0000101C       Vcl.ComCtrls.TCustomTabControl.Destroy@
 0002:00000238       Vcl.ComCtrls.TCustomTreeView.Create@
 0001:0000103C       Vcl.ComCtrls.TCustomTreeView.Destroy@
 0002:00000268       Vcl.ComCtrls.TCustomUpDown.Create@
 0001:0000106C       Vcl.ComCtrls.TCustomUpDown.Destroy@
 0002:000002A8       Vcl.ComCtrls.TDateTimePicker.Create@
 0001:000010AC       Vcl.ComCtrls.TDateTimePicker.Destroy@
 0002:000002D0       Vcl.ComCtrls.THeaderControl.Create@
 0001:000010D4       Vcl.ComCtrls.THeaderControl.Destroy@
 0002:00000280       Vcl.ComCtrls.THotKey.Create@
 0001:00001084       Vcl.ComCtrls.THotKey.Destroy@
 0002:00000290       Vcl.ComCtrls.TListView.Create@
 0001:00001094       Vcl.ComCtrls.TListView.Destroy@
 0002:000002B0       Vcl.ComCtrls.TPageScroller.Create@
 0001:000010B4       Vcl.ComCtrls.TPageScroller.Destroy@
 0002:00000250       Vcl.ComCtrls.TProgressBar.Create@
 0001:00001054       Vcl.ComCtrls.TProgressBar.Destroy@
 0002:00000260       Vcl.ComCtrls.TRichEdit.Create@
 0001:00001064       Vcl.ComCtrls.TRichEdit.Destroy@
 0002:000002C8       Vcl.ComCtrls.TStatusBar.Create@
 0001:000010CC       Vcl.ComCtrls.TStatusBar.Destroy@
 0002:00000220       Vcl.ComCtrls.TTabControl.Create@
 0001:00001024       Vcl.ComCtrls.TTabControl.Destroy@
 0002:00000298       Vcl.ComCtrls.TToolBar.Create@
 0001:0000109C       Vcl.ComCtrls.TToolBar.Destroy@
 0002:00000248       Vcl.ComCtrls.TTrackBar.Create@
 0001:0000104C       Vcl.ComCtrls.TTrackBar.Destroy@
 0002:00000240       Vcl.ComCtrls.TTreeView.Create@
 0001:00001044       Vcl.ComCtrls.TTreeView.Destroy@
 0002:00000270       Vcl.ComCtrls.TUpDown.Create@
 0001:00001074       Vcl.ComCtrls.TUpDown.Destroy@
 0002:000002D8       Vcl.ComCtrls.Vcl.ComCtrls
 0001:000011DC       Vcl.Controls.Finalization
 0002:00000380       Vcl.Controls.Vcl.Controls
 0001:000010E4       Vcl.Dialogs.Finalization
 0002:000002E0       Vcl.Dialogs.Vcl.Dialogs
 0001:00001264       Vcl.Direct2D.Finalization
 0002:000003E8       Vcl.Direct2D.TDirect2DCanvas.Create@
 0001:0000125C       Vcl.Direct2D.TDirect2DCanvas.Destroy@
 0002:000003F0       Vcl.Direct2D.Vcl.Direct2D
 0001:0000120C       Vcl.DockTabSet.Finalization
 0002:00000398       Vcl.DockTabSet.Vcl.DockTabSet
 0001:0000132C       Vcl.ExtActns.Finalization
 0002:000004B8       Vcl.ExtActns.Vcl.ExtActns
 0001:00001114       Vcl.ExtCtrls.Finalization
 0002:000002F8       Vcl.ExtCtrls.TCategoryPanelGroup.Create@
 0001:000010FC       Vcl.ExtCtrls.TCategoryPanelGroup.Destroy@
 0002:000002F0       Vcl.ExtCtrls.TCustomCategoryPanelGroup.Create@
 0001:000010F4       Vcl.ExtCtrls.TCustomCategoryPanelGroup.Destroy@
 0002:00000300       Vcl.ExtCtrls.TCustomLinkLabel.Create@
 0001:00001104       Vcl.ExtCtrls.TCustomLinkLabel.Destroy@
 0002:000002E8       Vcl.ExtCtrls.TCustomPanel.Create@
 0001:000010EC       Vcl.ExtCtrls.TCustomPanel.Destroy@
 0002:00000308       Vcl.ExtCtrls.TLinkLabel.Create@
 0001:0000110C       Vcl.ExtCtrls.TLinkLabel.Destroy@
 0002:00000310       Vcl.ExtCtrls.Vcl.ExtCtrls
 0001:0000131C       Vcl.ExtDlgs.Finalization
 0002:000004A8       Vcl.ExtDlgs.Vcl.ExtDlgs
 0001:00001164       Vcl.Forms.Finalization
 0002:00000350       Vcl.Forms.TCustomForm.Create@
 0001:00001154       Vcl.Forms.TCustomForm.Destroy@
 0002:00000358       Vcl.Forms.TForm.Create@
 0001:0000115C       Vcl.Forms.TForm.Destroy@
 0002:00000348       Vcl.Forms.TScrollBox.Create@
 0001:0000114C       Vcl.Forms.TScrollBox.Destroy@
 0002:00000360       Vcl.Forms.Vcl.Forms
 0001:00000F34       Vcl.Graphics.Finalization
 0002:00000128       Vcl.Graphics.TWICImage.Create@
 0001:00000F2C       Vcl.Graphics.TWICImage.Destroy@
 0002:00000130       Vcl.Graphics.Vcl.Graphics
 0001:00000F6C       Vcl.GraphUtil.Finalization
 0002:00000168       Vcl.GraphUtil.Vcl.GraphUtil
 0002:000003A8       Vcl.Grids.TCustomDrawGrid.Create@
 0001:0000121C       Vcl.Grids.TCustomDrawGrid.Destroy@
 0002:000003A0       Vcl.Grids.TCustomGrid.Create@
 0001:00001214       Vcl.Grids.TCustomGrid.Destroy@
 0002:000003B8       Vcl.Grids.TDrawGrid.Create@
 0001:0000122C       Vcl.Grids.TDrawGrid.Destroy@
 0002:000003B0       Vcl.Grids.TStringGrid.Create@
 0001:00001224       Vcl.Grids.TStringGrid.Destroy@
 0001:0000127C       Vcl.ImageCollection.Finalization
 0002:00000408       Vcl.ImageCollection.Vcl.ImageCollection
 0001:000012A4       Vcl.Imaging.pngimage.Finalization
 0002:00000430       Vcl.Imaging.pngimage.Vcl.Imaging.pngimage
 0001:0000116C       Vcl.Menus.Finalization
 0002:00000368       Vcl.Menus.Vcl.Menus
 0001:00001344       Vcl.PlatformDefaultStyleActnCtrls.Finalization
 0002:000004D0       Vcl.PlatformDefaultStyleActnCtrls.Vcl.PlatformDefaultStyleActnCtrls
 0001:00001014       Vcl.Printers.Finalization
 0002:00000210       Vcl.Printers.Vcl.Printers
 0001:00001004       Vcl.StdCtrls.Finalization
 0002:000001E0       Vcl.StdCtrls.TButton.Create@
 0001:00000FE4       Vcl.StdCtrls.TButton.Destroy@
 0002:000001E8       Vcl.StdCtrls.TCheckBox.Create@
 0001:00000FEC       Vcl.StdCtrls.TCheckBox.Destroy@
 0002:000001D8       Vcl.StdCtrls.TComboBox.Create@
 0001:00000FDC       Vcl.StdCtrls.TComboBox.Destroy@
 0002:00000190       Vcl.StdCtrls.TCustomButton.Create@
 0001:00000F94       Vcl.StdCtrls.TCustomButton.Destroy@
 0002:00000198       Vcl.StdCtrls.TCustomCheckBox.Create@
 0001:00000F9C       Vcl.StdCtrls.TCustomCheckBox.Destroy@
 0002:00000188       Vcl.StdCtrls.TCustomComboBox.Create@
 0001:00000F8C       Vcl.StdCtrls.TCustomComboBox.Destroy@
 0002:00000178       Vcl.StdCtrls.TCustomEdit.Create@
 0001:00000F7C       Vcl.StdCtrls.TCustomEdit.Destroy@
 0002:00000170       Vcl.StdCtrls.TCustomGroupBox.Create@
 0001:00000F74       Vcl.StdCtrls.TCustomGroupBox.Destroy@
 0002:000001A8       Vcl.StdCtrls.TCustomListBox.Create@
 0001:00000FAC       Vcl.StdCtrls.TCustomListBox.Destroy@
 0002:00000180       Vcl.StdCtrls.TCustomMemo.Create@
 0001:00000F84       Vcl.StdCtrls.TCustomMemo.Destroy@
 0002:000001B8       Vcl.StdCtrls.TCustomStaticText.Create@
 0001:00000FBC       Vcl.StdCtrls.TCustomStaticText.Destroy@
 0002:000001C8       Vcl.StdCtrls.TEdit.Create@
 0001:00000FCC       Vcl.StdCtrls.TEdit.Destroy@
 0002:000001C0       Vcl.StdCtrls.TGroupBox.Create@
 0001:00000FC4       Vcl.StdCtrls.TGroupBox.Destroy@
 0002:000001F0       Vcl.StdCtrls.TListBox.Create@
 0001:00000FF4       Vcl.StdCtrls.TListBox.Destroy@
 0002:000001D0       Vcl.StdCtrls.TMemo.Create@
 0001:00000FD4       Vcl.StdCtrls.TMemo.Destroy@
 0002:000001A0       Vcl.StdCtrls.TRadioButton.Create@
 0001:00000FA4       Vcl.StdCtrls.TRadioButton.Destroy@
 0002:000001B0       Vcl.StdCtrls.TScrollBar.Create@
 0001:00000FB4       Vcl.StdCtrls.TScrollBar.Destroy@
 0002:000001F8       Vcl.StdCtrls.TStaticText.Create@
 0001:00000FFC       Vcl.StdCtrls.TStaticText.Destroy@
 0002:00000200       Vcl.StdCtrls.Vcl.StdCtrls
 0001:00001274       Vcl.Styles.Finalization
 0002:000003F8       Vcl.Styles.TStyleEngine.Create@
 0001:0000126C       Vcl.Styles.TStyleEngine.Destroy@
 0002:00000400       Vcl.Styles.Vcl.Styles
 0001:0000124C       Vcl.SysStyles.Finalization
 0002:000003D8       Vcl.SysStyles.Vcl.SysStyles
 0002:00000320       Vcl.Themes.TCustomStyleEngine.Create@
 0001:00001124       Vcl.Themes.TCustomStyleEngine.Destroy@
 0002:00000318       Vcl.Themes.TStyleManager.Create@
 0001:0000111C       Vcl.Themes.TStyleManager.Destroy@
 0002:00000498       Vcl.WinXCtrls.TSearchBox.Create@
 0001:0000130C       Vcl.WinXCtrls.TSearchBox.Destroy@
 0002:000004A0       WaitDialog.TIDEWaitDialog.Create@
 0001:00001314       WaitDialog.TIDEWaitDialog.Destroy@
 0001:00001254       Winapi.D2D1.Finalization
 0002:000003E0       Winapi.D2D1.Winapi.D2D1
 0001:00001144       Winapi.FlatSB.Finalization
 0002:00000340       Winapi.FlatSB.Winapi.FlatSB
 0001:0000128C       Winapi.GDIPOBJ.Finalization
 0002:00000418       Winapi.GDIPOBJ.Winapi.GDIPOBJ
 0001:00001324       Winapi.Mapi.Finalization
 0002:000004B0       Winapi.Mapi.Winapi.Mapi
 0004:00000034       Winapi.MsCTF..1
 0001:000011B4       Winapi.MsCTF.DoneMSCTF
 0001:000011CC       Winapi.MsCTF.Finalization
 0001:00001174       Winapi.MsCTF.InitMSCTF
 0003:00000094       Winapi.MsCTF.MsCTFHandle
 0002:00000370       Winapi.MsCTF.Winapi.MsCTF
 0004:0000002C       Winapi.PsAPI..1
 0001:00000E08       Winapi.PsAPI.Finalization
 0004:00000030       Winapi.PsAPI.hPSAPI
 0002:00000030       Winapi.PsAPI.Winapi.PsAPI
 0001:00000F64       Winapi.UxTheme.Finalization
 0002:00000160       Winapi.UxTheme.Winapi.UxTheme
 0004:00000024       Winapi.Windows..2
 0001:00000DE8       Winapi.Windows.Finalization
 0001:00000D9C       Winapi.Windows.FreeLibrary
 0001:00000DA4       Winapi.Windows.GetVersionEx
 0004:00000028       Winapi.Windows.HtmlHelpModule
 0001:00000DAC       Winapi.Windows.InitVersionInfo
 0003:00000088       Winapi.Windows.Win32MajorVersion
 0003:0000008C       Winapi.Windows.Win32MinorVersion
 0003:00000090       Winapi.Windows.Win32Platform
 0002:00000018       Winapi.Windows.Winapi.Windows
 0001:00001374       Xml.Win.msxmldom.Finalization
 0002:000004F8       Xml.Win.msxmldom.TMSXMLDOMDocumentFactory.Create@
 0001:0000136C       Xml.Win.msxmldom.TMSXMLDOMDocumentFactory.Destroy@
 0002:00000500       Xml.Win.msxmldom.Xml.Win.msxmldom
 0001:0000137C       Xml.xmldom.Finalization
 0002:00000508       Xml.xmldom.Xml.xmldom


  Address             Publics by Value

 0001:00000000       System.TObject.FreeInstance
 0001:00000008       System.TObject.Destroy
 0001:00000010       System.TObject.Equals
 0001:00000018       System.TObject.GetHashCode
 0001:00000020       System.@AsClass
 0001:00000028       System.TObject.SafeCallException
 0001:00000030       System.TObject.ToString
 0001:00000038       System.TObject.DefaultHandler
 0001:00000040       System.TObject.Dispatch
 0001:00000048       System.@HandleAnyException
 0001:00000050       System.@DoneExcept
 0001:00000058       System.@PackageLoad
 0001:00000060       System.@PackageUnload
 0001:00000068       System.@RunError
 0001:00000070       System.RegisterModule
 0001:00000078       System.UnregisterModule
 0001:00000080       System.TInterfacedObject.AfterConstruction
 0001:00000088       System.TInterfacedObject.BeforeDestruction
 0001:00000090       System.TInterfacedObject.NewInstance
 0001:00000098       System.Finalization
 0001:000000A0       SysInit.InterlockedExchange
 0001:000000B0       SysInit.FreeLibrary
 0001:000000B8       SysInit.LocalAlloc
 0001:000000C0       SysInit.LocalFree
 0001:000000C8       SysInit.TlsAlloc
 0001:000000D0       SysInit.TlsFree
 0001:000000D8       SysInit.TlsGetValue
 0001:000000E0       SysInit.TlsSetValue
 0001:000000E8       SysInit.GetLastError
 0001:000000F0       SysInit.LoadLibraryA
 0001:000000F8       SysInit.RaiseException
 0001:00000100       SysInit.GetProcAddress
 0001:00000108       SysInit.AllocTlsBuffer
 0001:00000114       SysInit.GetTlsSize
 0001:0000011C       SysInit.InitThreadTLS
 0001:00000160       SysInit.InitProcessTLS
 0001:0000018C       SysInit.ExitThreadTLS
 0001:000001C4       SysInit.ExitProcessTLS
 0001:000001E8       SysInit.InitializeModule
 0001:000001F4       SysInit.UninitializeModule
 0001:00000218       SysInit.@_dbkDummyProc
 0001:0000021C       SysInit.@_dbkFCallArgs
 0001:0000060C       SysInit.@_dbk_fcall_wrapper
 0001:00000738       SysInit.@InitPkg
 0001:000007A4       SysInit.@PackageLoad
 0001:000007B0       SysInit.@PackageUnload
 0001:000007BC       SysInit.@_delayLoadHelper2
 0001:00000A9C       SysInit.@_FUnloadDelayLoadedDLL2
 0001:00000BAC       SysInit.@_HrLoadAllImportsForDll
 0001:00000C64       SysInit.ShutdownDelayHelp2
 0001:00000C6C       SysInit...
 0001:00000C7C       SysInit...
 0001:00000C8C       SysInit...
 0001:00000C9C       SysInit...
 0001:00000CAC       SysInit...
 0001:00000CBC       SysInit...
 0001:00000CD0       SysInit...
 0001:00000D00       SysInit...
 0001:00000D18       SysInit...
 0001:00000D40       SysInit...
 0001:00000D64       SysInit...
 0001:00000D74       SysInit...
 0001:00000D84       SysInit.Finalization
 0001:00000D94       System.UITypes.Finalization
 0001:00000D9C       Winapi.Windows.FreeLibrary
 0001:00000DA4       Winapi.Windows.GetVersionEx
 0001:00000DAC       Winapi.Windows.InitVersionInfo
 0001:00000DE8       Winapi.Windows.Finalization
 0001:00000E08       Winapi.PsAPI.Finalization
 0001:00000E2C       System.Character.Finalization
 0001:00000E34       System.Internal.ExcUtils.Finalization
 0001:00000E3C       System.SysUtils.TOSVersion.Destroy@
 0001:00000E44       System.SysUtils.Exception.Destroy@
 0001:00000E4C       System.SysUtils.TLanguages.Destroy@
 0001:00000E54       System.SysUtils.SafeLoadLibrary
 0001:00000E5C       System.SysUtils.TEncoding.Destroy@
 0001:00000E64       System.SysUtils.Finalization
 0001:00000E6C       System.VarUtils.Finalization
 0001:00000E74       System.Variants.Finalization
 0001:00000E7C       System.TypInfo.Finalization
 0001:00000E84       System.Math.Finalization
 0001:00000E8C       System.Generics.Defaults.TStringComparer.Destroy@
 0001:00000E94       System.Generics.Defaults.TIStringComparer.Destroy@
 0001:00000E9C       System.Rtti.TValue.Destroy@
 0001:00000EA4       System.Rtti.Finalization
 0001:00000EAC       System.TimeSpan.TTimeSpan.Destroy@
 0001:00000EB4       System.Classes.TComponent.Destroy@
 0001:00000EBC       System.Classes.RegisterComponents
 0001:00000EC4       System.Classes.TFieldsCache.Destroy@
 0001:00000ECC       System.Classes.TThread.Destroy@
 0001:00000ED4       System.Classes.TBinaryWriter.Destroy@
 0001:00000EDC       System.Classes.TLoginCredentialService.Destroy@
 0001:00000EE4       System.Classes.TObserverMapping.Destroy@
 0001:00000EEC       System.Classes.TBaseAsyncResult.Destroy@
 0001:00000EF4       System.Classes.Finalization
 0001:00000EFC       System.DateUtils.TTimeZone.Destroy@
 0001:00000F04       System.DateUtils.Finalization
 0001:00000F0C       System.IOUtils.TPath.Destroy@
 0001:00000F14       System.IniFiles.Finalization
 0001:00000F1C       System.Win.Registry.TRegistry.Destroy@
 0001:00000F24       System.UIConsts.Finalization
 0001:00000F2C       Vcl.Graphics.TWICImage.Destroy@
 0001:00000F34       Vcl.Graphics.Finalization
 0001:00000F3C       System.Messaging.TMessageManager.UnInitialize@
 0001:00000F44       System.Actions.Finalization
 0001:00000F4C       Vcl.ActnList.Finalization
 0001:00000F54       System.HelpIntfs.Finalization
 0001:00000F5C       System.SyncObjs.Finalization
 0001:00000F64       Winapi.UxTheme.Finalization
 0001:00000F6C       Vcl.GraphUtil.Finalization
 0001:00000F74       Vcl.StdCtrls.TCustomGroupBox.Destroy@
 0001:00000F7C       Vcl.StdCtrls.TCustomEdit.Destroy@
 0001:00000F84       Vcl.StdCtrls.TCustomMemo.Destroy@
 0001:00000F8C       Vcl.StdCtrls.TCustomComboBox.Destroy@
 0001:00000F94       Vcl.StdCtrls.TCustomButton.Destroy@
 0001:00000F9C       Vcl.StdCtrls.TCustomCheckBox.Destroy@
 0001:00000FA4       Vcl.StdCtrls.TRadioButton.Destroy@
 0001:00000FAC       Vcl.StdCtrls.TCustomListBox.Destroy@
 0001:00000FB4       Vcl.StdCtrls.TScrollBar.Destroy@
 0001:00000FBC       Vcl.StdCtrls.TCustomStaticText.Destroy@
 0001:00000FC4       Vcl.StdCtrls.TGroupBox.Destroy@
 0001:00000FCC       Vcl.StdCtrls.TEdit.Destroy@
 0001:00000FD4       Vcl.StdCtrls.TMemo.Destroy@
 0001:00000FDC       Vcl.StdCtrls.TComboBox.Destroy@
 0001:00000FE4       Vcl.StdCtrls.TButton.Destroy@
 0001:00000FEC       Vcl.StdCtrls.TCheckBox.Destroy@
 0001:00000FF4       Vcl.StdCtrls.TListBox.Destroy@
 0001:00000FFC       Vcl.StdCtrls.TStaticText.Destroy@
 0001:00001004       Vcl.StdCtrls.Finalization
 0001:0000100C       Vcl.Clipbrd.Finalization
 0001:00001014       Vcl.Printers.Finalization
 0001:0000101C       Vcl.ComCtrls.TCustomTabControl.Destroy@
 0001:00001024       Vcl.ComCtrls.TTabControl.Destroy@
 0001:0000102C       Vcl.ComCtrls.TCustomStatusBar.Destroy@
 0001:00001034       Vcl.ComCtrls.TCustomHeaderControl.Destroy@
 0001:0000103C       Vcl.ComCtrls.TCustomTreeView.Destroy@
 0001:00001044       Vcl.ComCtrls.TTreeView.Destroy@
 0001:0000104C       Vcl.ComCtrls.TTrackBar.Destroy@
 0001:00001054       Vcl.ComCtrls.TProgressBar.Destroy@
 0001:0000105C       Vcl.ComCtrls.TCustomRichEdit.Destroy@
 0001:00001064       Vcl.ComCtrls.TRichEdit.Destroy@
 0001:0000106C       Vcl.ComCtrls.TCustomUpDown.Destroy@
 0001:00001074       Vcl.ComCtrls.TUpDown.Destroy@
 0001:0000107C       Vcl.ComCtrls.TCustomHotKey.Destroy@
 0001:00001084       Vcl.ComCtrls.THotKey.Destroy@
 0001:0000108C       Vcl.ComCtrls.TCustomListView.Destroy@
 0001:00001094       Vcl.ComCtrls.TListView.Destroy@
 0001:0000109C       Vcl.ComCtrls.TToolBar.Destroy@
 0001:000010A4       Vcl.ComCtrls.TCoolBar.Destroy@
 0001:000010AC       Vcl.ComCtrls.TDateTimePicker.Destroy@
 0001:000010B4       Vcl.ComCtrls.TPageScroller.Destroy@
 0001:000010BC       Vcl.ComCtrls.TCustomComboBoxEx.Destroy@
 0001:000010C4       Vcl.ComCtrls.TComboBoxEx.Destroy@
 0001:000010CC       Vcl.ComCtrls.TStatusBar.Destroy@
 0001:000010D4       Vcl.ComCtrls.THeaderControl.Destroy@
 0001:000010DC       Vcl.ComCtrls.Finalization
 0001:000010E4       Vcl.Dialogs.Finalization
 0001:000010EC       Vcl.ExtCtrls.TCustomPanel.Destroy@
 0001:000010F4       Vcl.ExtCtrls.TCustomCategoryPanelGroup.Destroy@
 0001:000010FC       Vcl.ExtCtrls.TCategoryPanelGroup.Destroy@
 0001:00001104       Vcl.ExtCtrls.TCustomLinkLabel.Destroy@
 0001:0000110C       Vcl.ExtCtrls.TLinkLabel.Destroy@
 0001:00001114       Vcl.ExtCtrls.Finalization
 0001:0000111C       Vcl.Themes.TStyleManager.Destroy@
 0001:00001124       Vcl.Themes.TCustomStyleEngine.Destroy@
 0001:0000112C       System.AnsiStrings.Finalization
 0001:00001134       System.Win.ComObj.TComServerObject.Destroy@
 0001:0000113C       System.Win.ComObj.Finalization
 0001:00001144       Winapi.FlatSB.Finalization
 0001:0000114C       Vcl.Forms.TScrollBox.Destroy@
 0001:00001154       Vcl.Forms.TCustomForm.Destroy@
 0001:0000115C       Vcl.Forms.TForm.Destroy@
 0001:00001164       Vcl.Forms.Finalization
 0001:0000116C       Vcl.Menus.Finalization
 0001:00001174       Winapi.MsCTF.InitMSCTF
 0001:000011B4       Winapi.MsCTF.DoneMSCTF
 0001:000011CC       Winapi.MsCTF.Finalization
 0001:000011DC       Vcl.Controls.Finalization
 0001:000011E4       DesignIntf.RegisterComponentEditor
 0001:000011EC       DesignIntf.RegisterPropertyEditor
 0001:000011F4       DesignIntf.ForceDemandLoadState
 0001:000011FC       IDEMessages.Finalization
 0001:00001204       Vcl.CaptionedDockTree.Finalization
 0001:0000120C       Vcl.DockTabSet.Finalization
 0001:00001214       Vcl.Grids.TCustomGrid.Destroy@
 0001:0000121C       Vcl.Grids.TCustomDrawGrid.Destroy@
 0001:00001224       Vcl.Grids.TStringGrid.Destroy@
 0001:0000122C       Vcl.Grids.TDrawGrid.Destroy@
 0001:00001234       Vcl.CategoryButtons.TCategoryButtons.Destroy@
 0001:0000123C       Vcl.CategoryButtons.Finalization
 0001:00001244       Vcl.ButtonGroup.TButtonGroup.Destroy@
 0001:0000124C       Vcl.SysStyles.Finalization
 0001:00001254       Winapi.D2D1.Finalization
 0001:0000125C       Vcl.Direct2D.TDirect2DCanvas.Destroy@
 0001:00001264       Vcl.Direct2D.Finalization
 0001:0000126C       Vcl.Styles.TStyleEngine.Destroy@
 0001:00001274       Vcl.Styles.Finalization
 0001:0000127C       Vcl.ImageCollection.Finalization
 0001:00001284       BrandingAPI.Finalization
 0001:0000128C       Winapi.GDIPOBJ.Finalization
 0001:00001294       Vcl.Buttons.TBitBtn.Destroy@
 0001:0000129C       Vcl.Buttons.Finalization
 0001:000012A4       Vcl.Imaging.pngimage.Finalization
 0001:000012AC       DebugAPI.Finalization
 0001:000012B4       System.Devices.TDeviceInfo.Destroy@
 0001:000012BC       Proxies.Finalization
 0001:000012C4       Vcl.AxCtrls.Finalization
 0001:000012CC       Vcl.AppEvnts.Finalization
 0001:000012D4       TreeIntf.Finalization
 0001:000012DC       TopLevels.Finalization
 0001:000012E4       StFilSys.Finalization
 0001:000012EC       IDEHelp.Finalization
 0001:000012F4       ComponentDesigner.Finalization
 0001:000012FC       IDETheme.Utils.Finalization
 0001:00001304       PercentageDockTree.Finalization
 0001:0000130C       Vcl.WinXCtrls.TSearchBox.Destroy@
 0001:00001314       WaitDialog.TIDEWaitDialog.Destroy@
 0001:0000131C       Vcl.ExtDlgs.Finalization
 0001:00001324       Winapi.Mapi.Finalization
 0001:0000132C       Vcl.ExtActns.Finalization
 0001:00001334       Vcl.ActnMenus.Finalization
 0001:0000133C       Vcl.ActnMan.Finalization
 0001:00001344       Vcl.PlatformDefaultStyleActnCtrls.Finalization
 0001:0000134C       BaseDock.Finalization
 0001:00001354       DeskUtil.Finalization
 0001:0000135C       DeskForm.Finalization
 0001:00001364       DockForm.Finalization
 0001:0000136C       Xml.Win.msxmldom.TMSXMLDOMDocumentFactory.Destroy@
 0001:00001374       Xml.Win.msxmldom.Finalization
 0001:0000137C       Xml.xmldom.Finalization
 0001:00001384       ToolsAPI.Finalization
 0001:0000138C       DesignEditors.TComponentEditor.Create
 0001:00001394       DesignEditors.TComponentEditor.GetVerbCount
 0001:0000139C       DesignEditors.TComponentEditor.GetVerb
 0001:000013A4       DesignEditors.TComponentEditor.ExecuteVerb
 0001:000013AC       DesignEditors.TComponentEditor.Copy
 0001:000013B4       DesignEditors.TComponentEditor.PrepareItem
 0001:000013BC       DesignEditors.Finalization
 0001:000013C4       ACBrConsts.Finalization
 0001:000013CC       ACBrUtil.Strings.Finalization
 0001:000013D4       synautil.Finalization
 0001:000013DC       System.Zip.TZipFile.Destroy@
 0001:000013E4       ACBrUtil.Base.Finalization
 0001:000013EC       ACBrUtil.FilesIO.Finalization
 0001:000013F4       ACBrReg.Finalization
 0001:000013FC       Gif1.Finalization
 0001:00001404       ACBrCalculadora.TACBrCalculadora.Execute
 0001:0000140C       ACBrFala.TACBrFala.Falar
 0001:00001414       ACBrDiversosReg..TACBrCalculadoraEditor
 0001:00001514       ACBrDiversosReg..TACBrFalaEditor
 0001:00001604       ACBrDiversosReg.Register
 0001:00001710       ACBrDiversosReg.TACBrCalculadoraEditor.Edit
 0001:0000173C       ACBrDiversosReg.TACBrFalaEditor.Edit
 0001:00001768       ACBrDiversosReg.Finalization
 0001:000021A4       .DCLACBr_Diversos.@GetPackageInfoTable
 0001:000021AC       .DCLACBr_Diversos.@PackageLoad
 0001:000021B8       .DCLACBr_Diversos.@PackageUnload
 0002:00000000       System.System
 0002:00000008       SysInit.SysInit
 0002:00000010       System.UITypes.System.UITypes
 0002:00000018       Winapi.Windows.Winapi.Windows
 0002:00000030       Winapi.PsAPI.Winapi.PsAPI
 0002:00000038       System.Character.System.Character
 0002:00000040       System.Internal.ExcUtils.System.Internal.ExcUtils
 0002:00000048       System.SysUtils.TLanguages.Create@
 0002:00000050       System.SysUtils.TEncoding.Create@
 0002:00000058       System.SysUtils.Exception.Create@
 0002:00000060       System.SysUtils.TOSVersion.Create@
 0002:00000068       System.SysUtils.System.SysUtils
 0002:00000070       System.VarUtils.System.VarUtils
 0002:00000078       System.Variants.System.Variants
 0002:00000080       System.TypInfo.System.TypInfo
 0002:00000088       System.Math.System.Math
 0002:00000090       System.Generics.Defaults.TStringComparer.Create@
 0002:00000098       System.Generics.Defaults.TIStringComparer.Create@
 0002:000000A0       System.Rtti.TValue.Create@
 0002:000000A8       System.Rtti.System.Rtti
 0002:000000B0       System.TimeSpan.TTimeSpan.Create@
 0002:000000B8       System.Classes.TObserverMapping.Create@
 0002:000000C0       System.Classes.TBinaryWriter.Create@
 0002:000000C8       System.Classes.TFieldsCache.Create@
 0002:000000D0       System.Classes.TThread.Create@
 0002:000000D8       System.Classes.TComponent.Create@
 0002:000000E0       System.Classes.TLoginCredentialService.Create@
 0002:000000E8       System.Classes.TBaseAsyncResult.Create@
 0002:000000F0       System.Classes.System.Classes
 0002:000000F8       System.DateUtils.TTimeZone.Create@
 0002:00000100       System.DateUtils.System.DateUtils
 0002:00000108       System.IOUtils.TPath.Create@
 0002:00000110       System.IniFiles.System.IniFiles
 0002:00000118       System.Win.Registry.TRegistry.Create@
 0002:00000120       System.UIConsts.System.UIConsts
 0002:00000128       Vcl.Graphics.TWICImage.Create@
 0002:00000130       Vcl.Graphics.Vcl.Graphics
 0002:00000138       System.Messaging.TMessageManager.Create@
 0002:00000140       System.Actions.System.Actions
 0002:00000148       Vcl.ActnList.Vcl.ActnList
 0002:00000150       System.HelpIntfs.System.HelpIntfs
 0002:00000158       System.SyncObjs.System.SyncObjs
 0002:00000160       Winapi.UxTheme.Winapi.UxTheme
 0002:00000168       Vcl.GraphUtil.Vcl.GraphUtil
 0002:00000170       Vcl.StdCtrls.TCustomGroupBox.Create@
 0002:00000178       Vcl.StdCtrls.TCustomEdit.Create@
 0002:00000180       Vcl.StdCtrls.TCustomMemo.Create@
 0002:00000188       Vcl.StdCtrls.TCustomComboBox.Create@
 0002:00000190       Vcl.StdCtrls.TCustomButton.Create@
 0002:00000198       Vcl.StdCtrls.TCustomCheckBox.Create@
 0002:000001A0       Vcl.StdCtrls.TRadioButton.Create@
 0002:000001A8       Vcl.StdCtrls.TCustomListBox.Create@
 0002:000001B0       Vcl.StdCtrls.TScrollBar.Create@
 0002:000001B8       Vcl.StdCtrls.TCustomStaticText.Create@
 0002:000001C0       Vcl.StdCtrls.TGroupBox.Create@
 0002:000001C8       Vcl.StdCtrls.TEdit.Create@
 0002:000001D0       Vcl.StdCtrls.TMemo.Create@
 0002:000001D8       Vcl.StdCtrls.TComboBox.Create@
 0002:000001E0       Vcl.StdCtrls.TButton.Create@
 0002:000001E8       Vcl.StdCtrls.TCheckBox.Create@
 0002:000001F0       Vcl.StdCtrls.TListBox.Create@
 0002:000001F8       Vcl.StdCtrls.TStaticText.Create@
 0002:00000200       Vcl.StdCtrls.Vcl.StdCtrls
 0002:00000208       Vcl.Clipbrd.Vcl.Clipbrd
 0002:00000210       Vcl.Printers.Vcl.Printers
 0002:00000218       Vcl.ComCtrls.TCustomTabControl.Create@
 0002:00000220       Vcl.ComCtrls.TTabControl.Create@
 0002:00000228       Vcl.ComCtrls.TCustomStatusBar.Create@
 0002:00000230       Vcl.ComCtrls.TCustomHeaderControl.Create@
 0002:00000238       Vcl.ComCtrls.TCustomTreeView.Create@
 0002:00000240       Vcl.ComCtrls.TTreeView.Create@
 0002:00000248       Vcl.ComCtrls.TTrackBar.Create@
 0002:00000250       Vcl.ComCtrls.TProgressBar.Create@
 0002:00000258       Vcl.ComCtrls.TCustomRichEdit.Create@
 0002:00000260       Vcl.ComCtrls.TRichEdit.Create@
 0002:00000268       Vcl.ComCtrls.TCustomUpDown.Create@
 0002:00000270       Vcl.ComCtrls.TUpDown.Create@
 0002:00000278       Vcl.ComCtrls.TCustomHotKey.Create@
 0002:00000280       Vcl.ComCtrls.THotKey.Create@
 0002:00000288       Vcl.ComCtrls.TCustomListView.Create@
 0002:00000290       Vcl.ComCtrls.TListView.Create@
 0002:00000298       Vcl.ComCtrls.TToolBar.Create@
 0002:000002A0       Vcl.ComCtrls.TCoolBar.Create@
 0002:000002A8       Vcl.ComCtrls.TDateTimePicker.Create@
 0002:000002B0       Vcl.ComCtrls.TPageScroller.Create@
 0002:000002B8       Vcl.ComCtrls.TCustomComboBoxEx.Create@
 0002:000002C0       Vcl.ComCtrls.TComboBoxEx.Create@
 0002:000002C8       Vcl.ComCtrls.TStatusBar.Create@
 0002:000002D0       Vcl.ComCtrls.THeaderControl.Create@
 0002:000002D8       Vcl.ComCtrls.Vcl.ComCtrls
 0002:000002E0       Vcl.Dialogs.Vcl.Dialogs
 0002:000002E8       Vcl.ExtCtrls.TCustomPanel.Create@
 0002:000002F0       Vcl.ExtCtrls.TCustomCategoryPanelGroup.Create@
 0002:000002F8       Vcl.ExtCtrls.TCategoryPanelGroup.Create@
 0002:00000300       Vcl.ExtCtrls.TCustomLinkLabel.Create@
 0002:00000308       Vcl.ExtCtrls.TLinkLabel.Create@
 0002:00000310       Vcl.ExtCtrls.Vcl.ExtCtrls
 0002:00000318       Vcl.Themes.TStyleManager.Create@
 0002:00000320       Vcl.Themes.TCustomStyleEngine.Create@
 0002:00000328       System.AnsiStrings.System.AnsiStrings
 0002:00000330       System.Win.ComObj.TComServerObject.Create@
 0002:00000338       System.Win.ComObj.System.Win.ComObj
 0002:00000340       Winapi.FlatSB.Winapi.FlatSB
 0002:00000348       Vcl.Forms.TScrollBox.Create@
 0002:00000350       Vcl.Forms.TCustomForm.Create@
 0002:00000358       Vcl.Forms.TForm.Create@
 0002:00000360       Vcl.Forms.Vcl.Forms
 0002:00000368       Vcl.Menus.Vcl.Menus
 0002:00000370       Winapi.MsCTF.Winapi.MsCTF
 0002:00000380       Vcl.Controls.Vcl.Controls
 0002:00000388       IDEMessages.IDEMessages
 0002:00000390       Vcl.CaptionedDockTree.Vcl.CaptionedDockTree
 0002:00000398       Vcl.DockTabSet.Vcl.DockTabSet
 0002:000003A0       Vcl.Grids.TCustomGrid.Create@
 0002:000003A8       Vcl.Grids.TCustomDrawGrid.Create@
 0002:000003B0       Vcl.Grids.TStringGrid.Create@
 0002:000003B8       Vcl.Grids.TDrawGrid.Create@
 0002:000003C0       Vcl.CategoryButtons.TCategoryButtons.Create@
 0002:000003C8       Vcl.CategoryButtons.Vcl.CategoryButtons
 0002:000003D0       Vcl.ButtonGroup.TButtonGroup.Create@
 0002:000003D8       Vcl.SysStyles.Vcl.SysStyles
 0002:000003E0       Winapi.D2D1.Winapi.D2D1
 0002:000003E8       Vcl.Direct2D.TDirect2DCanvas.Create@
 0002:000003F0       Vcl.Direct2D.Vcl.Direct2D
 0002:000003F8       Vcl.Styles.TStyleEngine.Create@
 0002:00000400       Vcl.Styles.Vcl.Styles
 0002:00000408       Vcl.ImageCollection.Vcl.ImageCollection
 0002:00000410       BrandingAPI.BrandingAPI
 0002:00000418       Winapi.GDIPOBJ.Winapi.GDIPOBJ
 0002:00000420       Vcl.Buttons.TBitBtn.Create@
 0002:00000428       Vcl.Buttons.Vcl.Buttons
 0002:00000430       Vcl.Imaging.pngimage.Vcl.Imaging.pngimage
 0002:00000438       DebugAPI.DebugAPI
 0002:00000440       System.Devices.TDeviceInfo.Create@
 0002:00000448       Proxies.Proxies
 0002:00000450       Vcl.AxCtrls.Vcl.AxCtrls
 0002:00000458       Vcl.AppEvnts.Vcl.AppEvnts
 0002:00000460       TreeIntf.TreeIntf
 0002:00000468       TopLevels.TopLevels
 0002:00000470       StFilSys.StFilSys
 0002:00000478       IDEHelp.IDEHelp
 0002:00000480       ComponentDesigner.ComponentDesigner
 0002:00000488       IDETheme.Utils.IDETheme.Utils
 0002:00000490       PercentageDockTree.PercentageDockTree
 0002:00000498       Vcl.WinXCtrls.TSearchBox.Create@
 0002:000004A0       WaitDialog.TIDEWaitDialog.Create@
 0002:000004A8       Vcl.ExtDlgs.Vcl.ExtDlgs
 0002:000004B0       Winapi.Mapi.Winapi.Mapi
 0002:000004B8       Vcl.ExtActns.Vcl.ExtActns
 0002:000004C0       Vcl.ActnMenus.Vcl.ActnMenus
 0002:000004C8       Vcl.ActnMan.Vcl.ActnMan
 0002:000004D0       Vcl.PlatformDefaultStyleActnCtrls.Vcl.PlatformDefaultStyleActnCtrls
 0002:000004D8       BaseDock.BaseDock
 0002:000004E0       DeskUtil.DeskUtil
 0002:000004E8       DeskForm.DeskForm
 0002:000004F0       DockForm.DockForm
 0002:000004F8       Xml.Win.msxmldom.TMSXMLDOMDocumentFactory.Create@
 0002:00000500       Xml.Win.msxmldom.Xml.Win.msxmldom
 0002:00000508       Xml.xmldom.Xml.xmldom
 0002:00000510       ToolsAPI.ToolsAPI
 0002:00000518       DesignEditors.DesignEditors
 0002:00000520       ACBrConsts.ACBrConsts
 0002:00000528       ACBrUtil.Strings.ACBrUtil.Strings
 0002:00000530       synautil.synautil
 0002:00000538       System.Zip.TZipFile.Create@
 0002:00000540       ACBrUtil.Base.ACBrUtil.Base
 0002:00000548       ACBrUtil.FilesIO.ACBrUtil.FilesIO
 0002:00000550       ACBrReg.ACBrReg
 0002:00000558       Gif1.Gif1
 0002:00000560       ACBrDiversosReg.ACBrDiversosReg
 0002:00000568       .DCLACBr_Diversos..DCLACBr_Diversos
 0003:00000000       SysInit.TlsIndex
 0003:00000004       SysInit.PtrToNil
 0003:00000008       SysInit.Module
 0003:00000024       SysInit.TlsProc
 0003:00000034       SysInit...
 0003:00000088       Winapi.Windows.Win32MajorVersion
 0003:0000008C       Winapi.Windows.Win32MinorVersion
 0003:00000090       Winapi.Windows.Win32Platform
 0003:00000094       Winapi.MsCTF.MsCTFHandle
 0004:FFFFA000       SysInit.__ImageBase
 0004:00000000       SysInit.ModuleIsLib
 0004:00000001       SysInit.ModuleIsPackage
 0004:00000004       SysInit.HInstance
 0004:0000000C       SysInit.dbkFCallWrapperAddr
 0004:00000010       SysInit.@_pfnDliNotifyHook2
 0004:00000014       SysInit.@_pfnDliFailureHook2
 0004:00000018       SysInit..1
 0004:0000001C       SysInit.tlsBuffer
 0004:00000020       SysInit.UseTlsAPI
 0004:00000024       Winapi.Windows..2
 0004:00000028       Winapi.Windows.HtmlHelpModule
 0004:0000002C       Winapi.PsAPI..1
 0004:00000030       Winapi.PsAPI.hPSAPI
 0004:00000034       Winapi.MsCTF..1
 0004:00000038       ACBrDiversosReg..3
 0005:00000000       SysInit.TlsLast


Bound resource files

ACBrDiversos.dcr
DCLACBr_Diversos.res
DCLACBr_Diversos.otares
DCLACBr_Diversos.drf


Program entry point at 0002:00000568
