
 Start         Length     Name                   Class
 0001:00000000 00005964H .text                   CODE
 0002:00000000 000000A0H .data                   DATA
 0002:000000A0 00000061H .bss                    BSS


Detailed map of segments

 0001:00000000 00000146 C=CODE     S=.text    G=(none)   M=System   ACBP=A9
 0001:00000148 000001EC C=CODE     S=.text    G=(none)   M=SysInit  ACBP=A9
 0001:00000334 000000CE C=CODE     S=.text    G=(none)   M=Classes  ACBP=A9
 0001:00000404 0000000E C=CODE     S=.text    G=(none)   M=ActiveX  ACBP=A9
 0001:00000414 00000040 C=CODE     S=.text    G=(none)   M=Windows  ACBP=A9
 0001:00000454 0000000E C=CODE     S=.text    G=(none)   M=Types    ACBP=A9
 0001:00000464 00000038 C=CODE     S=.text    G=(none)   M=Messages ACBP=A9
 0001:0000049C 00000026 C=CODE     S=.text    G=(none)   M=TypInfo  ACBP=A9
 0001:000004C4 00000036 C=CODE     S=.text    G=(none)   M=SysUtils ACBP=A9
 0001:000004FC 0000000E C=CODE     S=.text    G=(none)   M=SysConst ACBP=A9
 0001:0000050C 0000000E C=CODE     S=.text    G=(none)   M=Variants ACBP=A9
 0001:0000051C 0000000E C=CODE     S=.text    G=(none)   M=VarUtils ACBP=A9
 0001:0000052C 0000000E C=CODE     S=.text    G=(none)   M=RTLConsts ACBP=A9
 0001:0000053C 0000000E C=CODE     S=.text    G=(none)   M=SyncObjs ACBP=A9
 0001:0000054C 0000000E C=CODE     S=.text    G=(none)   M=DateUtils ACBP=A9
 0001:0000055C 0000000E C=CODE     S=.text    G=(none)   M=Math     ACBP=A9
 0001:0000056C 0000000E C=CODE     S=.text    G=(none)   M=StrUtils ACBP=A9
 0001:0000057C 0000000E C=CODE     S=.text    G=(none)   M=IdException ACBP=A9
 0001:0000058C 00000056 C=CODE     S=.text    G=(none)   M=IdGlobal ACBP=A9
 0001:000005E4 0000000E C=CODE     S=.text    G=(none)   M=IdStreamVCL ACBP=A9
 0001:000005F4 0000000E C=CODE     S=.text    G=(none)   M=IdStream ACBP=A9
 0001:00000604 0000000E C=CODE     S=.text    G=(none)   M=IdResourceStrings ACBP=A9
 0001:00000614 0000002E C=CODE     S=.text    G=(none)   M=IdStack  ACBP=A9
 0001:00000644 0000000E C=CODE     S=.text    G=(none)   M=IdStackConsts ACBP=A9
 0001:00000654 0000000E C=CODE     S=.text    G=(none)   M=IdWinsock2 ACBP=A9
 0001:00000664 0000000E C=CODE     S=.text    G=(none)   M=IdWship6 ACBP=A9
 0001:00000674 0000000E C=CODE     S=.text    G=(none)   M=IdStackWindows ACBP=A9
 0001:00000684 0000000E C=CODE     S=.text    G=(none)   M=IdStackBSDBase ACBP=A9
 0001:00000694 0000000E C=CODE     S=.text    G=(none)   M=IdIDN    ACBP=A9
 0001:000006A4 00000016 C=CODE     S=.text    G=(none)   M=IdBaseComponent ACBP=A9
 0001:000006BC 0000001E C=CODE     S=.text    G=(none)   M=IdAntiFreezeBase ACBP=A9
 0001:000006DC 0000000E C=CODE     S=.text    G=(none)   M=IdComponent ACBP=A9
 0001:000006EC 0000000E C=CODE     S=.text    G=(none)   M=IdStruct ACBP=A9
 0001:000006FC 00000016 C=CODE     S=.text    G=(none)   M=IdIPAddress ACBP=A9
 0001:00000714 0000000E C=CODE     S=.text    G=(none)   M=Registry ACBP=A9
 0001:00000724 0000000E C=CODE     S=.text    G=(none)   M=IniFiles ACBP=A9
 0001:00000734 0000000E C=CODE     S=.text    G=(none)   M=IdAssignedNumbers ACBP=A9
 0001:00000744 0000000E C=CODE     S=.text    G=(none)   M=IdResourceStringsCore ACBP=A9
 0001:00000754 0000000E C=CODE     S=.text    G=(none)   M=IdBuffer ACBP=A9
 0001:00000764 0000002E C=CODE     S=.text    G=(none)   M=IdSocketHandle ACBP=A9
 0001:00000794 0000000E C=CODE     S=.text    G=(none)   M=IdIOHandler ACBP=A9
 0001:000007A4 0000000E C=CODE     S=.text    G=(none)   M=IdIntercept ACBP=A9
 0001:000007B4 0000000E C=CODE     S=.text    G=(none)   M=IdExceptionCore ACBP=A9
 0001:000007C4 0000000E C=CODE     S=.text    G=(none)   M=IdTCPServer ACBP=A9
 0001:000007D4 0000000E C=CODE     S=.text    G=(none)   M=IdCustomTCPServer ACBP=A9
 0001:000007E4 0000000E C=CODE     S=.text    G=(none)   M=IdTask   ACBP=A9
 0001:000007F4 0000000E C=CODE     S=.text    G=(none)   M=IdYarn   ACBP=A9
 0001:00000804 0000000E C=CODE     S=.text    G=(none)   M=IdThread ACBP=A9
 0001:00000814 0000000E C=CODE     S=.text    G=(none)   M=IdThreadSafe ACBP=A9
 0001:00000824 0000000E C=CODE     S=.text    G=(none)   M=IdTCPConnection ACBP=A9
 0001:00000834 0000000E C=CODE     S=.text    G=(none)   M=IdReply  ACBP=A9
 0001:00000844 0000000E C=CODE     S=.text    G=(none)   M=IdIOHandlerStack ACBP=A9
 0001:00000854 0000000E C=CODE     S=.text    G=(none)   M=IdIOHandlerSocket ACBP=A9
 0001:00000864 0000000E C=CODE     S=.text    G=(none)   M=IdCustomTransparentProxy ACBP=A9
 0001:00000874 0000000E C=CODE     S=.text    G=(none)   M=IdSocks  ACBP=A9
 0001:00000884 0000000E C=CODE     S=.text    G=(none)   M=IdReplyRFC ACBP=A9
 0001:00000894 0000000E C=CODE     S=.text    G=(none)   M=IdTCPClient ACBP=A9
 0001:000008A4 0000000E C=CODE     S=.text    G=(none)   M=IdServerIOHandlerStack ACBP=A9
 0001:000008B4 0000000E C=CODE     S=.text    G=(none)   M=IdServerIOHandlerSocket ACBP=A9
 0001:000008C4 0000000E C=CODE     S=.text    G=(none)   M=IdScheduler ACBP=A9
 0001:000008D4 0000000E C=CODE     S=.text    G=(none)   M=IdServerIOHandler ACBP=A9
 0001:000008E4 0000000E C=CODE     S=.text    G=(none)   M=IdSchedulerOfThread ACBP=A9
 0001:000008F4 0000000E C=CODE     S=.text    G=(none)   M=IdContext ACBP=A9
 0001:00000904 0000000E C=CODE     S=.text    G=(none)   M=IdSchedulerOfThreadDefault ACBP=A9
 0001:00000914 0000000E C=CODE     S=.text    G=(none)   M=IdGlobalCore ACBP=A9
 0001:00000924 0000000E C=CODE     S=.text    G=(none)   M=Contnrs  ACBP=A9
 0001:00000934 0000000E C=CODE     S=.text    G=(none)   M=IdIOHandlerStream ACBP=A9
 0001:00000944 0000000E C=CODE     S=.text    G=(none)   M=IdCmdTCPServer ACBP=A9
 0001:00000954 0000000E C=CODE     S=.text    G=(none)   M=IdCommandHandlers ACBP=A9
 0001:00000964 0000000E C=CODE     S=.text    G=(none)   M=IdUDPBase ACBP=A9
 0001:00000974 0000000E C=CODE     S=.text    G=(none)   M=IdUDPServer ACBP=A9
 0001:00000984 0000000E C=CODE     S=.text    G=(none)   M=IdUDPClient ACBP=A9
 0001:00000994 0000000E C=CODE     S=.text    G=(none)   M=IdSimpleServer ACBP=A9
 0001:000009A4 0000000E C=CODE     S=.text    G=(none)   M=IdCmdTCPClient ACBP=A9
 0001:000009B4 0000000E C=CODE     S=.text    G=(none)   M=IdLogBase ACBP=A9
 0001:000009C4 0000005E C=CODE     S=.text    G=(none)   M=StdCtrls ACBP=A9
 0001:00000A24 0000002E C=CODE     S=.text    G=(none)   M=ActnList ACBP=A9
 0001:00000A54 0000000E C=CODE     S=.text    G=(none)   M=ImgList  ACBP=A9
 0001:00000A64 00000038 C=CODE     S=.text    G=(none)   M=CommCtrl ACBP=A9
 0001:00000A9C 0000004E C=CODE     S=.text    G=(none)   M=Graphics ACBP=A9
 0001:00000AEC 0000000E C=CODE     S=.text    G=(none)   M=Consts   ACBP=A9
 0001:00000AFC 0000016E C=CODE     S=.text    G=(none)   M=Forms    ACBP=A9
 0001:00000C6C 0000000E C=CODE     S=.text    G=(none)   M=HelpIntfs ACBP=A9
 0001:00000C7C 0000000E C=CODE     S=.text    G=(none)   M=MultiMon ACBP=A9
 0001:00000C8C 0000015E C=CODE     S=.text    G=(none)   M=Controls ACBP=A9
 0001:00000DEC 00000038 C=CODE     S=.text    G=(none)   M=Imm      ACBP=A9
 0001:00000E24 0000000E C=CODE     S=.text    G=(none)   M=Menus    ACBP=A9
 0001:00000E34 0000000E C=CODE     S=.text    G=(none)   M=Themes   ACBP=A9
 0001:00000E44 0000000E C=CODE     S=.text    G=(none)   M=UxTheme  ACBP=A9
 0001:00000E54 0000000E C=CODE     S=.text    G=(none)   M=ComCtrls ACBP=A9
 0001:00000E64 00000038 C=CODE     S=.text    G=(none)   M=ShlObj   ACBP=A9
 0001:00000E9C 00000038 C=CODE     S=.text    G=(none)   M=UrlMon   ACBP=A9
 0001:00000ED4 00000038 C=CODE     S=.text    G=(none)   M=WinInet  ACBP=A9
 0001:00000F0C 00000038 C=CODE     S=.text    G=(none)   M=RegStr   ACBP=A9
 0001:00000F44 00000040 C=CODE     S=.text    G=(none)   M=ShellAPI ACBP=A9
 0001:00000F84 0000000E C=CODE     S=.text    G=(none)   M=ListActns ACBP=A9
 0001:00000F94 0000002E C=CODE     S=.text    G=(none)   M=ExtCtrls ACBP=A9
 0001:00000FC4 0000000E C=CODE     S=.text    G=(none)   M=WinHelpViewer ACBP=A9
 0001:00000FD4 0000000E C=CODE     S=.text    G=(none)   M=StdActns ACBP=A9
 0001:00000FE4 0000000E C=CODE     S=.text    G=(none)   M=Dialogs  ACBP=A9
 0001:00000FF4 0000000E C=CODE     S=.text    G=(none)   M=Printers ACBP=A9
 0001:00001004 00000038 C=CODE     S=.text    G=(none)   M=WinSpool ACBP=A9
 0001:0000103C 00000038 C=CODE     S=.text    G=(none)   M=CommDlg  ACBP=A9
 0001:00001074 00000038 C=CODE     S=.text    G=(none)   M=Dlgs     ACBP=A9
 0001:000010AC 0000000E C=CODE     S=.text    G=(none)   M=Clipbrd  ACBP=A9
 0001:000010BC 0000000E C=CODE     S=.text    G=(none)   M=FlatSB   ACBP=A9
 0001:000010CC 0000000E C=CODE     S=.text    G=(none)   M=ToolWin  ACBP=A9
 0001:000010DC 00000038 C=CODE     S=.text    G=(none)   M=RichEdit ACBP=A9
 0001:00001114 0000000E C=CODE     S=.text    G=(none)   M=ExtActns ACBP=A9
 0001:00001124 0000000E C=CODE     S=.text    G=(none)   M=ExtDlgs  ACBP=A9
 0001:00001134 0000000E C=CODE     S=.text    G=(none)   M=Buttons  ACBP=A9
 0001:00001144 0000000E C=CODE     S=.text    G=(none)   M=Mapi     ACBP=A9
 0001:00001154 0000000E C=CODE     S=.text    G=(none)   M=ComStrs  ACBP=A9
 0001:00001164 000001A8 C=CODE     S=.text    G=(none)   M=IdDsnCoreResourceStrings ACBP=A9
 0001:0000130C 00001190 C=CODE     S=.text    G=(none)   M=IdAboutVCL ACBP=A9
 0001:0000249C 00000138 C=CODE     S=.text    G=(none)   M=IdAntiFreeze ACBP=A9
 0001:000025D4 00000026 C=CODE     S=.text    G=(none)   M=DesignIntf ACBP=A9
 0001:000025FC 0000000E C=CODE     S=.text    G=(none)   M=DesignMenus ACBP=A9
 0001:0000260C 000000F6 C=CODE     S=.text    G=(none)   M=DesignEditors ACBP=A9
 0001:00002704 0000000E C=CODE     S=.text    G=(none)   M=Proxies  ACBP=A9
 0001:00002714 0000000E C=CODE     S=.text    G=(none)   M=DesignConst ACBP=A9
 0001:00002724 000022D0 C=CODE     S=.text    G=(none)   M=IdDsnPropEdBindingVCL ACBP=A9
 0001:000049F4 00000438 C=CODE     S=.text    G=(none)   M=IdCoreDsnRegister ACBP=A9
 0001:00004E2C 0000000E C=CODE     S=.text    G=(none)   M=IdIcmpClient ACBP=A9
 0001:00004E3C 0000000E C=CODE     S=.text    G=(none)   M=IdRawClient ACBP=A9
 0001:00004E4C 0000000E C=CODE     S=.text    G=(none)   M=IdRawBase ACBP=A9
 0001:00004E5C 0000000E C=CODE     S=.text    G=(none)   M=IdRawHeaders ACBP=A9
 0001:00004E6C 0000000E C=CODE     S=.text    G=(none)   M=IdInterceptSimLog ACBP=A9
 0001:00004E7C 0000000E C=CODE     S=.text    G=(none)   M=IdInterceptThrottler ACBP=A9
 0001:00004E8C 0000000E C=CODE     S=.text    G=(none)   M=IdIPMCastClient ACBP=A9
 0001:00004E9C 0000000E C=CODE     S=.text    G=(none)   M=IdIPMCastBase ACBP=A9
 0001:00004EAC 0000000E C=CODE     S=.text    G=(none)   M=IdIPMCastServer ACBP=A9
 0001:00004EBC 0000000E C=CODE     S=.text    G=(none)   M=IdLogDebug ACBP=A9
 0001:00004ECC 0000000E C=CODE     S=.text    G=(none)   M=IdLogEvent ACBP=A9
 0001:00004EDC 0000000E C=CODE     S=.text    G=(none)   M=IdLogFile ACBP=A9
 0001:00004EEC 0000000E C=CODE     S=.text    G=(none)   M=IdLogStream ACBP=A9
 0001:00004EFC 0000000E C=CODE     S=.text    G=(none)   M=IdSchedulerOfThreadPool ACBP=A9
 0001:00004F0C 0000000E C=CODE     S=.text    G=(none)   M=IdThreadComponent ACBP=A9
 0001:00004F1C 0000000E C=CODE     S=.text    G=(none)   M=IdTraceRoute ACBP=A9
 0001:00004F2C 000005A0 C=CODE     S=.text    G=(none)   M=IdRegisterCore ACBP=A9
 0001:000054CC 00000495 C=CODE     S=.text    G=(none)   M=dclIndyCore70 ACBP=A9
 0002:00000000 0000002C C=DATA     S=.data    G=DGROUP   M=SysInit  ACBP=A9
 0002:00001000 00000010 C=BSS      S=.bss     G=DGROUP   M=SysInit  ACBP=A9
 0002:00001010 00000004 C=BSS      S=.bss     G=DGROUP   M=Windows  ACBP=A9
 0002:00001014 00000004 C=BSS      S=.bss     G=DGROUP   M=Messages ACBP=A9
 0002:00001018 00000004 C=BSS      S=.bss     G=DGROUP   M=CommCtrl ACBP=A9
 0002:0000101C 00000004 C=BSS      S=.bss     G=DGROUP   M=Imm      ACBP=A9
 0002:00001020 00000004 C=BSS      S=.bss     G=DGROUP   M=ShlObj   ACBP=A9
 0002:00001024 00000004 C=BSS      S=.bss     G=DGROUP   M=UrlMon   ACBP=A9
 0002:00001028 00000004 C=BSS      S=.bss     G=DGROUP   M=WinInet  ACBP=A9
 0002:0000102C 00000004 C=BSS      S=.bss     G=DGROUP   M=RegStr   ACBP=A9
 0002:00001030 00000004 C=BSS      S=.bss     G=DGROUP   M=ShellAPI ACBP=A9
 0002:00001034 00000004 C=BSS      S=.bss     G=DGROUP   M=WinSpool ACBP=A9
 0002:00001038 00000004 C=BSS      S=.bss     G=DGROUP   M=CommDlg  ACBP=A9
 0002:0000103C 00000004 C=BSS      S=.bss     G=DGROUP   M=Dlgs     ACBP=A9
 0002:00001040 00000004 C=BSS      S=.bss     G=DGROUP   M=RichEdit ACBP=A9
 0002:00001044 00000004 C=BSS      S=.bss     G=DGROUP   M=IdDsnCoreResourceStrings ACBP=A9
 0002:00001048 00000004 C=BSS      S=.bss     G=DGROUP   M=IdAboutVCL ACBP=A9
 0002:0000104C 00000004 C=BSS      S=.bss     G=DGROUP   M=IdAntiFreeze ACBP=A9
 0002:00001050 00000008 C=BSS      S=.bss     G=DGROUP   M=IdDsnPropEdBindingVCL ACBP=A9
 0002:00001058 00000004 C=BSS      S=.bss     G=DGROUP   M=IdCoreDsnRegister ACBP=A9
 0002:0000105C 00000004 C=BSS      S=.bss     G=DGROUP   M=IdRegisterCore ACBP=A9


  Address         Publics by Name

 0002:00001028       .1
 0002:0000102C       .1
 0002:00001030       .1
 0002:00001020       .1
 0002:0000105C       .1
 0002:00001008       .1
 0002:00001018       .1
 0002:00001038       .1
 0002:0000101C       .1
 0002:00001014       .1
 0002:00001044       .1
 0002:00001040       .1
 0002:0000103C       .1
 0002:00001024       .1
 0002:00001054       .2
 0002:00001048       .2
 0002:0000104C       .2
 0002:00001034       .3
 0002:00001058       .3
 0002:00001010       .3
 0001:0000593C       @GetPackageInfoTable
 0001:00000280       @InitPkg
 0001:000002E4       @PackageLoad
 0001:00005944       @PackageLoad
 0001:00005950       @PackageUnload
 0001:000002F0       @PackageUnload
 0001:00000180       AllocTlsBuffer
 0001:00000A94       CommCtrl
 0001:0000106C       CommDlg
 0001:0000595C       dclIndyCore70
 0001:000010A4       Dlgs
 0001:0000022C       ExitProcessTLS
 0001:00000204       ExitThreadTLS
 0001:00002ACC       FillHandleList
 0001:00000464       Finalization
 0001:000002FC       Finalization
 0001:00000A64       Finalization
 0001:00005494       Finalization
 0001:000010DC       Finalization
 0001:00000DEC       Finalization
 0001:00001074       Finalization
 0001:00000E64       Finalization
 0001:0000103C       Finalization
 0001:00000E9C       Finalization
 0001:000049BC       Finalization
 0001:00000ED4       Finalization
 0001:00001004       Finalization
 0001:00000F4C       Finalization
 0001:00000F0C       Finalization
 0001:00004DF4       Finalization
 0001:000012D4       Finalization
 0001:0000259C       Finalization
 0001:0000041C       Finalization
 0001:00002464       Finalization
 0001:00000148       FreeLibrary
 0001:00002E68       GetDisplayString
 0001:00002F08       GetListValues
 0001:0000018C       GetTlsSize
 0001:00004F94       GetUnitNameFromTypeName
 0001:00004FE0       GetUnitNamesForMethodType
 0002:00001004       HInstance
 0001:00002494       IdAboutVCL
 0001:000025CC       IdAntiFreeze
 0001:00004E24       IdCoreDsnRegister
 0001:00001304       IdDsnCoreResourceStrings
 0001:000049EC       IdDsnPropEdBindingVCL
 0002:00001050       IdPropEdBindingEntry
 0001:000054C4       IdRegisterCore
 0001:00000E1C       Imm
 0001:00002DD0       IndexOfNo
 0001:00000250       InitializeModule
 0001:000001D8       InitProcessTLS
 0001:00000194       InitThreadTLS
 0001:00002AA0       IsValidIP
 0001:00000150       LocalAlloc
 0001:00000158       LocalFree
 0001:00000494       Messages
 0002:00000004       Module
 0002:00001000       ModuleIsLib
 0002:00001001       ModuleIsPackage
 0001:00002CFC       NumericOnly
 0001:00000414       PeekMessage
 0001:00004F78       ReadShortString
 0001:00004DCC       Register
 0001:000052A0       Register
 0001:00000F3C       RegStr
 0001:0000110C       RichEdit
 0001:00004F2C       SendUnitNameToProc
 0001:00000F7C       ShellAPI
 0001:00000F44       ShellExecute
 0001:00000E94       ShlObj
 0001:00004F64       SkipShortString
 0001:0000032C       SysInit
 0001:00001480       TfrmAbout.Create
 0001:00002428       TfrmAbout.Create
 0001:000021FC       TfrmAbout.GetProductName
 0001:00002214       TfrmAbout.GetProductName2
 0001:000021E4       TfrmAbout.GetVersion
 0001:0000222C       TfrmAbout.lblURLClick
 0001:000022B0       TfrmAbout.SetProductName
 0001:000022BC       TfrmAbout.SetProductName2
 0001:000022A4       TfrmAbout.SetVersion
 0001:000022C8       TfrmAbout.ShowAboutBox
 0001:000023A4       TfrmAbout.ShowDlg
 0001:0000255C       TIdAntiFreeze.Process
 0001:00004D34       TIdBaseComponentEditor.ExecuteVerb
 0001:00004D44       TIdBaseComponentEditor.GetVerb
 0001:00004DC4       TIdBaseComponentEditor.GetVerbCount
 0001:00005140       TIdBaseComponentSelectionEditor.RequiresUnits
 0001:00004328       TIdDsnPropEdBindingVCL.btnBindingsDeleteExecute
 0001:00004388       TIdDsnPropEdBindingVCL.btnBindingsDeleteUpdate
 0001:0000409C       TIdDsnPropEdBindingVCL.btnBindingsNewExecute
 0001:00002FB8       TIdDsnPropEdBindingVCL.Create
 0001:00004980       TIdDsnPropEdBindingVCL.Create
 0001:00003F08       TIdDsnPropEdBindingVCL.Destroy
 0001:000044D4       TIdDsnPropEdBindingVCL.edtIPAddressChange
 0001:00004534       TIdDsnPropEdBindingVCL.edtPortChange
 0001:000044B4       TIdDsnPropEdBindingVCL.edtPortKeyPress
 0001:0000496C       TIdDsnPropEdBindingVCL.Execute
 0001:00004680       TIdDsnPropEdBindingVCL.GetList
 0001:00004698       TIdDsnPropEdBindingVCL.lbBindingsClick
 0001:00003F50       TIdDsnPropEdBindingVCL.PortDescription
 0001:000045C0       TIdDsnPropEdBindingVCL.rdoBindingTypeClick
 0001:00004084       TIdDsnPropEdBindingVCL.SetHandles
 0001:000043AC       TIdDsnPropEdBindingVCL.SetIPv4Addresses
 0001:0000443C       TIdDsnPropEdBindingVCL.SetIPv6Addresses
 0001:000046E4       TIdDsnPropEdBindingVCL.SetList
 0001:0000470C       TIdDsnPropEdBindingVCL.UpdateBindingList
 0001:00004114       TIdDsnPropEdBindingVCL.UpdateEditControls
 0001:00004B88       TIdPropEdBinding.Edit
 0001:00004C98       TIdPropEdBinding.GetAttributes
 0001:00004CB8       TIdPropEdBinding.GetValue
 0001:00004CD4       TIdPropEdBinding.SetValue
 0001:00000160       TlsAlloc
 0002:0000100C       tlsBuffer
 0001:00000168       TlsFree
 0001:00000170       TlsGetValue
 0002:00000000       TlsIndex
 0002:FFBF9000       TlsLast
 0002:0000001C       TlsProc
 0001:00000178       TlsSetValue
 0001:0000025C       UninitializeModule
 0001:00000ECC       UrlMon
 0001:0000044C       Windows
 0001:00000F04       WinInet
 0001:00001034       WinSpool


  Address         Publics by Value

 0002:FFBF9000       TlsLast
 0001:00000148       FreeLibrary
 0001:00000150       LocalAlloc
 0001:00000158       LocalFree
 0001:00000160       TlsAlloc
 0001:00000168       TlsFree
 0001:00000170       TlsGetValue
 0001:00000178       TlsSetValue
 0001:00000180       AllocTlsBuffer
 0001:0000018C       GetTlsSize
 0001:00000194       InitThreadTLS
 0001:000001D8       InitProcessTLS
 0001:00000204       ExitThreadTLS
 0001:0000022C       ExitProcessTLS
 0001:00000250       InitializeModule
 0001:0000025C       UninitializeModule
 0001:00000280       @InitPkg
 0001:000002E4       @PackageLoad
 0001:000002F0       @PackageUnload
 0001:000002FC       Finalization
 0001:0000032C       SysInit
 0001:00000414       PeekMessage
 0001:0000041C       Finalization
 0001:0000044C       Windows
 0001:00000464       Finalization
 0001:00000494       Messages
 0001:00000A64       Finalization
 0001:00000A94       CommCtrl
 0001:00000DEC       Finalization
 0001:00000E1C       Imm
 0001:00000E64       Finalization
 0001:00000E94       ShlObj
 0001:00000E9C       Finalization
 0001:00000ECC       UrlMon
 0001:00000ED4       Finalization
 0001:00000F04       WinInet
 0001:00000F0C       Finalization
 0001:00000F3C       RegStr
 0001:00000F44       ShellExecute
 0001:00000F4C       Finalization
 0001:00000F7C       ShellAPI
 0001:00001004       Finalization
 0001:00001034       WinSpool
 0001:0000103C       Finalization
 0001:0000106C       CommDlg
 0001:00001074       Finalization
 0001:000010A4       Dlgs
 0001:000010DC       Finalization
 0001:0000110C       RichEdit
 0001:000012D4       Finalization
 0001:00001304       IdDsnCoreResourceStrings
 0001:00001480       TfrmAbout.Create
 0001:000021E4       TfrmAbout.GetVersion
 0001:000021FC       TfrmAbout.GetProductName
 0001:00002214       TfrmAbout.GetProductName2
 0001:0000222C       TfrmAbout.lblURLClick
 0001:000022A4       TfrmAbout.SetVersion
 0001:000022B0       TfrmAbout.SetProductName
 0001:000022BC       TfrmAbout.SetProductName2
 0001:000022C8       TfrmAbout.ShowAboutBox
 0001:000023A4       TfrmAbout.ShowDlg
 0001:00002428       TfrmAbout.Create
 0001:00002464       Finalization
 0001:00002494       IdAboutVCL
 0001:0000255C       TIdAntiFreeze.Process
 0001:0000259C       Finalization
 0001:000025CC       IdAntiFreeze
 0001:00002AA0       IsValidIP
 0001:00002ACC       FillHandleList
 0001:00002CFC       NumericOnly
 0001:00002DD0       IndexOfNo
 0001:00002E68       GetDisplayString
 0001:00002F08       GetListValues
 0001:00002FB8       TIdDsnPropEdBindingVCL.Create
 0001:00003F08       TIdDsnPropEdBindingVCL.Destroy
 0001:00003F50       TIdDsnPropEdBindingVCL.PortDescription
 0001:00004084       TIdDsnPropEdBindingVCL.SetHandles
 0001:0000409C       TIdDsnPropEdBindingVCL.btnBindingsNewExecute
 0001:00004114       TIdDsnPropEdBindingVCL.UpdateEditControls
 0001:00004328       TIdDsnPropEdBindingVCL.btnBindingsDeleteExecute
 0001:00004388       TIdDsnPropEdBindingVCL.btnBindingsDeleteUpdate
 0001:000043AC       TIdDsnPropEdBindingVCL.SetIPv4Addresses
 0001:0000443C       TIdDsnPropEdBindingVCL.SetIPv6Addresses
 0001:000044B4       TIdDsnPropEdBindingVCL.edtPortKeyPress
 0001:000044D4       TIdDsnPropEdBindingVCL.edtIPAddressChange
 0001:00004534       TIdDsnPropEdBindingVCL.edtPortChange
 0001:000045C0       TIdDsnPropEdBindingVCL.rdoBindingTypeClick
 0001:00004680       TIdDsnPropEdBindingVCL.GetList
 0001:00004698       TIdDsnPropEdBindingVCL.lbBindingsClick
 0001:000046E4       TIdDsnPropEdBindingVCL.SetList
 0001:0000470C       TIdDsnPropEdBindingVCL.UpdateBindingList
 0001:0000496C       TIdDsnPropEdBindingVCL.Execute
 0001:00004980       TIdDsnPropEdBindingVCL.Create
 0001:000049BC       Finalization
 0001:000049EC       IdDsnPropEdBindingVCL
 0001:00004B88       TIdPropEdBinding.Edit
 0001:00004C98       TIdPropEdBinding.GetAttributes
 0001:00004CB8       TIdPropEdBinding.GetValue
 0001:00004CD4       TIdPropEdBinding.SetValue
 0001:00004D34       TIdBaseComponentEditor.ExecuteVerb
 0001:00004D44       TIdBaseComponentEditor.GetVerb
 0001:00004DC4       TIdBaseComponentEditor.GetVerbCount
 0001:00004DCC       Register
 0001:00004DF4       Finalization
 0001:00004E24       IdCoreDsnRegister
 0001:00004F2C       SendUnitNameToProc
 0001:00004F64       SkipShortString
 0001:00004F78       ReadShortString
 0001:00004F94       GetUnitNameFromTypeName
 0001:00004FE0       GetUnitNamesForMethodType
 0001:00005140       TIdBaseComponentSelectionEditor.RequiresUnits
 0001:000052A0       Register
 0001:00005494       Finalization
 0001:000054C4       IdRegisterCore
 0001:0000593C       @GetPackageInfoTable
 0001:00005944       @PackageLoad
 0001:00005950       @PackageUnload
 0001:0000595C       dclIndyCore70
 0002:00000000       TlsIndex
 0002:00000004       Module
 0002:0000001C       TlsProc
 0002:00001000       ModuleIsLib
 0002:00001001       ModuleIsPackage
 0002:00001004       HInstance
 0002:00001008       .1
 0002:0000100C       tlsBuffer
 0002:00001010       .3
 0002:00001014       .1
 0002:00001018       .1
 0002:0000101C       .1
 0002:00001020       .1
 0002:00001024       .1
 0002:00001028       .1
 0002:0000102C       .1
 0002:00001030       .1
 0002:00001034       .3
 0002:00001038       .1
 0002:0000103C       .1
 0002:00001040       .1
 0002:00001044       .1
 0002:00001048       .2
 0002:0000104C       .2
 0002:00001050       IdPropEdBindingEntry
 0002:00001054       .2
 0002:00001058       .3
 0002:0000105C       .1


Line numbers for IdDsnCoreResourceStrings(IdDsnCoreResourceStrings.pas) segment .text

   134 0001:00001304   134 0001:0000130B

Line numbers for IdAboutVCL(IdAboutVCL.pas) segment .text

    93 0001:00001480    94 0001:000014B4    96 0001:000014BF    97 0001:000014D3
    98 0001:000014E7    99 0001:000014FB   100 0001:0000150F   101 0001:00001523
   102 0001:00001537   103 0001:0000154B   104 0001:0000155F   108 0001:00001573
   111 0001:00001587   112 0001:00001593   113 0001:0000159C   114 0001:000015A5
   115 0001:000015B2   116 0001:000015BF   118 0001:000015C8   119 0001:000015DF
   120 0001:000015EB   121 0001:000015F7   123 0001:00001603   124 0001:00001610
   125 0001:0000161D   126 0001:0000162A   127 0001:00001637   128 0001:00001645
   130 0001:0000164E   132 0001:00001657   133 0001:00001674   136 0001:00001691
   137 0001:000016A1   138 0001:000016AE   139 0001:000016BB   140 0001:000016C8
   141 0001:000016D8   149 0001:000016E8   150 0001:00001709   151 0001:00001716
   155 0001:00001723   156 0001:00001733   157 0001:00001740   158 0001:00001750
   159 0001:00001760   160 0001:00001770   161 0001:00001780   163 0001:00001791
   164 0001:000017A1   166 0001:000017AE   167 0001:000017C1   168 0001:000017D4
   169 0001:000017E7   170 0001:000017FB   171 0001:00001808   172 0001:00001815
   174 0001:00001830   175 0001:00001840   176 0001:0000184D   177 0001:0000185D
   178 0001:0000186D   179 0001:0000187D   180 0001:0000188D   182 0001:0000189E
   183 0001:000018AE   185 0001:000018BB   186 0001:000018CE   187 0001:000018E1
   188 0001:000018F4   189 0001:00001908   190 0001:00001915   191 0001:00001922
   193 0001:0000193D   194 0001:0000194D   195 0001:0000195A   196 0001:0000196A
   197 0001:0000197A   198 0001:0000198A   199 0001:0000199A   200 0001:000019A7
   202 0001:000019B4   203 0001:000019C4   205 0001:000019D1   206 0001:000019E4
   207 0001:000019F7   208 0001:00001A0A   209 0001:00001A1E   210 0001:00001A2B
   212 0001:00001A3C   213 0001:00001A4C   214 0001:00001A59   215 0001:00001A69
   216 0001:00001A79   217 0001:00001A89   218 0001:00001A99   219 0001:00001AA6
   221 0001:00001AB3   222 0001:00001AC3   224 0001:00001AD0   225 0001:00001AE3
   226 0001:00001AF6   227 0001:00001B09   228 0001:00001B1D   229 0001:00001B2A
   239 0001:00001B3B   249 0001:00001B75   250 0001:00001B85   251 0001:00001B92
   252 0001:00001BA2   253 0001:00001BB2   254 0001:00001BC2   255 0001:00001BD2
   256 0001:00001BDF   258 0001:00001BEC   259 0001:00001BFC   261 0001:00001C09
   262 0001:00001C1C   263 0001:00001C2F   264 0001:00001C42   265 0001:00001C56
   266 0001:00001C63   267 0001:00001C70   268 0001:00001C81   270 0001:00001C9C
   271 0001:00001CAC   272 0001:00001CB9   273 0001:00001CC9   274 0001:00001CD9
   275 0001:00001CE9   276 0001:00001CF9   278 0001:00001D14   279 0001:00001D24
   281 0001:00001D31   282 0001:00001D44   283 0001:00001D57   284 0001:00001D6A
   285 0001:00001D7E   286 0001:00001D8B   288 0001:00001D98   289 0001:00001DA8
   290 0001:00001DB5   291 0001:00001DC5   292 0001:00001DD5   293 0001:00001DE5
   295 0001:00001DF5   296 0001:00001E05   298 0001:00001E12   299 0001:00001E25
   300 0001:00001E38   301 0001:00001E4B   302 0001:00001E58   303 0001:00001E73
   305 0001:00001E84   306 0001:00001E94   307 0001:00001EA4   308 0001:00001EB4
   309 0001:00001EC4   310 0001:00001ED4   312 0001:00001EE3   313 0001:00001EF3
   315 0001:00001F00   316 0001:00001F13   317 0001:00001F26   318 0001:00001F39
   319 0001:00001F46   320 0001:00001F5C   321 0001:00001F73   322 0001:00001F84
   324 0001:00001F91   325 0001:00001FA1   329 0001:00001FB1   330 0001:00001FC1
   332 0001:00001FD1   333 0001:00001FE1   339 0001:00001FF2   341 0001:0000200D
   342 0001:0000201A   343 0001:00002021   344 0001:00002031   345 0001:00002038
   346 0001:00002049   347 0001:0000209E   350 0001:000021E4   351 0001:000021EA
   352 0001:000021F7   355 0001:000021FC   356 0001:00002202   357 0001:0000220F
   360 0001:00002214   361 0001:0000221A   362 0001:00002227   365 0001:0000222C
   367 0001:00002242   368 0001:0000226E   370 0001:0000229E   374 0001:000022A4
   375 0001:000022AF   379 0001:000022B0   380 0001:000022BB   384 0001:000022BC
   385 0001:000022C7   390 0001:000022C8   391 0001:000022EA   393 0001:000022F9
   395 0001:00002307   396 0001:0000233C   397 0001:00002346   398 0001:00002350
   401 0001:00002368   404 0001:0000239A   407 0001:000023A4   408 0001:000023BC
   409 0001:0000240C   412 0001:00002428   413 0001:0000243B   414 0001:0000245D
   420 0001:00002494   420 0001:0000249B

Line numbers for IdAntiFreeze(IdAntiFreeze.pas) segment .text

   138 0001:0000255C   139 0001:0000255F   140 0001:00002565   143 0001:00002573
   144 0001:00002589   147 0001:00002595   166 0001:000025CC   166 0001:000025D3

Line numbers for IdDsnPropEdBindingVCL(IdDsnPropEdBindingVCL.pas) segment .text

   185 0001:00002AA0   186 0001:00002AA4   187 0001:00002AB3   188 0001:00002ABA
   189 0001:00002ABE   191 0001:00002AC7   201 0001:00002ACC   202 0001:00002AF2
   203 0001:00002AFA   204 0001:00002B08   205 0001:00002B10   206 0001:00002B1F
   207 0001:00002B2D   208 0001:00002B37   209 0001:00002B56   210 0001:00002B73
   212 0001:00002B91   213 0001:00002B95   214 0001:00002BB8   215 0001:00002BCD
   218 0001:00002BDC   219 0001:00002BE0   220 0001:00002BED   221 0001:00002C02
   224 0001:00002C0F   225 0001:00002C28   226 0001:00002C33   227 0001:00002C3E
   228 0001:00002C4C   231 0001:00002C60   208 0001:00002C61   233 0001:00002C75
   236 0001:00002C92   238 0001:00002CD1   245 0001:00002CFC   246 0001:00002D1D
   247 0001:00002D25   249 0001:00002D37   250 0001:00002D54   254 0001:00002D7E
   247 0001:00002D7F   255 0001:00002D82   256 0001:00002D90   258 0001:00002DBA
   261 0001:00002DD0   262 0001:00002DF5   264 0001:00002E10   267 0001:00002E35
   262 0001:00002E36   268 0001:00002E39   269 0001:00002E60   272 0001:00002E68
   273 0001:00002E71   274 0001:00002E78   275 0001:00002E83   276 0001:00002EB2
   278 0001:00002EDF   282 0001:00002F08   283 0001:00002F29   284 0001:00002F30
   285 0001:00002F4B   286 0001:00002F73   284 0001:00002F74   287 0001:00002F77
   288 0001:00002FA5   294 0001:00002FB8   295 0001:00002FED   297 0001:00002FF9
   299 0001:00003003   302 0001:00003011   306 0001:0000301E   308 0001:0000302B
   309 0001:0000304E   310 0001:0000306E   311 0001:00003091   312 0001:000030B4
   313 0001:000030BE   314 0001:000030D6   315 0001:000030EE   316 0001:00003106
   317 0001:0000311E   318 0001:00003136   319 0001:0000314E   320 0001:00003166
   321 0001:0000317E   322 0001:00003196   324 0001:000031AE   325 0001:000031C6
   331 0001:000031DE   332 0001:000031F6   335 0001:0000320E   336 0001:00003221
   337 0001:00003232   338 0001:00003245   339 0001:00003258   340 0001:0000326B
   341 0001:0000327E   343 0001:00003291   344 0001:000032A4   345 0001:000032B5
   346 0001:000032C8   347 0001:000032DB   348 0001:000032EE   349 0001:00003301
   350 0001:00003314   351 0001:00003326   353 0001:00003342   359 0001:00003355
   360 0001:00003368   361 0001:00003386   363 0001:0000339D   364 0001:000033B0
   365 0001:000033CE   366 0001:000033E5   368 0001:000033FB   369 0001:0000340E
   370 0001:0000341F   371 0001:00003432   372 0001:00003445   373 0001:00003458
   374 0001:0000346B   375 0001:00003482   377 0001:00003494   378 0001:000034A7
   379 0001:000034B8   380 0001:000034CB   381 0001:000034DE   382 0001:000034F1
   383 0001:00003504   384 0001:0000351B   386 0001:0000352D   387 0001:00003540
   388 0001:00003551   389 0001:00003564   390 0001:00003577   391 0001:0000358A
   392 0001:0000359D   393 0001:000035BB   395 0001:000035CB   396 0001:000035DE
   397 0001:000035EF   398 0001:00003602   399 0001:00003615   400 0001:00003628
   401 0001:0000363B   402 0001:0000364B   403 0001:00003661   404 0001:00003673
   406 0001:0000368F   407 0001:000036A2   408 0001:000036B3   409 0001:000036C6
   410 0001:000036D9   411 0001:000036EC   412 0001:000036FF   413 0001:0000371D
   414 0001:0000372D   416 0001:00003744   417 0001:00003757   418 0001:00003768
   419 0001:0000377B   420 0001:0000378E   421 0001:000037A1   422 0001:000037B4
   423 0001:000037C4   424 0001:000037DA   425 0001:000037EC   426 0001:00003808
   428 0001:0000381B   429 0001:0000382E   430 0001:0000383F   431 0001:00003852
   432 0001:00003865   433 0001:00003878   434 0001:0000388B   435 0001:000038A9
   436 0001:000038B9   437 0001:000038DD   438 0001:00003901   439 0001:00003913
   441 0001:0000392F   442 0001:00003942   443 0001:00003953   444 0001:00003967
   445 0001:0000397A   446 0001:0000398D   451 0001:000039A0   452 0001:000039B3
   453 0001:000039D1   454 0001:000039E1   456 0001:000039F4   458 0001:000039FB
   459 0001:00003A0E   460 0001:00003A1F   461 0001:00003A33   462 0001:00003A46
   463 0001:00003A59   468 0001:00003A6C   469 0001:00003A7F   470 0001:00003A8F
   471 0001:00003AA6   473 0001:00003AB9   474 0001:00003AC4   476 0001:00003AD6
   477 0001:00003AED   478 0001:00003B02   479 0001:00003B17   480 0001:00003B21
   482 0001:00003B2B   483 0001:00003B35   484 0001:00003B43   485 0001:00003B52
   486 0001:00003B60   487 0001:00003B72   489 0001:00003B8D   490 0001:00003BA2
   491 0001:00003BBF   493 0001:00003BDA   487 0001:00003BDB   495 0001:00003BEB
   498 0001:00003C08   501 0001:00003C1A   502 0001:00003C2E   503 0001:00003C3C
   504 0001:00003C60   505 0001:00003C79   514 0001:00003CA9   504 0001:00003CAA
   516 0001:00003CBA   519 0001:00003CD6   520 0001:00003CE0   522 0001:00003CF8
   524 0001:00003D02   525 0001:00003D12   526 0001:00003D22   527 0001:00003D32
   528 0001:00003D43   529 0001:00003D4D   530 0001:00003D5A   531 0001:00003D64
   532 0001:00003DA9   535 0001:00003F08   536 0001:00003F13   537 0001:00003F1E
   538 0001:00003F29   539 0001:00003F34   540 0001:00003F4B   545 0001:00003F50
   546 0001:00003F73   547 0001:00003F77   549 0001:00003FAD   550 0001:00003FB4
   551 0001:00003FC3   552 0001:00003FD1   553 0001:00003FF2   554 0001:00003FFE
   557 0001:0000403A   560 0001:0000406C   563 0001:00004084   564 0001:00004087
   565 0001:00004092   566 0001:00004099   569 0001:0000409C   570 0001:000040A0
   571 0001:000040B3   572 0001:000040C0   573 0001:000040DC   574 0001:000040E3
   575 0001:000040FA   576 0001:00004101   581 0001:00004114   582 0001:0000412B
   584 0001:00004139   585 0001:0000414E   586 0001:00004153   588 0001:00004175
   591 0001:00004185   594 0001:00004196   595 0001:000041A3   599 0001:000041BC
   600 0001:000041CC   603 0001:000041E3   604 0001:000041F2   606 0001:00004204
   611 0001:00004226   614 0001:00004233   616 0001:00004244   619 0001:00004251
   620 0001:00004266   621 0001:0000427B   622 0001:00004290   623 0001:000042A5
   633 0001:000042BA   635 0001:000042C3   636 0001:000042D3   639 0001:000042E5
   640 0001:000042F5   643 0001:00004322   648 0001:00004328   649 0001:0000432C
   653 0001:0000433E   654 0001:0000435C   655 0001:00004363   656 0001:0000436B
   658 0001:00004372   659 0001:0000437B   660 0001:00004382   663 0001:00004388
   664 0001:0000438B   665 0001:000043A9   668 0001:000043AC   669 0001:000043B0
   670 0001:000043B4   673 0001:000043BF   674 0001:000043D2   676 0001:000043E4
   677 0001:000043F7   679 0001:00004409   682 0001:0000443C   683 0001:00004440
   684 0001:00004444   687 0001:0000444F   688 0001:00004462   690 0001:00004474
   691 0001:00004487   693 0001:00004499   696 0001:000044B4   702 0001:000044B7
   703 0001:000044C1   704 0001:000044CC   707 0001:000044CF   710 0001:000044D4
   711 0001:000044EA   712 0001:00004509   713 0001:0000452D   716 0001:00004534
   717 0001:0000454C   718 0001:00004555   720 0001:0000458E   721 0001:000045BA
   724 0001:000045C0   725 0001:000045C3   728 0001:000045D8   730 0001:000045E4
   731 0001:000045EB   732 0001:00004602   737 0001:00004617   739 0001:00004623
   740 0001:0000462A   741 0001:00004641   745 0001:00004654   746 0001:0000465B
   747 0001:00004662   750 0001:00004680   751 0001:00004686   752 0001:00004693
   755 0001:00004698   756 0001:0000469B   757 0001:000046AD   759 0001:000046D0
   761 0001:000046D8   762 0001:000046DF   765 0001:000046E4   766 0001:000046E7
   767 0001:000046EF   768 0001:000046FC   769 0001:00004703   770 0001:0000470A
   777 0001:0000470C   780 0001:0000472A   783 0001:0000473A   784 0001:00004744
   785 0001:00004752   786 0001:00004766   787 0001:0000477A   788 0001:00004788
   789 0001:000047B4   790 0001:000047D9   791 0001:000047F1   792 0001:00004817
   794 0001:00004830   789 0001:00004831   796 0001:00004836   797 0001:0000484A
   798 0001:0000486B   799 0001:0000489A   797 0001:0000489B   802 0001:000048AB
   803 0001:000048BF   804 0001:000048CC   806 0001:000048E8   810 0001:00004931
   812 0001:00004965   815 0001:0000496C   816 0001:0000496F   817 0001:0000497D
   820 0001:00004980   821 0001:00004993   822 0001:000049B5   824 0001:000049EC
   824 0001:000049F3

Line numbers for IdCoreDsnRegister(IdCoreDsnRegister.pas) segment .text

   139 0001:00004B88   140 0001:00004BA4   143 0001:00004BAB   154 0001:00004BB4
   155 0001:00004BC3   156 0001:00004BD1   157 0001:00004BE5   158 0001:00004BF2
   159 0001:00004C06   160 0001:00004C1B   162 0001:00004C27   163 0001:00004C3C
   166 0001:00004C5D   168 0001:00004C8F   171 0001:00004C98   172 0001:00004C9C
   173 0001:00004CAE   178 0001:00004CB8   180 0001:00004CBE   190 0001:00004CC7
   191 0001:00004CD0   196 0001:00004CD4   197 0001:00004CDE   199 0001:00004CE7
   209 0001:00004CF1   210 0001:00004CF9   211 0001:00004D07   213 0001:00004D1E
   215 0001:00004D2E   221 0001:00004D34   222 0001:00004D39   224 0001:00004D43
   227 0001:00004D44   228 0001:00004D60   229 0001:00004D65   231 0001:00004DAB
   235 0001:00004DC4   236 0001:00004DC9   240 0001:00004DCC   241 0001:00004DE0
   242 0001:00004DF0   244 0001:00004E24   244 0001:00004E2B

Line numbers for IdRegisterCore(IdRegisterCore.pas) segment .text

   221 0001:00004F2C   224 0001:00004F32   225 0001:00004F46   227 0001:00004F4E
   270 0001:00004F64   271 0001:00004F75   274 0001:00004F78   278 0001:00004F7E
   280 0001:00004F87   281 0001:00004F8E   293 0001:00004F94   295 0001:00004F9B
   296 0001:00004FA9   297 0001:00004FAD   300 0001:00004FC8   302 0001:00004FCF
   414 0001:00004FE0   415 0001:00004FFB   418 0001:00005003   419 0001:0000500D
   421 0001:00005016   423 0001:00005020   425 0001:00005033   426 0001:00005037
   431 0001:0000503F   432 0001:00005055   423 0001:00005063   437 0001:00005066
   444 0001:0000506E   446 0001:00005084   461 0001:000050B4   490 0001:00005140
   491 0001:0000514C   492 0001:0000515A   498 0001:0000517D   500 0001:000051AD
   502 0001:000051D6   547 0001:000051EE   548 0001:000051F8   550 0001:00005200
   551 0001:0000520E   553 0001:00005221   555 0001:00005237   558 0001:00005256
   560 0001:00005268   551 0001:00005269   562 0001:00005279   568 0001:00005289
   498 0001:0000528C   569 0001:00005295   573 0001:000052A0   575 0001:000052C5
   585 0001:00005318   592 0001:00005362   597 0001:0000539A   618 0001:000053F6
   670 0001:00005440   672 0001:0000548D   678 0001:000054C4   678 0001:000054CB

Line numbers for dclIndyCore70(N:\projetos\terceiros\indy10\Lib\Core\dclIndyCore70.dpk) segment .text

    43 0001:0000595C

Bound resource files

N:\projetos\terceiros\indy10\Lib\Core\IdAboutVCL.RES
N:\projetos\terceiros\indy10\Lib\Core\IdCoreRegisterCool.dcr
N:\projetos\terceiros\indy10\Lib\Core\dclIndyCore70.res
dclIndyCore70.drf


Program entry point at 0001:0000595C
