
 Start         Length     Name                   Class
 0001:00000000 00006A74H .text                   CODE
 0002:00000000 00000024H .data                   DATA
 0002:00000024 00000065H .bss                    BSS


Detailed map of segments

 0001:00000000 000000EE C=CODE     S=.text    G=(none)   M=System   ACBP=A9
 0001:000000F0 00000090 C=CODE     S=.text    G=(none)   M=SysInit  ACBP=A9
 0001:00000180 0000000E C=CODE     S=.text    G=(none)   M=Types    ACBP=A9
 0001:00000190 00000038 C=CODE     S=.text    G=(none)   M=Windows  ACBP=A9
 0001:000001C8 00000038 C=CODE     S=.text    G=(none)   M=Messages ACBP=A9
 0001:00000200 0000000E C=CODE     S=.text    G=(none)   M=ActiveX  ACBP=A9
 0001:00000210 0000000E C=CODE     S=.text    G=(none)   M=SysConst ACBP=A9
 0001:00000220 00000056 C=CODE     S=.text    G=(none)   M=SysUtils ACBP=A9
 0001:00000278 0000000E C=CODE     S=.text    G=(none)   M=VarUtils ACBP=A9
 0001:00000288 0000002E C=CODE     S=.text    G=(none)   M=Variants ACBP=A9
 0001:000002B8 0000000E C=CODE     S=.text    G=(none)   M=RTLConsts ACBP=A9
 0001:000002C8 00000016 C=CODE     S=.text    G=(none)   M=TypInfo  ACBP=A9
 0001:000002E0 0000009E C=CODE     S=.text    G=(none)   M=Classes  ACBP=A9
 0001:00000380 0000000E C=CODE     S=.text    G=(none)   M=Math     ACBP=A9
 0001:00000390 0000000E C=CODE     S=.text    G=(none)   M=Contnrs  ACBP=A9
 0001:000003A0 0000000E C=CODE     S=.text    G=(none)   M=HelpIntfs ACBP=A9
 0001:000003B0 0000000E C=CODE     S=.text    G=(none)   M=MultiMon ACBP=A9
 0001:000003C0 00000038 C=CODE     S=.text    G=(none)   M=CommCtrl ACBP=A9
 0001:000003F8 0000000E C=CODE     S=.text    G=(none)   M=Consts   ACBP=A9
 0001:00000408 0000000E C=CODE     S=.text    G=(none)   M=Graphics ACBP=A9
 0001:00000418 00000038 C=CODE     S=.text    G=(none)   M=Imm      ACBP=A9
 0001:00000450 0000000E C=CODE     S=.text    G=(none)   M=SyncObjs ACBP=A9
 0001:00000460 0000000E C=CODE     S=.text    G=(none)   M=UxTheme  ACBP=A9
 0001:00000470 00000038 C=CODE     S=.text    G=(none)   M=UrlMon   ACBP=A9
 0001:000004A8 00000038 C=CODE     S=.text    G=(none)   M=WinInet  ACBP=A9
 0001:000004E0 00000038 C=CODE     S=.text    G=(none)   M=RegStr   ACBP=A9
 0001:00000518 00000038 C=CODE     S=.text    G=(none)   M=ShellAPI ACBP=A9
 0001:00000550 00000038 C=CODE     S=.text    G=(none)   M=ShlObj   ACBP=A9
 0001:00000588 0000000E C=CODE     S=.text    G=(none)   M=WinHelpViewer ACBP=A9
 0001:00000598 00000038 C=CODE     S=.text    G=(none)   M=WinSpool ACBP=A9
 0001:000005D0 0000000E C=CODE     S=.text    G=(none)   M=Printers ACBP=A9
 0001:000005E0 00000038 C=CODE     S=.text    G=(none)   M=CommDlg  ACBP=A9
 0001:00000618 00000038 C=CODE     S=.text    G=(none)   M=Dlgs     ACBP=A9
 0001:00000650 00000016 C=CODE     S=.text    G=(none)   M=Dialogs  ACBP=A9
 0001:00000668 00000016 C=CODE     S=.text    G=(none)   M=StrUtils ACBP=A9
 0001:00000680 0000000E C=CODE     S=.text    G=(none)   M=Clipbrd  ACBP=A9
 0001:00000690 0000000E C=CODE     S=.text    G=(none)   M=StdActns ACBP=A9
 0001:000006A0 0000000E C=CODE     S=.text    G=(none)   M=FlatSB   ACBP=A9
 0001:000006B0 0000000E C=CODE     S=.text    G=(none)   M=StdCtrls ACBP=A9
 0001:000006C0 0000000E C=CODE     S=.text    G=(none)   M=ExtCtrls ACBP=A9
 0001:000006D0 0000000E C=CODE     S=.text    G=(none)   M=ToolWin  ACBP=A9
 0001:000006E0 00000038 C=CODE     S=.text    G=(none)   M=RichEdit ACBP=A9
 0001:00000718 00000016 C=CODE     S=.text    G=(none)   M=IniFiles ACBP=A9
 0001:00000730 0000000E C=CODE     S=.text    G=(none)   M=Registry ACBP=A9
 0001:00000740 0000000E C=CODE     S=.text    G=(none)   M=Buttons  ACBP=A9
 0001:00000750 0000000E C=CODE     S=.text    G=(none)   M=ExtDlgs  ACBP=A9
 0001:00000760 0000000E C=CODE     S=.text    G=(none)   M=Mapi     ACBP=A9
 0001:00000770 0000000E C=CODE     S=.text    G=(none)   M=ExtActns ACBP=A9
 0001:00000780 0000000E C=CODE     S=.text    G=(none)   M=ComStrs  ACBP=A9
 0001:00000790 0000000E C=CODE     S=.text    G=(none)   M=ListActns ACBP=A9
 0001:000007A0 0000000E C=CODE     S=.text    G=(none)   M=ComCtrls ACBP=A9
 0001:000007B0 0000000E C=CODE     S=.text    G=(none)   M=Themes   ACBP=A9
 0001:000007C0 0000000E C=CODE     S=.text    G=(none)   M=Menus    ACBP=A9
 0001:000007D0 000000F6 C=CODE     S=.text    G=(none)   M=Controls ACBP=A9
 0001:000008C8 0000000E C=CODE     S=.text    G=(none)   M=ImgList  ACBP=A9
 0001:000008D8 0000000E C=CODE     S=.text    G=(none)   M=ActnList ACBP=A9
 0001:000008E8 0000013E C=CODE     S=.text    G=(none)   M=Forms    ACBP=A9
 0001:00000A28 00000016 C=CODE     S=.text    G=(none)   M=pcnConversao ACBP=A9
 0001:00000A40 0000000E C=CODE     S=.text    G=(none)   M=ACBrConsts ACBP=A9
 0001:00000A50 0000000E C=CODE     S=.text    G=(none)   M=DateUtils ACBP=A9
 0001:00000A60 0000000E C=CODE     S=.text    G=(none)   M=ACBrZLibExApi ACBP=A9
 0001:00000A70 0000000E C=CODE     S=.text    G=(none)   M=ACBrZLibEx ACBP=A9
 0001:00000A80 0000000E C=CODE     S=.text    G=(none)   M=ACBrZLibExGZ ACBP=A9
 0001:00000A90 0000000E C=CODE     S=.text    G=(none)   M=synafpc  ACBP=A9
 0001:00000AA0 0000000E C=CODE     S=.text    G=(none)   M=synautil ACBP=A9
 0001:00000AB0 0000004E C=CODE     S=.text    G=(none)   M=ACBrUtil ACBP=A9
 0001:00000B00 0000000E C=CODE     S=.text    G=(none)   M=ACBrBase ACBP=A9
 0001:00000B10 0000002E C=CODE     S=.text    G=(none)   M=ACBrValidador ACBP=A9
 0001:00000B40 0000001E C=CODE     S=.text    G=(none)   M=pcnAuxiliar ACBP=A9
 0001:00000B60 0000000E C=CODE     S=.text    G=(none)   M=synacode ACBP=A9
 0001:00000B70 0000000E C=CODE     S=.text    G=(none)   M=ACBrDFeException ACBP=A9
 0001:00000B80 00000016 C=CODE     S=.text    G=(none)   M=ACBrDFeUtil ACBP=A9
 0001:00000B98 0000000E C=CODE     S=.text    G=(none)   M=synsock  ACBP=A9
 0001:00000BA8 0000000E C=CODE     S=.text    G=(none)   M=synaip   ACBP=A9
 0001:00000BB8 0000000E C=CODE     S=.text    G=(none)   M=blcksock ACBP=A9
 0001:00000BC8 0000000E C=CODE     S=.text    G=(none)   M=httpsend ACBP=A9
 0001:00000BD8 0000000E C=CODE     S=.text    G=(none)   M=ssl_openssl_lib ACBP=A9
 0001:00000BE8 0000000E C=CODE     S=.text    G=(none)   M=ssl_openssl ACBP=A9
 0001:00000BF8 0000000E C=CODE     S=.text    G=(none)   M=libxml2  ACBP=A9
 0001:00000C08 0000000E C=CODE     S=.text    G=(none)   M=libxslt  ACBP=A9
 0001:00000C18 0000000E C=CODE     S=.text    G=(none)   M=libxmlsec ACBP=A9
 0001:00000C28 0000000E C=CODE     S=.text    G=(none)   M=libeay32 ACBP=A9
 0001:00000C38 0000000E C=CODE     S=.text    G=(none)   M=ACBrDFeOpenSSL ACBP=A9
 0001:00000C48 0000000E C=CODE     S=.text    G=(none)   M=ComConst ACBP=A9
 0001:00000C58 0000000E C=CODE     S=.text    G=(none)   M=ComObj   ACBP=A9
 0001:00000C68 0000000E C=CODE     S=.text    G=(none)   M=OleConst ACBP=A9
 0001:00000C78 0000000E C=CODE     S=.text    G=(none)   M=OleServer ACBP=A9
 0001:00000C88 0000000E C=CODE     S=.text    G=(none)   M=StdVCL   ACBP=A9
 0001:00000C98 0000000E C=CODE     S=.text    G=(none)   M=ACBrCAPICOM_TLB ACBP=A9
 0001:00000CA8 0000000E C=CODE     S=.text    G=(none)   M=ACBrHTTPReqResp ACBP=A9
 0001:00000CB8 0000000E C=CODE     S=.text    G=(none)   M=ACBrMSXML2_TLB ACBP=A9
 0001:00000CC8 00000038 C=CODE     S=.text    G=(none)   M=JwaWinDLLNames ACBP=A9
 0001:00000D00 00000038 C=CODE     S=.text    G=(none)   M=JwaWinNT ACBP=A9
 0001:00000D38 00000038 C=CODE     S=.text    G=(none)   M=JwaWinType ACBP=A9
 0001:00000D70 00000038 C=CODE     S=.text    G=(none)   M=JwaNtStatus ACBP=A9
 0001:00000DA8 00000038 C=CODE     S=.text    G=(none)   M=JwaWinBase ACBP=A9
 0001:00000DE0 00000038 C=CODE     S=.text    G=(none)   M=JwaWinCrypt ACBP=A9
 0001:00000E18 0000000E C=CODE     S=.text    G=(none)   M=ACBrDFeCapicom ACBP=A9
 0001:00000E28 0000000E C=CODE     S=.text    G=(none)   M=XMLConst ACBP=A9
 0001:00000E38 0000000E C=CODE     S=.text    G=(none)   M=msxml    ACBP=A9
 0001:00000E48 0000000E C=CODE     S=.text    G=(none)   M=msxmldom ACBP=A9
 0001:00000E58 0000000E C=CODE     S=.text    G=(none)   M=xmldom   ACBP=A9
 0001:00000E68 0000000E C=CODE     S=.text    G=(none)   M=XMLIntf  ACBP=A9
 0001:00000E78 0000000E C=CODE     S=.text    G=(none)   M=XMLSchemaTags ACBP=A9
 0001:00000E88 0000000E C=CODE     S=.text    G=(none)   M=XMLDoc   ACBP=A9
 0001:00000E98 0000000E C=CODE     S=.text    G=(none)   M=XMLSchema ACBP=A9
 0001:00000EA8 0000000E C=CODE     S=.text    G=(none)   M=SOAPConst ACBP=A9
 0001:00000EB8 0000000E C=CODE     S=.text    G=(none)   M=IntfInfo ACBP=A9
 0001:00000EC8 00000038 C=CODE     S=.text    G=(none)   M=WinSock  ACBP=A9
 0001:00000F00 0000000E C=CODE     S=.text    G=(none)   M=WSDLIntf ACBP=A9
 0001:00000F10 0000000E C=CODE     S=.text    G=(none)   M=Masks    ACBP=A9
 0001:00000F20 0000000E C=CODE     S=.text    G=(none)   M=BrkrConst ACBP=A9
 0001:00000F30 0000000E C=CODE     S=.text    G=(none)   M=WebConst ACBP=A9
 0001:00000F40 0000000E C=CODE     S=.text    G=(none)   M=HTTPApp  ACBP=A9
 0001:00000F50 0000000E C=CODE     S=.text    G=(none)   M=SOAPAttach ACBP=A9
 0001:00000F60 0000000E C=CODE     S=.text    G=(none)   M=WSDLBind ACBP=A9
 0001:00000F70 0000000E C=CODE     S=.text    G=(none)   M=WSDLItems ACBP=A9
 0001:00000F80 0000000E C=CODE     S=.text    G=(none)   M=OPConvert ACBP=A9
 0001:00000F90 0000000E C=CODE     S=.text    G=(none)   M=WSDLNode ACBP=A9
 0001:00000FA0 0000000E C=CODE     S=.text    G=(none)   M=DBConsts ACBP=A9
 0001:00000FB0 0000000E C=CODE     S=.text    G=(none)   M=FMTBcd   ACBP=A9
 0001:00000FC0 0000000E C=CODE     S=.text    G=(none)   M=XSBuiltIns ACBP=A9
 0001:00000FD0 0000000E C=CODE     S=.text    G=(none)   M=SOAPDomConv ACBP=A9
 0001:00000FE0 0000000E C=CODE     S=.text    G=(none)   M=SOAPEnv  ACBP=A9
 0001:00000FF0 0000000E C=CODE     S=.text    G=(none)   M=xercesxmldom ACBP=A9
 0001:00001000 0000000E C=CODE     S=.text    G=(none)   M=xdom     ACBP=A9
 0001:00001010 0000000E C=CODE     S=.text    G=(none)   M=oxmldom  ACBP=A9
 0001:00001020 0000000E C=CODE     S=.text    G=(none)   M=OPToSOAPDomCustom ACBP=A9
 0001:00001030 0000000E C=CODE     S=.text    G=(none)   M=EncdDecd ACBP=A9
 0001:00001040 0000000E C=CODE     S=.text    G=(none)   M=TypeTrans ACBP=A9
 0001:00001050 0000000E C=CODE     S=.text    G=(none)   M=InvRules ACBP=A9
 0001:00001060 0000000E C=CODE     S=.text    G=(none)   M=OPToSOAPDomConv ACBP=A9
 0001:00001070 0000000E C=CODE     S=.text    G=(none)   M=WebServExp ACBP=A9
 0001:00001080 0000000E C=CODE     S=.text    G=(none)   M=Rio      ACBP=A9
 0001:00001090 0000000E C=CODE     S=.text    G=(none)   M=inquire_v1 ACBP=A9
 0001:000010A0 0000000E C=CODE     S=.text    G=(none)   M=UDDIHelper ACBP=A9
 0001:000010B0 0000000E C=CODE     S=.text    G=(none)   M=SOAPHTTPTrans ACBP=A9
 0001:000010C0 0000000E C=CODE     S=.text    G=(none)   M=HTTPUtil ACBP=A9
 0001:000010D0 0000000E C=CODE     S=.text    G=(none)   M=InvokeRegistry ACBP=A9
 0001:000010E0 0000000E C=CODE     S=.text    G=(none)   M=SOAPAttachIntf ACBP=A9
 0001:000010F0 0000000E C=CODE     S=.text    G=(none)   M=WebNode  ACBP=A9
 0001:00001100 0000000E C=CODE     S=.text    G=(none)   M=SOAPHTTPClient ACBP=A9
 0001:00001110 0000000E C=CODE     S=.text    G=(none)   M=smtpsend ACBP=A9
 0001:00001120 0000000E C=CODE     S=.text    G=(none)   M=synaicnv ACBP=A9
 0001:00001130 0000000E C=CODE     S=.text    G=(none)   M=synachar ACBP=A9
 0001:00001140 0000000E C=CODE     S=.text    G=(none)   M=mimeinln ACBP=A9
 0001:00001150 0000000E C=CODE     S=.text    G=(none)   M=mimepart ACBP=A9
 0001:00001160 0000000E C=CODE     S=.text    G=(none)   M=mimemess ACBP=A9
 0001:00001170 0000000E C=CODE     S=.text    G=(none)   M=ACBrMail ACBP=A9
 0001:00001180 0000000E C=CODE     S=.text    G=(none)   M=pcnGerador ACBP=A9
 0001:00001190 0000000E C=CODE     S=.text    G=(none)   M=ACBrDFeCapicomDelphiSoap ACBP=A9
 0001:000011A0 0000000E C=CODE     S=.text    G=(none)   M=ACBrDFeSSL ACBP=A9
 0001:000011B0 0000000E C=CODE     S=.text    G=(none)   M=ACBrDFeConfiguracoes ACBP=A9
 0001:000011C0 0000000E C=CODE     S=.text    G=(none)   M=ACBrDFe  ACBP=A9
 0001:000011D0 0000000E C=CODE     S=.text    G=(none)   M=pcnConversaoNFe ACBP=A9
 0001:000011E0 00000026 C=CODE     S=.text    G=(none)   M=ACBrNFeConfiguracoes ACBP=A9
 0001:00001208 0000000E C=CODE     S=.text    G=(none)   M=ACBrDFeWebService ACBP=A9
 0001:00001218 0000000E C=CODE     S=.text    G=(none)   M=pcnConsts ACBP=A9
 0001:00001228 0000000E C=CODE     S=.text    G=(none)   M=pcnSignature ACBP=A9
 0001:00001238 0000000E C=CODE     S=.text    G=(none)   M=pcnLeitor ACBP=A9
 0001:00001248 0000000E C=CODE     S=.text    G=(none)   M=pcnProcNFe ACBP=A9
 0001:00001258 0000001E C=CODE     S=.text    G=(none)   M=pcnNFe   ACBP=A9
 0001:00001278 0000000E C=CODE     S=.text    G=(none)   M=pcnRetConsReciNFe ACBP=A9
 0001:00001288 0000000E C=CODE     S=.text    G=(none)   M=pcnRetConsCad ACBP=A9
 0001:00001298 0000000E C=CODE     S=.text    G=(none)   M=pcnRetCancNFe ACBP=A9
 0001:000012A8 0000002E C=CODE     S=.text    G=(none)   M=pcnEventoNFe ACBP=A9
 0001:000012D8 0000000E C=CODE     S=.text    G=(none)   M=pcnNFeConsts ACBP=A9
 0001:000012E8 0000000E C=CODE     S=.text    G=(none)   M=pcnRetEnvEventoNFe ACBP=A9
 0001:000012F8 0000001E C=CODE     S=.text    G=(none)   M=pcnEnvEventoNFe ACBP=A9
 0001:00001318 0000000E C=CODE     S=.text    G=(none)   M=pcnRetConsSitNFe ACBP=A9
 0001:00001328 0000000E C=CODE     S=.text    G=(none)   M=pcnConsNFeDest ACBP=A9
 0001:00001338 0000000E C=CODE     S=.text    G=(none)   M=pcnRetConsNFeDest ACBP=A9
 0001:00001348 0000000E C=CODE     S=.text    G=(none)   M=pcnDownloadNFe ACBP=A9
 0001:00001358 0000000E C=CODE     S=.text    G=(none)   M=pcnRetDownloadNFe ACBP=A9
 0001:00001368 0000000E C=CODE     S=.text    G=(none)   M=pcnAdmCSCNFCe ACBP=A9
 0001:00001378 0000000E C=CODE     S=.text    G=(none)   M=pcnRetAdmCSCNFCe ACBP=A9
 0001:00001388 0000000E C=CODE     S=.text    G=(none)   M=pcnDistDFeInt ACBP=A9
 0001:00001398 0000000E C=CODE     S=.text    G=(none)   M=pcnRetDistDFeInt ACBP=A9
 0001:000013A8 0000000E C=CODE     S=.text    G=(none)   M=pcnRetEnvNFe ACBP=A9
 0001:000013B8 0000000E C=CODE     S=.text    G=(none)   M=pcnNFeR  ACBP=A9
 0001:000013C8 0000000E C=CODE     S=.text    G=(none)   M=pcnLayoutTXT ACBP=A9
 0001:000013D8 0000000E C=CODE     S=.text    G=(none)   M=pcnNFeW  ACBP=A9
 0001:000013E8 0000000E C=CODE     S=.text    G=(none)   M=pcnCCeNFe ACBP=A9
 0001:000013F8 0000000E C=CODE     S=.text    G=(none)   M=pcnRetInutNFe ACBP=A9
 0001:00001408 0000000E C=CODE     S=.text    G=(none)   M=pcnInutNFe ACBP=A9
 0001:00001418 00000066 C=CODE     S=.text    G=(none)   M=ACBrNFeDANFEClass ACBP=A9
 0001:00001480 0000000E C=CODE     S=.text    G=(none)   M=pcnConsStatServ ACBP=A9
 0001:00001490 0000000E C=CODE     S=.text    G=(none)   M=pcnRetConsStatServ ACBP=A9
 0001:000014A0 0000000E C=CODE     S=.text    G=(none)   M=pcnConsSitNFe ACBP=A9
 0001:000014B0 0000000E C=CODE     S=.text    G=(none)   M=pcnConsReciNFe ACBP=A9
 0001:000014C0 0000000E C=CODE     S=.text    G=(none)   M=pcnConsCad ACBP=A9
 0001:000014D0 00000026 C=CODE     S=.text    G=(none)   M=ACBrNFeNotasFiscais ACBP=A9
 0001:000014F8 0000000E C=CODE     S=.text    G=(none)   M=ACBrNFeWebServices ACBP=A9
 0001:00001508 00000026 C=CODE     S=.text    G=(none)   M=ACBrNFe  ACBP=A9
 0001:00001530 0000000E C=CODE     S=.text    G=(none)   M=synaser  ACBP=A9
 0001:00001540 00000026 C=CODE     S=.text    G=(none)   M=ACBrDevice ACBP=A9
 0001:00001568 0000000E C=CODE     S=.text    G=(none)   M=ACBrEscPosEpson ACBP=A9
 0001:00001578 0000000E C=CODE     S=.text    G=(none)   M=ACBrEscBematech ACBP=A9
 0001:00001588 0000000E C=CODE     S=.text    G=(none)   M=ACBrEscDaruma ACBP=A9
 0001:00001598 0000000E C=CODE     S=.text    G=(none)   M=ACBrEscElgin ACBP=A9
 0001:000015A8 0000000E C=CODE     S=.text    G=(none)   M=ACBrEscDiebold ACBP=A9
 0001:000015B8 0000003E C=CODE     S=.text    G=(none)   M=ACBrPosPrinter ACBP=A9
 0001:000015F8 00003754 C=CODE     S=.text    G=(none)   M=ACBrNFeDANFeESCPOS ACBP=A9
 0001:00004D4C 0000001E C=CODE     S=.text    G=(none)   M=Spin     ACBP=A9
 0001:00004D6C 00001620 C=CODE     S=.text    G=(none)   M=principal ACBP=A9
 0001:0000638C 000006E5 C=CODE     S=.text    G=(none)   M=DemoDANFEEscPos ACBP=A9
 0002:00000000 0000001C C=DATA     S=.data    G=DGROUP   M=SysInit  ACBP=A9
 0002:00001000 00000008 C=BSS      S=.bss     G=DGROUP   M=SysInit  ACBP=A9
 0002:00001008 00000004 C=BSS      S=.bss     G=DGROUP   M=Windows  ACBP=A9
 0002:0000100C 00000004 C=BSS      S=.bss     G=DGROUP   M=Messages ACBP=A9
 0002:00001010 00000004 C=BSS      S=.bss     G=DGROUP   M=CommCtrl ACBP=A9
 0002:00001014 00000004 C=BSS      S=.bss     G=DGROUP   M=Imm      ACBP=A9
 0002:00001018 00000004 C=BSS      S=.bss     G=DGROUP   M=UrlMon   ACBP=A9
 0002:0000101C 00000004 C=BSS      S=.bss     G=DGROUP   M=WinInet  ACBP=A9
 0002:00001020 00000004 C=BSS      S=.bss     G=DGROUP   M=RegStr   ACBP=A9
 0002:00001024 00000004 C=BSS      S=.bss     G=DGROUP   M=ShellAPI ACBP=A9
 0002:00001028 00000004 C=BSS      S=.bss     G=DGROUP   M=ShlObj   ACBP=A9
 0002:0000102C 00000004 C=BSS      S=.bss     G=DGROUP   M=WinSpool ACBP=A9
 0002:00001030 00000004 C=BSS      S=.bss     G=DGROUP   M=CommDlg  ACBP=A9
 0002:00001034 00000004 C=BSS      S=.bss     G=DGROUP   M=Dlgs     ACBP=A9
 0002:00001038 00000004 C=BSS      S=.bss     G=DGROUP   M=RichEdit ACBP=A9
 0002:0000103C 00000004 C=BSS      S=.bss     G=DGROUP   M=JwaWinDLLNames ACBP=A9
 0002:00001040 00000004 C=BSS      S=.bss     G=DGROUP   M=JwaWinNT ACBP=A9
 0002:00001044 00000004 C=BSS      S=.bss     G=DGROUP   M=JwaWinType ACBP=A9
 0002:00001048 00000004 C=BSS      S=.bss     G=DGROUP   M=JwaNtStatus ACBP=A9
 0002:0000104C 00000004 C=BSS      S=.bss     G=DGROUP   M=JwaWinBase ACBP=A9
 0002:00001050 00000004 C=BSS      S=.bss     G=DGROUP   M=JwaWinCrypt ACBP=A9
 0002:00001054 00000004 C=BSS      S=.bss     G=DGROUP   M=WinSock  ACBP=A9
 0002:00001058 00000004 C=BSS      S=.bss     G=DGROUP   M=ACBrNFeDANFeESCPOS ACBP=A9
 0002:0000105C 00000008 C=BSS      S=.bss     G=DGROUP   M=principal ACBP=A9


  Address         Publics by Name

 0002:0000100C       .1
 0002:00001028       .1
 0002:00001014       .1
 0002:0000101C       .1
 0002:0000103C       .1
 0002:00001004       .1
 0002:00001018       .1
 0002:00001038       .1
 0002:00001024       .1
 0002:00001054       .1
 0002:00001034       .1
 0002:00001010       .1
 0002:00001020       .1
 0002:00001030       .1
 0002:00001048       .1
 0002:00001060       .2
 0002:0000104C       .2
 0002:00001058       .2
 0002:0000102C       .3
 0002:00001008       .3
 0002:00001044       .4
 0002:00001040       .5
 0002:00001050       .7
 0001:00000104       @InitExe
 0001:00004D44       ACBrNFeDANFeESCPOS
 0001:000003F0       CommCtrl
 0001:00000610       CommDlg
 0001:00006A2C       DemoDANFEEscPos
 0001:00000648       Dlgs
 0001:00000D00       Finalization
 0001:00000CC8       Finalization
 0001:000006E0       Finalization
 0001:00000618       Finalization
 0001:000005E0       Finalization
 0001:00000598       Finalization
 0001:00000D70       Finalization
 0001:00000550       Finalization
 0001:00000518       Finalization
 0001:00000DA8       Finalization
 0001:000004E0       Finalization
 0001:000004A8       Finalization
 0001:00000DE0       Finalization
 0001:00000470       Finalization
 0001:00000418       Finalization
 0001:000003C0       Finalization
 0001:00000EC8       Finalization
 0001:000001C8       Finalization
 0001:00000190       Finalization
 0001:00004D14       Finalization
 0001:00000148       Finalization
 0001:00006354       Finalization
 0001:0000638C       Finalization
 0001:00000D38       Finalization
 0002:0000105C       frmPrincipal
 0001:000000F0       GetModuleHandle
 0002:00001000       HInstance
 0001:00000448       Imm
 0001:000000F8       InitializeModule
 0001:00000DA0       JwaNtStatus
 0001:00000DD8       JwaWinBase
 0001:00000E10       JwaWinCrypt
 0001:00000CF8       JwaWinDLLNames
 0001:00000D30       JwaWinNT
 0001:00000D68       JwaWinType
 0001:000001F8       Messages
 0002:00000004       Module
 0001:00006384       principal
 0001:00000510       RegStr
 0001:00000710       RichEdit
 0001:00000548       ShellAPI
 0001:00000580       ShlObj
 0001:00000178       SysInit
 0001:00001838       TACBrNFeDANFeESCPOS.AtivarPosPrinter
 0001:00001708       TACBrNFeDANFeESCPOS.Create
 0001:0000175C       TACBrNFeDANFeESCPOS.Destroy
 0001:000030DC       TACBrNFeDANFeESCPOS.GerarAreaMensagemFiscal
 0001:000018A0       TACBrNFeDANFeESCPOS.GerarCabecalho
 0001:00003FE8       TACBrNFeDANFeESCPOS.GerarDadosEvento
 0001:00001C7C       TACBrNFeDANFeESCPOS.GerarDetalhesProdutosServicos
 0001:00001BC4       TACBrNFeDANFeESCPOS.GerarIdentificacaodoDANFE
 0001:00003560       TACBrNFeDANFeESCPOS.GerarInformacoesConsumidor
 0001:000038E0       TACBrNFeDANFeESCPOS.GerarInformacoesQRCode
 0001:000024F4       TACBrNFeDANFeESCPOS.GerarInformacoesTotais
 0001:00003008       TACBrNFeDANFeESCPOS.GerarMensagemInteresseContribuinte
 0001:0000478C       TACBrNFeDANFeESCPOS.GerarObservacoesEvento
 0001:00002A10       TACBrNFeDANFeESCPOS.GerarPagamentos
 0001:00003CD8       TACBrNFeDANFeESCPOS.GerarRodape
 0001:00002CA8       TACBrNFeDANFeESCPOS.GerarTotalTributos
 0001:00003F54       TACBrNFeDANFeESCPOS.ImprimirDANFE
 0001:00003F7C       TACBrNFeDANFeESCPOS.ImprimirDANFEResumido
 0001:000049B4       TACBrNFeDANFeESCPOS.ImprimirEVENTO
 0001:00004BB0       TACBrNFeDANFeESCPOS.ImprimirRelatorio
 0001:00003E08       TACBrNFeDANFeESCPOS.MontarEnviarDANFE
 0001:000017E8       TACBrNFeDANFeESCPOS.Notification
 0001:00001790       TACBrNFeDANFeESCPOS.SetPosPrinter
 0001:00005C90       TfrmPrincipal.btnImprimirRelatorioClick
 0001:00005DE0       TfrmPrincipal.btnNFCeImprimirDANFEClick
 0001:00006050       TfrmPrincipal.btnNFCeImprimirEventoClick
 0001:00005CD0       TfrmPrincipal.btnProcurarLogomarcaClick
 0001:00005B10       TfrmPrincipal.ConfigurarComponente
 0001:000059CC       TfrmPrincipal.FormClose
 0001:000059E8       TfrmPrincipal.FormCreate
 0001:00005208       TfrmPrincipal.GetConfigPath
 0001:00005658       TfrmPrincipal.GravarConfiguracoes
 0001:00005274       TfrmPrincipal.LerConfiguracoes
 0002:00000000       TlsIndex
 0001:000004A0       UrlMon
 0001:000001C0       Windows
 0001:000004D8       WinInet
 0001:00000EF8       WinSock
 0001:000005C8       WinSpool


  Address         Publics by Value

 0001:000000F0       GetModuleHandle
 0001:000000F8       InitializeModule
 0001:00000104       @InitExe
 0001:00000148       Finalization
 0001:00000178       SysInit
 0001:00000190       Finalization
 0001:000001C0       Windows
 0001:000001C8       Finalization
 0001:000001F8       Messages
 0001:000003C0       Finalization
 0001:000003F0       CommCtrl
 0001:00000418       Finalization
 0001:00000448       Imm
 0001:00000470       Finalization
 0001:000004A0       UrlMon
 0001:000004A8       Finalization
 0001:000004D8       WinInet
 0001:000004E0       Finalization
 0001:00000510       RegStr
 0001:00000518       Finalization
 0001:00000548       ShellAPI
 0001:00000550       Finalization
 0001:00000580       ShlObj
 0001:00000598       Finalization
 0001:000005C8       WinSpool
 0001:000005E0       Finalization
 0001:00000610       CommDlg
 0001:00000618       Finalization
 0001:00000648       Dlgs
 0001:000006E0       Finalization
 0001:00000710       RichEdit
 0001:00000CC8       Finalization
 0001:00000CF8       JwaWinDLLNames
 0001:00000D00       Finalization
 0001:00000D30       JwaWinNT
 0001:00000D38       Finalization
 0001:00000D68       JwaWinType
 0001:00000D70       Finalization
 0001:00000DA0       JwaNtStatus
 0001:00000DA8       Finalization
 0001:00000DD8       JwaWinBase
 0001:00000DE0       Finalization
 0001:00000E10       JwaWinCrypt
 0001:00000EC8       Finalization
 0001:00000EF8       WinSock
 0001:00001708       TACBrNFeDANFeESCPOS.Create
 0001:0000175C       TACBrNFeDANFeESCPOS.Destroy
 0001:00001790       TACBrNFeDANFeESCPOS.SetPosPrinter
 0001:000017E8       TACBrNFeDANFeESCPOS.Notification
 0001:00001838       TACBrNFeDANFeESCPOS.AtivarPosPrinter
 0001:000018A0       TACBrNFeDANFeESCPOS.GerarCabecalho
 0001:00001BC4       TACBrNFeDANFeESCPOS.GerarIdentificacaodoDANFE
 0001:00001C7C       TACBrNFeDANFeESCPOS.GerarDetalhesProdutosServicos
 0001:000024F4       TACBrNFeDANFeESCPOS.GerarInformacoesTotais
 0001:00002A10       TACBrNFeDANFeESCPOS.GerarPagamentos
 0001:00002CA8       TACBrNFeDANFeESCPOS.GerarTotalTributos
 0001:00003008       TACBrNFeDANFeESCPOS.GerarMensagemInteresseContribuinte
 0001:000030DC       TACBrNFeDANFeESCPOS.GerarAreaMensagemFiscal
 0001:00003560       TACBrNFeDANFeESCPOS.GerarInformacoesConsumidor
 0001:000038E0       TACBrNFeDANFeESCPOS.GerarInformacoesQRCode
 0001:00003CD8       TACBrNFeDANFeESCPOS.GerarRodape
 0001:00003E08       TACBrNFeDANFeESCPOS.MontarEnviarDANFE
 0001:00003F54       TACBrNFeDANFeESCPOS.ImprimirDANFE
 0001:00003F7C       TACBrNFeDANFeESCPOS.ImprimirDANFEResumido
 0001:00003FE8       TACBrNFeDANFeESCPOS.GerarDadosEvento
 0001:0000478C       TACBrNFeDANFeESCPOS.GerarObservacoesEvento
 0001:000049B4       TACBrNFeDANFeESCPOS.ImprimirEVENTO
 0001:00004BB0       TACBrNFeDANFeESCPOS.ImprimirRelatorio
 0001:00004D14       Finalization
 0001:00004D44       ACBrNFeDANFeESCPOS
 0001:00005208       TfrmPrincipal.GetConfigPath
 0001:00005274       TfrmPrincipal.LerConfiguracoes
 0001:00005658       TfrmPrincipal.GravarConfiguracoes
 0001:000059CC       TfrmPrincipal.FormClose
 0001:000059E8       TfrmPrincipal.FormCreate
 0001:00005B10       TfrmPrincipal.ConfigurarComponente
 0001:00005C90       TfrmPrincipal.btnImprimirRelatorioClick
 0001:00005CD0       TfrmPrincipal.btnProcurarLogomarcaClick
 0001:00005DE0       TfrmPrincipal.btnNFCeImprimirDANFEClick
 0001:00006050       TfrmPrincipal.btnNFCeImprimirEventoClick
 0001:00006354       Finalization
 0001:00006384       principal
 0001:0000638C       Finalization
 0001:00006A2C       DemoDANFEEscPos
 0002:00000000       TlsIndex
 0002:00000004       Module
 0002:00001000       HInstance
 0002:00001004       .1
 0002:00001008       .3
 0002:0000100C       .1
 0002:00001010       .1
 0002:00001014       .1
 0002:00001018       .1
 0002:0000101C       .1
 0002:00001020       .1
 0002:00001024       .1
 0002:00001028       .1
 0002:0000102C       .3
 0002:00001030       .1
 0002:00001034       .1
 0002:00001038       .1
 0002:0000103C       .1
 0002:00001040       .5
 0002:00001044       .4
 0002:00001048       .1
 0002:0000104C       .2
 0002:00001050       .7
 0002:00001054       .1
 0002:00001058       .2
 0002:0000105C       frmPrincipal
 0002:00001060       .2


Line numbers for SysInit(SysInit.pas) segment .text

    99 0001:000000F0   423 0001:000000F8   424 0001:00000102   661 0001:00000104
   662 0001:00000107   663 0001:0000010E   664 0001:0000011A   665 0001:00000124
   666 0001:0000012B   667 0001:00000132   668 0001:00000137   669 0001:00000143
   840 0001:00000178   840 0001:0000017F

Line numbers for JwaWinDLLNames(JwaWinDLLNames.pas) segment .text

   175 0001:00000CF8   175 0001:00000CFF

Line numbers for JwaWinNT(JwaWinNT.pas) segment .text

  9811 0001:00000D30  9811 0001:00000D37

Line numbers for JwaWinType(JwaWinType.pas) segment .text

  1977 0001:00000D68  1977 0001:00000D6F

Line numbers for JwaNtStatus(JwaNtStatus.pas) segment .text

 10606 0001:00000DA0 10606 0001:00000DA7

Line numbers for JwaWinBase(JwaWinBase.pas) segment .text

 20666 0001:00000DD8 20666 0001:00000DDF

Line numbers for JwaWinCrypt(..\..\..\Fontes\Terceiros\JediWin32API\JwaWinCrypt.pas) segment .text

 20009 0001:00000E10 20009 0001:00000E17

Line numbers for ACBrNFeDANFeESCPOS(ACBrNFeDANFeESCPOS.pas) segment .text

   125 0001:00001708   126 0001:00001723   128 0001:00001730   129 0001:00001756
   132 0001:0000175C   133 0001:0000176D   134 0001:00001789   138 0001:00001790
   139 0001:0000179C   141 0001:000017AA   142 0001:000017B6   144 0001:000017C7
   146 0001:000017D3   147 0001:000017D9   149 0001:000017E4   153 0001:000017E8
   154 0001:000017F7   156 0001:00001805   158 0001:0000180B   159 0001:00001829
   161 0001:00001834   164 0001:00001838   165 0001:0000183F   166 0001:0000184B
   168 0001:00001861   169 0001:0000186F   174 0001:000018A0   175 0001:000018C0
   177 0001:000018D9   178 0001:00001938   179 0001:00001955   181 0001:00001995
   190 0001:00001B22   193 0001:00001BC4   194 0001:00001BE0   195 0001:00001C21
   204 0001:00001C7C   205 0001:00001C9E   208 0001:00001CAE   210 0001:00001D05
   212 0001:00001D33   214 0001:00001D4A   215 0001:00001D60   216 0001:00001D71
   217 0001:00001D82   218 0001:00001DA5   219 0001:00001DC3   220 0001:00001DDA
   222 0001:00001DFD   224 0001:00001E0D   228 0001:00001E4A   229 0001:00001E78
   231 0001:00001EA8   232 0001:00001ECD   236 0001:00001EF9   237 0001:00001F19
   239 0001:00001F40   242 0001:00001FA1   243 0001:00001FCF   246 0001:00001FF6
   248 0001:00002006   251 0001:00002038   253 0001:00002050   257 0001:00002189
   261 0001:000021B6   263 0001:000021CE   267 0001:0000229C   271 0001:000022C9
   273 0001:000022D2   274 0001:000022F1   277 0001:0000231E   210 0001:00002321
   279 0001:000023B5   282 0001:000024F4   284 0001:00002514   286 0001:0000258E
   290 0001:0000262A   291 0001:0000264B   295 0001:000026D3   296 0001:0000271F
   300 0001:000027DD   301 0001:00002846   304 0001:00002904   310 0001:00002A10
   313 0001:00002A33   315 0001:00002A7F   317 0001:00002AAD   321 0001:00002B6C
   315 0001:00002B6F   324 0001:00002B78   325 0001:00002B8B   326 0001:00002B99
   329 0001:00002C2E   334 0001:00002CA8   335 0001:00002CC9   337 0001:00002CF7
   338 0001:00002D04   345 0001:00002E2E   347 0001:00002E52   348 0001:00002E5F
   353 0001:00002F27   358 0001:00003008   359 0001:00003022   360 0001:00003039
   362 0001:0000303F   363 0001:00003067   365 0001:000030B0   368 0001:000030DC
   370 0001:000030FC   372 0001:0000310E   376 0001:00003132   378 0001:00003144
   382 0001:00003168   387 0001:00003201   388 0001:00003213   391 0001:00003256
   392 0001:000032AA   395 0001:000032FD   397 0001:00003313   402 0001:000033D3
   407 0001:00003560   408 0001:00003580   410 0001:000035A4   414 0001:000035CD
   415 0001:000035DF   418 0001:000035FD   419 0001:00003621   421 0001:0000364A
   424 0001:00003671   425 0001:000036A5   427 0001:000036BC   435 0001:000037CC
   436 0001:000037D2   438 0001:00003839   444 0001:000038E0   445 0001:00003904
   447 0001:0000390A   448 0001:00003923   451 0001:0000393C   452 0001:00003963
   462 0001:00003A32   464 0001:00003A49   467 0001:00003A5B   472 0001:00003AA4
   474 0001:00003AAE   475 0001:00003AD2   478 0001:00003B65   480 0001:00003BA8
   483 0001:00003CD8   485 0001:00003CF2   486 0001:00003CFB   488 0001:00003D25
   489 0001:00003D2E   492 0001:00003D58   493 0001:00003D67   495 0001:00003D82
   496 0001:00003DBD   500 0001:00003E08   501 0001:00003E2B   503 0001:00003E31
   504 0001:00003E3A   506 0001:00003E5B   509 0001:00003E79   511 0001:00003E85
   512 0001:00003E8D   513 0001:00003E95   514 0001:00003E9B   516 0001:00003EA3
   517 0001:00003EAB   518 0001:00003EB6   519 0001:00003EBE   520 0001:00003EC6
   521 0001:00003ED0   522 0001:00003ED8   523 0001:00003EE0   525 0001:00003EE8
   526 0001:00003F22   529 0001:00003F54   530 0001:00003F60   531 0001:00003F68
   532 0001:00003F75   537 0001:00003F7C   538 0001:00003F88   539 0001:00003F90
   540 0001:00003F9C   541 0001:00003FAA   542 0001:00003FB4   544 0001:00003FCE
   546 0001:00003FE2   551 0001:00003FE8   553 0001:00004008   554 0001:00004021
   556 0001:00004098   557 0001:000040F1   558 0001:0000410A   559 0001:00004123
   560 0001:0000415C   563 0001:00004175   564 0001:0000418E   566 0001:000041F0
   568 0001:00004252   570 0001:000042B9   573 0001:0000432D   575 0001:00004395
   577 0001:000043EF   579 0001:00004451   581 0001:000044A0   583 0001:000044EF
   586 0001:0000455B   587 0001:00004599   591 0001:0000478C   592 0001:000047A7
   594 0001:000047C6   595 0001:000047DF   596 0001:000047F8   600 0001:0000483D
   602 0001:00004860   603 0001:00004879   604 0001:000048B7   607 0001:00004919
   610 0001:000049B4   611 0001:000049D6   613 0001:000049DC   614 0001:000049E5
   616 0001:00004A06   617 0001:00004A18   619 0001:00004A3B   622 0001:00004A59
   624 0001:00004A65   625 0001:00004A77   626 0001:00004A83   628 0001:00004A99
   629 0001:00004AA1   630 0001:00004AA9   631 0001:00004AB1   632 0001:00004AB9
   633 0001:00004AC1   634 0001:00004ACB   636 0001:00004AD3   637 0001:00004B0D
   643 0001:00004BB0   644 0001:00004BD3   645 0001:00004BE0   646 0001:00004BE6
   648 0001:00004BF3   649 0001:00004C00   651 0001:00004C17   652 0001:00004C2E
   653 0001:00004C34   655 0001:00004C4F   657 0001:00004C68   658 0001:00004C9F
   667 0001:00004D44   667 0001:00004D4B

Line numbers for principal(principal.pas) segment .text

    68 0001:00005208    69 0001:00005227    70 0001:0000525E    73 0001:00005274
    74 0001:00005292    75 0001:000052B5    76 0001:000052C3    77 0001:000052F0
    78 0001:0000533A    79 0001:00005384    80 0001:000053AE    81 0001:000053DC
    82 0001:00005409    83 0001:00005436    84 0001:00005463    85 0001:00005490
    86 0001:000054BE    88 0001:000054F9    90 0001:00005539    93 0001:00005658
    94 0001:00005676    95 0001:00005699    96 0001:000056A7    97 0001:000056D1
    98 0001:000056FE    99 0001:0000572B   100 0001:00005752   101 0001:0000577F
   102 0001:000057A9   103 0001:000057D3   104 0001:000057FD   105 0001:00005827
   106 0001:00005854   108 0001:0000588E   110 0001:000058CE   114 0001:000059CC
   115 0001:000059DB   116 0001:000059E3   121 0001:000059E8   122 0001:00005A07
   125 0001:00005A18   126 0001:00005A2C   127 0001:00005A30   126 0001:00005A5C
   130 0001:00005A62   131 0001:00005A76   132 0001:00005A84   133 0001:00005A98
   135 0001:00005ACA   138 0001:00005AE6   139 0001:00005B0B   142 0001:00005B10
   143 0001:00005B2B   144 0001:00005B59   146 0001:00005B87   147 0001:00005BA8
   148 0001:00005BCD   149 0001:00005BF9   150 0001:00005C1A   152 0001:00005C27
   153 0001:00005C47   155 0001:00005C89   158 0001:00005C90   159 0001:00005C9C
   160 0001:00005CA4   161 0001:00005CCA   164 0001:00005CD0   165 0001:00005CEF
   166 0001:00005D05   167 0001:00005D1B   169 0001:00005D31   170 0001:00005D43
   171 0001:00005D82   174 0001:00005DE0   175 0001:00005DFF   176 0001:00005E15
   177 0001:00005E2B   179 0001:00005E41   181 0001:00005E57   182 0001:00005E68
   184 0001:00005E8F   185 0001:00005EA4   187 0001:00005EBA   188 0001:00005ED9
   192 0001:00005EEF   193 0001:00005EF7   194 0001:00005F1A   196 0001:00005F3F
   198 0001:00005F57   199 0001:00005F6C   201 0001:00005F97   204 0001:00006050
   205 0001:00006072   206 0001:00006088   207 0001:0000609E   208 0001:000060B4
   210 0001:000060C6   211 0001:000060D7   214 0001:000060FE   215 0001:00006114
   216 0001:0000612A   217 0001:00006140   219 0001:00006152   220 0001:00006166
   223 0001:0000618B   224 0001:000061A0   226 0001:000061B6   227 0001:000061CE
   229 0001:000061E4   230 0001:00006203   234 0001:00006219   235 0001:00006221
   236 0001:00006253   238 0001:00006384   238 0001:0000638B

Line numbers for DemoDANFEEscPos(N:\projetos\terceiros\trunk2\Exemplos\ACBrDFe\ACBrNFe\Demo ACBrNFeDANFeEscPos\Delphi\DemoDANFEEscPos.dpr) segment .text

     9 0001:00006A2C    10 0001:00006A3C    12 0001:00006A48    13 0001:00006A60
    14 0001:00006A6C

Bound resource files

principal.dfm
DemoDANFEEscPos.res
DemoDANFEEscPos.drf


Program entry point at 0001:00006A2C
