
 Start         Length     Name                   Class
 0001:00000000 0004B15CH .text                   CODE
 0002:00000000 000000E8H .data                   DATA
 0002:000000E8 0000010DH .bss                    BSS


Detailed map of segments

 0001:00000000 00000166 C=CODE     S=.text    G=(none)   M=System   ACBP=A9
 0001:00000168 000001EC C=CODE     S=.text    G=(none)   M=SysInit  ACBP=A9
 0001:00000354 0000009E C=CODE     S=.text    G=(none)   M=SysUtils ACBP=A9
 0001:000003F4 0000000E C=CODE     S=.text    G=(none)   M=SysConst ACBP=A9
 0001:00000404 00000038 C=CODE     S=.text    G=(none)   M=Windows  ACBP=A9
 0001:0000043C 0000000E C=CODE     S=.text    G=(none)   M=Types    ACBP=A9
 0001:0000044C 000000BE C=CODE     S=.text    G=(none)   M=Classes  ACBP=A9
 0001:0000050C 0000000E C=CODE     S=.text    G=(none)   M=ActiveX  ACBP=A9
 0001:0000051C 00000038 C=CODE     S=.text    G=(none)   M=Messages ACBP=A9
 0001:00000554 0000000E C=CODE     S=.text    G=(none)   M=TypInfo  ACBP=A9
 0001:00000564 0000009E C=CODE     S=.text    G=(none)   M=Variants ACBP=A9
 0001:00000604 0000000E C=CODE     S=.text    G=(none)   M=VarUtils ACBP=A9
 0001:00000614 0000000E C=CODE     S=.text    G=(none)   M=RTLConsts ACBP=A9
 0001:00000624 00000016 C=CODE     S=.text    G=(none)   M=Math     ACBP=A9
 0001:0000063C 0000026E C=CODE     S=.text    G=(none)   M=dmbasico ACBP=A9
 0001:000008AC 0000011E C=CODE     S=.text    G=(none)   M=DB       ACBP=A9
 0001:000009CC 0000000E C=CODE     S=.text    G=(none)   M=FMTBcd   ACBP=A9
 0001:000009DC 0000000E C=CODE     S=.text    G=(none)   M=DBConsts ACBP=A9
 0001:000009EC 0000000E C=CODE     S=.text    G=(none)   M=SqlTimSt ACBP=A9
 0001:000009FC 00000016 C=CODE     S=.text    G=(none)   M=DateUtils ACBP=A9
 0001:00000A14 0000000E C=CODE     S=.text    G=(none)   M=MaskUtils ACBP=A9
 0001:00000A24 0000000E C=CODE     S=.text    G=(none)   M=ComObj   ACBP=A9
 0001:00000A34 0000000E C=CODE     S=.text    G=(none)   M=ComConst ACBP=A9
 0001:00000A44 0000011E C=CODE     S=.text    G=(none)   M=Forms    ACBP=A9
 0001:00000B64 0000000E C=CODE     S=.text    G=(none)   M=HelpIntfs ACBP=A9
 0001:00000B74 0000000E C=CODE     S=.text    G=(none)   M=Contnrs  ACBP=A9
 0001:00000B84 0000000E C=CODE     S=.text    G=(none)   M=MultiMon ACBP=A9
 0001:00000B94 0000000E C=CODE     S=.text    G=(none)   M=ActnList ACBP=A9
 0001:00000BA4 0000000E C=CODE     S=.text    G=(none)   M=ImgList  ACBP=A9
 0001:00000BB4 00000038 C=CODE     S=.text    G=(none)   M=CommCtrl ACBP=A9
 0001:00000BEC 00000026 C=CODE     S=.text    G=(none)   M=Graphics ACBP=A9
 0001:00000C14 0000000E C=CODE     S=.text    G=(none)   M=Consts   ACBP=A9
 0001:00000C24 00000106 C=CODE     S=.text    G=(none)   M=Controls ACBP=A9
 0001:00000D2C 00000038 C=CODE     S=.text    G=(none)   M=Imm      ACBP=A9
 0001:00000D64 0000000E C=CODE     S=.text    G=(none)   M=Menus    ACBP=A9
 0001:00000D74 0000000E C=CODE     S=.text    G=(none)   M=Themes   ACBP=A9
 0001:00000D84 0000000E C=CODE     S=.text    G=(none)   M=UxTheme  ACBP=A9
 0001:00000D94 0000000E C=CODE     S=.text    G=(none)   M=SyncObjs ACBP=A9
 0001:00000DA4 0000002E C=CODE     S=.text    G=(none)   M=ComCtrls ACBP=A9
 0001:00000DD4 00000038 C=CODE     S=.text    G=(none)   M=ShlObj   ACBP=A9
 0001:00000E0C 00000038 C=CODE     S=.text    G=(none)   M=UrlMon   ACBP=A9
 0001:00000E44 00000038 C=CODE     S=.text    G=(none)   M=WinInet  ACBP=A9
 0001:00000E7C 00000038 C=CODE     S=.text    G=(none)   M=RegStr   ACBP=A9
 0001:00000EB4 00000038 C=CODE     S=.text    G=(none)   M=ShellAPI ACBP=A9
 0001:00000EEC 0000000E C=CODE     S=.text    G=(none)   M=ListActns ACBP=A9
 0001:00000EFC 0000000E C=CODE     S=.text    G=(none)   M=ExtCtrls ACBP=A9
 0001:00000F0C 00000016 C=CODE     S=.text    G=(none)   M=StdCtrls ACBP=A9
 0001:00000F24 0000000E C=CODE     S=.text    G=(none)   M=WinHelpViewer ACBP=A9
 0001:00000F34 0000000E C=CODE     S=.text    G=(none)   M=StdActns ACBP=A9
 0001:00000F44 0000000E C=CODE     S=.text    G=(none)   M=Dialogs  ACBP=A9
 0001:00000F54 0000000E C=CODE     S=.text    G=(none)   M=Printers ACBP=A9
 0001:00000F64 00000038 C=CODE     S=.text    G=(none)   M=WinSpool ACBP=A9
 0001:00000F9C 00000038 C=CODE     S=.text    G=(none)   M=CommDlg  ACBP=A9
 0001:00000FD4 00000038 C=CODE     S=.text    G=(none)   M=Dlgs     ACBP=A9
 0001:0000100C 00000016 C=CODE     S=.text    G=(none)   M=StrUtils ACBP=A9
 0001:00001024 0000000E C=CODE     S=.text    G=(none)   M=Clipbrd  ACBP=A9
 0001:00001034 0000000E C=CODE     S=.text    G=(none)   M=FlatSB   ACBP=A9
 0001:00001044 0000000E C=CODE     S=.text    G=(none)   M=ToolWin  ACBP=A9
 0001:00001054 00000038 C=CODE     S=.text    G=(none)   M=RichEdit ACBP=A9
 0001:0000108C 0000000E C=CODE     S=.text    G=(none)   M=ExtActns ACBP=A9
 0001:0000109C 0000000E C=CODE     S=.text    G=(none)   M=Registry ACBP=A9
 0001:000010AC 00000016 C=CODE     S=.text    G=(none)   M=IniFiles ACBP=A9
 0001:000010C4 0000000E C=CODE     S=.text    G=(none)   M=ExtDlgs  ACBP=A9
 0001:000010D4 0000000E C=CODE     S=.text    G=(none)   M=Buttons  ACBP=A9
 0001:000010E4 0000000E C=CODE     S=.text    G=(none)   M=Mapi     ACBP=A9
 0001:000010F4 0000000E C=CODE     S=.text    G=(none)   M=ComStrs  ACBP=A9
 0001:00001104 00000066 C=CODE     S=.text    G=(none)   M=clusuario ACBP=A9
 0001:0000116C 0000000E C=CODE     S=.text    G=(none)   M=cpdatabase ACBP=A9
 0001:0000117C 0000000E C=CODE     S=.text    G=(none)   M=ZPgSqlCon ACBP=A9
 0001:0000118C 0000000E C=CODE     S=.text    G=(none)   M=ZConnect ACBP=A9
 0001:0000119C 0000000E C=CODE     S=.text    G=(none)   M=ZToken   ACBP=A9
 0001:000011AC 0000000E C=CODE     S=.text    G=(none)   M=ZDirSql  ACBP=A9
 0001:000011BC 0000000E C=CODE     S=.text    G=(none)   M=ZSqlTypes ACBP=A9
 0001:000011CC 0000000E C=CODE     S=.text    G=(none)   M=ZDBaseConst ACBP=A9
 0001:000011DC 0000000E C=CODE     S=.text    G=(none)   M=ZExtra   ACBP=A9
 0001:000011EC 0000000E C=CODE     S=.text    G=(none)   M=ZSqlExtra ACBP=A9
 0001:000011FC 0000000E C=CODE     S=.text    G=(none)   M=ZConvert ACBP=A9
 0001:0000120C 0000000E C=CODE     S=.text    G=(none)   M=ZTransact ACBP=A9
 0001:0000121C 0000000E C=CODE     S=.text    G=(none)   M=ZSqlScanner ACBP=A9
 0001:0000122C 0000000E C=CODE     S=.text    G=(none)   M=ZScanner ACBP=A9
 0001:0000123C 0000000E C=CODE     S=.text    G=(none)   M=ZSqlScript ACBP=A9
 0001:0000124C 00000046 C=CODE     S=.text    G=(none)   M=ZQuery   ACBP=A9
 0001:00001294 0000000E C=CODE     S=.text    G=(none)   M=DBCommon ACBP=A9
 0001:000012A4 0000000E C=CODE     S=.text    G=(none)   M=ZBlobStream ACBP=A9
 0001:000012B4 0000000E C=CODE     S=.text    G=(none)   M=ZSqlItems ACBP=A9
 0001:000012C4 0000000E C=CODE     S=.text    G=(none)   M=ZList    ACBP=A9
 0001:000012D4 0000000E C=CODE     S=.text    G=(none)   M=ZUpdateSql ACBP=A9
 0001:000012E4 0000000E C=CODE     S=.text    G=(none)   M=ZSqlBuffer ACBP=A9
 0001:000012F4 0000000E C=CODE     S=.text    G=(none)   M=ZParser  ACBP=A9
 0001:00001304 0000000E C=CODE     S=.text    G=(none)   M=ZMatch   ACBP=A9
 0001:00001314 0000000E C=CODE     S=.text    G=(none)   M=ZCommonConst ACBP=A9
 0001:00001324 0000000E C=CODE     S=.text    G=(none)   M=ZSqlParser ACBP=A9
 0001:00001334 0000000E C=CODE     S=.text    G=(none)   M=DBLogDlg ACBP=A9
 0001:00001344 0000000E C=CODE     S=.text    G=(none)   M=VDBConsts ACBP=A9
 0001:00001354 0000000E C=CODE     S=.text    G=(none)   M=ZDirPgSql ACBP=A9
 0001:00001364 0000000E C=CODE     S=.text    G=(none)   M=ZLibPgSql ACBP=A9
 0001:00001374 0000001E C=CODE     S=.text    G=(none)   M=cpquery  ACBP=A9
 0001:00001394 0000000E C=CODE     S=.text    G=(none)   M=constants ACBP=A9
 0001:000013A4 0000000E C=CODE     S=.text    G=(none)   M=ZPgSqlQuery ACBP=A9
 0001:000013B4 0000000E C=CODE     S=.text    G=(none)   M=ZPgSqlTr ACBP=A9
 0001:000013C4 0000000E C=CODE     S=.text    G=(none)   M=cppagecontrol ACBP=A9
 0001:000013D4 0000000E C=CODE     S=.text    G=(none)   M=cpdbtext ACBP=A9
 0001:000013E4 0000000E C=CODE     S=.text    G=(none)   M=DBCtrls  ACBP=A9
 0001:000013F4 0000001E C=CODE     S=.text    G=(none)   M=Mask     ACBP=A9
 0001:00001414 0000000E C=CODE     S=.text    G=(none)   M=DBPWDlg  ACBP=A9
 0001:00001424 0000000E C=CODE     S=.text    G=(none)   M=ctconstantes ACBP=A9
 0001:00001434 0000000E C=CODE     S=.text    G=(none)   M=DBAdvGrid ACBP=A9
 0001:00001444 0000000E C=CODE     S=.text    G=(none)   M=BaseGrid ACBP=A9
 0001:00001454 0000000E C=CODE     S=.text    G=(none)   M=Grids    ACBP=A9
 0001:00001464 0000000E C=CODE     S=.text    G=(none)   M=AdvObj   ACBP=A9
 0001:00001474 0000000E C=CODE     S=.text    G=(none)   M=AdvHintInfo ACBP=A9
 0001:00001484 0000000E C=CODE     S=.text    G=(none)   M=GDIPicture ACBP=A9
 0001:00001494 0000000E C=CODE     S=.text    G=(none)   M=AdvGDIP  ACBP=A9
 0001:000014A4 0000000E C=CODE     S=.text    G=(none)   M=AdvXPVS  ACBP=A9
 0001:000014B4 0000000E C=CODE     S=.text    G=(none)   M=AdvUtil  ACBP=A9
 0001:000014C4 0000000E C=CODE     S=.text    G=(none)   M=AdvStyleIF ACBP=A9
 0001:000014D4 0000000E C=CODE     S=.text    G=(none)   M=AsgHTMLE ACBP=A9
 0001:000014E4 0000000E C=CODE     S=.text    G=(none)   M=PictureContainer ACBP=A9
 0001:000014F4 0000000E C=CODE     S=.text    G=(none)   M=AdvGrid  ACBP=A9
 0001:00001504 0000000E C=CODE     S=.text    G=(none)   M=asgspin  ACBP=A9
 0001:00001514 0000000E C=CODE     S=.text    G=(none)   M=ASGEdit  ACBP=A9
 0001:00001524 0000000E C=CODE     S=.text    G=(none)   M=AsgCombo ACBP=A9
 0001:00001534 0000000E C=CODE     S=.text    G=(none)   M=asgcheck ACBP=A9
 0001:00001544 0000000E C=CODE     S=.text    G=(none)   M=AsgDateTimePicker ACBP=A9
 0001:00001554 0000000E C=CODE     S=.text    G=(none)   M=CheckLst ACBP=A9
 0001:00001564 0000000E C=CODE     S=.text    G=(none)   M=jpeg     ACBP=A9
 0001:00001574 0000000E C=CODE     S=.text    G=(none)   M=JConsts  ACBP=A9
 0001:00001584 0000000E C=CODE     S=.text    G=(none)   M=asgdd    ACBP=A9
 0001:00001594 0000000E C=CODE     S=.text    G=(none)   M=AsgUni   ACBP=A9
 0001:000015A4 0000000E C=CODE     S=.text    G=(none)   M=AdvDateTimePicker ACBP=A9
 0001:000015B4 0000000E C=CODE     S=.text    G=(none)   M=AdvDropDown ACBP=A9
 0001:000015C4 0000000E C=CODE     S=.text    G=(none)   M=ATXPVS   ACBP=A9
 0001:000015D4 0000000E C=CODE     S=.text    G=(none)   M=AdvTrackBarDropDown ACBP=A9
 0001:000015E4 0000000E C=CODE     S=.text    G=(none)   M=AdvMemoDropDown ACBP=A9
 0001:000015F4 0000000E C=CODE     S=.text    G=(none)   M=AdvCalculatorDropdown ACBP=A9
 0001:00001604 0000000E C=CODE     S=.text    G=(none)   M=AdvTimePickerDropDown ACBP=A9
 0001:00001614 0000000E C=CODE     S=.text    G=(none)   M=AdvDetailDropDown ACBP=A9
 0001:00001624 0000000E C=CODE     S=.text    G=(none)   M=AdvMultiColumnDropDown ACBP=A9
 0001:00001634 0000000E C=CODE     S=.text    G=(none)   M=AdvColorPickerDropDown ACBP=A9
 0001:00001644 0000000E C=CODE     S=.text    G=(none)   M=AdvImagePickerDropDown ACBP=A9
 0001:00001654 0000000E C=CODE     S=.text    G=(none)   M=AdvCustomGridDropDown ACBP=A9
 0001:00001664 0000000E C=CODE     S=.text    G=(none)   M=DBTables ACBP=A9
 0001:00001674 0000000E C=CODE     S=.text    G=(none)   M=SMINTF   ACBP=A9
 0001:00001684 0000000E C=CODE     S=.text    G=(none)   M=BDE      ACBP=A9
 0001:00001694 0000000E C=CODE     S=.text    G=(none)   M=bdeconst ACBP=A9
 0001:000016A4 0000000E C=CODE     S=.text    G=(none)   M=DBClient ACBP=A9
 0001:000016B4 0000000E C=CODE     S=.text    G=(none)   M=Midas    ACBP=A9
 0001:000016C4 0000000E C=CODE     S=.text    G=(none)   M=DSIntf   ACBP=A9
 0001:000016D4 0000000E C=CODE     S=.text    G=(none)   M=MidConst ACBP=A9
 0001:000016E4 0000000E C=CODE     S=.text    G=(none)   M=Provider ACBP=A9
 0001:000016F4 0000000E C=CODE     S=.text    G=(none)   M=DataBkr  ACBP=A9
 0001:00001704 0000000E C=CODE     S=.text    G=(none)   M=AdvPageControl ACBP=A9
 0001:00001714 0000000E C=CODE     S=.text    G=(none)   M=Jsons    ACBP=A9
 0001:00001724 0000000E C=CODE     S=.text    G=(none)   M=JsonsUtilsEx ACBP=A9
 0001:00001734 000000EE C=CODE     S=.text    G=(none)   M=biblio   ACBP=A9
 0001:00001824 00000038 C=CODE     S=.text    G=(none)   M=TlHelp32 ACBP=A9
 0001:0000185C 0000000E C=CODE     S=.text    G=(none)   M=IdGlobalProtocols ACBP=A9
 0001:0000186C 0000000E C=CODE     S=.text    G=(none)   M=IdException ACBP=A9
 0001:0000187C 0000000E C=CODE     S=.text    G=(none)   M=IdGlobal ACBP=A9
 0001:0000188C 0000000E C=CODE     S=.text    G=(none)   M=IdStreamVCL ACBP=A9
 0001:0000189C 0000000E C=CODE     S=.text    G=(none)   M=IdStream ACBP=A9
 0001:000018AC 0000000E C=CODE     S=.text    G=(none)   M=IdResourceStrings ACBP=A9
 0001:000018BC 0000000E C=CODE     S=.text    G=(none)   M=IdBaseComponent ACBP=A9
 0001:000018CC 0000000E C=CODE     S=.text    G=(none)   M=IdCharsets ACBP=A9
 0001:000018DC 0000000E C=CODE     S=.text    G=(none)   M=IdStack  ACBP=A9
 0001:000018EC 0000000E C=CODE     S=.text    G=(none)   M=IdStackConsts ACBP=A9
 0001:000018FC 0000000E C=CODE     S=.text    G=(none)   M=IdWinsock2 ACBP=A9
 0001:0000190C 0000000E C=CODE     S=.text    G=(none)   M=IdWship6 ACBP=A9
 0001:0000191C 0000000E C=CODE     S=.text    G=(none)   M=IdStackWindows ACBP=A9
 0001:0000192C 0000000E C=CODE     S=.text    G=(none)   M=IdStackBSDBase ACBP=A9
 0001:0000193C 0000000E C=CODE     S=.text    G=(none)   M=IdIDN    ACBP=A9
 0001:0000194C 0000000E C=CODE     S=.text    G=(none)   M=IdResourceStringsProtocols ACBP=A9
 0001:0000195C 0000000E C=CODE     S=.text    G=(none)   M=IdResourceStringsCore ACBP=A9
 0001:0000196C 0000000E C=CODE     S=.text    G=(none)   M=IdAssignedNumbers ACBP=A9
 0001:0000197C 0000000E C=CODE     S=.text    G=(none)   M=IdIPAddress ACBP=A9
 0001:0000198C 0000005E C=CODE     S=.text    G=(none)   M=DBGrids  ACBP=A9
 0001:000019EC 0000000E C=CODE     S=.text    G=(none)   M=IdPOP3   ACBP=A9
 0001:000019FC 0000000E C=CODE     S=.text    G=(none)   M=IdComponent ACBP=A9
 0001:00001A0C 0000000E C=CODE     S=.text    G=(none)   M=IdTCPClient ACBP=A9
 0001:00001A1C 0000000E C=CODE     S=.text    G=(none)   M=IdTCPConnection ACBP=A9
 0001:00001A2C 0000000E C=CODE     S=.text    G=(none)   M=IdSocketHandle ACBP=A9
 0001:00001A3C 0000000E C=CODE     S=.text    G=(none)   M=IdAntiFreezeBase ACBP=A9
 0001:00001A4C 0000000E C=CODE     S=.text    G=(none)   M=IdReply  ACBP=A9
 0001:00001A5C 0000000E C=CODE     S=.text    G=(none)   M=IdIOHandlerStack ACBP=A9
 0001:00001A6C 0000000E C=CODE     S=.text    G=(none)   M=IdIOHandler ACBP=A9
 0001:00001A7C 0000000E C=CODE     S=.text    G=(none)   M=IdIntercept ACBP=A9
 0001:00001A8C 0000000E C=CODE     S=.text    G=(none)   M=IdBuffer ACBP=A9
 0001:00001A9C 0000000E C=CODE     S=.text    G=(none)   M=IdExceptionCore ACBP=A9
 0001:00001AAC 0000000E C=CODE     S=.text    G=(none)   M=IdIOHandlerSocket ACBP=A9
 0001:00001ABC 0000000E C=CODE     S=.text    G=(none)   M=IdCustomTransparentProxy ACBP=A9
 0001:00001ACC 0000000E C=CODE     S=.text    G=(none)   M=IdSocks  ACBP=A9
 0001:00001ADC 0000000E C=CODE     S=.text    G=(none)   M=IdReplyRFC ACBP=A9
 0001:00001AEC 0000000E C=CODE     S=.text    G=(none)   M=IdUserPassProvider ACBP=A9
 0001:00001AFC 0000000E C=CODE     S=.text    G=(none)   M=IdSASLCollection ACBP=A9
 0001:00001B0C 0000000E C=CODE     S=.text    G=(none)   M=IdSASL   ACBP=A9
 0001:00001B1C 0000000E C=CODE     S=.text    G=(none)   M=IdCoder  ACBP=A9
 0001:00001B2C 0000000E C=CODE     S=.text    G=(none)   M=IdCoderMIME ACBP=A9
 0001:00001B3C 0000000E C=CODE     S=.text    G=(none)   M=IdCoder3to4 ACBP=A9
 0001:00001B4C 0000000E C=CODE     S=.text    G=(none)   M=IdMessageClient ACBP=A9
 0001:00001B5C 0000000E C=CODE     S=.text    G=(none)   M=IdMessage ACBP=A9
 0001:00001B6C 0000000E C=CODE     S=.text    G=(none)   M=IdMessageParts ACBP=A9
 0001:00001B7C 0000000E C=CODE     S=.text    G=(none)   M=IdHeaderList ACBP=A9
 0001:00001B8C 0000000E C=CODE     S=.text    G=(none)   M=IdCoderHeader ACBP=A9
 0001:00001B9C 0000000E C=CODE     S=.text    G=(none)   M=IdHeaderCoderBase ACBP=A9
 0001:00001BAC 0000000E C=CODE     S=.text    G=(none)   M=IdEMailAddress ACBP=A9
 0001:00001BBC 0000000E C=CODE     S=.text    G=(none)   M=IdAllHeaderCoders ACBP=A9
 0001:00001BCC 0000000E C=CODE     S=.text    G=(none)   M=IdHeaderCoderIndy ACBP=A9
 0001:00001BDC 0000000E C=CODE     S=.text    G=(none)   M=IdHeaderCoder2022JP ACBP=A9
 0001:00001BEC 0000000E C=CODE     S=.text    G=(none)   M=IdHeaderCoderPlain ACBP=A9
 0001:00001BFC 0000000E C=CODE     S=.text    G=(none)   M=IdMessageCoder ACBP=A9
 0001:00001C0C 0000000E C=CODE     S=.text    G=(none)   M=IdAttachment ACBP=A9
 0001:00001C1C 0000000E C=CODE     S=.text    G=(none)   M=IdText   ACBP=A9
 0001:00001C2C 0000000E C=CODE     S=.text    G=(none)   M=IdAttachmentFile ACBP=A9
 0001:00001C3C 0000000E C=CODE     S=.text    G=(none)   M=IdIOHandlerStream ACBP=A9
 0001:00001C4C 0000000E C=CODE     S=.text    G=(none)   M=IdExplicitTLSClientServerBase ACBP=A9
 0001:00001C5C 0000000E C=CODE     S=.text    G=(none)   M=IdCustomTCPServer ACBP=A9
 0001:00001C6C 0000000E C=CODE     S=.text    G=(none)   M=IdTask   ACBP=A9
 0001:00001C7C 0000000E C=CODE     S=.text    G=(none)   M=IdYarn   ACBP=A9
 0001:00001C8C 0000000E C=CODE     S=.text    G=(none)   M=IdThread ACBP=A9
 0001:00001C9C 0000000E C=CODE     S=.text    G=(none)   M=IdThreadSafe ACBP=A9
 0001:00001CAC 0000000E C=CODE     S=.text    G=(none)   M=IdServerIOHandlerStack ACBP=A9
 0001:00001CBC 0000000E C=CODE     S=.text    G=(none)   M=IdServerIOHandlerSocket ACBP=A9
 0001:00001CCC 0000000E C=CODE     S=.text    G=(none)   M=IdScheduler ACBP=A9
 0001:00001CDC 0000000E C=CODE     S=.text    G=(none)   M=IdServerIOHandler ACBP=A9
 0001:00001CEC 0000000E C=CODE     S=.text    G=(none)   M=IdSchedulerOfThread ACBP=A9
 0001:00001CFC 0000000E C=CODE     S=.text    G=(none)   M=IdTCPServer ACBP=A9
 0001:00001D0C 0000000E C=CODE     S=.text    G=(none)   M=IdContext ACBP=A9
 0001:00001D1C 0000000E C=CODE     S=.text    G=(none)   M=IdSchedulerOfThreadDefault ACBP=A9
 0001:00001D2C 0000000E C=CODE     S=.text    G=(none)   M=IdGlobalCore ACBP=A9
 0001:00001D3C 0000000E C=CODE     S=.text    G=(none)   M=IdCmdTCPServer ACBP=A9
 0001:00001D4C 0000000E C=CODE     S=.text    G=(none)   M=IdCommandHandlers ACBP=A9
 0001:00001D5C 0000000E C=CODE     S=.text    G=(none)   M=IdSSL    ACBP=A9
 0001:00001D6C 0000000E C=CODE     S=.text    G=(none)   M=IdTCPStream ACBP=A9
 0001:00001D7C 0000000E C=CODE     S=.text    G=(none)   M=IdCoderBinHex4 ACBP=A9
 0001:00001D8C 0000000E C=CODE     S=.text    G=(none)   M=IdMessageCoderXXE ACBP=A9
 0001:00001D9C 0000000E C=CODE     S=.text    G=(none)   M=IdMessageCoderUUE ACBP=A9
 0001:00001DAC 0000000E C=CODE     S=.text    G=(none)   M=IdCoderXXE ACBP=A9
 0001:00001DBC 0000000E C=CODE     S=.text    G=(none)   M=IdCoder00E ACBP=A9
 0001:00001DCC 0000000E C=CODE     S=.text    G=(none)   M=IdCoderUUE ACBP=A9
 0001:00001DDC 0000000E C=CODE     S=.text    G=(none)   M=IdMessageCoderMIME ACBP=A9
 0001:00001DEC 0000000E C=CODE     S=.text    G=(none)   M=IdCoderQuotedPrintable ACBP=A9
 0001:00001DFC 0000000E C=CODE     S=.text    G=(none)   M=IdMessageCoderQuotedPrintable ACBP=A9
 0001:00001E0C 0000000E C=CODE     S=.text    G=(none)   M=IdMessageCoderBinHex4 ACBP=A9
 0001:00001E1C 0000000E C=CODE     S=.text    G=(none)   M=IdReplyPOP3 ACBP=A9
 0001:00001E2C 0000000E C=CODE     S=.text    G=(none)   M=IdHashMessageDigest ACBP=A9
 0001:00001E3C 0000000E C=CODE     S=.text    G=(none)   M=IdHash   ACBP=A9
 0001:00001E4C 0000000E C=CODE     S=.text    G=(none)   M=IdFIPS   ACBP=A9
 0001:00001E5C 0000000E C=CODE     S=.text    G=(none)   M=clserial ACBP=A9
 0001:00001E6C 0000000E C=CODE     S=.text    G=(none)   M=fmmensagemsimnaoopcaocancela ACBP=A9
 0001:00001E7C 0000000E C=CODE     S=.text    G=(none)   M=fmmensagemsimnaoopcaocancelammo ACBP=A9
 0001:00001E8C 0000000E C=CODE     S=.text    G=(none)   M=fmmensagemsimnaoopcaocancelammoxml ACBP=A9
 0001:00001E9C 0000000E C=CODE     S=.text    G=(none)   M=AdvMemo  ACBP=A9
 0001:00001EAC 0000000E C=CODE     S=.text    G=(none)   M=RTFEngine ACBP=A9
 0001:00001EBC 0000000E C=CODE     S=.text    G=(none)   M=AdvFindDialogForm ACBP=A9
 0001:00001ECC 0000000E C=CODE     S=.text    G=(none)   M=AdvReplaceDialogForm ACBP=A9
 0001:00001EDC 0000000E C=CODE     S=.text    G=(none)   M=Advmxml  ACBP=A9
 0001:00001EEC 0000000E C=CODE     S=.text    G=(none)   M=xmldom   ACBP=A9
 0001:00001EFC 0000000E C=CODE     S=.text    G=(none)   M=XMLConst ACBP=A9
 0001:00001F0C 0000000E C=CODE     S=.text    G=(none)   M=msxmldom ACBP=A9
 0001:00001F1C 0000000E C=CODE     S=.text    G=(none)   M=msxml    ACBP=A9
 0001:00001F2C 0000000E C=CODE     S=.text    G=(none)   M=XMLIntf  ACBP=A9
 0001:00001F3C 0000000E C=CODE     S=.text    G=(none)   M=XMLDoc   ACBP=A9
 0001:00001F4C 0000000E C=CODE     S=.text    G=(none)   M=XMLSchema ACBP=A9
 0001:00001F5C 0000000E C=CODE     S=.text    G=(none)   M=XMLSchemaTags ACBP=A9
 0001:00001F6C 0000000E C=CODE     S=.text    G=(none)   M=TreeList ACBP=A9
 0001:00001F7C 0000000E C=CODE     S=.text    G=(none)   M=Xmlxform ACBP=A9
 0001:00001F8C 0000000E C=CODE     S=.text    G=(none)   M=xmlutil  ACBP=A9
 0001:00001F9C 0000000E C=CODE     S=.text    G=(none)   M=ACBrEAD  ACBP=A9
 0001:00001FAC 0000000E C=CODE     S=.text    G=(none)   M=ACBrConsts ACBP=A9
 0001:00001FBC 0000000E C=CODE     S=.text    G=(none)   M=ACBrBase ACBP=A9
 0001:00001FCC 0000000E C=CODE     S=.text    G=(none)   M=ACBrUtil.Strings ACBP=A9
 0001:00001FDC 0000000E C=CODE     S=.text    G=(none)   M=ACBrUtil.Compatibilidade ACBP=A9
 0001:00001FEC 0000000E C=CODE     S=.text    G=(none)   M=ACBrUtil.Math ACBP=A9
 0001:00001FFC 0000000E C=CODE     S=.text    G=(none)   M=synautil ACBP=A9
 0001:0000200C 0000000E C=CODE     S=.text    G=(none)   M=synafpc  ACBP=A9
 0001:0000201C 0000000E C=CODE     S=.text    G=(none)   M=synacode ACBP=A9
 0001:0000202C 0000000E C=CODE     S=.text    G=(none)   M=ACBrUtil.FilesIO ACBP=A9
 0001:0000203C 0000000E C=CODE     S=.text    G=(none)   M=ACBrCompress ACBP=A9
 0001:0000204C 0000000E C=CODE     S=.text    G=(none)   M=ACBrZLibExGZ ACBP=A9
 0001:0000205C 0000000E C=CODE     S=.text    G=(none)   M=ACBrZLibEx ACBP=A9
 0001:0000206C 0000000E C=CODE     S=.text    G=(none)   M=ACBrZLibExApi ACBP=A9
 0001:0000207C 0000000E C=CODE     S=.text    G=(none)   M=ZLib     ACBP=A9
 0001:0000208C 0000000E C=CODE     S=.text    G=(none)   M=ZLibConst ACBP=A9
 0001:0000209C 0000000E C=CODE     S=.text    G=(none)   M=ACBrUtil.Base ACBP=A9
 0001:000020AC 0000000E C=CODE     S=.text    G=(none)   M=StrUtilsEx ACBP=A9
 0001:000020BC 0000000E C=CODE     S=.text    G=(none)   M=ACBrUtil.DateTime ACBP=A9
 0001:000020CC 0000000E C=CODE     S=.text    G=(none)   M=ACBrUtil.XMLHTML ACBP=A9
 0001:000020DC 0000000E C=CODE     S=.text    G=(none)   M=OpenSSLExt ACBP=A9
 0001:000020EC 00000096 C=CODE     S=.text    G=(none)   M=clparametrossistema ACBP=A9
 0001:00002184 00000016 C=CODE     S=.text    G=(none)   M=fr_class ACBP=A9
 0001:0000219C 0000000E C=CODE     S=.text    G=(none)   M=fr_const ACBP=A9
 0001:000021AC 0000000E C=CODE     S=.text    G=(none)   M=fr_api   ACBP=A9
 0001:000021BC 0000000E C=CODE     S=.text    G=(none)   M=Qt       ACBP=A9
 0001:000021CC 0000000E C=CODE     S=.text    G=(none)   M=BindHelp ACBP=A9
 0001:000021DC 0000000E C=CODE     S=.text    G=(none)   M=fr_dbrel ACBP=A9
 0001:000021EC 0000000E C=CODE     S=.text    G=(none)   M=fr_dbset ACBP=A9
 0001:000021FC 0000000E C=CODE     S=.text    G=(none)   M=ExcelExport ACBP=A9
 0001:0000220C 0000000E C=CODE     S=.text    G=(none)   M=Excel97  ACBP=A9
 0001:0000221C 0000000E C=CODE     S=.text    G=(none)   M=VBIDE97  ACBP=A9
 0001:0000222C 0000000E C=CODE     S=.text    G=(none)   M=StdVCL   ACBP=A9
 0001:0000223C 0000000E C=CODE     S=.text    G=(none)   M=OleServer ACBP=A9
 0001:0000224C 0000000E C=CODE     S=.text    G=(none)   M=OleConst ACBP=A9
 0001:0000225C 0000000E C=CODE     S=.text    G=(none)   M=Office97 ACBP=A9
 0001:0000226C 0000000E C=CODE     S=.text    G=(none)   M=QForms   ACBP=A9
 0001:0000227C 0000000E C=CODE     S=.text    G=(none)   M=QStyle   ACBP=A9
 0001:0000228C 0000000E C=CODE     S=.text    G=(none)   M=QGraphics ACBP=A9
 0001:0000229C 0000000E C=CODE     S=.text    G=(none)   M=QTypes   ACBP=A9
 0001:000022AC 0000000E C=CODE     S=.text    G=(none)   M=QConsts  ACBP=A9
 0001:000022BC 0000000E C=CODE     S=.text    G=(none)   M=QActnList ACBP=A9
 0001:000022CC 0000000E C=CODE     S=.text    G=(none)   M=QImgList ACBP=A9
 0001:000022DC 0000000E C=CODE     S=.text    G=(none)   M=QControls ACBP=A9
 0001:000022EC 0000000E C=CODE     S=.text    G=(none)   M=QMenus   ACBP=A9
 0001:000022FC 0000000E C=CODE     S=.text    G=(none)   M=QExtCtrls ACBP=A9
 0001:0000230C 0000000E C=CODE     S=.text    G=(none)   M=QStdCtrls ACBP=A9
 0001:0000231C 0000000E C=CODE     S=.text    G=(none)   M=QClipbrd ACBP=A9
 0001:0000232C 0000000E C=CODE     S=.text    G=(none)   M=QStdActns ACBP=A9
 0001:0000233C 0000000E C=CODE     S=.text    G=(none)   M=QSearch  ACBP=A9
 0001:0000234C 0000000E C=CODE     S=.text    G=(none)   M=QDialogs ACBP=A9
 0001:0000235C 0000000E C=CODE     S=.text    G=(none)   M=QFileDialog ACBP=A9
 0001:0000236C 0000000E C=CODE     S=.text    G=(none)   M=QFileCtrls ACBP=A9
 0001:0000237C 0000000E C=CODE     S=.text    G=(none)   M=QComCtrls ACBP=A9
 0001:0000238C 0000000E C=CODE     S=.text    G=(none)   M=QButtons ACBP=A9
 0001:0000239C 0000000E C=CODE     S=.text    G=(none)   M=fr_dset  ACBP=A9
 0001:000023AC 0000000E C=CODE     S=.text    G=(none)   M=fr_intrp ACBP=A9
 0001:000023BC 00000016 C=CODE     S=.text    G=(none)   M=fr_pars  ACBP=A9
 0001:000023D4 0000000E C=CODE     S=.text    G=(none)   M=fr_view  ACBP=A9
 0001:000023E4 0000000E C=CODE     S=.text    G=(none)   M=fr_dock  ACBP=A9
 0001:000023F4 0000000E C=CODE     S=.text    G=(none)   M=fr_ctrls ACBP=A9
 0001:00002404 0000000E C=CODE     S=.text    G=(none)   M=fr_utils ACBP=A9
 0001:00002414 0000000E C=CODE     S=.text    G=(none)   M=QPrinters ACBP=A9
 0001:00002424 0000000E C=CODE     S=.text    G=(none)   M=fr_progr ACBP=A9
 0001:00002434 0000000E C=CODE     S=.text    G=(none)   M=fr_prntr ACBP=A9
 0001:00002444 0000000E C=CODE     S=.text    G=(none)   M=fr_prdlg ACBP=A9
 0001:00002454 0000000E C=CODE     S=.text    G=(none)   M=fr_passw ACBP=A9
 0001:00002464 0000000E C=CODE     S=.text    G=(none)   M=QMask    ACBP=A9
 0001:00002474 0000000E C=CODE     S=.text    G=(none)   M=fr_fmted ACBP=A9
 0001:00002484 0000000E C=CODE     S=.text    G=(none)   M=IdHTTP   ACBP=A9
 0001:00002494 0000000E C=CODE     S=.text    G=(none)   M=IdUriUtils ACBP=A9
 0001:000024A4 0000000E C=CODE     S=.text    G=(none)   M=IdResourceStringsUriUtils ACBP=A9
 0001:000024B4 0000000E C=CODE     S=.text    G=(none)   M=IdMultipartFormData ACBP=A9
 0001:000024C4 0000000E C=CODE     S=.text    G=(none)   M=IdAuthenticationManager ACBP=A9
 0001:000024D4 0000000E C=CODE     S=.text    G=(none)   M=IdURI    ACBP=A9
 0001:000024E4 0000000E C=CODE     S=.text    G=(none)   M=IdAuthentication ACBP=A9
 0001:000024F4 0000000E C=CODE     S=.text    G=(none)   M=IdCookieManager ACBP=A9
 0001:00002504 0000000E C=CODE     S=.text    G=(none)   M=IdCookie ACBP=A9
 0001:00002514 0000000E C=CODE     S=.text    G=(none)   M=IdZLibCompressorBase ACBP=A9
 0001:00002524 0000000E C=CODE     S=.text    G=(none)   M=IdHTTPHeaderInfo ACBP=A9
 0001:00002534 0000000E C=CODE     S=.text    G=(none)   M=IdAllAuthentications ACBP=A9
 0001:00002544 0000000E C=CODE     S=.text    G=(none)   M=IdAuthenticationDigest ACBP=A9
 0001:00002554 0000000E C=CODE     S=.text    G=(none)   M=IdAuthenticationSSPI ACBP=A9
 0001:00002564 0000000E C=CODE     S=.text    G=(none)   M=IdSSPI   ACBP=A9
 0001:00002574 0000000E C=CODE     S=.text    G=(none)   M=IdResourceStringsSSPI ACBP=A9
 0001:00002584 0000000E C=CODE     S=.text    G=(none)   M=IdAuthenticationNTLM ACBP=A9
 0001:00002594 0000000E C=CODE     S=.text    G=(none)   M=IdNTLM   ACBP=A9
 0001:000025A4 0000000E C=CODE     S=.text    G=(none)   M=IdStruct ACBP=A9
 0001:000025B4 0000000E C=CODE     S=.text    G=(none)   M=IdSSLOpenSSLHeaders ACBP=A9
 0001:000025C4 0000000E C=CODE     S=.text    G=(none)   M=IdCTypes ACBP=A9
 0001:000025D4 0000000E C=CODE     S=.text    G=(none)   M=IdResourceStringsOpenSSL ACBP=A9
 0001:000025E4 0000000E C=CODE     S=.text    G=(none)   M=IdSSLOpenSSL ACBP=A9
 0001:000025F4 0000000E C=CODE     S=.text    G=(none)   M=pngimage ACBP=A9
 0001:00002604 0000000E C=CODE     S=.text    G=(none)   M=zlibpas  ACBP=A9
 0001:00002614 0000000E C=CODE     S=.text    G=(none)   M=pnglang  ACBP=A9
 0001:00002624 0000000E C=CODE     S=.text    G=(none)   M=fmprocessando ACBP=A9
 0001:00002634 0000000E C=CODE     S=.text    G=(none)   M=IdSMTP   ACBP=A9
 0001:00002644 0000000E C=CODE     S=.text    G=(none)   M=IdSMTPBase ACBP=A9
 0001:00002654 0000000E C=CODE     S=.text    G=(none)   M=IdReplySMTP ACBP=A9
 0001:00002664 0000000E C=CODE     S=.text    G=(none)   M=cpdatasource ACBP=A9
 0001:00002674 0000000E C=CODE     S=.text    G=(none)   M=AdvPicture ACBP=A9
 0001:00002684 0000000E C=CODE     S=.text    G=(none)   M=ACBrDelphiZXingQRCode ACBP=A9
 0001:00002694 0000000E C=CODE     S=.text    G=(none)   M=pcteConversaoCTe ACBP=A9
 0001:000026A4 0000000E C=CODE     S=.text    G=(none)   M=pcnConversao ACBP=A9
 0001:000026B4 0000000E C=CODE     S=.text    G=(none)   M=ACBrDFe.Conversao ACBP=A9
 0001:000026C4 0000000E C=CODE     S=.text    G=(none)   M=MPlayer  ACBP=A9
 0001:000026D4 00000038 C=CODE     S=.text    G=(none)   M=MMSystem ACBP=A9
 0001:0000270C 0000000E C=CODE     S=.text    G=(none)   M=uS3Storage ACBP=A9
 0001:0000271C 0000000E C=CODE     S=.text    G=(none)   M=blcksock ACBP=A9
 0001:0000272C 0000000E C=CODE     S=.text    G=(none)   M=synsock  ACBP=A9
 0001:0000273C 0000000E C=CODE     S=.text    G=(none)   M=synaip   ACBP=A9
 0001:0000274C 0000000E C=CODE     S=.text    G=(none)   M=httpsend ACBP=A9
 0001:0000275C 0000000E C=CODE     S=.text    G=(none)   M=ssl_openssl ACBP=A9
 0001:0000276C 0000000E C=CODE     S=.text    G=(none)   M=ssl_openssl_lib ACBP=A9
 0001:0000277C 0000000E C=CODE     S=.text    G=(none)   M=ACBrBarCode ACBP=A9
 0001:0000278C 0000000E C=CODE     S=.text    G=(none)   M=AJBarcode ACBP=A9
 0001:0000279C 0000000E C=CODE     S=.text    G=(none)   M=IdMessageBuilder ACBP=A9
 0001:000027AC 0000000E C=CODE     S=.text    G=(none)   M=IdAttachmentMemory ACBP=A9
 0001:000027BC 0000000E C=CODE     S=.text    G=(none)   M=ACBrTEFDClass ACBP=A9
 0001:000027CC 0000000E C=CODE     S=.text    G=(none)   M=ACBrTEFComum ACBP=A9
 0001:000027DC 0000000E C=CODE     S=.text    G=(none)   M=ACBrTEFD ACBP=A9
 0001:000027EC 0000000E C=CODE     S=.text    G=(none)   M=ACBrTEFDPayGo ACBP=A9
 0001:000027FC 0000000E C=CODE     S=.text    G=(none)   M=ACBrTEFDPayGoWeb ACBP=A9
 0001:0000280C 0000000E C=CODE     S=.text    G=(none)   M=ACBrTEFPayGoWebComum ACBP=A9
 0001:0000281C 0000000E C=CODE     S=.text    G=(none)   M=ACBrTEFPayGoComum ACBP=A9
 0001:0000282C 0000000E C=CODE     S=.text    G=(none)   M=ACBrTEFPayGoRedes ACBP=A9
 0001:0000283C 0000000E C=CODE     S=.text    G=(none)   M=ACBrValidador ACBP=A9
 0001:0000284C 0000000E C=CODE     S=.text    G=(none)   M=ACBrTEFDAuttar ACBP=A9
 0001:0000285C 0000000E C=CODE     S=.text    G=(none)   M=ACBrTEFDDial ACBP=A9
 0001:0000286C 0000000E C=CODE     S=.text    G=(none)   M=ACBrTEFDDisc ACBP=A9
 0001:0000287C 0000000E C=CODE     S=.text    G=(none)   M=ACBrTEFDHiper ACBP=A9
 0001:0000288C 0000000E C=CODE     S=.text    G=(none)   M=ACBrTEFDCliSiTef ACBP=A9
 0001:0000289C 0000000E C=CODE     S=.text    G=(none)   M=ACBrTEFCliSiTefComum ACBP=A9
 0001:000028AC 0000000E C=CODE     S=.text    G=(none)   M=ACBrTEFDGpu ACBP=A9
 0001:000028BC 0000000E C=CODE     S=.text    G=(none)   M=ACBrTEFDVeSPague ACBP=A9
 0001:000028CC 0000000E C=CODE     S=.text    G=(none)   M=ACBrTEFDBanese ACBP=A9
 0001:000028DC 0000000E C=CODE     S=.text    G=(none)   M=ACBrTEFDGoodCard ACBP=A9
 0001:000028EC 0000000E C=CODE     S=.text    G=(none)   M=ACBrTEFDFoxWin ACBP=A9
 0001:000028FC 0000000E C=CODE     S=.text    G=(none)   M=ACBrTEFDCliDTEF ACBP=A9
 0001:0000290C 0000000E C=CODE     S=.text    G=(none)   M=ACBrTEFDPetroCard ACBP=A9
 0001:0000291C 0000000E C=CODE     S=.text    G=(none)   M=ACBrTEFDCrediShop ACBP=A9
 0001:0000292C 0000000E C=CODE     S=.text    G=(none)   M=ACBrTEFDTicketCar ACBP=A9
 0001:0000293C 0000000E C=CODE     S=.text    G=(none)   M=ACBrTEFDConvCard ACBP=A9
 0001:0000294C 0000000E C=CODE     S=.text    G=(none)   M=ACBrTEFDCappta ACBP=A9
 0001:0000295C 0000000E C=CODE     S=.text    G=(none)   M=ACBrTEFDCliSiTefModular ACBP=A9
 0001:0000296C 0000000E C=CODE     S=.text    G=(none)   M=ACBrTEFDDirecao ACBP=A9
 0001:0000297C 0000000E C=CODE     S=.text    G=(none)   M=WebPGraphic ACBP=A9
 0001:0000298C 0000002E C=CODE     S=.text    G=(none)   M=cpdbgrid ACBP=A9
 0001:000029BC 0000000E C=CODE     S=.text    G=(none)   M=fmVisualizacaoCampos ACBP=A9
 0001:000029CC 0000000E C=CODE     S=.text    G=(none)   M=AdvCGrid ACBP=A9
 0001:000029DC 0000000E C=CODE     S=.text    G=(none)   M=cttef    ACBP=A9
 0001:000029EC 0000000E C=CODE     S=.text    G=(none)   M=cptransact ACBP=A9
 0001:000029FC 0000000E C=CODE     S=.text    G=(none)   M=dmtecsoft ACBP=A9
 0001:00002A0C 0000000E C=CODE     S=.text    G=(none)   M=fmlogin  ACBP=A9
 0001:00002A1C 0000000E C=CODE     S=.text    G=(none)   M=fmsplash ACBP=A9
 0001:00002A2C 0000000E C=CODE     S=.text    G=(none)   M=fmrenovarsenha ACBP=A9
 0001:00002A3C 0000000E C=CODE     S=.text    G=(none)   M=dmsenhaautorizacao ACBP=A9
 0001:00002A4C 0000000E C=CODE     S=.text    G=(none)   M=fmautorizacao ACBP=A9
 0001:00002A5C 0000000E C=CODE     S=.text    G=(none)   M=fmloginbasico ACBP=A9
 0001:00002A6C 0000000E C=CODE     S=.text    G=(none)   M=fmsenhaautorizacao ACBP=A9
 0001:00002A7C 00000016 C=CODE     S=.text    G=(none)   M=cpnumero ACBP=A9
 0001:00002A94 0000000E C=CODE     S=.text    G=(none)   M=clfinanceira ACBP=A9
 0001:00002AA4 0000000E C=CODE     S=.text    G=(none)   M=frxClass ACBP=A9
 0001:00002AB4 0000000E C=CODE     S=.text    G=(none)   M=frxVariables ACBP=A9
 0001:00002AC4 0000000E C=CODE     S=.text    G=(none)   M=frxXML   ACBP=A9
 0001:00002AD4 0000000E C=CODE     S=.text    G=(none)   M=frxXMLSerializer ACBP=A9
 0001:00002AE4 0000000E C=CODE     S=.text    G=(none)   M=frxProgress ACBP=A9
 0001:00002AF4 0000000E C=CODE     S=.text    G=(none)   M=frxRes   ACBP=A9
 0001:00002B04 0000000E C=CODE     S=.text    G=(none)   M=frxUtils ACBP=A9
 0001:00002B14 0000000E C=CODE     S=.text    G=(none)   M=fs_iinterpreter ACBP=A9
 0001:00002B24 0000000E C=CODE     S=.text    G=(none)   M=fs_xml   ACBP=A9
 0001:00002B34 0000000E C=CODE     S=.text    G=(none)   M=fs_isysrtti ACBP=A9
 0001:00002B44 0000000E C=CODE     S=.text    G=(none)   M=fs_itools ACBP=A9
 0001:00002B54 0000000E C=CODE     S=.text    G=(none)   M=fs_iparser ACBP=A9
 0001:00002B64 0000000E C=CODE     S=.text    G=(none)   M=fs_iconst ACBP=A9
 0001:00002B74 0000000E C=CODE     S=.text    G=(none)   M=fs_iexpression ACBP=A9
 0001:00002B84 0000000E C=CODE     S=.text    G=(none)   M=fs_iilparser ACBP=A9
 0001:00002B94 0000000E C=CODE     S=.text    G=(none)   M=fs_idisp ACBP=A9
 0001:00002BA4 0000000E C=CODE     S=.text    G=(none)   M=frxUnicodeUtils ACBP=A9
 0001:00002BB4 0000000E C=CODE     S=.text    G=(none)   M=frxEngine ACBP=A9
 0001:00002BC4 0000000E C=CODE     S=.text    G=(none)   M=frxAggregate ACBP=A9
 0001:00002BD4 0000000E C=CODE     S=.text    G=(none)   M=frxDMPClass ACBP=A9
 0001:00002BE4 0000000E C=CODE     S=.text    G=(none)   M=frxDsgnIntf ACBP=A9
 0001:00002BF4 0000000E C=CODE     S=.text    G=(none)   M=frxPreviewPages ACBP=A9
 0001:00002C04 0000000E C=CODE     S=.text    G=(none)   M=frxPictureCache ACBP=A9
 0001:00002C14 0000000E C=CODE     S=.text    G=(none)   M=frxPreview ACBP=A9
 0001:00002C24 0000000E C=CODE     S=.text    G=(none)   M=frxCtrls ACBP=A9
 0001:00002C34 0000000E C=CODE     S=.text    G=(none)   M=frxPrinter ACBP=A9
 0001:00002C44 0000000E C=CODE     S=.text    G=(none)   M=frxDock  ACBP=A9
 0001:00002C54 0000000E C=CODE     S=.text    G=(none)   M=frxSearchDialog ACBP=A9
 0001:00002C64 0000000E C=CODE     S=.text    G=(none)   M=frxPreviewPageSettings ACBP=A9
 0001:00002C74 0000000E C=CODE     S=.text    G=(none)   M=frxPrintDialog ACBP=A9
 0001:00002C84 0000000E C=CODE     S=.text    G=(none)   M=frxPassw ACBP=A9
 0001:00002C94 0000000E C=CODE     S=.text    G=(none)   M=frxGraphicUtils ACBP=A9
 0001:00002CA4 0000000E C=CODE     S=.text    G=(none)   M=frxDialogForm ACBP=A9
 0001:00002CB4 0000000E C=CODE     S=.text    G=(none)   M=frxrcClass ACBP=A9
 0001:00002CC4 0000000E C=CODE     S=.text    G=(none)   M=frxClassRTTI ACBP=A9
 0001:00002CD4 0000000E C=CODE     S=.text    G=(none)   M=fs_iformsrtti ACBP=A9
 0001:00002CE4 0000000E C=CODE     S=.text    G=(none)   M=fs_ievents ACBP=A9
 0001:00002CF4 0000000E C=CODE     S=.text    G=(none)   M=fs_iclassesrtti ACBP=A9
 0001:00002D04 0000000E C=CODE     S=.text    G=(none)   M=fs_igraphicsrtti ACBP=A9
 0001:00002D14 0000000E C=CODE     S=.text    G=(none)   M=frxInheritError ACBP=A9
 0001:00002D24 0000000E C=CODE     S=.text    G=(none)   M=fs_ipascal ACBP=A9
 0001:00002D34 0000000E C=CODE     S=.text    G=(none)   M=fs_icpp  ACBP=A9
 0001:00002D44 0000000E C=CODE     S=.text    G=(none)   M=fs_ibasic ACBP=A9
 0001:00002D54 0000000E C=CODE     S=.text    G=(none)   M=fs_ijs   ACBP=A9
 0001:00002D64 0000000E C=CODE     S=.text    G=(none)   M=fs_idialogsrtti ACBP=A9
 0001:00002D74 0000000E C=CODE     S=.text    G=(none)   M=fs_iinirtti ACBP=A9
 0001:00002D84 0000000E C=CODE     S=.text    G=(none)   M=frxChm   ACBP=A9
 0001:00002D94 0000000E C=CODE     S=.text    G=(none)   M=frxGZip  ACBP=A9
 0001:00002DA4 0000000E C=CODE     S=.text    G=(none)   M=frxZLib  ACBP=A9
 0001:00002DB4 0000004E C=CODE     S=.text    G=(none)   M=clnfe    ACBP=A9
 0001:00002E04 0000000E C=CODE     S=.text    G=(none)   M=fmmensagemgridnfe ACBP=A9
 0001:00002E14 0000000E C=CODE     S=.text    G=(none)   M=cptexto  ACBP=A9
 0001:00002E24 0000000E C=CODE     S=.text    G=(none)   M=ACBrNFSe ACBP=A9
 0001:00002E34 0000000E C=CODE     S=.text    G=(none)   M=ACBrDFe  ACBP=A9
 0001:00002E44 0000000E C=CODE     S=.text    G=(none)   M=ACBrDFeConfiguracoes ACBP=A9
 0001:00002E54 0000000E C=CODE     S=.text    G=(none)   M=pcnAuxiliar ACBP=A9
 0001:00002E64 0000000E C=CODE     S=.text    G=(none)   M=ACBrDFeSSL ACBP=A9
 0001:00002E74 0000000E C=CODE     S=.text    G=(none)   M=ACBrDFeUtil ACBP=A9
 0001:00002E84 0000000E C=CODE     S=.text    G=(none)   M=ACBrIBGE ACBP=A9
 0001:00002E94 0000000E C=CODE     S=.text    G=(none)   M=ACBrSocket ACBP=A9
 0001:00002EA4 0000000E C=CODE     S=.text    G=(none)   M=ACBrMail ACBP=A9
 0001:00002EB4 0000000E C=CODE     S=.text    G=(none)   M=smtpsend ACBP=A9
 0001:00002EC4 0000000E C=CODE     S=.text    G=(none)   M=mimepart ACBP=A9
 0001:00002ED4 0000000E C=CODE     S=.text    G=(none)   M=synachar ACBP=A9
 0001:00002EE4 0000000E C=CODE     S=.text    G=(none)   M=synaicnv ACBP=A9
 0001:00002EF4 0000000E C=CODE     S=.text    G=(none)   M=mimeinln ACBP=A9
 0001:00002F04 0000000E C=CODE     S=.text    G=(none)   M=mimemess ACBP=A9
 0001:00002F14 0000000E C=CODE     S=.text    G=(none)   M=ACBrIntegrador ACBP=A9
 0001:00002F24 0000000E C=CODE     S=.text    G=(none)   M=pcnGerador ACBP=A9
 0001:00002F34 0000000E C=CODE     S=.text    G=(none)   M=pcnConsts ACBP=A9
 0001:00002F44 0000000E C=CODE     S=.text    G=(none)   M=pcnLeitor ACBP=A9
 0001:00002F54 0000000E C=CODE     S=.text    G=(none)   M=HtmlUtilsDelphi6 ACBP=A9
 0001:00002F64 0000000E C=CODE     S=.text    G=(none)   M=pcnVFPe  ACBP=A9
 0001:00002F74 0000000E C=CODE     S=.text    G=(none)   M=ACBrIntegradorResposta ACBP=A9
 0001:00002F84 0000000E C=CODE     S=.text    G=(none)   M=pcnVFPeW ACBP=A9
 0001:00002F94 0000000E C=CODE     S=.text    G=(none)   M=pcnVFPeR ACBP=A9
 0001:00002FA4 0000000E C=CODE     S=.text    G=(none)   M=ACBrDFeConsts ACBP=A9
 0001:00002FB4 0000000E C=CODE     S=.text    G=(none)   M=ACBrDFeException ACBP=A9
 0001:00002FC4 0000000E C=CODE     S=.text    G=(none)   M=ACBrDFeOpenSSL ACBP=A9
 0001:00002FD4 0000000E C=CODE     S=.text    G=(none)   M=ACBrDFeWinCrypt ACBP=A9
 0001:00002FE4 0000000E C=CODE     S=.text    G=(none)   M=ACBr_WinCrypt ACBP=A9
 0001:00002FF4 0000000E C=CODE     S=.text    G=(none)   M=ACBr_BCrypt ACBP=A9
 0001:00003004 00000038 C=CODE     S=.text    G=(none)   M=ACBr_NTStatus ACBP=A9
 0001:0000303C 0000000E C=CODE     S=.text    G=(none)   M=ACBr_NCrypt ACBP=A9
 0001:0000304C 0000000E C=CODE     S=.text    G=(none)   M=ACBrOpenSSLUtils ACBP=A9
 0001:0000305C 0000000E C=CODE     S=.text    G=(none)   M=ACBrDFeHttpOpenSSL ACBP=A9
 0001:0000306C 0000000E C=CODE     S=.text    G=(none)   M=ACBrDFeXsLibXml2 ACBP=A9
 0001:0000307C 0000000E C=CODE     S=.text    G=(none)   M=ACBrLibXml2 ACBP=A9
 0001:0000308C 0000000E C=CODE     S=.text    G=(none)   M=ACBrDFeHttpIndy ACBP=A9
 0001:0000309C 0000000E C=CODE     S=.text    G=(none)   M=SOAPHTTPClient ACBP=A9
 0001:000030AC 0000000E C=CODE     S=.text    G=(none)   M=WebNode  ACBP=A9
 0001:000030BC 0000000E C=CODE     S=.text    G=(none)   M=SOAPAttachIntf ACBP=A9
 0001:000030CC 0000000E C=CODE     S=.text    G=(none)   M=InvokeRegistry ACBP=A9
 0001:000030DC 0000000E C=CODE     S=.text    G=(none)   M=IntfInfo ACBP=A9
 0001:000030EC 0000000E C=CODE     S=.text    G=(none)   M=SOAPConst ACBP=A9
 0001:000030FC 0000000E C=CODE     S=.text    G=(none)   M=HTTPUtil ACBP=A9
 0001:0000310C 0000000E C=CODE     S=.text    G=(none)   M=SOAPHTTPTrans ACBP=A9
 0001:0000311C 00000038 C=CODE     S=.text    G=(none)   M=WinSock  ACBP=A9
 0001:00003154 0000000E C=CODE     S=.text    G=(none)   M=SOAPAttach ACBP=A9
 0001:00003164 0000000E C=CODE     S=.text    G=(none)   M=WSDLIntf ACBP=A9
 0001:00003174 0000000E C=CODE     S=.text    G=(none)   M=HTTPApp  ACBP=A9
 0001:00003184 0000000E C=CODE     S=.text    G=(none)   M=Masks    ACBP=A9
 0001:00003194 0000000E C=CODE     S=.text    G=(none)   M=BrkrConst ACBP=A9
 0001:000031A4 0000000E C=CODE     S=.text    G=(none)   M=WebConst ACBP=A9
 0001:000031B4 0000000E C=CODE     S=.text    G=(none)   M=WSDLNode ACBP=A9
 0001:000031C4 0000000E C=CODE     S=.text    G=(none)   M=WSDLItems ACBP=A9
 0001:000031D4 0000000E C=CODE     S=.text    G=(none)   M=WSDLBind ACBP=A9
 0001:000031E4 0000000E C=CODE     S=.text    G=(none)   M=OPConvert ACBP=A9
 0001:000031F4 0000000E C=CODE     S=.text    G=(none)   M=UDDIHelper ACBP=A9
 0001:00003204 0000000E C=CODE     S=.text    G=(none)   M=inquire_v1 ACBP=A9
 0001:00003214 0000000E C=CODE     S=.text    G=(none)   M=XSBuiltIns ACBP=A9
 0001:00003224 0000000E C=CODE     S=.text    G=(none)   M=OPToSOAPDomConv ACBP=A9
 0001:00003234 0000000E C=CODE     S=.text    G=(none)   M=SOAPDomConv ACBP=A9
 0001:00003244 0000000E C=CODE     S=.text    G=(none)   M=SOAPEnv  ACBP=A9
 0001:00003254 0000000E C=CODE     S=.text    G=(none)   M=xercesxmldom ACBP=A9
 0001:00003264 0000000E C=CODE     S=.text    G=(none)   M=oxmldom  ACBP=A9
 0001:00003274 0000000E C=CODE     S=.text    G=(none)   M=xdom     ACBP=A9
 0001:00003284 0000000E C=CODE     S=.text    G=(none)   M=OPToSOAPDomCustom ACBP=A9
 0001:00003294 0000000E C=CODE     S=.text    G=(none)   M=TypeTrans ACBP=A9
 0001:000032A4 0000000E C=CODE     S=.text    G=(none)   M=EncdDecd ACBP=A9
 0001:000032B4 0000000E C=CODE     S=.text    G=(none)   M=InvRules ACBP=A9
 0001:000032C4 0000000E C=CODE     S=.text    G=(none)   M=Rio      ACBP=A9
 0001:000032D4 0000000E C=CODE     S=.text    G=(none)   M=WebServExp ACBP=A9
 0001:000032E4 0000000E C=CODE     S=.text    G=(none)   M=ACBrDFeHttpWinApi ACBP=A9
 0001:000032F4 0000000E C=CODE     S=.text    G=(none)   M=ACBrWinReqRespClass ACBP=A9
 0001:00003304 0000000E C=CODE     S=.text    G=(none)   M=ACBr_WinHttp ACBP=A9
 0001:00003314 0000000E C=CODE     S=.text    G=(none)   M=ACBrWinHTTPReqResp ACBP=A9
 0001:00003324 0000000E C=CODE     S=.text    G=(none)   M=ACBrWinINetReqResp ACBP=A9
 0001:00003334 0000000E C=CODE     S=.text    G=(none)   M=ACBrNFSeDANFSeClass ACBP=A9
 0001:00003344 0000000E C=CODE     S=.text    G=(none)   M=ACBrDFeReport ACBP=A9
 0001:00003354 0000000E C=CODE     S=.text    G=(none)   M=pnfsNFSe ACBP=A9
 0001:00003364 0000000E C=CODE     S=.text    G=(none)   M=pnfsConversao ACBP=A9
 0001:00003374 0000000E C=CODE     S=.text    G=(none)   M=ACBrNFSeConfiguracoes ACBP=A9
 0001:00003384 0000000E C=CODE     S=.text    G=(none)   M=ACBrNFSeNotasFiscais ACBP=A9
 0001:00003394 0000000E C=CODE     S=.text    G=(none)   M=pnfsNFSeR ACBP=A9
 0001:000033A4 0000000E C=CODE     S=.text    G=(none)   M=pnfsNFSeW ACBP=A9
 0001:000033B4 0000000E C=CODE     S=.text    G=(none)   M=pnfsNFSeW_ABRASFv1 ACBP=A9
 0001:000033C4 0000000E C=CODE     S=.text    G=(none)   M=pnfsConsts ACBP=A9
 0001:000033D4 0000000E C=CODE     S=.text    G=(none)   M=pnfsNFSeW_ABRASFv2 ACBP=A9
 0001:000033E4 0000000E C=CODE     S=.text    G=(none)   M=pnfsNFSeW_EGoverneISS ACBP=A9
 0001:000033F4 0000000E C=CODE     S=.text    G=(none)   M=pnfsNFSeW_EL ACBP=A9
 0001:00003404 0000000E C=CODE     S=.text    G=(none)   M=pnfsNFSeW_Equiplano ACBP=A9
 0001:00003414 0000000E C=CODE     S=.text    G=(none)   M=pnfsNFSeW_Infisc ACBP=A9
 0001:00003424 0000000E C=CODE     S=.text    G=(none)   M=pnfsNFSeW_ISSDSF ACBP=A9
 0001:00003434 0000000E C=CODE     S=.text    G=(none)   M=pnfsNFSeW_Governa ACBP=A9
 0001:00003444 0000000E C=CODE     S=.text    G=(none)   M=pnfsNFSeW_SP ACBP=A9
 0001:00003454 0000000E C=CODE     S=.text    G=(none)   M=pnfsNFSeW_CONAM ACBP=A9
 0001:00003464 0000000E C=CODE     S=.text    G=(none)   M=pnfsNFSeW_Agili ACBP=A9
 0001:00003474 0000000E C=CODE     S=.text    G=(none)   M=pnfsNFSeW_SMARAPD ACBP=A9
 0001:00003484 0000000E C=CODE     S=.text    G=(none)   M=pnfsNFSeW_IPM ACBP=A9
 0001:00003494 0000000E C=CODE     S=.text    G=(none)   M=pnfsNFSeW_AssessorPublico ACBP=A9
 0001:000034A4 0000000E C=CODE     S=.text    G=(none)   M=pnfsNFSeW_WebFisco ACBP=A9
 0001:000034B4 0000000E C=CODE     S=.text    G=(none)   M=pnfsNFSeW_Lencois ACBP=A9
 0001:000034C4 0000000E C=CODE     S=.text    G=(none)   M=pnfsNFSeW_Giap ACBP=A9
 0001:000034D4 0000000E C=CODE     S=.text    G=(none)   M=pnfsNFSeW_Elotech ACBP=A9
 0001:000034E4 0000000E C=CODE     S=.text    G=(none)   M=pnfsNFSeW_Siat ACBP=A9
 0001:000034F4 0000000E C=CODE     S=.text    G=(none)   M=pnfsNFSeW_GeisWeb ACBP=A9
 0001:00003504 0000000E C=CODE     S=.text    G=(none)   M=pnfsNFSeW_SigISS ACBP=A9
 0001:00003514 0000000E C=CODE     S=.text    G=(none)   M=ACBrNFSeWebServices ACBP=A9
 0001:00003524 0000000E C=CODE     S=.text    G=(none)   M=ACBrDFeWebService ACBP=A9
 0001:00003534 0000000E C=CODE     S=.text    G=(none)   M=ACBrXmlWriter ACBP=A9
 0001:00003544 0000000E C=CODE     S=.text    G=(none)   M=pcnSignature ACBP=A9
 0001:00003554 0000000E C=CODE     S=.text    G=(none)   M=ACBrXmlBase ACBP=A9
 0001:00003564 0000000E C=CODE     S=.text    G=(none)   M=ACBrXmlDocument ACBP=A9
 0001:00003574 0000000E C=CODE     S=.text    G=(none)   M=pnfsNFSeG ACBP=A9
 0001:00003584 0000000E C=CODE     S=.text    G=(none)   M=pnfsLerListaNFSe ACBP=A9
 0001:00003594 0000000E C=CODE     S=.text    G=(none)   M=pnfsEnvLoteRpsResposta ACBP=A9
 0001:000035A4 0000000E C=CODE     S=.text    G=(none)   M=pnfsConsSitLoteRpsResposta ACBP=A9
 0001:000035B4 0000000E C=CODE     S=.text    G=(none)   M=pnfsCancNfseResposta ACBP=A9
 0001:000035C4 0000000E C=CODE     S=.text    G=(none)   M=pnfsSubsNfseResposta ACBP=A9
 0001:000035D4 0000000E C=CODE     S=.text    G=(none)   M=pnfsAbrirSessaoResposta ACBP=A9
 0001:000035E4 0000000E C=CODE     S=.text    G=(none)   M=pnfsConsURLResposta ACBP=A9
 0001:000035F4 0000000E C=CODE     S=.text    G=(none)   M=ACBrNFe  ACBP=A9
 0001:00003604 0000000E C=CODE     S=.text    G=(none)   M=ACBrNFeConfiguracoes ACBP=A9
 0001:00003614 0000000E C=CODE     S=.text    G=(none)   M=pcnConversaoNFe ACBP=A9
 0001:00003624 0000000E C=CODE     S=.text    G=(none)   M=ACBrNFeWebServices ACBP=A9
 0001:00003634 0000000E C=CODE     S=.text    G=(none)   M=ACBrNFe.Classes ACBP=A9
 0001:00003644 0000000E C=CODE     S=.text    G=(none)   M=ACBrNFe.Conversao ACBP=A9
 0001:00003654 0000000E C=CODE     S=.text    G=(none)   M=pcnProcNFe ACBP=A9
 0001:00003664 0000000E C=CODE     S=.text    G=(none)   M=ACBrNFe.Consts ACBP=A9
 0001:00003674 0000000E C=CODE     S=.text    G=(none)   M=pcnRetConsReciDFe ACBP=A9
 0001:00003684 0000000E C=CODE     S=.text    G=(none)   M=ACBrDFeComum.RetConsCad ACBP=A9
 0001:00003694 0000000E C=CODE     S=.text    G=(none)   M=ACBrNFe.AdmCSC ACBP=A9
 0001:000036A4 0000000E C=CODE     S=.text    G=(none)   M=ACBrNFe.RetAdmCSC ACBP=A9
 0001:000036B4 0000000E C=CODE     S=.text    G=(none)   M=ACBrNFe.RetConsSit ACBP=A9
 0001:000036C4 0000000E C=CODE     S=.text    G=(none)   M=ACBrDFeComum.Proc ACBP=A9
 0001:000036D4 0000000E C=CODE     S=.text    G=(none)   M=ACBrNFe.RetEnvEvento ACBP=A9
 0001:000036E4 0000000E C=CODE     S=.text    G=(none)   M=ACBrNFe.EventoClass ACBP=A9
 0001:000036F4 0000000E C=CODE     S=.text    G=(none)   M=ACBrNFe.EnvEvento ACBP=A9
 0001:00003704 0000000E C=CODE     S=.text    G=(none)   M=ACBrJSON ACBP=A9
 0001:00003714 0000000E C=CODE     S=.text    G=(none)   M=ACBrDFeComum.DistDFeInt ACBP=A9
 0001:00003724 0000000E C=CODE     S=.text    G=(none)   M=ACBrDFeComum.RetDistDFeInt ACBP=A9
 0001:00003734 0000000E C=CODE     S=.text    G=(none)   M=ACBrDFeComum.RetEnvio ACBP=A9
 0001:00003744 0000000E C=CODE     S=.text    G=(none)   M=ACBrNFeNotasFiscais ACBP=A9
 0001:00003754 0000000E C=CODE     S=.text    G=(none)   M=ACBrNFe.XmlReader ACBP=A9
 0001:00003764 0000000E C=CODE     S=.text    G=(none)   M=ACBrXmlReader ACBP=A9
 0001:00003774 0000000E C=CODE     S=.text    G=(none)   M=ACBrNFe.XmlWriter ACBP=A9
 0001:00003784 0000000E C=CODE     S=.text    G=(none)   M=ACBrNFe.IniReader ACBP=A9
 0001:00003794 0000000E C=CODE     S=.text    G=(none)   M=ACBrNFe.IniWriter ACBP=A9
 0001:000037A4 0000000E C=CODE     S=.text    G=(none)   M=ACBrNFe.JSONReader ACBP=A9
 0001:000037B4 0000000E C=CODE     S=.text    G=(none)   M=ACBrNFe.JSONWriter ACBP=A9
 0001:000037C4 0000000E C=CODE     S=.text    G=(none)   M=ACBrDFeDANFeReport ACBP=A9
 0001:000037D4 0000000E C=CODE     S=.text    G=(none)   M=ACBrNFe.Inut ACBP=A9
 0001:000037E4 0000000E C=CODE     S=.text    G=(none)   M=ACBrNFe.RetInut ACBP=A9
 0001:000037F4 0000000E C=CODE     S=.text    G=(none)   M=ACBrDFeComum.ConsCad ACBP=A9
 0001:00003804 0000000E C=CODE     S=.text    G=(none)   M=ACBrDFeComum.ConsStatServ ACBP=A9
 0001:00003814 0000000E C=CODE     S=.text    G=(none)   M=ACBrDFeComum.RetConsStatServ ACBP=A9
 0001:00003824 0000000E C=CODE     S=.text    G=(none)   M=ACBrNFe.ConsSit ACBP=A9
 0001:00003834 0000000E C=CODE     S=.text    G=(none)   M=pcnConsReciDFe ACBP=A9
 0001:00003844 0000000E C=CODE     S=.text    G=(none)   M=ACBrNFe.ValidarRegrasdeNegocio ACBP=A9
 0001:00003854 0000000E C=CODE     S=.text    G=(none)   M=ACBrNFeDANFEClass ACBP=A9
 0001:00003864 0000000E C=CODE     S=.text    G=(none)   M=ACBrNFeDANFEFR ACBP=A9
 0001:00003874 0000000E C=CODE     S=.text    G=(none)   M=ACBrNFeDANFEFRDM ACBP=A9
 0001:00003884 0000000E C=CODE     S=.text    G=(none)   M=frxExportPDF ACBP=A9
 0001:00003894 0000000E C=CODE     S=.text    G=(none)   M=frxPDFFile ACBP=A9
 0001:000038A4 0000000E C=CODE     S=.text    G=(none)   M=frxFileUtils ACBP=A9
 0001:000038B4 00000016 C=CODE     S=.text    G=(none)   M=FileCtrl ACBP=A9
 0001:000038CC 0000000E C=CODE     S=.text    G=(none)   M=frxrcExports ACBP=A9
 0001:000038DC 0000000E C=CODE     S=.text    G=(none)   M=frxDBSet ACBP=A9
 0001:000038EC 0000000E C=CODE     S=.text    G=(none)   M=frxBarcode ACBP=A9
 0001:000038FC 0000000E C=CODE     S=.text    G=(none)   M=frxBarcod ACBP=A9
 0001:0000390C 0000000E C=CODE     S=.text    G=(none)   M=frxBarcodeEditor ACBP=A9
 0001:0000391C 0000000E C=CODE     S=.text    G=(none)   M=frxCustomEditors ACBP=A9
 0001:0000392C 0000000E C=CODE     S=.text    G=(none)   M=frxEditMemo ACBP=A9
 0001:0000393C 0000000E C=CODE     S=.text    G=(none)   M=frxEditFormat ACBP=A9
 0001:0000394C 0000000E C=CODE     S=.text    G=(none)   M=frxEditHighlight ACBP=A9
 0001:0000395C 0000000E C=CODE     S=.text    G=(none)   M=frxEditSysMemo ACBP=A9
 0001:0000396C 0000000E C=CODE     S=.text    G=(none)   M=frxUnicodeCtrls ACBP=A9
 0001:0000397C 0000000E C=CODE     S=.text    G=(none)   M=frxBarcodeRTTI ACBP=A9
 0001:0000398C 0000000E C=CODE     S=.text    G=(none)   M=ACBrUtil.FR ACBP=A9
 0001:0000399C 0000000E C=CODE     S=.text    G=(none)   M=ACBrImage ACBP=A9
 0001:000039AC 0000000E C=CODE     S=.text    G=(none)   M=ACBrNFeDANFeRLClass ACBP=A9
 0001:000039BC 0000000E C=CODE     S=.text    G=(none)   M=ACBrNFeDANFeRL ACBP=A9
 0001:000039CC 0000000E C=CODE     S=.text    G=(none)   M=ACBrDFeReportFortes ACBP=A9
 0001:000039DC 0000000E C=CODE     S=.text    G=(none)   M=RLReport ACBP=A9
 0001:000039EC 0000000E C=CODE     S=.text    G=(none)   M=RLMetaVCL ACBP=A9
 0001:000039FC 0000000E C=CODE     S=.text    G=(none)   M=RLMetaFile ACBP=A9
 0001:00003A0C 0000000E C=CODE     S=.text    G=(none)   M=RLUtils  ACBP=A9
 0001:00003A1C 0000000E C=CODE     S=.text    G=(none)   M=RLConsts ACBP=A9
 0001:00003A2C 0000000E C=CODE     S=.text    G=(none)   M=RLFeedBack ACBP=A9
 0001:00003A3C 0000000E C=CODE     S=.text    G=(none)   M=RLParser ACBP=A9
 0001:00003A4C 0000000E C=CODE     S=.text    G=(none)   M=RLFilters ACBP=A9
 0001:00003A5C 0000000E C=CODE     S=.text    G=(none)   M=RLTypes  ACBP=A9
 0001:00003A6C 0000000E C=CODE     S=.text    G=(none)   M=RLPrinters ACBP=A9
 0001:00003A7C 0000000E C=CODE     S=.text    G=(none)   M=RLSpoolFilter ACBP=A9
 0001:00003A8C 0000000E C=CODE     S=.text    G=(none)   M=RLPrintDialog ACBP=A9
 0001:00003A9C 0000000E C=CODE     S=.text    G=(none)   M=RLPreviewForm ACBP=A9
 0001:00003AAC 0000000E C=CODE     S=.text    G=(none)   M=RLPreview ACBP=A9
 0001:00003ABC 0000000E C=CODE     S=.text    G=(none)   M=RLSaveDialog ACBP=A9
 0001:00003ACC 0000000E C=CODE     S=.text    G=(none)   M=RLFindDialog ACBP=A9
 0001:00003ADC 0000000E C=CODE     S=.text    G=(none)   M=RLPDFFilter ACBP=A9
 0001:00003AEC 0000000E C=CODE     S=.text    G=(none)   M=ACBrNFeDANFeEventoRL ACBP=A9
 0001:00003AFC 0000000E C=CODE     S=.text    G=(none)   M=ACBrNFeDANFeRLRetrato ACBP=A9
 0001:00003B0C 0000000E C=CODE     S=.text    G=(none)   M=RLBarcode ACBP=A9
 0001:00003B1C 0000000E C=CODE     S=.text    G=(none)   M=ACBrNFeDANFeRLPaisagem ACBP=A9
 0001:00003B2C 0000000E C=CODE     S=.text    G=(none)   M=ACBrNFeDANFeEventoRLRetrato ACBP=A9
 0001:00003B3C 0000000E C=CODE     S=.text    G=(none)   M=ACBrNFeDANFeRLSimplificado ACBP=A9
 0001:00003B4C 0000000E C=CODE     S=.text    G=(none)   M=ACBrNFeDANFeRLEtiqueta ACBP=A9
 0001:00003B5C 0000000E C=CODE     S=.text    G=(none)   M=ACBrNFeDAInutRLRetrato ACBP=A9
 0001:00003B6C 0000000E C=CODE     S=.text    G=(none)   M=ACBrNFeDAInutRL ACBP=A9
 0001:00003B7C 0000000E C=CODE     S=.text    G=(none)   M=ACBrDANFCeFortesFrA4 ACBP=A9
 0001:00003B8C 0000000E C=CODE     S=.text    G=(none)   M=RLHTMLFilter ACBP=A9
 0001:00003B9C 0000000E C=CODE     S=.text    G=(none)   M=ACBrDANFCeFortesFr ACBP=A9
 0001:00003BAC 0000000E C=CODE     S=.text    G=(none)   M=uLkJSON  ACBP=A9
 0001:00003BBC 0000000E C=CODE     S=.text    G=(none)   M=uIndyClient ACBP=A9
 0001:00003BCC 0000000E C=CODE     S=.text    G=(none)   M=uOAuth2HttpClient ACBP=A9
 0001:00003BDC 0000000E C=CODE     S=.text    G=(none)   M=uOAuth2Tools ACBP=A9
 0001:00003BEC 0000000E C=CODE     S=.text    G=(none)   M=Hash     ACBP=A9
 0001:00003BFC 0000000E C=CODE     S=.text    G=(none)   M=uOAuth2Consts ACBP=A9
 0001:00003C0C 0000000E C=CODE     S=.text    G=(none)   M=uOAuth2Client ACBP=A9
 0001:00003C1C 0000000E C=CODE     S=.text    G=(none)   M=uOAuth2Token ACBP=A9
 0001:00003C2C 0000000E C=CODE     S=.text    G=(none)   M=uOAuth2Hmac ACBP=A9
 0001:00003C3C 0000000E C=CODE     S=.text    G=(none)   M=HashHaval ACBP=A9
 0001:00003C4C 0000000E C=CODE     S=.text    G=(none)   M=HashMD5  ACBP=A9
 0001:00003C5C 0000000E C=CODE     S=.text    G=(none)   M=HashRipeMD128 ACBP=A9
 0001:00003C6C 0000000E C=CODE     S=.text    G=(none)   M=HashRipeMD160 ACBP=A9
 0001:00003C7C 0000000E C=CODE     S=.text    G=(none)   M=HashSHA1 ACBP=A9
 0001:00003C8C 0000000E C=CODE     S=.text    G=(none)   M=HashSHA256 ACBP=A9
 0001:00003C9C 0000000E C=CODE     S=.text    G=(none)   M=HashSHA384 ACBP=A9
 0001:00003CAC 0000000E C=CODE     S=.text    G=(none)   M=HashSHA512Base ACBP=A9
 0001:00003CBC 0000000E C=CODE     S=.text    G=(none)   M=HashSHA512 ACBP=A9
 0001:00003CCC 0000000E C=CODE     S=.text    G=(none)   M=HashTiger ACBP=A9
 0001:00003CDC 0000000E C=CODE     S=.text    G=(none)   M=uOAuth2Config ACBP=A9
 0001:00003CEC 0000000E C=CODE     S=.text    G=(none)   M=uJson    ACBP=A9
 0001:00003CFC 0000000E C=CODE     S=.text    G=(none)   M=ACBrUtil ACBP=A9
 0001:00003D0C 0000000E C=CODE     S=.text    G=(none)   M=IdServerInterceptLogFile ACBP=A9
 0001:00003D1C 0000000E C=CODE     S=.text    G=(none)   M=IdServerInterceptLogBase ACBP=A9
 0001:00003D2C 0000000E C=CODE     S=.text    G=(none)   M=IdLogBase ACBP=A9
 0001:00003D3C 0000000E C=CODE     S=.text    G=(none)   M=IdLogStream ACBP=A9
 0001:00003D4C 0000000E C=CODE     S=.text    G=(none)   M=pcnNFeRTXT ACBP=A9
 0001:00003D5C 0000000E C=CODE     S=.text    G=(none)   M=pcnLayoutTXT ACBP=A9
 0001:00003D6C 0000000E C=CODE     S=.text    G=(none)   M=fmselecionarimpressoras ACBP=A9
 0001:00003D7C 0000000E C=CODE     S=.text    G=(none)   M=NFePrintValidator ACBP=A9
 0001:00003D8C 0000000E C=CODE     S=.text    G=(none)   M=ProcNFeBuilder ACBP=A9
 0001:00003D9C 0000000E C=CODE     S=.text    G=(none)   M=ACBrNFSeXConversao ACBP=A9
 0001:00003DAC 0000000E C=CODE     S=.text    G=(none)   M=ACBrNFSeXWebservicesResponse ACBP=A9
 0001:00003DBC 0000000E C=CODE     S=.text    G=(none)   M=ACBrNFSeXClass ACBP=A9
 0001:00003DCC 0000000E C=CODE     S=.text    G=(none)   M=ACBrNFSeXWebserviceBase ACBP=A9
 0001:00003DDC 0000000E C=CODE     S=.text    G=(none)   M=ACBrNFSeX ACBP=A9
 0001:00003DEC 0000000E C=CODE     S=.text    G=(none)   M=ACBrNFSeXConfiguracoes ACBP=A9
 0001:00003DFC 0000000E C=CODE     S=.text    G=(none)   M=ACBrNFSeXNotasFiscais ACBP=A9
 0001:00003E0C 0000000E C=CODE     S=.text    G=(none)   M=ACBrNFSeXWebservices ACBP=A9
 0001:00003E1C 0000000E C=CODE     S=.text    G=(none)   M=ACBrNFSeXInterface ACBP=A9
 0001:00003E2C 0000000E C=CODE     S=.text    G=(none)   M=ACBrNFSeXParametros ACBP=A9
 0001:00003E3C 0000000E C=CODE     S=.text    G=(none)   M=ACBrNFSeXDANFSeClass ACBP=A9
 0001:00003E4C 0000000E C=CODE     S=.text    G=(none)   M=ACBrNFSeXProviderManager ACBP=A9
 0001:00003E5C 0000000E C=CODE     S=.text    G=(none)   M=PadraoNacional.Provider ACBP=A9
 0001:00003E6C 0000000E C=CODE     S=.text    G=(none)   M=ACBrNFSeXGravarXml ACBP=A9
 0001:00003E7C 0000000E C=CODE     S=.text    G=(none)   M=ACBrNFSeX.GravarIni ACBP=A9
 0001:00003E8C 0000000E C=CODE     S=.text    G=(none)   M=ACBrNFSeXConsts ACBP=A9
 0001:00003E9C 0000000E C=CODE     S=.text    G=(none)   M=ACBrNFSeXLerXml ACBP=A9
 0001:00003EAC 0000000E C=CODE     S=.text    G=(none)   M=ACBrNFSeXProviderProprio ACBP=A9
 0001:00003EBC 0000000E C=CODE     S=.text    G=(none)   M=ACBrNFSeXProviderBase ACBP=A9
 0001:00003ECC 0000000E C=CODE     S=.text    G=(none)   M=PadraoNacional.GravarXml ACBP=A9
 0001:00003EDC 0000000E C=CODE     S=.text    G=(none)   M=PadraoNacional.LerXml ACBP=A9
 0001:00003EEC 0000000E C=CODE     S=.text    G=(none)   M=BHISS.Provider ACBP=A9
 0001:00003EFC 0000000E C=CODE     S=.text    G=(none)   M=ACBrNFSeXProviderABRASFv1 ACBP=A9
 0001:00003F0C 0000000E C=CODE     S=.text    G=(none)   M=BHISS.GravarXml ACBP=A9
 0001:00003F1C 0000000E C=CODE     S=.text    G=(none)   M=ACBrNFSeXGravarXml_ABRASFv1 ACBP=A9
 0001:00003F2C 0000000E C=CODE     S=.text    G=(none)   M=BHISS.LerXml ACBP=A9
 0001:00003F3C 0000000E C=CODE     S=.text    G=(none)   M=ACBrNFSeXLerXml_ABRASFv1 ACBP=A9
 0001:00003F4C 0000000E C=CODE     S=.text    G=(none)   M=CIGA.Provider ACBP=A9
 0001:00003F5C 0000000E C=CODE     S=.text    G=(none)   M=CIGA.GravarXml ACBP=A9
 0001:00003F6C 0000000E C=CODE     S=.text    G=(none)   M=CIGA.LerXml ACBP=A9
 0001:00003F7C 0000000E C=CODE     S=.text    G=(none)   M=Contass.Provider ACBP=A9
 0001:00003F8C 0000000E C=CODE     S=.text    G=(none)   M=DBSeller.Provider ACBP=A9
 0001:00003F9C 0000000E C=CODE     S=.text    G=(none)   M=ACBrNFSeXProviderABRASFv2 ACBP=A9
 0001:00003FAC 0000000E C=CODE     S=.text    G=(none)   M=DBSeller.GravarXml ACBP=A9
 0001:00003FBC 0000000E C=CODE     S=.text    G=(none)   M=ACBrNFSeXGravarXml_ABRASFv2 ACBP=A9
 0001:00003FCC 0000000E C=CODE     S=.text    G=(none)   M=DBSeller.LerXml ACBP=A9
 0001:00003FDC 0000000E C=CODE     S=.text    G=(none)   M=ACBrNFSeXLerXml_ABRASFv2 ACBP=A9
 0001:00003FEC 0000000E C=CODE     S=.text    G=(none)   M=Contass.GravarXml ACBP=A9
 0001:00003FFC 0000000E C=CODE     S=.text    G=(none)   M=Contass.LerXml ACBP=A9
 0001:0000400C 0000000E C=CODE     S=.text    G=(none)   M=FISSLex.Provider ACBP=A9
 0001:0000401C 0000000E C=CODE     S=.text    G=(none)   M=FISSLex.GravarXml ACBP=A9
 0001:0000402C 0000000E C=CODE     S=.text    G=(none)   M=FISSLex.LerXml ACBP=A9
 0001:0000403C 0000000E C=CODE     S=.text    G=(none)   M=geNFe.Provider ACBP=A9
 0001:0000404C 0000000E C=CODE     S=.text    G=(none)   M=geNFe.GravarXml ACBP=A9
 0001:0000405C 0000000E C=CODE     S=.text    G=(none)   M=geNFe.LerXml ACBP=A9
 0001:0000406C 0000000E C=CODE     S=.text    G=(none)   M=Ginfes.Provider ACBP=A9
 0001:0000407C 0000000E C=CODE     S=.text    G=(none)   M=Ginfes.GravarXml ACBP=A9
 0001:0000408C 0000000E C=CODE     S=.text    G=(none)   M=Ginfes.LerXml ACBP=A9
 0001:0000409C 0000000E C=CODE     S=.text    G=(none)   M=GovBr.Provider ACBP=A9
 0001:000040AC 0000000E C=CODE     S=.text    G=(none)   M=GovBr.GravarXml ACBP=A9
 0001:000040BC 0000000E C=CODE     S=.text    G=(none)   M=GovBr.LerXml ACBP=A9
 0001:000040CC 0000000E C=CODE     S=.text    G=(none)   M=Horus.Provider ACBP=A9
 0001:000040DC 0000000E C=CODE     S=.text    G=(none)   M=Horus.GravarXml ACBP=A9
 0001:000040EC 0000000E C=CODE     S=.text    G=(none)   M=Horus.LerXml ACBP=A9
 0001:000040FC 0000000E C=CODE     S=.text    G=(none)   M=ISSCuritiba.Provider ACBP=A9
 0001:0000410C 0000000E C=CODE     S=.text    G=(none)   M=ISSCuritiba.GravarXml ACBP=A9
 0001:0000411C 0000000E C=CODE     S=.text    G=(none)   M=ISSCuritiba.LerXml ACBP=A9
 0001:0000412C 0000000E C=CODE     S=.text    G=(none)   M=ISSFortaleza.Provider ACBP=A9
 0001:0000413C 0000000E C=CODE     S=.text    G=(none)   M=ISSFortaleza.GravarXml ACBP=A9
 0001:0000414C 0000000E C=CODE     S=.text    G=(none)   M=ISSFortaleza.LerXml ACBP=A9
 0001:0000415C 0000000E C=CODE     S=.text    G=(none)   M=ISSIntel.Provider ACBP=A9
 0001:0000416C 0000000E C=CODE     S=.text    G=(none)   M=ISSIntel.GravarXml ACBP=A9
 0001:0000417C 0000000E C=CODE     S=.text    G=(none)   M=ISSIntel.LerXml ACBP=A9
 0001:0000418C 0000000E C=CODE     S=.text    G=(none)   M=ISSNatal.Provider ACBP=A9
 0001:0000419C 0000000E C=CODE     S=.text    G=(none)   M=ISSNatal.GravarXml ACBP=A9
 0001:000041AC 0000000E C=CODE     S=.text    G=(none)   M=ISSNatal.LerXml ACBP=A9
 0001:000041BC 0000000E C=CODE     S=.text    G=(none)   M=ISSRecife.Provider ACBP=A9
 0001:000041CC 0000000E C=CODE     S=.text    G=(none)   M=ISSRecife.GravarXml ACBP=A9
 0001:000041DC 0000000E C=CODE     S=.text    G=(none)   M=ISSRecife.LerXml ACBP=A9
 0001:000041EC 0000000E C=CODE     S=.text    G=(none)   M=ISSRio.Provider ACBP=A9
 0001:000041FC 0000000E C=CODE     S=.text    G=(none)   M=ISSRio.GravarXml ACBP=A9
 0001:0000420C 0000000E C=CODE     S=.text    G=(none)   M=ISSRio.LerXml ACBP=A9
 0001:0000421C 0000000E C=CODE     S=.text    G=(none)   M=ISSSalvador.Provider ACBP=A9
 0001:0000422C 0000000E C=CODE     S=.text    G=(none)   M=ISSSalvador.GravarXml ACBP=A9
 0001:0000423C 0000000E C=CODE     S=.text    G=(none)   M=ISSSalvador.LerXml ACBP=A9
 0001:0000424C 0000000E C=CODE     S=.text    G=(none)   M=ISSSJP.Provider ACBP=A9
 0001:0000425C 0000000E C=CODE     S=.text    G=(none)   M=ISSSJP.GravarXml ACBP=A9
 0001:0000426C 0000000E C=CODE     S=.text    G=(none)   M=ISSSJP.LerXml ACBP=A9
 0001:0000427C 0000000E C=CODE     S=.text    G=(none)   M=Kalana.Provider ACBP=A9
 0001:0000428C 0000000E C=CODE     S=.text    G=(none)   M=Kalana.GravarXml ACBP=A9
 0001:0000429C 0000000E C=CODE     S=.text    G=(none)   M=Kalana.LerXml ACBP=A9
 0001:000042AC 0000000E C=CODE     S=.text    G=(none)   M=Lexsom.Provider ACBP=A9
 0001:000042BC 0000000E C=CODE     S=.text    G=(none)   M=Lexsom.GravarXml ACBP=A9
 0001:000042CC 0000000E C=CODE     S=.text    G=(none)   M=Lexsom.LerXml ACBP=A9
 0001:000042DC 0000000E C=CODE     S=.text    G=(none)   M=MetropolisWeb.Provider ACBP=A9
 0001:000042EC 0000000E C=CODE     S=.text    G=(none)   M=MetropolisWeb.GravarXml ACBP=A9
 0001:000042FC 0000000E C=CODE     S=.text    G=(none)   M=MetropolisWeb.LerXml ACBP=A9
 0001:0000430C 0000000E C=CODE     S=.text    G=(none)   M=NFEletronica.Provider ACBP=A9
 0001:0000431C 0000000E C=CODE     S=.text    G=(none)   M=NFEletronica.GravarXml ACBP=A9
 0001:0000432C 0000000E C=CODE     S=.text    G=(none)   M=NFEletronica.LerXml ACBP=A9
 0001:0000433C 0000000E C=CODE     S=.text    G=(none)   M=NFSeBrasil.Provider ACBP=A9
 0001:0000434C 0000000E C=CODE     S=.text    G=(none)   M=NFSeBrasil.GravarXml ACBP=A9
 0001:0000435C 0000000E C=CODE     S=.text    G=(none)   M=NFSeBrasil.LerXml ACBP=A9
 0001:0000436C 0000000E C=CODE     S=.text    G=(none)   M=Publica.Provider ACBP=A9
 0001:0000437C 0000000E C=CODE     S=.text    G=(none)   M=Publica.GravarXml ACBP=A9
 0001:0000438C 0000000E C=CODE     S=.text    G=(none)   M=Publica.LerXml ACBP=A9
 0001:0000439C 0000000E C=CODE     S=.text    G=(none)   M=SpeedGov.Provider ACBP=A9
 0001:000043AC 0000000E C=CODE     S=.text    G=(none)   M=SpeedGov.GravarXml ACBP=A9
 0001:000043BC 0000000E C=CODE     S=.text    G=(none)   M=SpeedGov.LerXml ACBP=A9
 0001:000043CC 0000000E C=CODE     S=.text    G=(none)   M=Thema.Provider ACBP=A9
 0001:000043DC 0000000E C=CODE     S=.text    G=(none)   M=Thema.GravarXml ACBP=A9
 0001:000043EC 0000000E C=CODE     S=.text    G=(none)   M=Thema.LerXml ACBP=A9
 0001:000043FC 0000000E C=CODE     S=.text    G=(none)   M=Tinus.Provider ACBP=A9
 0001:0000440C 0000000E C=CODE     S=.text    G=(none)   M=Tinus.GravarXml ACBP=A9
 0001:0000441C 0000000E C=CODE     S=.text    G=(none)   M=Tinus.LerXml ACBP=A9
 0001:0000442C 0000000E C=CODE     S=.text    G=(none)   M=ABase.Provider ACBP=A9
 0001:0000443C 0000000E C=CODE     S=.text    G=(none)   M=ABase.GravarXml ACBP=A9
 0001:0000444C 0000000E C=CODE     S=.text    G=(none)   M=ABase.LerXml ACBP=A9
 0001:0000445C 0000000E C=CODE     S=.text    G=(none)   M=Actcon.Provider ACBP=A9
 0001:0000446C 0000000E C=CODE     S=.text    G=(none)   M=Actcon.GravarXml ACBP=A9
 0001:0000447C 0000000E C=CODE     S=.text    G=(none)   M=Actcon.LerXml ACBP=A9
 0001:0000448C 0000000E C=CODE     S=.text    G=(none)   M=Adm.Provider ACBP=A9
 0001:0000449C 0000000E C=CODE     S=.text    G=(none)   M=Adm.GravarXml ACBP=A9
 0001:000044AC 0000000E C=CODE     S=.text    G=(none)   M=Adm.LerXml ACBP=A9
 0001:000044BC 0000000E C=CODE     S=.text    G=(none)   M=ADPM.Provider ACBP=A9
 0001:000044CC 0000000E C=CODE     S=.text    G=(none)   M=ADPM.GravarXml ACBP=A9
 0001:000044DC 0000000E C=CODE     S=.text    G=(none)   M=ADPM.LerXml ACBP=A9
 0001:000044EC 0000000E C=CODE     S=.text    G=(none)   M=AEG.Provider ACBP=A9
 0001:000044FC 0000000E C=CODE     S=.text    G=(none)   M=AEG.GravarXml ACBP=A9
 0001:0000450C 0000000E C=CODE     S=.text    G=(none)   M=AEG.LerXml ACBP=A9
 0001:0000451C 0000000E C=CODE     S=.text    G=(none)   M=Asten.Provider ACBP=A9
 0001:0000452C 0000000E C=CODE     S=.text    G=(none)   M=Asten.GravarXml ACBP=A9
 0001:0000453C 0000000E C=CODE     S=.text    G=(none)   M=Asten.LerXml ACBP=A9
 0001:0000454C 0000000E C=CODE     S=.text    G=(none)   M=BWSistemas.Provider ACBP=A9
 0001:0000455C 0000000E C=CODE     S=.text    G=(none)   M=BWSistemas.GravarXml ACBP=A9
 0001:0000456C 0000000E C=CODE     S=.text    G=(none)   M=BWSistemas.LerXml ACBP=A9
 0001:0000457C 0000000E C=CODE     S=.text    G=(none)   M=Centi.Provider ACBP=A9
 0001:0000458C 0000000E C=CODE     S=.text    G=(none)   M=Centi.GravarXml ACBP=A9
 0001:0000459C 0000000E C=CODE     S=.text    G=(none)   M=Centi.LerXml ACBP=A9
 0001:000045AC 0000000E C=CODE     S=.text    G=(none)   M=Citta.Provider ACBP=A9
 0001:000045BC 0000000E C=CODE     S=.text    G=(none)   M=Citta.GravarXml ACBP=A9
 0001:000045CC 0000000E C=CODE     S=.text    G=(none)   M=Citta.LerXml ACBP=A9
 0001:000045DC 0000000E C=CODE     S=.text    G=(none)   M=Coplan.Provider ACBP=A9
 0001:000045EC 0000000E C=CODE     S=.text    G=(none)   M=Coplan.GravarXml ACBP=A9
 0001:000045FC 0000000E C=CODE     S=.text    G=(none)   M=Coplan.LerXml ACBP=A9
 0001:0000460C 0000000E C=CODE     S=.text    G=(none)   M=DataSmart.Provider ACBP=A9
 0001:0000461C 0000000E C=CODE     S=.text    G=(none)   M=DataSmart.GravarXml ACBP=A9
 0001:0000462C 0000000E C=CODE     S=.text    G=(none)   M=DataSmart.LerXml ACBP=A9
 0001:0000463C 0000000E C=CODE     S=.text    G=(none)   M=DeISS.Provider ACBP=A9
 0001:0000464C 0000000E C=CODE     S=.text    G=(none)   M=DeISS.GravarXml ACBP=A9
 0001:0000465C 0000000E C=CODE     S=.text    G=(none)   M=DeISS.LerXml ACBP=A9
 0001:0000466C 0000000E C=CODE     S=.text    G=(none)   M=Desenvolve.Provider ACBP=A9
 0001:0000467C 0000000E C=CODE     S=.text    G=(none)   M=Desenvolve.GravarXml ACBP=A9
 0001:0000468C 0000000E C=CODE     S=.text    G=(none)   M=Desenvolve.LerXml ACBP=A9
 0001:0000469C 0000000E C=CODE     S=.text    G=(none)   M=Digifred.Provider ACBP=A9
 0001:000046AC 0000000E C=CODE     S=.text    G=(none)   M=Digifred.GravarXml ACBP=A9
 0001:000046BC 0000000E C=CODE     S=.text    G=(none)   M=Digifred.LerXml ACBP=A9
 0001:000046CC 0000000E C=CODE     S=.text    G=(none)   M=DSF.Provider ACBP=A9
 0001:000046DC 0000000E C=CODE     S=.text    G=(none)   M=DSF.GravarXml ACBP=A9
 0001:000046EC 0000000E C=CODE     S=.text    G=(none)   M=DSF.LerXml ACBP=A9
 0001:000046FC 0000000E C=CODE     S=.text    G=(none)   M=Elmar.Provider ACBP=A9
 0001:0000470C 0000000E C=CODE     S=.text    G=(none)   M=Elmar.GravarXml ACBP=A9
 0001:0000471C 0000000E C=CODE     S=.text    G=(none)   M=Elmar.LerXml ACBP=A9
 0001:0000472C 0000000E C=CODE     S=.text    G=(none)   M=EloTech.Provider ACBP=A9
 0001:0000473C 0000000E C=CODE     S=.text    G=(none)   M=EloTech.GravarXml ACBP=A9
 0001:0000474C 0000000E C=CODE     S=.text    G=(none)   M=EloTech.LerXml ACBP=A9
 0001:0000475C 0000000E C=CODE     S=.text    G=(none)   M=eReceita.Provider ACBP=A9
 0001:0000476C 0000000E C=CODE     S=.text    G=(none)   M=eReceita.GravarXml ACBP=A9
 0001:0000477C 0000000E C=CODE     S=.text    G=(none)   M=eReceita.LerXml ACBP=A9
 0001:0000478C 0000000E C=CODE     S=.text    G=(none)   M=Etherium.Provider ACBP=A9
 0001:0000479C 0000000E C=CODE     S=.text    G=(none)   M=Etherium.GravarXml ACBP=A9
 0001:000047AC 0000000E C=CODE     S=.text    G=(none)   M=Etherium.LerXml ACBP=A9
 0001:000047BC 0000000E C=CODE     S=.text    G=(none)   M=fintelISS.Provider ACBP=A9
 0001:000047CC 0000000E C=CODE     S=.text    G=(none)   M=fintelISS.GravarXml ACBP=A9
 0001:000047DC 0000000E C=CODE     S=.text    G=(none)   M=fintelISS.LerXml ACBP=A9
 0001:000047EC 0000000E C=CODE     S=.text    G=(none)   M=Fiorilli.Provider ACBP=A9
 0001:000047FC 0000000E C=CODE     S=.text    G=(none)   M=Fiorilli.GravarXml ACBP=A9
 0001:0000480C 0000000E C=CODE     S=.text    G=(none)   M=Fiorilli.LerXml ACBP=A9
 0001:0000481C 0000000E C=CODE     S=.text    G=(none)   M=Fisco.Provider ACBP=A9
 0001:0000482C 0000000E C=CODE     S=.text    G=(none)   M=Fisco.GravarXml ACBP=A9
 0001:0000483C 0000000E C=CODE     S=.text    G=(none)   M=Fisco.LerXml ACBP=A9
 0001:0000484C 0000000E C=CODE     S=.text    G=(none)   M=Futurize.Provider ACBP=A9
 0001:0000485C 0000000E C=CODE     S=.text    G=(none)   M=Futurize.GravarXml ACBP=A9
 0001:0000486C 0000000E C=CODE     S=.text    G=(none)   M=Futurize.LerXml ACBP=A9
 0001:0000487C 0000000E C=CODE     S=.text    G=(none)   M=GestaoISS.Provider ACBP=A9
 0001:0000488C 0000000E C=CODE     S=.text    G=(none)   M=GestaoISS.GravarXml ACBP=A9
 0001:0000489C 0000000E C=CODE     S=.text    G=(none)   M=GestaoISS.LerXml ACBP=A9
 0001:000048AC 0000000E C=CODE     S=.text    G=(none)   M=Giss.Provider ACBP=A9
 0001:000048BC 0000000E C=CODE     S=.text    G=(none)   M=Giss.GravarXml ACBP=A9
 0001:000048CC 0000000E C=CODE     S=.text    G=(none)   M=Giss.LerXml ACBP=A9
 0001:000048DC 0000000E C=CODE     S=.text    G=(none)   M=GovDigital.Provider ACBP=A9
 0001:000048EC 0000000E C=CODE     S=.text    G=(none)   M=GovDigital.GravarXml ACBP=A9
 0001:000048FC 0000000E C=CODE     S=.text    G=(none)   M=GovDigital.LerXml ACBP=A9
 0001:0000490C 0000000E C=CODE     S=.text    G=(none)   M=iiBrasil.Provider ACBP=A9
 0001:0000491C 0000000E C=CODE     S=.text    G=(none)   M=iiBrasil.GravarXml ACBP=A9
 0001:0000492C 0000000E C=CODE     S=.text    G=(none)   M=iiBrasil.LerXml ACBP=A9
 0001:0000493C 0000000E C=CODE     S=.text    G=(none)   M=Isaneto.Provider ACBP=A9
 0001:0000494C 0000000E C=CODE     S=.text    G=(none)   M=Isaneto.GravarXml ACBP=A9
 0001:0000495C 0000000E C=CODE     S=.text    G=(none)   M=Isaneto.LerXml ACBP=A9
 0001:0000496C 0000000E C=CODE     S=.text    G=(none)   M=ISSCamacari.Provider ACBP=A9
 0001:0000497C 0000000E C=CODE     S=.text    G=(none)   M=ISSCamacari.GravarXml ACBP=A9
 0001:0000498C 0000000E C=CODE     S=.text    G=(none)   M=ISSCamacari.LerXml ACBP=A9
 0001:0000499C 0000000E C=CODE     S=.text    G=(none)   M=ISSDigital.Provider ACBP=A9
 0001:000049AC 0000000E C=CODE     S=.text    G=(none)   M=ISSDigital.GravarXml ACBP=A9
 0001:000049BC 0000000E C=CODE     S=.text    G=(none)   M=ISSDigital.LerXml ACBP=A9
 0001:000049CC 0000000E C=CODE     S=.text    G=(none)   M=ISSe.Provider ACBP=A9
 0001:000049DC 0000000E C=CODE     S=.text    G=(none)   M=ISSe.GravarXml ACBP=A9
 0001:000049EC 0000000E C=CODE     S=.text    G=(none)   M=ISSe.LerXml ACBP=A9
 0001:000049FC 0000000E C=CODE     S=.text    G=(none)   M=ISSGoiania.Provider ACBP=A9
 0001:00004A0C 0000000E C=CODE     S=.text    G=(none)   M=ISSGoiania.GravarXml ACBP=A9
 0001:00004A1C 0000000E C=CODE     S=.text    G=(none)   M=ISSGoiania.LerXml ACBP=A9
 0001:00004A2C 0000000E C=CODE     S=.text    G=(none)   M=ISSJoinville.Provider ACBP=A9
 0001:00004A3C 0000000E C=CODE     S=.text    G=(none)   M=ISSJoinville.GravarXml ACBP=A9
 0001:00004A4C 0000000E C=CODE     S=.text    G=(none)   M=ISSJoinville.LerXml ACBP=A9
 0001:00004A5C 0000000E C=CODE     S=.text    G=(none)   M=ISSLegal.Provider ACBP=A9
 0001:00004A6C 0000000E C=CODE     S=.text    G=(none)   M=ISSLegal.GravarXml ACBP=A9
 0001:00004A7C 0000000E C=CODE     S=.text    G=(none)   M=ISSLegal.LerXml ACBP=A9
 0001:00004A8C 0000000E C=CODE     S=.text    G=(none)   M=ISSPortoVelho.Provider ACBP=A9
 0001:00004A9C 0000000E C=CODE     S=.text    G=(none)   M=ISSPortoVelho.GravarXml ACBP=A9
 0001:00004AAC 0000000E C=CODE     S=.text    G=(none)   M=ISSPortoVelho.LerXml ACBP=A9
 0001:00004ABC 0000000E C=CODE     S=.text    G=(none)   M=ISSVitoria.Provider ACBP=A9
 0001:00004ACC 0000000E C=CODE     S=.text    G=(none)   M=ISSVitoria.GravarXml ACBP=A9
 0001:00004ADC 0000000E C=CODE     S=.text    G=(none)   M=ISSVitoria.LerXml ACBP=A9
 0001:00004AEC 0000000E C=CODE     S=.text    G=(none)   M=Libre.Provider ACBP=A9
 0001:00004AFC 0000000E C=CODE     S=.text    G=(none)   M=Libre.GravarXml ACBP=A9
 0001:00004B0C 0000000E C=CODE     S=.text    G=(none)   M=Libre.LerXml ACBP=A9
 0001:00004B1C 0000000E C=CODE     S=.text    G=(none)   M=Link3.Provider ACBP=A9
 0001:00004B2C 0000000E C=CODE     S=.text    G=(none)   M=Link3.GravarXml ACBP=A9
 0001:00004B3C 0000000E C=CODE     S=.text    G=(none)   M=Link3.LerXml ACBP=A9
 0001:00004B4C 0000000E C=CODE     S=.text    G=(none)   M=MegaSoft.Provider ACBP=A9
 0001:00004B5C 0000000E C=CODE     S=.text    G=(none)   M=MegaSoft.GravarXml ACBP=A9
 0001:00004B6C 0000000E C=CODE     S=.text    G=(none)   M=MegaSoft.LerXml ACBP=A9
 0001:00004B7C 0000000E C=CODE     S=.text    G=(none)   M=Mitra.Provider ACBP=A9
 0001:00004B8C 0000000E C=CODE     S=.text    G=(none)   M=Mitra.GravarXml ACBP=A9
 0001:00004B9C 0000000E C=CODE     S=.text    G=(none)   M=Mitra.LerXml ACBP=A9
 0001:00004BAC 0000000E C=CODE     S=.text    G=(none)   M=ModernizacaoPublica.Provider ACBP=A9
 0001:00004BBC 0000000E C=CODE     S=.text    G=(none)   M=ModernizacaoPublica.GravarXml ACBP=A9
 0001:00004BCC 0000000E C=CODE     S=.text    G=(none)   M=ModernizacaoPublica.LerXml ACBP=A9
 0001:00004BDC 0000000E C=CODE     S=.text    G=(none)   M=NEAInformatica.Provider ACBP=A9
 0001:00004BEC 0000000E C=CODE     S=.text    G=(none)   M=NEAInformatica.GravarXml ACBP=A9
 0001:00004BFC 0000000E C=CODE     S=.text    G=(none)   M=NEAInformatica.LerXml ACBP=A9
 0001:00004C0C 0000000E C=CODE     S=.text    G=(none)   M=NotaInteligente.Provider ACBP=A9
 0001:00004C1C 0000000E C=CODE     S=.text    G=(none)   M=NotaInteligente.GravarXml ACBP=A9
 0001:00004C2C 0000000E C=CODE     S=.text    G=(none)   M=NotaInteligente.LerXml ACBP=A9
 0001:00004C3C 0000000E C=CODE     S=.text    G=(none)   M=Prodata.Provider ACBP=A9
 0001:00004C4C 0000000E C=CODE     S=.text    G=(none)   M=Prodata.GravarXml ACBP=A9
 0001:00004C5C 0000000E C=CODE     S=.text    G=(none)   M=Prodata.LerXml ACBP=A9
 0001:00004C6C 0000000E C=CODE     S=.text    G=(none)   M=PRODAUB.Provider ACBP=A9
 0001:00004C7C 0000000E C=CODE     S=.text    G=(none)   M=PRODAUB.GravarXml ACBP=A9
 0001:00004C8C 0000000E C=CODE     S=.text    G=(none)   M=PRODAUB.LerXml ACBP=A9
 0001:00004C9C 0000000E C=CODE     S=.text    G=(none)   M=PublicSoft.Provider ACBP=A9
 0001:00004CAC 0000000E C=CODE     S=.text    G=(none)   M=PublicSoft.GravarXml ACBP=A9
 0001:00004CBC 0000000E C=CODE     S=.text    G=(none)   M=PublicSoft.LerXml ACBP=A9
 0001:00004CCC 0000000E C=CODE     S=.text    G=(none)   M=RLZ.Provider ACBP=A9
 0001:00004CDC 0000000E C=CODE     S=.text    G=(none)   M=RLZ.GravarXml ACBP=A9
 0001:00004CEC 0000000E C=CODE     S=.text    G=(none)   M=RLZ.LerXml ACBP=A9
 0001:00004CFC 0000000E C=CODE     S=.text    G=(none)   M=Saatri.Provider ACBP=A9
 0001:00004D0C 0000000E C=CODE     S=.text    G=(none)   M=Saatri.GravarXml ACBP=A9
 0001:00004D1C 0000000E C=CODE     S=.text    G=(none)   M=Saatri.LerXml ACBP=A9
 0001:00004D2C 0000000E C=CODE     S=.text    G=(none)   M=SafeWeb.Provider ACBP=A9
 0001:00004D3C 0000000E C=CODE     S=.text    G=(none)   M=SafeWeb.GravarXml ACBP=A9
 0001:00004D4C 0000000E C=CODE     S=.text    G=(none)   M=SafeWeb.LerXml ACBP=A9
 0001:00004D5C 0000000E C=CODE     S=.text    G=(none)   M=SH3.Provider ACBP=A9
 0001:00004D6C 0000000E C=CODE     S=.text    G=(none)   M=SH3.GravarXml ACBP=A9
 0001:00004D7C 0000000E C=CODE     S=.text    G=(none)   M=SH3.LerXml ACBP=A9
 0001:00004D8C 0000000E C=CODE     S=.text    G=(none)   M=Siam.Provider ACBP=A9
 0001:00004D9C 0000000E C=CODE     S=.text    G=(none)   M=Siam.GravarXml ACBP=A9
[...]
  1085 0001:00039150  1081 0001:0003915E  1089 0001:0003917D  1090 0001:0003918B
  1091 0001:000391B5  1094 0001:000391CB  1098 0001:000391D0  1099 0001:000391FC
  1101 0001:00039200  1102 0001:0003920E  1103 0001:00039232  1104 0001:00039274
  1106 0001:00039282  1108 0001:0003929A  1111 0001:000392CC  1112 0001:000392D8
  1117 0001:000392E1  1120 0001:000392F3  1123 0001:0003933D  1125 0001:00039343
  1129 0001:00039347  1132 0001:0003934D  1134 0001:0003935F  1135 0001:0003937C
  1138 0001:0003938A  1144 0001:000393B2  1145 0001:000393BE  1148 0001:00039407
  1152 0001:000395A8  1154 0001:000395B7  1155 0001:000395C3  1157 0001:000395D8
  1158 0001:000395ED  1160 0001:00039638  1160 0001:0003963F

Line numbers for fmconfirmarromaneiostransferencia(fmconfirmarromaneiostransferencia.pas) segment .text

   100 0001:00039D34   102 0001:00039D40   103 0001:00039D5F   106 0001:00039D7E
   107 0001:00039D9D   111 0001:00039DA4   112 0001:00039DC6   113 0001:00039DFB
   114 0001:00039E52   117 0001:00039E58   118 0001:00039E90   119 0001:00039EA7
   121 0001:00039EB4   122 0001:00039EE0   123 0001:00039F0C   124 0001:00039F49
   126 0001:00039F69   127 0001:00039F79   128 0001:00039FA7   129 0001:00039FD5
   130 0001:00039FEF   131 0001:0003A015   132 0001:0003A03A   134 0001:0003A07B
   135 0001:0003A0A3   137 0001:0003A0BF   138 0001:0003A0E7   140 0001:0003A140
   143 0001:0003A154   145 0001:0003A161   146 0001:0003A177   147 0001:0003A183
   152 0001:0003A188   154 0001:0003A197   156 0001:0003A1A1   158 0001:0003A1B1
   159 0001:0003A1C7   160 0001:0003A1DA   163 0001:0003A1F2   165 0001:0003A208
   166 0001:0003A21E   167 0001:0003A234   170 0001:0003A24A   173 0001:0003A250
   174 0001:0003A261   175 0001:0003A26A   176 0001:0003A278   177 0001:0003A28D
   180 0001:0003A294   182 0001:0003A2B6   183 0001:0003A2D3   185 0001:0003A349
   188 0001:0003A350   189 0001:0003A370   190 0001:0003A3A1   193 0001:0003A41D
   194 0001:0003A45B   196 0001:0003A53B   199 0001:0003A5EC   200 0001:0003A623
   201 0001:0003A654   204 0001:0003A6D0   205 0001:0003A716   208 0001:0003A80F
   211 0001:0003A8C4   212 0001:0003A8D4   213 0001:0003A8FE   214 0001:0003A939
   215 0001:0003A974   216 0001:0003A99C   217 0001:0003A9AD   218 0001:0003A9CB
   219 0001:0003A9DD   220 0001:0003A9EF   221 0001:0003A9FF   222 0001:0003AA0F
   225 0001:0003AA22   227 0001:0003AA35   228 0001:0003AA45   230 0001:0003AA53
   235 0001:0003AA60   239 0001:0003AA82   240 0001:0003AAA6   241 0001:0003AAB4
   242 0001:0003AAC0   243 0001:0003AAD3   244 0001:0003AAF5   245 0001:0003AB07
   247 0001:0003AB15   249 0001:0003AB58   254 0001:0003AB8D   257 0001:0003ABF0
   261 0001:0003AC18   262 0001:0003AC28   263 0001:0003AC48   264 0001:0003AC68
   265 0001:0003AC78   266 0001:0003ACAE   269 0001:0003ACC1   270 0001:0003ACD1
   274 0001:0003AD14   277 0001:0003AD2C   278 0001:0003AD35   279 0001:0003AD57
   283 0001:0003AD5C   285 0001:0003AD7B   287 0001:0003ADD4   291 0001:0003ADD8
   294 0001:0003ADF7   306 0001:0003AED5   310 0001:0003AEF8   313 0001:0003AF24
   316 0001:0003AF31   318 0001:0003AF97   319 0001:0003AFA8   325 0001:0003AFC5
   327 0001:0003AFE9   328 0001:0003AFF5   329 0001:0003B006   334 0001:0003B046
   338 0001:0003B090   340 0001:0003B0BE   343 0001:0003B0CB   347 0001:0003B191
   348 0001:0003B1A2   349 0001:0003B1BD   353 0001:0003B1CB   354 0001:0003B1D7
   355 0001:0003B1E8   359 0001:0003B243   363 0001:0003B2A4   366 0001:0003B2E1
   370 0001:0003B2EF   371 0001:0003B30A   373 0001:0003B320   376 0001:0003B33A
   377 0001:0003B348   379 0001:0003B35F   384 0001:0003B3D5   389 0001:0003B3F1
   390 0001:0003B3FF   391 0001:0003B416   396 0001:0003B48C   400 0001:0003B4B0
   402 0001:0003B4BC   403 0001:0003B4EF   405 0001:0003B501   409 0001:0003B5A3
   413 0001:0003B5F4   415 0001:0003B616   419 0001:0003B672   421 0001:0003B6A8
   421 0001:0003B6AF

Line numbers for dmexportacaonotastransferencia(dmexportacaonotastransferencia.pas) segment .text

   287 0001:0003D608   288 0001:0003D623   289 0001:0003D630   290 0001:0003D63B
   291 0001:0003D646   292 0001:0003D653   293 0001:0003D664   294 0001:0003D690
   305 0001:0003D694   306 0001:0003D6C2   307 0001:0003D6C6   308 0001:0003D6CE
   309 0001:0003D6E1   310 0001:0003D6EF   313 0001:0003D6FF   315 0001:0003D711
   317 0001:0003D73A   311 0001:0003D748   320 0001:0003D75A   322 0001:0003D764
   324 0001:0003D77B   325 0001:0003D789   326 0001:0003D797   328 0001:0003D7A5
   329 0001:0003D7DC   330 0001:0003D813   332 0001:0003D84A   333 0001:0003D858
   334 0001:0003D866   336 0001:0003D874   337 0001:0003D883   338 0001:0003D88D
   340 0001:0003D894   341 0001:0003D8A3   342 0001:0003D8AD   344 0001:0003D8B4
   345 0001:0003D8C3   346 0001:0003D8CD   348 0001:0003D8D4   349 0001:0003D8E3
   350 0001:0003D8ED   352 0001:0003D8F4   353 0001:0003D903   354 0001:0003D90D
   356 0001:0003D914   357 0001:0003D922   358 0001:0003D930   361 0001:0003D943
   450 0001:0003D959   452 0001:0003E3AD   457 0001:0003E447   459 0001:0003E45D
   503 0001:0003E470   505 0001:0003E966   460 0001:0003E974   509 0001:0003E98A
   511 0001:0003E9A0   514 0001:0003E9B3   515 0001:0003E9D9   603 0001:0003F480
   512 0001:0003F48E   607 0001:0003F4A4   609 0001:0003F4BA   612 0001:0003F4CD
   613 0001:0003F4F3   625 0001:0003F666   610 0001:0003F674   629 0001:0003F68A
   359 0001:0003F698   632 0001:0003F6AE   633 0001:0003F6BA   634 0001:0003F71C
   635 0001:0003F728   636 0001:0003F78A   637 0001:0003F796   638 0001:0003F7F8
   639 0001:0003F804   640 0001:0003F866   641 0001:0003F872   643 0001:0003F8E3
   646 0001:0003F8F9   647 0001:0003F901   648 0001:0003F909   649 0001:0003F911
   650 0001:0003F919   654 0001:0003F936   655 0001:0003F947   656 0001:0003F955
   657 0001:0003F963   658 0001:0003F971   660 0001:0003FA1F   663 0001:0003FB50
   664 0001:0003FB70   666 0001:0003FB7E   667 0001:0003FB8A   668 0001:0003FBC8
   669 0001:0003FBD4   670 0001:0003FC07   671 0001:0003FC13   672 0001:0003FC51
   673 0001:0003FCB4   676 0001:0003FD4C   677 0001:0003FD5A   678 0001:0003FD92
   681 0001:0003FEA4   682 0001:0003FEAD   683 0001:0003FEC4   686 0001:0003FEC8
   687 0001:0003FED1   688 0001:0003FEFA   692 0001:0003FF04   693 0001:0003FF13
   698 0001:0003FF43   701 0001:0003FF48   702 0001:0003FF51   703 0001:0003FF62
   705 0001:0003FF6C   706 0001:0003FF7F   707 0001:0003FF8D   710 0001:0003FF9D
   711 0001:0003FFAE   713 0001:0003FFB4   708 0001:0003FFC2   716 0001:0003FFE1
   719 0001:0003FFFD   721 0001:00040034   721 0001:0004003B

Line numbers for fmexportacaonotastransferencia(fmexportacaonotastransferencia.pas) segment .text

    77 0001:00040590    80 0001:000405B8    81 0001:000405BE    82 0001:000405E3
    84 0001:00040621    85 0001:00040646    87 0001:00040684    88 0001:000406BB
    94 0001:000406D0    95 0001:00040708    96 0001:0004071F    97 0001:0004072C
    98 0001:00040753    99 0001:00040778   100 0001:00040788   101 0001:000407B3
   103 0001:000407C9   105 0001:000407D9   106 0001:000407F0   107 0001:000407FE
   109 0001:00040833   113 0001:00040880   117 0001:000408D8   119 0001:000408E4
   120 0001:00040905   121 0001:0004090F   125 0001:00040914   127 0001:00040920
   128 0001:00040941   129 0001:0004094B   133 0001:00040950   135 0001:0004095F
   136 0001:00040969   138 0001:00040972   139 0001:00040993   141 0001:0004099D
   145 0001:000409A8   149 0001:000409CC   150 0001:000409E9   151 0001:00040A16
   152 0001:00040A3B   153 0001:00040A52   154 0001:00040A79   155 0001:00040AA0
   157 0001:00040AC7   158 0001:00040AD7   160 0001:00040AEA   162 0001:00040B20
   163 0001:00040B69   167 0001:00040B84   168 0001:00040B94   169 0001:00040BA2
   170 0001:00040BBF   171 0001:00040BDA   177 0001:00040BE0   179 0001:00040C05
   181 0001:00040C20   183 0001:00040C48   185 0001:00040C58   186 0001:00040C6F
   187 0001:00040C7D   189 0001:00040CB1   192 0001:00040CC1   195 0001:00040D03
   198 0001:00040D11   199 0001:00040D1D   200 0001:00040D61   206 0001:00040E90
   208 0001:00040EAF   209 0001:00040EC2   210 0001:00040EF0   213 0001:00040F14
   214 0001:00040F1B   215 0001:00040F37   220 0001:00040F3C   222 0001:00040F4B
   224 0001:00040F51   225 0001:00040F75   227 0001:00040F8B   228 0001:00040FA2
   229 0001:00040FB8   231 0001:00041008   231 0001:0004100F

Line numbers for dmimportacaonotastransferencia(dmimportacaonotastransferencia.pas) segment .text

   296 0001:00043358   297 0001:00043367   298 0001:0004336B   299 0001:00043379
   302 0001:0004338C   303 0001:0004339A   304 0001:000433AB   306 0001:000433B9
   308 0001:000433CF   311 0001:000433DF   313 0001:00043401   314 0001:0004340F
   315 0001:00043423   317 0001:00043434   309 0001:00043442   321 0001:00043454
   323 0001:0004346A   327 0001:0004347D   329 0001:0004348B   330 0001:000434AD
   332 0001:000434C1   333 0001:000434CF   334 0001:000434F0   335 0001:000434FE
   337 0001:0004350F   324 0001:0004351D   341 0001:00043533   343 0001:00043549
   346 0001:00043559   348 0001:0004357B   349 0001:00043589   350 0001:0004359D
   352 0001:000435AE   344 0001:000435BC   356 0001:000435CE   358 0001:000435E4
   361 0001:000435F7   363 0001:00043619   364 0001:00043627   365 0001:00043635
   366 0001:00043656   367 0001:00043664   368 0001:00043678   370 0001:00043689
   359 0001:00043697   374 0001:000436AD   375 0001:000436BB   376 0001:000436CF
   377 0001:000436E0   300 0001:000436EE   380 0001:0004371F   382 0001:00043722
   383 0001:00043730   386 0001:0004373C   389 0001:00043744   390 0001:0004375F
   391 0001:0004376C   392 0001:00043794   395 0001:00043798   396 0001:000437A1
   398 0001:000437F5   403 0001:000437FC   404 0001:0004381B   406 0001:00043823
   408 0001:00043831   410 0001:0004383B   411 0001:00043849   412 0001:0004384F
   414 0001:0004385D   415 0001:00043863   417 0001:00043871   418 0001:00043877
   420 0001:00043885   421 0001:0004388B   423 0001:00043899   424 0001:0004389F
   426 0001:000438AF   428 0001:000438C4   429 0001:000438CA   432 0001:000438D5
   433 0001:000438E3   434 0001:000438F1   435 0001:000438FF   436 0001:0004390D
   437 0001:0004391B   439 0001:00043951   447 0001:00043958   448 0001:00043995
   449 0001:00043999   450 0001:000439A7   452 0001:000439CD   453 0001:000439D5
   454 0001:000439E4   455 0001:000439F2   456 0001:00043A13   458 0001:00043A38
   459 0001:00043A56   460 0001:00043A64   461 0001:00043A76   463 0001:00043A84
   465 0001:00043A92   467 0001:00043ABD   469 0001:00043AD5   470 0001:00043B04
   471 0001:00043B27   473 0001:00043B6F   474 0001:00043B80   477 0001:00043B82
   465 0001:00043B85   479 0001:00043B8E   480 0001:00043BA0   482 0001:00043BBE
   484 0001:00043BCE   456 0001:00043BD1   486 0001:00043BE7   490 0001:00043C12
   492 0001:00043C15   493 0001:00043C23   496 0001:00043C61   504 0001:00043CB8
   505 0001:00043CF5   506 0001:00043CF9   507 0001:00043D07   509 0001:00043D2D
   510 0001:00043D35   511 0001:00043D44   512 0001:00043D52   513 0001:00043D73
   515 0001:00043D98   516 0001:00043DB6   517 0001:00043DC4   518 0001:00043DD6
   519 0001:00043DE4   521 0001:00043DF2   523 0001:00043E1D   525 0001:00043E35
   527 0001:00043E64   529 0001:00043E87   531 0001:00043ECF   532 0001:00043EE0
   534 0001:00043EE2   538 0001:00043EFE   521 0001:00043F01   540 0001:00043F0A
   541 0001:00043F1C   543 0001:00043F3A   545 0001:00043F4A   513 0001:00043F4D
   547 0001:00043F63   551 0001:00043F8E   553 0001:00043F91   554 0001:00043F9F
   557 0001:00043FDD   565 0001:00044020   566 0001:0004405D   567 0001:00044061
   568 0001:0004406F   570 0001:00044095   571 0001:0004409D   572 0001:000440AC
   573 0001:000440BA   574 0001:000440DB   576 0001:00044100   577 0001:0004411E
   578 0001:0004412C   579 0001:0004413E   580 0001:0004414C   582 0001:0004415A
   584 0001:00044185   586 0001:0004419D   588 0001:000441CC   589 0001:000441EF
   591 0001:00044237   592 0001:00044248   596 0001:0004424A   582 0001:0004424D
   597 0001:00044256   598 0001:00044268   600 0001:00044286   602 0001:00044296
   574 0001:00044299   604 0001:000442AF   608 0001:000442DA   610 0001:000442DD
   611 0001:000442EB   614 0001:00044329   623 0001:00044368   624 0001:0004438F
   625 0001:00044393   626 0001:000443A1   628 0001:000443C7   629 0001:000443CF
   630 0001:000443DE   631 0001:000443EC   632 0001:0004440D   634 0001:00044432
   635 0001:00044450   636 0001:0004445E   637 0001:00044470   638 0001:0004447E
   639 0001:0004448C   640 0001:000444B3   641 0001:000444C7   639 0001:000444F9
   642 0001:000444FE   644 0001:0004451C   646 0001:0004452C   632 0001:0004452F
   648 0001:00044545   652 0001:00044570   654 0001:00044573   655 0001:00044581
   659 0001:0004458A   661 0001:00044594   664 0001:000445A7   669 0001:00044646
   670 0001:0004465B   672 0001:0004466B   662 0001:00044679   674 0001:0004468F
   677 0001:000446E0   686 0001:00044738   687 0001:00044775   688 0001:00044779
   689 0001:00044787   691 0001:000447AD   692 0001:000447B5   693 0001:000447C4
   694 0001:000447D2   695 0001:000447F3   697 0001:00044818   698 0001:00044836
   699 0001:00044844   700 0001:00044856   701 0001:00044864   703 0001:00044872
   705 0001:0004489D   707 0001:000448B5   708 0001:000448E4   709 0001:00044907
   711 0001:0004494F   712 0001:00044960   715 0001:00044962   703 0001:00044965
   716 0001:0004496E   717 0001:00044980   719 0001:0004499E   721 0001:000449AE
   695 0001:000449B1   723 0001:000449C7   727 0001:000449F2   729 0001:000449F5
   730 0001:00044A03   733 0001:00044A41   741 0001:00044A80   742 0001:00044ABD
   743 0001:00044AC1   744 0001:00044ACF   746 0001:00044AF5   747 0001:00044AFD
   748 0001:00044B0C   749 0001:00044B1A   751 0001:00044B3B   753 0001:00044B60
   754 0001:00044B7E   755 0001:00044B8C   756 0001:00044B9E   757 0001:00044BAC
   759 0001:00044BBA   761 0001:00044BE5   763 0001:00044BFD   765 0001:00044C2C
   766 0001:00044C4F   768 0001:00044C97   769 0001:00044CA8   773 0001:00044CAA
   759 0001:00044CAD   774 0001:00044CB6   775 0001:00044CC8   777 0001:00044CE6
   779 0001:00044CF6   751 0001:00044CF9   781 0001:00044D0F   785 0001:00044D3A
   787 0001:00044D3D   788 0001:00044D4B   791 0001:00044D89   795 0001:00044DD8
   796 0001:00044DF7   797 0001:00044E5A   803 0001:00044E6C   806 0001:00044E99
   807 0001:00044EA8   808 0001:00044EB6   809 0001:00044EC3   810 0001:00044ECD
   811 0001:00044ED8   812 0001:00044EE3   813 0001:00044EF0   815 0001:00044F1A
   817 0001:00044F64   817 0001:00044F6B

Line numbers for fmimportacaonotastransferencia(fmimportacaonotastransferencia.pas) segment .text

    42 0001:00045230    43 0001:0004525F    44 0001:0004526C    46 0001:00045283
    48 0001:00045293    49 0001:000452AA    50 0001:000452B8    52 0001:000452ED
    56 0001:00045335    62 0001:0004538C    64 0001:000453AB    65 0001:000453BE
    66 0001:000453EC    73 0001:00045410    77 0001:00045433    78 0001:00045453
    80 0001:00045467    82 0001:00045477    83 0001:0004548E    84 0001:0004549C
    86 0001:000454D0    89 0001:000454E0    92 0001:0004550E    96 0001:000455B0
    98 0001:000455C0    99 0001:000455CC   101 0001:000455DE   103 0001:00045618
   103 0001:0004561F

Line numbers for dmconsultatransferencias(dmconsultatransferencias.pas) segment .text

   106 0001:00045C90   107 0001:00045CC7   108 0001:00045CD4   109 0001:00045CF4
   110 0001:00045D14   111 0001:00045D34   112 0001:00045D54   113 0001:00045DB1
   119 0001:00045DB8   120 0001:00045DF3   121 0001:00045E05   123 0001:00045E13
   124 0001:00045E19   126 0001:00045E52   128 0001:00045E6C   129 0001:00045E72
   131 0001:00045EAB   134 0001:00045EC5   135 0001:00045ECD   136 0001:00045ED9
   138 0001:00045EE6   139 0001:00045EF2   140 0001:00045EFE   142 0001:00045F0D
   144 0001:00045F1A   145 0001:00045F26   146 0001:00045F32   148 0001:00045F41
   150 0001:00045F4E   151 0001:00045F5A   152 0001:00045F66   154 0001:00045F75
   156 0001:00045F82   158 0001:00045F8E   159 0001:00045F9B   162 0001:00045FAA
   163 0001:00045FB6   165 0001:00045FD3   167 0001:00045FED   169 0001:00045FFB
   170 0001:00046012   171 0001:00046018   172 0001:00046058   175 0001:00046230
   176 0001:0004624F   177 0001:00046288   180 0001:0004628C   181 0001:000462AB
   182 0001:000462E4   188 0001:00046340   189 0001:0004635A   190 0001:00046370
   191 0001:00046382   192 0001:000463CA   195 0001:0004641D   196 0001:0004642F
   197 0001:00046474   199 0001:000464B0   203 0001:000464FC   204 0001:00046508
   205 0001:0004651B   206 0001:0004652B   207 0001:00046533   210 0001:00046538
   211 0001:00046544   212 0001:00046557   213 0001:00046567   215 0001:0004656F
   218 0001:00046574   219 0001:00046580   220 0001:0004658C   223 0001:00046590
   224 0001:0004659C   225 0001:000465A8   228 0001:000465AC   229 0001:000465B8
   230 0001:000465C4   233 0001:000465C8   234 0001:000465EB   237 0001:000465F7
   238 0001:00046611   239 0001:0004661D   241 0001:0004663A   243 0001:0004664A
   244 0001:0004666B   246 0001:000466B2   249 0001:000466CF   251 0001:000466DF
   252 0001:00046700   254 0001:00046747   257 0001:00046764   259 0001:00046774
   260 0001:00046795   262 0001:000467DC   265 0001:000467F9   266 0001:0004681A
   267 0001:00046881   269 0001:000469DC   269 0001:000469E3

Line numbers for fmconsultatransferencias(fmconsultatransferencias.pas) segment .text

    75 0001:00046E8C    76 0001:00046EAE    77 0001:00046EDF    78 0001:00046F32
    81 0001:00046F60    82 0001:00046F98    83 0001:00046FAF    87 0001:00046FBC
    88 0001:00046FE8    90 0001:00047044    91 0001:00047076    94 0001:000470A2
    95 0001:000470CA    97 0001:000470E6    98 0001:0004710E   100 0001:0004712A
   101 0001:00047154   103 0001:0004717E   105 0001:000471A8   107 0001:000471C2
   108 0001:000471EE   110 0001:00047218   111 0001:00047244   113 0001:0004726E
   114 0001:0004729A   116 0001:000472C4   117 0001:000472F0   119 0001:0004731A
   120 0001:00047346   122 0001:000473DB   125 0001:00047494   126 0001:000474A5
   127 0001:000474AE   128 0001:000474BC   129 0001:000474D1   132 0001:000474D8
   133 0001:000474F8   134 0001:00047529   137 0001:000475A5   138 0001:000475E3
   140 0001:000476C3   143 0001:00047774   144 0001:000477AB   145 0001:000477DC
   148 0001:00047858   149 0001:0004789E   152 0001:00047997   156 0001:00047A4C
   157 0001:00047A5C   158 0001:00047A6A   159 0001:00047A76   160 0001:00047AA6
   162 0001:00047AB4   165 0001:00047ABC   167 0001:00047ADF   171 0001:00047AEF
   172 0001:00047B0F   173 0001:00047B2F   174 0001:00047B4E   175 0001:00047B6D
   176 0001:00047B8C   179 0001:00047BAB   180 0001:00047BCA   181 0001:00047BE9
   182 0001:00047C08   184 0001:00047C27   187 0001:00047C61   188 0001:00047C97
   192 0001:00047CAA   193 0001:00047CC1   198 0001:00047D11   201 0001:00047D2C
   202 0001:00047D35   204 0001:00047D57   206 0001:00047D8C   206 0001:00047D93

Line numbers for rginterlojas(rginterlojas.pas) segment .text

    17 0001:00047DC4    19 0001:00047DD3    25 0001:00047E28

Line numbers for interlojas(C:\projetos.vcl\apps\interlojas\interlojas.dpk) segment .text

    88 0001:0004B154

Bound resource files

dmconfirmarnotastransferencia.dfm
fmdadostransportador.dfm
dmtransferenciarequisicaoexposicao.dfm
dmconsultaprodutosadquiridos.dfm
dmconsultarequisicaoexposicao.dfm
dmconfirmarnotastransferenciaporitem.dfm
fmconfirmarnotastransferencia.dfm
fmconfirmarnotastransferenciaporitem.dfm
fmconsultaprodutosadquiridos.dfm
fmconsultarequisicaoexposicao.dfm
fmtransferenciarequisicaoexposicao.dfm
dmconfirmarromaneiostransferencia.dfm
fmconfirmarromaneiostransferencia.dfm
dmexportacaonotastransferencia.dfm
fmexportacaonotastransferencia.dfm
dmimportacaonotastransferencia.dfm
fmimportacaonotastransferencia.dfm
dmconsultatransferencias.dfm
fmconsultatransferencias.dfm
interlojas.res
interlojas.drf


Program entry point at 0001:0004B154
