
 Start         Length     Name                   Class
 0001:00000000 000095C0H .text                   CODE
 0002:00000000 00000034H .data                   DATA
 0002:00000034 00000055H .bss                    BSS


Detailed map of segments

 0001:00000000 000000AE C=CODE     S=.text    G=(none)   M=System   ACBP=A9
 0001:000000B0 00000090 C=CODE     S=.text    G=(none)   M=SysInit  ACBP=A9
 0001:00000140 00000038 C=CODE     S=.text    G=(none)   M=ShellAPI ACBP=A9
 0001:00000178 00000038 C=CODE     S=.text    G=(none)   M=Windows  ACBP=A9
 0001:000001B0 0000000E C=CODE     S=.text    G=(none)   M=Types    ACBP=A9
 0001:000001C0 0000000E C=CODE     S=.text    G=(none)   M=ctconstantes ACBP=A9
 0001:000001D0 0000004E C=CODE     S=.text    G=(none)   M=DB       ACBP=A9
 0001:00000220 0000000E C=CODE     S=.text    G=(none)   M=FMTBcd   ACBP=A9
 0001:00000230 0000000E C=CODE     S=.text    G=(none)   M=Variants ACBP=A9
 0001:00000240 00000046 C=CODE     S=.text    G=(none)   M=SysUtils ACBP=A9
 0001:00000288 0000000E C=CODE     S=.text    G=(none)   M=SysConst ACBP=A9
 0001:00000298 0000000E C=CODE     S=.text    G=(none)   M=VarUtils ACBP=A9
 0001:000002A8 00000046 C=CODE     S=.text    G=(none)   M=Classes  ACBP=A9
 0001:000002F0 0000000E C=CODE     S=.text    G=(none)   M=ActiveX  ACBP=A9
 0001:00000300 00000038 C=CODE     S=.text    G=(none)   M=Messages ACBP=A9
 0001:00000338 0000000E C=CODE     S=.text    G=(none)   M=TypInfo  ACBP=A9
 0001:00000348 0000000E C=CODE     S=.text    G=(none)   M=RTLConsts ACBP=A9
 0001:00000358 0000000E C=CODE     S=.text    G=(none)   M=Math     ACBP=A9
 0001:00000368 0000000E C=CODE     S=.text    G=(none)   M=DBConsts ACBP=A9
 0001:00000378 0000000E C=CODE     S=.text    G=(none)   M=SqlTimSt ACBP=A9
 0001:00000388 00000026 C=CODE     S=.text    G=(none)   M=DateUtils ACBP=A9
 0001:000003B0 0000000E C=CODE     S=.text    G=(none)   M=MaskUtils ACBP=A9
 0001:000003C0 0000000E C=CODE     S=.text    G=(none)   M=ComObj   ACBP=A9
 0001:000003D0 0000000E C=CODE     S=.text    G=(none)   M=ComConst ACBP=A9
 0001:000003E0 00000016 C=CODE     S=.text    G=(none)   M=ZQuery   ACBP=A9
 0001:000003F8 0000000E C=CODE     S=.text    G=(none)   M=ZDirSql  ACBP=A9
 0001:00000408 0000000E C=CODE     S=.text    G=(none)   M=ZToken   ACBP=A9
 0001:00000418 0000000E C=CODE     S=.text    G=(none)   M=ZSqlTypes ACBP=A9
 0001:00000428 0000000E C=CODE     S=.text    G=(none)   M=ZDBaseConst ACBP=A9
 0001:00000438 0000000E C=CODE     S=.text    G=(none)   M=ZExtra   ACBP=A9
 0001:00000448 0000000E C=CODE     S=.text    G=(none)   M=ZSqlExtra ACBP=A9
 0001:00000458 0000000E C=CODE     S=.text    G=(none)   M=DBCommon ACBP=A9
 0001:00000468 0000000E C=CODE     S=.text    G=(none)   M=ZBlobStream ACBP=A9
 0001:00000478 0000000E C=CODE     S=.text    G=(none)   M=ZSqlItems ACBP=A9
 0001:00000488 0000000E C=CODE     S=.text    G=(none)   M=ZList    ACBP=A9
 0001:00000498 0000000E C=CODE     S=.text    G=(none)   M=ZConnect ACBP=A9
 0001:000004A8 0000000E C=CODE     S=.text    G=(none)   M=ZConvert ACBP=A9
 0001:000004B8 000000F6 C=CODE     S=.text    G=(none)   M=Controls ACBP=A9
 0001:000005B0 0000000E C=CODE     S=.text    G=(none)   M=ActnList ACBP=A9
 0001:000005C0 0000000E C=CODE     S=.text    G=(none)   M=Contnrs  ACBP=A9
 0001:000005D0 0000000E C=CODE     S=.text    G=(none)   M=ImgList  ACBP=A9
 0001:000005E0 00000038 C=CODE     S=.text    G=(none)   M=CommCtrl ACBP=A9
 0001:00000618 0000001E C=CODE     S=.text    G=(none)   M=Graphics ACBP=A9
 0001:00000638 0000000E C=CODE     S=.text    G=(none)   M=Consts   ACBP=A9
 0001:00000648 0000014E C=CODE     S=.text    G=(none)   M=Forms    ACBP=A9
 0001:00000798 0000000E C=CODE     S=.text    G=(none)   M=HelpIntfs ACBP=A9
 0001:000007A8 0000000E C=CODE     S=.text    G=(none)   M=MultiMon ACBP=A9
 0001:000007B8 00000038 C=CODE     S=.text    G=(none)   M=Imm      ACBP=A9
 0001:000007F0 0000000E C=CODE     S=.text    G=(none)   M=Menus    ACBP=A9
 0001:00000800 0000000E C=CODE     S=.text    G=(none)   M=Themes   ACBP=A9
 0001:00000810 0000000E C=CODE     S=.text    G=(none)   M=UxTheme  ACBP=A9
 0001:00000820 0000000E C=CODE     S=.text    G=(none)   M=SyncObjs ACBP=A9
 0001:00000830 0000000E C=CODE     S=.text    G=(none)   M=ComCtrls ACBP=A9
 0001:00000840 00000038 C=CODE     S=.text    G=(none)   M=ShlObj   ACBP=A9
 0001:00000878 00000038 C=CODE     S=.text    G=(none)   M=UrlMon   ACBP=A9
 0001:000008B0 00000038 C=CODE     S=.text    G=(none)   M=WinInet  ACBP=A9
 0001:000008E8 00000038 C=CODE     S=.text    G=(none)   M=RegStr   ACBP=A9
 0001:00000920 0000000E C=CODE     S=.text    G=(none)   M=ListActns ACBP=A9
 0001:00000930 00000016 C=CODE     S=.text    G=(none)   M=ExtCtrls ACBP=A9
 0001:00000948 0000000E C=CODE     S=.text    G=(none)   M=StdCtrls ACBP=A9
 0001:00000958 0000000E C=CODE     S=.text    G=(none)   M=WinHelpViewer ACBP=A9
 0001:00000968 0000000E C=CODE     S=.text    G=(none)   M=StdActns ACBP=A9
 0001:00000978 0000000E C=CODE     S=.text    G=(none)   M=Dialogs  ACBP=A9
 0001:00000988 0000000E C=CODE     S=.text    G=(none)   M=Printers ACBP=A9
 0001:00000998 00000038 C=CODE     S=.text    G=(none)   M=WinSpool ACBP=A9
 0001:000009D0 00000038 C=CODE     S=.text    G=(none)   M=CommDlg  ACBP=A9
 0001:00000A08 00000038 C=CODE     S=.text    G=(none)   M=Dlgs     ACBP=A9
 0001:00000A40 0000000E C=CODE     S=.text    G=(none)   M=StrUtils ACBP=A9
 0001:00000A50 0000000E C=CODE     S=.text    G=(none)   M=Clipbrd  ACBP=A9
 0001:00000A60 0000000E C=CODE     S=.text    G=(none)   M=FlatSB   ACBP=A9
 0001:00000A70 0000000E C=CODE     S=.text    G=(none)   M=ToolWin  ACBP=A9
 0001:00000A80 00000038 C=CODE     S=.text    G=(none)   M=RichEdit ACBP=A9
 0001:00000AB8 0000000E C=CODE     S=.text    G=(none)   M=ExtActns ACBP=A9
 0001:00000AC8 0000000E C=CODE     S=.text    G=(none)   M=Registry ACBP=A9
 0001:00000AD8 0000000E C=CODE     S=.text    G=(none)   M=IniFiles ACBP=A9
 0001:00000AE8 0000000E C=CODE     S=.text    G=(none)   M=ExtDlgs  ACBP=A9
 0001:00000AF8 0000000E C=CODE     S=.text    G=(none)   M=Buttons  ACBP=A9
 0001:00000B08 0000000E C=CODE     S=.text    G=(none)   M=Mapi     ACBP=A9
 0001:00000B18 0000000E C=CODE     S=.text    G=(none)   M=ComStrs  ACBP=A9
 0001:00000B28 0000000E C=CODE     S=.text    G=(none)   M=ZTransact ACBP=A9
 0001:00000B38 0000000E C=CODE     S=.text    G=(none)   M=ZSqlScanner ACBP=A9
 0001:00000B48 0000000E C=CODE     S=.text    G=(none)   M=ZScanner ACBP=A9
 0001:00000B58 0000000E C=CODE     S=.text    G=(none)   M=ZSqlScript ACBP=A9
 0001:00000B68 0000000E C=CODE     S=.text    G=(none)   M=ZUpdateSql ACBP=A9
 0001:00000B78 0000000E C=CODE     S=.text    G=(none)   M=ZSqlBuffer ACBP=A9
 0001:00000B88 0000000E C=CODE     S=.text    G=(none)   M=ZParser  ACBP=A9
 0001:00000B98 0000000E C=CODE     S=.text    G=(none)   M=ZMatch   ACBP=A9
 0001:00000BA8 0000000E C=CODE     S=.text    G=(none)   M=ZCommonConst ACBP=A9
 0001:00000BB8 0000000E C=CODE     S=.text    G=(none)   M=ZSqlParser ACBP=A9
 0001:00000BC8 0000000E C=CODE     S=.text    G=(none)   M=DBLogDlg ACBP=A9
 0001:00000BD8 0000000E C=CODE     S=.text    G=(none)   M=VDBConsts ACBP=A9
 0001:00000BE8 0000000E C=CODE     S=.text    G=(none)   M=clusuario ACBP=A9
 0001:00000BF8 0000000E C=CODE     S=.text    G=(none)   M=cpdatabase ACBP=A9
 0001:00000C08 0000000E C=CODE     S=.text    G=(none)   M=ZPgSqlCon ACBP=A9
 0001:00000C18 0000000E C=CODE     S=.text    G=(none)   M=ZDirPgSql ACBP=A9
 0001:00000C28 0000000E C=CODE     S=.text    G=(none)   M=ZLibPgSql ACBP=A9
 0001:00000C38 00000016 C=CODE     S=.text    G=(none)   M=biblio   ACBP=A9
 0001:00000C50 0000000E C=CODE     S=.text    G=(none)   M=IdMessageBuilder ACBP=A9
 0001:00000C60 0000000E C=CODE     S=.text    G=(none)   M=IdMessage ACBP=A9
 0001:00000C70 0000000E C=CODE     S=.text    G=(none)   M=IdException ACBP=A9
 0001:00000C80 0000000E C=CODE     S=.text    G=(none)   M=IdMessageParts ACBP=A9
 0001:00000C90 0000000E C=CODE     S=.text    G=(none)   M=IdGlobal ACBP=A9
 0001:00000CA0 0000000E C=CODE     S=.text    G=(none)   M=IdStreamVCL ACBP=A9
 0001:00000CB0 0000000E C=CODE     S=.text    G=(none)   M=IdStream ACBP=A9
 0001:00000CC0 0000000E C=CODE     S=.text    G=(none)   M=IdResourceStrings ACBP=A9
 0001:00000CD0 0000000E C=CODE     S=.text    G=(none)   M=IdExceptionCore ACBP=A9
 0001:00000CE0 0000000E C=CODE     S=.text    G=(none)   M=IdStack  ACBP=A9
 0001:00000CF0 0000000E C=CODE     S=.text    G=(none)   M=IdStackConsts ACBP=A9
 0001:00000D00 0000000E C=CODE     S=.text    G=(none)   M=IdWinsock2 ACBP=A9
 0001:00000D10 0000000E C=CODE     S=.text    G=(none)   M=IdWship6 ACBP=A9
 0001:00000D20 0000000E C=CODE     S=.text    G=(none)   M=IdStackWindows ACBP=A9
 0001:00000D30 0000000E C=CODE     S=.text    G=(none)   M=IdStackBSDBase ACBP=A9
 0001:00000D40 0000000E C=CODE     S=.text    G=(none)   M=IdIDN    ACBP=A9
 0001:00000D50 0000000E C=CODE     S=.text    G=(none)   M=IdHeaderList ACBP=A9
 0001:00000D60 0000000E C=CODE     S=.text    G=(none)   M=IdGlobalProtocols ACBP=A9
 0001:00000D70 0000000E C=CODE     S=.text    G=(none)   M=IdBaseComponent ACBP=A9
 0001:00000D80 0000000E C=CODE     S=.text    G=(none)   M=IdCharsets ACBP=A9
 0001:00000D90 0000000E C=CODE     S=.text    G=(none)   M=IdResourceStringsProtocols ACBP=A9
 0001:00000DA0 0000000E C=CODE     S=.text    G=(none)   M=IdResourceStringsCore ACBP=A9
 0001:00000DB0 0000000E C=CODE     S=.text    G=(none)   M=IdAssignedNumbers ACBP=A9
 0001:00000DC0 0000000E C=CODE     S=.text    G=(none)   M=IdIPAddress ACBP=A9
 0001:00000DD0 0000000E C=CODE     S=.text    G=(none)   M=IdCoderHeader ACBP=A9
 0001:00000DE0 0000000E C=CODE     S=.text    G=(none)   M=IdHeaderCoderBase ACBP=A9
 0001:00000DF0 0000000E C=CODE     S=.text    G=(none)   M=IdEMailAddress ACBP=A9
 0001:00000E00 0000000E C=CODE     S=.text    G=(none)   M=IdComponent ACBP=A9
 0001:00000E10 0000000E C=CODE     S=.text    G=(none)   M=IdAllHeaderCoders ACBP=A9
 0001:00000E20 0000000E C=CODE     S=.text    G=(none)   M=IdHeaderCoderIndy ACBP=A9
 0001:00000E30 0000000E C=CODE     S=.text    G=(none)   M=IdHeaderCoder2022JP ACBP=A9
 0001:00000E40 0000000E C=CODE     S=.text    G=(none)   M=IdHeaderCoderPlain ACBP=A9
 0001:00000E50 0000000E C=CODE     S=.text    G=(none)   M=IdMessageCoder ACBP=A9
 0001:00000E60 0000000E C=CODE     S=.text    G=(none)   M=IdAttachment ACBP=A9
 0001:00000E70 0000000E C=CODE     S=.text    G=(none)   M=IdIOHandler ACBP=A9
 0001:00000E80 0000000E C=CODE     S=.text    G=(none)   M=IdIntercept ACBP=A9
 0001:00000E90 0000000E C=CODE     S=.text    G=(none)   M=IdBuffer ACBP=A9
 0001:00000EA0 0000000E C=CODE     S=.text    G=(none)   M=IdAntiFreezeBase ACBP=A9
 0001:00000EB0 0000000E C=CODE     S=.text    G=(none)   M=IdTCPConnection ACBP=A9
 0001:00000EC0 0000000E C=CODE     S=.text    G=(none)   M=IdSocketHandle ACBP=A9
 0001:00000ED0 0000000E C=CODE     S=.text    G=(none)   M=IdReply  ACBP=A9
 0001:00000EE0 0000000E C=CODE     S=.text    G=(none)   M=IdIOHandlerStack ACBP=A9
 0001:00000EF0 0000000E C=CODE     S=.text    G=(none)   M=IdIOHandlerSocket ACBP=A9
 0001:00000F00 0000000E C=CODE     S=.text    G=(none)   M=IdCustomTransparentProxy ACBP=A9
 0001:00000F10 0000000E C=CODE     S=.text    G=(none)   M=IdSocks  ACBP=A9
 0001:00000F20 0000000E C=CODE     S=.text    G=(none)   M=IdReplyRFC ACBP=A9
 0001:00000F30 0000000E C=CODE     S=.text    G=(none)   M=IdTCPClient ACBP=A9
 0001:00000F40 0000000E C=CODE     S=.text    G=(none)   M=IdText   ACBP=A9
 0001:00000F50 0000000E C=CODE     S=.text    G=(none)   M=IdAttachmentFile ACBP=A9
 0001:00000F60 0000000E C=CODE     S=.text    G=(none)   M=IdMessageClient ACBP=A9
 0001:00000F70 0000000E C=CODE     S=.text    G=(none)   M=IdIOHandlerStream ACBP=A9
 0001:00000F80 0000000E C=CODE     S=.text    G=(none)   M=IdExplicitTLSClientServerBase ACBP=A9
 0001:00000F90 0000000E C=CODE     S=.text    G=(none)   M=IdCustomTCPServer ACBP=A9
 0001:00000FA0 0000000E C=CODE     S=.text    G=(none)   M=IdTask   ACBP=A9
 0001:00000FB0 0000000E C=CODE     S=.text    G=(none)   M=IdYarn   ACBP=A9
 0001:00000FC0 0000000E C=CODE     S=.text    G=(none)   M=IdThread ACBP=A9
 0001:00000FD0 0000000E C=CODE     S=.text    G=(none)   M=IdThreadSafe ACBP=A9
 0001:00000FE0 0000000E C=CODE     S=.text    G=(none)   M=IdServerIOHandlerStack ACBP=A9
 0001:00000FF0 0000000E C=CODE     S=.text    G=(none)   M=IdServerIOHandlerSocket ACBP=A9
 0001:00001000 0000000E C=CODE     S=.text    G=(none)   M=IdScheduler ACBP=A9
 0001:00001010 0000000E C=CODE     S=.text    G=(none)   M=IdServerIOHandler ACBP=A9
 0001:00001020 0000000E C=CODE     S=.text    G=(none)   M=IdSchedulerOfThread ACBP=A9
 0001:00001030 0000000E C=CODE     S=.text    G=(none)   M=IdTCPServer ACBP=A9
 0001:00001040 0000000E C=CODE     S=.text    G=(none)   M=IdContext ACBP=A9
 0001:00001050 0000000E C=CODE     S=.text    G=(none)   M=IdSchedulerOfThreadDefault ACBP=A9
 0001:00001060 0000000E C=CODE     S=.text    G=(none)   M=IdGlobalCore ACBP=A9
 0001:00001070 0000000E C=CODE     S=.text    G=(none)   M=IdCmdTCPServer ACBP=A9
 0001:00001080 0000000E C=CODE     S=.text    G=(none)   M=IdCommandHandlers ACBP=A9
 0001:00001090 0000000E C=CODE     S=.text    G=(none)   M=IdSSL    ACBP=A9
 0001:000010A0 0000000E C=CODE     S=.text    G=(none)   M=IdCoderMIME ACBP=A9
 0001:000010B0 0000000E C=CODE     S=.text    G=(none)   M=IdCoder  ACBP=A9
 0001:000010C0 0000000E C=CODE     S=.text    G=(none)   M=IdCoder3to4 ACBP=A9
 0001:000010D0 0000000E C=CODE     S=.text    G=(none)   M=IdTCPStream ACBP=A9
 0001:000010E0 0000000E C=CODE     S=.text    G=(none)   M=IdCoderBinHex4 ACBP=A9
 0001:000010F0 0000000E C=CODE     S=.text    G=(none)   M=IdMessageCoderXXE ACBP=A9
 0001:00001100 0000000E C=CODE     S=.text    G=(none)   M=IdMessageCoderUUE ACBP=A9
 0001:00001110 0000000E C=CODE     S=.text    G=(none)   M=IdCoderXXE ACBP=A9
 0001:00001120 0000000E C=CODE     S=.text    G=(none)   M=IdCoder00E ACBP=A9
 0001:00001130 0000000E C=CODE     S=.text    G=(none)   M=IdCoderUUE ACBP=A9
 0001:00001140 0000000E C=CODE     S=.text    G=(none)   M=IdMessageCoderMIME ACBP=A9
 0001:00001150 0000000E C=CODE     S=.text    G=(none)   M=IdCoderQuotedPrintable ACBP=A9
 0001:00001160 0000000E C=CODE     S=.text    G=(none)   M=IdMessageCoderQuotedPrintable ACBP=A9
 0001:00001170 0000000E C=CODE     S=.text    G=(none)   M=IdMessageCoderBinHex4 ACBP=A9
 0001:00001180 0000000E C=CODE     S=.text    G=(none)   M=IdAttachmentMemory ACBP=A9
 0001:00001190 0000000E C=CODE     S=.text    G=(none)   M=AJBarcode ACBP=A9
 0001:000011A0 0000000E C=CODE     S=.text    G=(none)   M=ACBrBarCode ACBP=A9
 0001:000011B0 0000000E C=CODE     S=.text    G=(none)   M=ACBrBase ACBP=A9
 0001:000011C0 0000000E C=CODE     S=.text    G=(none)   M=ACBrUtil.Strings ACBP=A9
 0001:000011D0 0000000E C=CODE     S=.text    G=(none)   M=ACBrConsts ACBP=A9
 0001:000011E0 0000000E C=CODE     S=.text    G=(none)   M=ACBrUtil.Compatibilidade ACBP=A9
 0001:000011F0 0000000E C=CODE     S=.text    G=(none)   M=ACBrUtil.Math ACBP=A9
 0001:00001200 0000000E C=CODE     S=.text    G=(none)   M=synautil ACBP=A9
 0001:00001210 0000000E C=CODE     S=.text    G=(none)   M=synafpc  ACBP=A9
 0001:00001220 0000000E C=CODE     S=.text    G=(none)   M=DBClient ACBP=A9
 0001:00001230 0000000E C=CODE     S=.text    G=(none)   M=Midas    ACBP=A9
 0001:00001240 0000000E C=CODE     S=.text    G=(none)   M=DSIntf   ACBP=A9
 0001:00001250 0000000E C=CODE     S=.text    G=(none)   M=MidConst ACBP=A9
 0001:00001260 0000000E C=CODE     S=.text    G=(none)   M=Provider ACBP=A9
 0001:00001270 0000000E C=CODE     S=.text    G=(none)   M=DataBkr  ACBP=A9
 0001:00001280 0000000E C=CODE     S=.text    G=(none)   M=DBTables ACBP=A9
 0001:00001290 0000000E C=CODE     S=.text    G=(none)   M=SMINTF   ACBP=A9
 0001:000012A0 0000000E C=CODE     S=.text    G=(none)   M=BDE      ACBP=A9
 0001:000012B0 0000000E C=CODE     S=.text    G=(none)   M=bdeconst ACBP=A9
 0001:000012C0 0000000E C=CODE     S=.text    G=(none)   M=uS3Storage ACBP=A9
 0001:000012D0 0000000E C=CODE     S=.text    G=(none)   M=ssl_openssl ACBP=A9
 0001:000012E0 0000000E C=CODE     S=.text    G=(none)   M=blcksock ACBP=A9
 0001:000012F0 0000000E C=CODE     S=.text    G=(none)   M=synsock  ACBP=A9
 0001:00001300 0000000E C=CODE     S=.text    G=(none)   M=synacode ACBP=A9
 0001:00001310 0000000E C=CODE     S=.text    G=(none)   M=synaip   ACBP=A9
 0001:00001320 0000000E C=CODE     S=.text    G=(none)   M=ssl_openssl_lib ACBP=A9
 0001:00001330 0000000E C=CODE     S=.text    G=(none)   M=httpsend ACBP=A9
 0001:00001340 0000000E C=CODE     S=.text    G=(none)   M=MPlayer  ACBP=A9
 0001:00001350 00000038 C=CODE     S=.text    G=(none)   M=MMSystem ACBP=A9
 0001:00001388 0000000E C=CODE     S=.text    G=(none)   M=pcteConversaoCTe ACBP=A9
 0001:00001398 0000000E C=CODE     S=.text    G=(none)   M=pcnConversao ACBP=A9
 0001:000013A8 0000000E C=CODE     S=.text    G=(none)   M=ACBrUtil ACBP=A9
 0001:000013B8 0000000E C=CODE     S=.text    G=(none)   M=ACBrUtil.Base ACBP=A9
 0001:000013C8 0000000E C=CODE     S=.text    G=(none)   M=StrUtilsEx ACBP=A9
 0001:000013D8 0000000E C=CODE     S=.text    G=(none)   M=ACBrCompress ACBP=A9
 0001:000013E8 0000000E C=CODE     S=.text    G=(none)   M=ACBrZLibExGZ ACBP=A9
 0001:000013F8 0000000E C=CODE     S=.text    G=(none)   M=ACBrZLibEx ACBP=A9
 0001:00001408 0000000E C=CODE     S=.text    G=(none)   M=ACBrZLibExApi ACBP=A9
 0001:00001418 0000000E C=CODE     S=.text    G=(none)   M=ZLib     ACBP=A9
 0001:00001428 0000000E C=CODE     S=.text    G=(none)   M=ZLibConst ACBP=A9
 0001:00001438 0000000E C=CODE     S=.text    G=(none)   M=ACBrUtil.XMLHTML ACBP=A9
 0001:00001448 0000000E C=CODE     S=.text    G=(none)   M=ACBrUtil.DateTime ACBP=A9
 0001:00001458 0000000E C=CODE     S=.text    G=(none)   M=ACBrUtil.FilesIO ACBP=A9
 0001:00001468 0000000E C=CODE     S=.text    G=(none)   M=DBAdvGrid ACBP=A9
 0001:00001478 0000000E C=CODE     S=.text    G=(none)   M=BaseGrid ACBP=A9
 0001:00001488 0000000E C=CODE     S=.text    G=(none)   M=Grids    ACBP=A9
 0001:00001498 0000000E C=CODE     S=.text    G=(none)   M=Mask     ACBP=A9
 0001:000014A8 0000000E C=CODE     S=.text    G=(none)   M=AdvObj   ACBP=A9
 0001:000014B8 0000000E C=CODE     S=.text    G=(none)   M=AdvHintInfo ACBP=A9
 0001:000014C8 0000000E C=CODE     S=.text    G=(none)   M=GDIPicture ACBP=A9
 0001:000014D8 0000000E C=CODE     S=.text    G=(none)   M=AdvGDIP  ACBP=A9
 0001:000014E8 0000000E C=CODE     S=.text    G=(none)   M=AdvXPVS  ACBP=A9
 0001:000014F8 0000000E C=CODE     S=.text    G=(none)   M=AdvUtil  ACBP=A9
 0001:00001508 0000000E C=CODE     S=.text    G=(none)   M=AdvStyleIF ACBP=A9
 0001:00001518 0000000E C=CODE     S=.text    G=(none)   M=AsgHTMLE ACBP=A9
 0001:00001528 0000000E C=CODE     S=.text    G=(none)   M=PictureContainer ACBP=A9
 0001:00001538 0000000E C=CODE     S=.text    G=(none)   M=DBCtrls  ACBP=A9
 0001:00001548 0000000E C=CODE     S=.text    G=(none)   M=DBPWDlg  ACBP=A9
 0001:00001558 0000000E C=CODE     S=.text    G=(none)   M=AdvGrid  ACBP=A9
 0001:00001568 0000000E C=CODE     S=.text    G=(none)   M=asgspin  ACBP=A9
 0001:00001578 0000000E C=CODE     S=.text    G=(none)   M=ASGEdit  ACBP=A9
 0001:00001588 0000000E C=CODE     S=.text    G=(none)   M=AsgCombo ACBP=A9
 0001:00001598 0000000E C=CODE     S=.text    G=(none)   M=asgcheck ACBP=A9
 0001:000015A8 0000000E C=CODE     S=.text    G=(none)   M=AsgDateTimePicker ACBP=A9
 0001:000015B8 0000000E C=CODE     S=.text    G=(none)   M=CheckLst ACBP=A9
 0001:000015C8 0000000E C=CODE     S=.text    G=(none)   M=jpeg     ACBP=A9
 0001:000015D8 0000000E C=CODE     S=.text    G=(none)   M=JConsts  ACBP=A9
 0001:000015E8 0000000E C=CODE     S=.text    G=(none)   M=asgdd    ACBP=A9
 0001:000015F8 0000000E C=CODE     S=.text    G=(none)   M=AsgUni   ACBP=A9
 0001:00001608 0000000E C=CODE     S=.text    G=(none)   M=AdvDateTimePicker ACBP=A9
 0001:00001618 0000000E C=CODE     S=.text    G=(none)   M=AdvDropDown ACBP=A9
 0001:00001628 0000000E C=CODE     S=.text    G=(none)   M=ATXPVS   ACBP=A9
 0001:00001638 0000000E C=CODE     S=.text    G=(none)   M=AdvTrackBarDropDown ACBP=A9
 0001:00001648 0000000E C=CODE     S=.text    G=(none)   M=AdvMemoDropDown ACBP=A9
 0001:00001658 0000000E C=CODE     S=.text    G=(none)   M=AdvCalculatorDropdown ACBP=A9
 0001:00001668 0000000E C=CODE     S=.text    G=(none)   M=AdvTimePickerDropDown ACBP=A9
 0001:00001678 0000000E C=CODE     S=.text    G=(none)   M=AdvDetailDropDown ACBP=A9
 0001:00001688 0000000E C=CODE     S=.text    G=(none)   M=AdvMultiColumnDropDown ACBP=A9
 0001:00001698 0000000E C=CODE     S=.text    G=(none)   M=AdvColorPickerDropDown ACBP=A9
 0001:000016A8 0000000E C=CODE     S=.text    G=(none)   M=AdvImagePickerDropDown ACBP=A9
 0001:000016B8 0000000E C=CODE     S=.text    G=(none)   M=AdvCustomGridDropDown ACBP=A9
 0001:000016C8 0000000E C=CODE     S=.text    G=(none)   M=ACBrDelphiZXingQRCode ACBP=A9
 0001:000016D8 0000000E C=CODE     S=.text    G=(none)   M=AdvPicture ACBP=A9
 0001:000016E8 0000000E C=CODE     S=.text    G=(none)   M=AdvMemo  ACBP=A9
 0001:000016F8 0000000E C=CODE     S=.text    G=(none)   M=RTFEngine ACBP=A9
 0001:00001708 0000000E C=CODE     S=.text    G=(none)   M=AdvFindDialogForm ACBP=A9
 0001:00001718 0000000E C=CODE     S=.text    G=(none)   M=AdvReplaceDialogForm ACBP=A9
 0001:00001728 00000016 C=CODE     S=.text    G=(none)   M=ZPgSqlQuery ACBP=A9
 0001:00001740 0000000E C=CODE     S=.text    G=(none)   M=ZPgSqlTr ACBP=A9
 0001:00001750 0000000E C=CODE     S=.text    G=(none)   M=IdHashMessageDigest ACBP=A9
 0001:00001760 0000000E C=CODE     S=.text    G=(none)   M=IdHash   ACBP=A9
 0001:00001770 0000000E C=CODE     S=.text    G=(none)   M=IdFIPS   ACBP=A9
 0001:00001780 0000000E C=CODE     S=.text    G=(none)   M=XMLDoc   ACBP=A9
 0001:00001790 0000000E C=CODE     S=.text    G=(none)   M=XMLIntf  ACBP=A9
 0001:000017A0 0000000E C=CODE     S=.text    G=(none)   M=xmldom   ACBP=A9
 0001:000017B0 0000000E C=CODE     S=.text    G=(none)   M=XMLConst ACBP=A9
 0001:000017C0 0000000E C=CODE     S=.text    G=(none)   M=msxmldom ACBP=A9
 0001:000017D0 0000000E C=CODE     S=.text    G=(none)   M=msxml    ACBP=A9
 0001:000017E0 0000000E C=CODE     S=.text    G=(none)   M=XMLSchema ACBP=A9
 0001:000017F0 0000000E C=CODE     S=.text    G=(none)   M=XMLSchemaTags ACBP=A9
 0001:00001800 0000000E C=CODE     S=.text    G=(none)   M=cpdatasource ACBP=A9
 0001:00001810 0000000E C=CODE     S=.text    G=(none)   M=IdSSLOpenSSL ACBP=A9
 0001:00001820 0000000E C=CODE     S=.text    G=(none)   M=IdSSLOpenSSLHeaders ACBP=A9
 0001:00001830 0000000E C=CODE     S=.text    G=(none)   M=IdCTypes ACBP=A9
 0001:00001840 0000000E C=CODE     S=.text    G=(none)   M=IdResourceStringsOpenSSL ACBP=A9
 0001:00001850 0000000E C=CODE     S=.text    G=(none)   M=IdURI    ACBP=A9
 0001:00001860 0000000E C=CODE     S=.text    G=(none)   M=IdUriUtils ACBP=A9
 0001:00001870 0000000E C=CODE     S=.text    G=(none)   M=IdResourceStringsUriUtils ACBP=A9
 0001:00001880 0000000E C=CODE     S=.text    G=(none)   M=IdSMTP   ACBP=A9
 0001:00001890 0000000E C=CODE     S=.text    G=(none)   M=IdSMTPBase ACBP=A9
 0001:000018A0 0000000E C=CODE     S=.text    G=(none)   M=IdReplySMTP ACBP=A9
 0001:000018B0 0000000E C=CODE     S=.text    G=(none)   M=IdSASLCollection ACBP=A9
 0001:000018C0 0000000E C=CODE     S=.text    G=(none)   M=IdSASL   ACBP=A9
 0001:000018D0 0000000E C=CODE     S=.text    G=(none)   M=fmprocessando ACBP=A9
 0001:000018E0 0000000E C=CODE     S=.text    G=(none)   M=ExcelExport ACBP=A9
 0001:000018F0 0000000E C=CODE     S=.text    G=(none)   M=OleServer ACBP=A9
 0001:00001900 0000000E C=CODE     S=.text    G=(none)   M=OleConst ACBP=A9
 0001:00001910 0000000E C=CODE     S=.text    G=(none)   M=Excel97  ACBP=A9
 0001:00001920 0000000E C=CODE     S=.text    G=(none)   M=VBIDE97  ACBP=A9
 0001:00001930 0000000E C=CODE     S=.text    G=(none)   M=StdVCL   ACBP=A9
 0001:00001940 0000000E C=CODE     S=.text    G=(none)   M=Office97 ACBP=A9
 0001:00001950 0000000E C=CODE     S=.text    G=(none)   M=pngimage ACBP=A9
 0001:00001960 0000000E C=CODE     S=.text    G=(none)   M=zlibpas  ACBP=A9
 0001:00001970 0000000E C=CODE     S=.text    G=(none)   M=pnglang  ACBP=A9
 0001:00001980 0000000E C=CODE     S=.text    G=(none)   M=IdHTTP   ACBP=A9
 0001:00001990 0000000E C=CODE     S=.text    G=(none)   M=IdMultipartFormData ACBP=A9
 0001:000019A0 0000000E C=CODE     S=.text    G=(none)   M=IdAuthenticationManager ACBP=A9
 0001:000019B0 0000000E C=CODE     S=.text    G=(none)   M=IdAuthentication ACBP=A9
 0001:000019C0 0000000E C=CODE     S=.text    G=(none)   M=IdCookieManager ACBP=A9
 0001:000019D0 0000000E C=CODE     S=.text    G=(none)   M=IdCookie ACBP=A9
 0001:000019E0 0000000E C=CODE     S=.text    G=(none)   M=IdZLibCompressorBase ACBP=A9
 0001:000019F0 0000000E C=CODE     S=.text    G=(none)   M=IdHTTPHeaderInfo ACBP=A9
 0001:00001A00 0000000E C=CODE     S=.text    G=(none)   M=IdAllAuthentications ACBP=A9
 0001:00001A10 0000000E C=CODE     S=.text    G=(none)   M=IdAuthenticationDigest ACBP=A9
 0001:00001A20 0000000E C=CODE     S=.text    G=(none)   M=IdAuthenticationSSPI ACBP=A9
 0001:00001A30 0000000E C=CODE     S=.text    G=(none)   M=IdSSPI   ACBP=A9
 0001:00001A40 0000000E C=CODE     S=.text    G=(none)   M=IdResourceStringsSSPI ACBP=A9
 0001:00001A50 0000000E C=CODE     S=.text    G=(none)   M=IdAuthenticationNTLM ACBP=A9
 0001:00001A60 0000000E C=CODE     S=.text    G=(none)   M=IdNTLM   ACBP=A9
 0001:00001A70 0000000E C=CODE     S=.text    G=(none)   M=IdStruct ACBP=A9
 0001:00001A80 0000000E C=CODE     S=.text    G=(none)   M=clparametrossistema ACBP=A9
 0001:00001A90 0000000E C=CODE     S=.text    G=(none)   M=fr_class ACBP=A9
 0001:00001AA0 0000000E C=CODE     S=.text    G=(none)   M=QGraphics ACBP=A9
 0001:00001AB0 0000000E C=CODE     S=.text    G=(none)   M=Qt       ACBP=A9
 0001:00001AC0 0000000E C=CODE     S=.text    G=(none)   M=BindHelp ACBP=A9
 0001:00001AD0 0000000E C=CODE     S=.text    G=(none)   M=QTypes   ACBP=A9
 0001:00001AE0 0000000E C=CODE     S=.text    G=(none)   M=QConsts  ACBP=A9
 0001:00001AF0 0000000E C=CODE     S=.text    G=(none)   M=QForms   ACBP=A9
 0001:00001B00 0000000E C=CODE     S=.text    G=(none)   M=QStyle   ACBP=A9
 0001:00001B10 0000000E C=CODE     S=.text    G=(none)   M=QActnList ACBP=A9
 0001:00001B20 0000000E C=CODE     S=.text    G=(none)   M=QImgList ACBP=A9
 0001:00001B30 0000000E C=CODE     S=.text    G=(none)   M=QControls ACBP=A9
 0001:00001B40 0000000E C=CODE     S=.text    G=(none)   M=QMenus   ACBP=A9
 0001:00001B50 0000000E C=CODE     S=.text    G=(none)   M=QExtCtrls ACBP=A9
 0001:00001B60 0000000E C=CODE     S=.text    G=(none)   M=QStdCtrls ACBP=A9
 0001:00001B70 0000000E C=CODE     S=.text    G=(none)   M=QClipbrd ACBP=A9
 0001:00001B80 0000000E C=CODE     S=.text    G=(none)   M=QStdActns ACBP=A9
 0001:00001B90 0000000E C=CODE     S=.text    G=(none)   M=QSearch  ACBP=A9
 0001:00001BA0 0000000E C=CODE     S=.text    G=(none)   M=QDialogs ACBP=A9
 0001:00001BB0 0000000E C=CODE     S=.text    G=(none)   M=QFileDialog ACBP=A9
 0001:00001BC0 0000000E C=CODE     S=.text    G=(none)   M=QFileCtrls ACBP=A9
 0001:00001BD0 0000000E C=CODE     S=.text    G=(none)   M=QComCtrls ACBP=A9
 0001:00001BE0 0000000E C=CODE     S=.text    G=(none)   M=QButtons ACBP=A9
 0001:00001BF0 0000000E C=CODE     S=.text    G=(none)   M=QPrinters ACBP=A9
 0001:00001C00 0000000E C=CODE     S=.text    G=(none)   M=fr_progr ACBP=A9
 0001:00001C10 0000000E C=CODE     S=.text    G=(none)   M=fr_const ACBP=A9
 0001:00001C20 0000000E C=CODE     S=.text    G=(none)   M=fr_utils ACBP=A9
 0001:00001C30 0000000E C=CODE     S=.text    G=(none)   M=fr_dbrel ACBP=A9
 0001:00001C40 0000000E C=CODE     S=.text    G=(none)   M=fr_view  ACBP=A9
 0001:00001C50 0000000E C=CODE     S=.text    G=(none)   M=fr_ctrls ACBP=A9
 0001:00001C60 0000000E C=CODE     S=.text    G=(none)   M=fr_dock  ACBP=A9
 0001:00001C70 0000000E C=CODE     S=.text    G=(none)   M=fr_pars  ACBP=A9
 0001:00001C80 0000000E C=CODE     S=.text    G=(none)   M=fr_intrp ACBP=A9
 0001:00001C90 0000000E C=CODE     S=.text    G=(none)   M=fr_dset  ACBP=A9
 0001:00001CA0 0000000E C=CODE     S=.text    G=(none)   M=fr_dbset ACBP=A9
 0001:00001CB0 0000000E C=CODE     S=.text    G=(none)   M=fr_api   ACBP=A9
 0001:00001CC0 0000000E C=CODE     S=.text    G=(none)   M=fr_fmted ACBP=A9
 0001:00001CD0 0000000E C=CODE     S=.text    G=(none)   M=fr_passw ACBP=A9
 0001:00001CE0 0000000E C=CODE     S=.text    G=(none)   M=QMask    ACBP=A9
 0001:00001CF0 0000000E C=CODE     S=.text    G=(none)   M=fr_prdlg ACBP=A9
 0001:00001D00 0000000E C=CODE     S=.text    G=(none)   M=fr_prntr ACBP=A9
 0001:00001D10 0000000E C=CODE     S=.text    G=(none)   M=cpquery  ACBP=A9
 0001:00001D20 0000000E C=CODE     S=.text    G=(none)   M=Jsons    ACBP=A9
 0001:00001D30 0000000E C=CODE     S=.text    G=(none)   M=JsonsUtilsEx ACBP=A9
 0001:00001D40 0000000E C=CODE     S=.text    G=(none)   M=AdvPageControl ACBP=A9
 0001:00001D50 0000000E C=CODE     S=.text    G=(none)   M=cpdbtext ACBP=A9
 0001:00001D60 0000000E C=CODE     S=.text    G=(none)   M=cppagecontrol ACBP=A9
 0001:00001D70 0000000E C=CODE     S=.text    G=(none)   M=constants ACBP=A9
 0001:00001D80 00000026 C=CODE     S=.text    G=(none)   M=DBGrids  ACBP=A9
 0001:00001DA8 0000000E C=CODE     S=.text    G=(none)   M=ACBrEAD  ACBP=A9
 0001:00001DB8 0000000E C=CODE     S=.text    G=(none)   M=OpenSSLExt ACBP=A9
 0001:00001DC8 0000000E C=CODE     S=.text    G=(none)   M=fmmensagemsimnaoopcaocancelammoxml ACBP=A9
 0001:00001DD8 0000000E C=CODE     S=.text    G=(none)   M=Xmlxform ACBP=A9
 0001:00001DE8 0000000E C=CODE     S=.text    G=(none)   M=xmlutil  ACBP=A9
 0001:00001DF8 0000000E C=CODE     S=.text    G=(none)   M=TreeList ACBP=A9
 0001:00001E08 0000000E C=CODE     S=.text    G=(none)   M=Advmxml  ACBP=A9
 0001:00001E18 0000000E C=CODE     S=.text    G=(none)   M=fmmensagemsimnaoopcaocancelammo ACBP=A9
 0001:00001E28 0000000E C=CODE     S=.text    G=(none)   M=fmmensagemsimnaoopcaocancela ACBP=A9
 0001:00001E38 0000000E C=CODE     S=.text    G=(none)   M=clserial ACBP=A9
 0001:00001E48 0000000E C=CODE     S=.text    G=(none)   M=IdPOP3   ACBP=A9
 0001:00001E58 0000000E C=CODE     S=.text    G=(none)   M=IdUserPassProvider ACBP=A9
 0001:00001E68 0000000E C=CODE     S=.text    G=(none)   M=IdReplyPOP3 ACBP=A9
 0001:00001E78 00000038 C=CODE     S=.text    G=(none)   M=TlHelp32 ACBP=A9
 0001:00001EB0 0000000E C=CODE     S=.text    G=(none)   M=cpdbgrid ACBP=A9
 0001:00001EC0 0000000E C=CODE     S=.text    G=(none)   M=fmVisualizacaoCampos ACBP=A9
 0001:00001ED0 0000000E C=CODE     S=.text    G=(none)   M=AdvCGrid ACBP=A9
 0001:00001EE0 0000000E C=CODE     S=.text    G=(none)   M=fmajudabt ACBP=A9
 0001:00001EF0 0000004E C=CODE     S=.text    G=(none)   M=fmajuda  ACBP=A9
 0001:00001F40 0000000E C=CODE     S=.text    G=(none)   M=AdvSpin  ACBP=A9
 0001:00001F50 0000000E C=CODE     S=.text    G=(none)   M=ASXPVS   ACBP=A9
 0001:00001F60 0000000E C=CODE     S=.text    G=(none)   M=frlistagruposfiliais ACBP=A9
 0001:00001F70 00000026 C=CODE     S=.text    G=(none)   M=dmbasico ACBP=A9
 0001:00001F98 0000000E C=CODE     S=.text    G=(none)   M=FileCtrl ACBP=A9
 0001:00001FA8 0000000E C=CODE     S=.text    G=(none)   M=clecf    ACBP=A9
 0001:00001FB8 0000000E C=CODE     S=.text    G=(none)   M=ACBrECFClass ACBP=A9
 0001:00001FC8 0000000E C=CODE     S=.text    G=(none)   M=ACBrDevice ACBP=A9
 0001:00001FD8 0000000E C=CODE     S=.text    G=(none)   M=synaser  ACBP=A9
 0001:00001FE8 0000000E C=CODE     S=.text    G=(none)   M=ACBrDeviceClass ACBP=A9
 0001:00001FF8 0000000E C=CODE     S=.text    G=(none)   M=ACBrDeviceSerial ACBP=A9
 0001:00002008 0000000E C=CODE     S=.text    G=(none)   M=ACBrDeviceTCP ACBP=A9
 0001:00002018 0000000E C=CODE     S=.text    G=(none)   M=ACBrDeviceLPT ACBP=A9
 0001:00002028 0000000E C=CODE     S=.text    G=(none)   M=ACBrDeviceHook ACBP=A9
 0001:00002038 0000000E C=CODE     S=.text    G=(none)   M=ACBrDeviceRaw ACBP=A9
 0001:00002048 0000000E C=CODE     S=.text    G=(none)   M=ACBrDeviceWinUSB ACBP=A9
 0001:00002058 0000000E C=CODE     S=.text    G=(none)   M=ACBrWinUSBDevice ACBP=A9
 0001:00002068 0000000E C=CODE     S=.text    G=(none)   M=ACBrECF  ACBP=A9
 0001:00002078 0000000E C=CODE     S=.text    G=(none)   M=ACBrECFVirtual ACBP=A9
 0001:00002088 0000000E C=CODE     S=.text    G=(none)   M=ACBrPAFClass ACBP=A9
 0001:00002098 0000000E C=CODE     S=.text    G=(none)   M=ACBrRFD  ACBP=A9
 0001:000020A8 0000000E C=CODE     S=.text    G=(none)   M=ACBrAAC  ACBP=A9
 0001:000020B8 0000000E C=CODE     S=.text    G=(none)   M=ACBrECFBematech ACBP=A9
 0001:000020C8 0000000E C=CODE     S=.text    G=(none)   M=ACBrCHQClass ACBP=A9
 0001:000020D8 0000000E C=CODE     S=.text    G=(none)   M=ACBrCHQ  ACBP=A9
 0001:000020E8 0000000E C=CODE     S=.text    G=(none)   M=ACBrCHQImpressoraECF ACBP=A9
 0001:000020F8 0000000E C=CODE     S=.text    G=(none)   M=ACBrCHQImpressoraComum ACBP=A9
 0001:00002108 0000000E C=CODE     S=.text    G=(none)   M=ACBrExtenso ACBP=A9
 0001:00002118 0000000E C=CODE     S=.text    G=(none)   M=ACBrCHQBematech ACBP=A9
 0001:00002128 0000000E C=CODE     S=.text    G=(none)   M=ACBrCHQChronos ACBP=A9
 0001:00002138 0000000E C=CODE     S=.text    G=(none)   M=ACBrCHQSchalter ACBP=A9
 0001:00002148 0000000E C=CODE     S=.text    G=(none)   M=ACBrCHQPerto ACBP=A9
 0001:00002158 0000000E C=CODE     S=.text    G=(none)   M=ACBrCHQSotomaq ACBP=A9
 0001:00002168 0000000E C=CODE     S=.text    G=(none)   M=ACBrCHQUrano ACBP=A9
 0001:00002178 0000000E C=CODE     S=.text    G=(none)   M=ACBrCHQElgin ACBP=A9
 0001:00002188 0000000E C=CODE     S=.text    G=(none)   M=ACBrECFEscECF ACBP=A9
 0001:00002198 0000000E C=CODE     S=.text    G=(none)   M=ACBrECFEpson ACBP=A9
 0001:000021A8 0000000E C=CODE     S=.text    G=(none)   M=ACBrECFDaruma ACBP=A9
 0001:000021B8 0000000E C=CODE     S=.text    G=(none)   M=ACBrECFNaoFiscal ACBP=A9
 0001:000021C8 0000000E C=CODE     S=.text    G=(none)   M=ACBrECFSchalter ACBP=A9
 0001:000021D8 0000000E C=CODE     S=.text    G=(none)   M=ACBrECFMecaf ACBP=A9
 0001:000021E8 0000000E C=CODE     S=.text    G=(none)   M=ACBrECFSweda ACBP=A9
 0001:000021F8 0000000E C=CODE     S=.text    G=(none)   M=ACBrECFDataRegis ACBP=A9
 0001:00002208 0000000E C=CODE     S=.text    G=(none)   M=ACBrECFUrano ACBP=A9
 0001:00002218 0000000E C=CODE     S=.text    G=(none)   M=ACBrECFYanco ACBP=A9
 0001:00002228 0000000E C=CODE     S=.text    G=(none)   M=ACBrPosPrinter ACBP=A9
 0001:00002238 0000000E C=CODE     S=.text    G=(none)   M=ACBrEscPosHook ACBP=A9
 0001:00002248 0000000E C=CODE     S=.text    G=(none)   M=ACBrImage ACBP=A9
 0001:00002258 0000000E C=CODE     S=.text    G=(none)   M=ACBrCMC7 ACBP=A9
 0001:00002268 0000000E C=CODE     S=.text    G=(none)   M=ACBrValidador ACBP=A9
 0001:00002278 0000000E C=CODE     S=.text    G=(none)   M=ACBrEscPosEpson ACBP=A9
 0001:00002288 0000000E C=CODE     S=.text    G=(none)   M=ACBrEscEpsonP2 ACBP=A9
 0001:00002298 0000000E C=CODE     S=.text    G=(none)   M=ACBrEscBematech ACBP=A9
 0001:000022A8 0000000E C=CODE     S=.text    G=(none)   M=ACBrEscDaruma ACBP=A9
 0001:000022B8 0000000E C=CODE     S=.text    G=(none)   M=ACBrEscElgin ACBP=A9
 0001:000022C8 0000000E C=CODE     S=.text    G=(none)   M=ACBrEscDiebold ACBP=A9
 0001:000022D8 0000000E C=CODE     S=.text    G=(none)   M=ACBrEscCustomPos ACBP=A9
 0001:000022E8 0000000E C=CODE     S=.text    G=(none)   M=ACBrEscPosStar ACBP=A9
 0001:000022F8 0000000E C=CODE     S=.text    G=(none)   M=ACBrEscZJiang ACBP=A9
 0001:00002308 0000000E C=CODE     S=.text    G=(none)   M=ACBrEscGPrinter ACBP=A9
 0001:00002318 0000000E C=CODE     S=.text    G=(none)   M=ACBrEscDatecs ACBP=A9
 0001:00002328 0000000E C=CODE     S=.text    G=(none)   M=ACBrEscPosHookElginDLL ACBP=A9
 0001:00002338 0000000E C=CODE     S=.text    G=(none)   M=ACBrEscPosHookEpsonDLL ACBP=A9
 0001:00002348 0000000E C=CODE     S=.text    G=(none)   M=ACBrECFICash ACBP=A9
 0001:00002358 0000000E C=CODE     S=.text    G=(none)   M=ACBrECFQuattro ACBP=A9
 0001:00002368 0000000E C=CODE     S=.text    G=(none)   M=ACBrECFFiscNET ACBP=A9
 0001:00002378 0000000E C=CODE     S=.text    G=(none)   M=ACBrECFNCR ACBP=A9
 0001:00002388 0000000E C=CODE     S=.text    G=(none)   M=ACBrECFSwedaSTX ACBP=A9
 0001:00002398 0000000E C=CODE     S=.text    G=(none)   M=ACBrNFSe ACBP=A9
 0001:000023A8 0000000E C=CODE     S=.text    G=(none)   M=pnfsConversao ACBP=A9
 0001:000023B8 0000000E C=CODE     S=.text    G=(none)   M=pnfsNFSe ACBP=A9
 0001:000023C8 0000000E C=CODE     S=.text    G=(none)   M=ACBrNFSeWebServices ACBP=A9
 0001:000023D8 0000000E C=CODE     S=.text    G=(none)   M=pnfsAbrirSessaoResposta ACBP=A9
 0001:000023E8 0000000E C=CODE     S=.text    G=(none)   M=pcnLeitor ACBP=A9
 0001:000023F8 0000000E C=CODE     S=.text    G=(none)   M=pcnAuxiliar ACBP=A9
 0001:00002408 0000000E C=CODE     S=.text    G=(none)   M=pnfsSubsNfseResposta ACBP=A9
 0001:00002418 0000000E C=CODE     S=.text    G=(none)   M=pnfsCancNfseResposta ACBP=A9
 0001:00002428 0000000E C=CODE     S=.text    G=(none)   M=pnfsConsSitLoteRpsResposta ACBP=A9
 0001:00002438 0000000E C=CODE     S=.text    G=(none)   M=pnfsEnvLoteRpsResposta ACBP=A9
 0001:00002448 0000000E C=CODE     S=.text    G=(none)   M=pnfsLerListaNFSe ACBP=A9
 0001:00002458 0000000E C=CODE     S=.text    G=(none)   M=pnfsNFSeR ACBP=A9
 0001:00002468 0000000E C=CODE     S=.text    G=(none)   M=pnfsNFSeG ACBP=A9
 0001:00002478 0000000E C=CODE     S=.text    G=(none)   M=pcnGerador ACBP=A9
 0001:00002488 0000000E C=CODE     S=.text    G=(none)   M=pcnConsts ACBP=A9
 0001:00002498 0000000E C=CODE     S=.text    G=(none)   M=ACBrNFSeConfiguracoes ACBP=A9
 0001:000024A8 0000000E C=CODE     S=.text    G=(none)   M=ACBrDFeConfiguracoes ACBP=A9
 0001:000024B8 0000000E C=CODE     S=.text    G=(none)   M=ACBrDFeSSL ACBP=A9
 0001:000024C8 0000000E C=CODE     S=.text    G=(none)   M=ACBrDFeUtil ACBP=A9
 0001:000024D8 0000000E C=CODE     S=.text    G=(none)   M=ACBrIBGE ACBP=A9
 0001:000024E8 0000000E C=CODE     S=.text    G=(none)   M=ACBrSocket ACBP=A9
 0001:000024F8 0000000E C=CODE     S=.text    G=(none)   M=ACBrDFeException ACBP=A9
 0001:00002508 0000000E C=CODE     S=.text    G=(none)   M=ACBrDFeOpenSSL ACBP=A9
 0001:00002518 0000000E C=CODE     S=.text    G=(none)   M=ACBrDFeWinCrypt ACBP=A9
 0001:00002528 0000000E C=CODE     S=.text    G=(none)   M=ACBr_WinCrypt ACBP=A9
 0001:00002538 0000000E C=CODE     S=.text    G=(none)   M=ACBr_BCrypt ACBP=A9
 0001:00002548 00000038 C=CODE     S=.text    G=(none)   M=ACBr_NTStatus ACBP=A9
 0001:00002580 0000000E C=CODE     S=.text    G=(none)   M=ACBr_NCrypt ACBP=A9
 0001:00002590 0000000E C=CODE     S=.text    G=(none)   M=ACBrDFeHttpOpenSSL ACBP=A9
 0001:000025A0 0000000E C=CODE     S=.text    G=(none)   M=ACBrDFeXsLibXml2 ACBP=A9
 0001:000025B0 0000000E C=CODE     S=.text    G=(none)   M=ACBrLibXml2 ACBP=A9
 0001:000025C0 0000000E C=CODE     S=.text    G=(none)   M=ACBrDFeCapicom ACBP=A9
 0001:000025D0 0000000E C=CODE     S=.text    G=(none)   M=ACBrCAPICOM_TLB ACBP=A9
 0001:000025E0 0000000E C=CODE     S=.text    G=(none)   M=ACBrDFeXsMsXmlCapicom ACBP=A9
 0001:000025F0 0000000E C=CODE     S=.text    G=(none)   M=ACBrDFeXsMsXml ACBP=A9
 0001:00002600 0000000E C=CODE     S=.text    G=(none)   M=ACBrMSXML2_TLB ACBP=A9
 0001:00002610 0000000E C=CODE     S=.text    G=(none)   M=ACBrDFeHttpIndy ACBP=A9
 0001:00002620 0000000E C=CODE     S=.text    G=(none)   M=SOAPHTTPClient ACBP=A9
 0001:00002630 0000000E C=CODE     S=.text    G=(none)   M=WebNode  ACBP=A9
 0001:00002640 0000000E C=CODE     S=.text    G=(none)   M=SOAPAttachIntf ACBP=A9
 0001:00002650 0000000E C=CODE     S=.text    G=(none)   M=InvokeRegistry ACBP=A9
 0001:00002660 0000000E C=CODE     S=.text    G=(none)   M=IntfInfo ACBP=A9
 0001:00002670 0000000E C=CODE     S=.text    G=(none)   M=SOAPConst ACBP=A9
 0001:00002680 0000000E C=CODE     S=.text    G=(none)   M=HTTPUtil ACBP=A9
 0001:00002690 0000000E C=CODE     S=.text    G=(none)   M=SOAPHTTPTrans ACBP=A9
 0001:000026A0 00000038 C=CODE     S=.text    G=(none)   M=WinSock  ACBP=A9
 0001:000026D8 0000000E C=CODE     S=.text    G=(none)   M=SOAPAttach ACBP=A9
 0001:000026E8 0000000E C=CODE     S=.text    G=(none)   M=WSDLIntf ACBP=A9
 0001:000026F8 0000000E C=CODE     S=.text    G=(none)   M=HTTPApp  ACBP=A9
 0001:00002708 0000000E C=CODE     S=.text    G=(none)   M=Masks    ACBP=A9
 0001:00002718 0000000E C=CODE     S=.text    G=(none)   M=BrkrConst ACBP=A9
 0001:00002728 0000000E C=CODE     S=.text    G=(none)   M=WebConst ACBP=A9
 0001:00002738 0000000E C=CODE     S=.text    G=(none)   M=WSDLNode ACBP=A9
 0001:00002748 0000000E C=CODE     S=.text    G=(none)   M=WSDLItems ACBP=A9
 0001:00002758 0000000E C=CODE     S=.text    G=(none)   M=WSDLBind ACBP=A9
 0001:00002768 0000000E C=CODE     S=.text    G=(none)   M=OPConvert ACBP=A9
 0001:00002778 0000000E C=CODE     S=.text    G=(none)   M=UDDIHelper ACBP=A9
 0001:00002788 0000000E C=CODE     S=.text    G=(none)   M=inquire_v1 ACBP=A9
 0001:00002798 0000000E C=CODE     S=.text    G=(none)   M=XSBuiltIns ACBP=A9
 0001:000027A8 0000000E C=CODE     S=.text    G=(none)   M=OPToSOAPDomConv ACBP=A9
 0001:000027B8 0000000E C=CODE     S=.text    G=(none)   M=SOAPDomConv ACBP=A9
 0001:000027C8 0000000E C=CODE     S=.text    G=(none)   M=SOAPEnv  ACBP=A9
 0001:000027D8 0000000E C=CODE     S=.text    G=(none)   M=xercesxmldom ACBP=A9
 0001:000027E8 0000000E C=CODE     S=.text    G=(none)   M=oxmldom  ACBP=A9
 0001:000027F8 0000000E C=CODE     S=.text    G=(none)   M=xdom     ACBP=A9
 0001:00002808 0000000E C=CODE     S=.text    G=(none)   M=OPToSOAPDomCustom ACBP=A9
 0001:00002818 0000000E C=CODE     S=.text    G=(none)   M=TypeTrans ACBP=A9
 0001:00002828 0000000E C=CODE     S=.text    G=(none)   M=EncdDecd ACBP=A9
 0001:00002838 0000000E C=CODE     S=.text    G=(none)   M=InvRules ACBP=A9
 0001:00002848 0000000E C=CODE     S=.text    G=(none)   M=Rio      ACBP=A9
 0001:00002858 0000000E C=CODE     S=.text    G=(none)   M=WebServExp ACBP=A9
 0001:00002868 0000000E C=CODE     S=.text    G=(none)   M=ACBrDFeHttpWinApi ACBP=A9
 0001:00002878 0000000E C=CODE     S=.text    G=(none)   M=ACBrWinReqRespClass ACBP=A9
 0001:00002888 0000000E C=CODE     S=.text    G=(none)   M=ACBr_WinHttp ACBP=A9
 0001:00002898 0000000E C=CODE     S=.text    G=(none)   M=ACBrWinHTTPReqResp ACBP=A9
 0001:000028A8 0000000E C=CODE     S=.text    G=(none)   M=ACBrWinINetReqResp ACBP=A9
 0001:000028B8 0000000E C=CODE     S=.text    G=(none)   M=ACBrDFe  ACBP=A9
 0001:000028C8 0000000E C=CODE     S=.text    G=(none)   M=ACBrMail ACBP=A9
 0001:000028D8 0000000E C=CODE     S=.text    G=(none)   M=smtpsend ACBP=A9
 0001:000028E8 0000000E C=CODE     S=.text    G=(none)   M=mimepart ACBP=A9
 0001:000028F8 0000000E C=CODE     S=.text    G=(none)   M=synachar ACBP=A9
 0001:00002908 0000000E C=CODE     S=.text    G=(none)   M=synaicnv ACBP=A9
 0001:00002918 0000000E C=CODE     S=.text    G=(none)   M=mimeinln ACBP=A9
 0001:00002928 0000000E C=CODE     S=.text    G=(none)   M=mimemess ACBP=A9
 0001:00002938 0000000E C=CODE     S=.text    G=(none)   M=ACBrIntegrador ACBP=A9
 0001:00002948 0000000E C=CODE     S=.text    G=(none)   M=pcnVFPe  ACBP=A9
 0001:00002958 0000000E C=CODE     S=.text    G=(none)   M=ACBrIntegradorResposta ACBP=A9
 0001:00002968 0000000E C=CODE     S=.text    G=(none)   M=pcnVFPeW ACBP=A9
 0001:00002978 0000000E C=CODE     S=.text    G=(none)   M=pcnVFPeR ACBP=A9
 0001:00002988 0000000E C=CODE     S=.text    G=(none)   M=ACBrNFSeNotasFiscais ACBP=A9
 0001:00002998 0000000E C=CODE     S=.text    G=(none)   M=pnfsNFSeW ACBP=A9
 0001:000029A8 0000000E C=CODE     S=.text    G=(none)   M=pnfsNFSeW_SigISS ACBP=A9
 0001:000029B8 0000000E C=CODE     S=.text    G=(none)   M=pnfsConsts ACBP=A9
 0001:000029C8 0000000E C=CODE     S=.text    G=(none)   M=pnfsNFSeW_GeisWeb ACBP=A9
 0001:000029D8 0000000E C=CODE     S=.text    G=(none)   M=pnfsNFSeW_Siat ACBP=A9
 0001:000029E8 0000000E C=CODE     S=.text    G=(none)   M=pnfsNFSeW_Elotech ACBP=A9
 0001:000029F8 0000000E C=CODE     S=.text    G=(none)   M=pnfsNFSeW_Giap ACBP=A9
 0001:00002A08 0000000E C=CODE     S=.text    G=(none)   M=pnfsNFSeW_Lencois ACBP=A9
 0001:00002A18 0000000E C=CODE     S=.text    G=(none)   M=pnfsNFSeW_WebFisco ACBP=A9
 0001:00002A28 0000000E C=CODE     S=.text    G=(none)   M=pnfsNFSeW_AssessorPublico ACBP=A9
 0001:00002A38 0000000E C=CODE     S=.text    G=(none)   M=pnfsNFSeW_IPM ACBP=A9
 0001:00002A48 0000000E C=CODE     S=.text    G=(none)   M=pnfsNFSeW_SMARAPD ACBP=A9
 0001:00002A58 0000000E C=CODE     S=.text    G=(none)   M=pnfsNFSeW_Agili ACBP=A9
 0001:00002A68 0000000E C=CODE     S=.text    G=(none)   M=pnfsNFSeW_CONAM ACBP=A9
 0001:00002A78 0000000E C=CODE     S=.text    G=(none)   M=pnfsNFSeW_SP ACBP=A9
 0001:00002A88 0000000E C=CODE     S=.text    G=(none)   M=pnfsNFSeW_Governa ACBP=A9
 0001:00002A98 0000000E C=CODE     S=.text    G=(none)   M=pnfsNFSeW_ISSDSF ACBP=A9
 0001:00002AA8 0000000E C=CODE     S=.text    G=(none)   M=pnfsNFSeW_Infisc ACBP=A9
 0001:00002AB8 0000000E C=CODE     S=.text    G=(none)   M=pnfsNFSeW_Equiplano ACBP=A9
 0001:00002AC8 0000000E C=CODE     S=.text    G=(none)   M=pnfsNFSeW_EL ACBP=A9
 0001:00002AD8 0000000E C=CODE     S=.text    G=(none)   M=pnfsNFSeW_EGoverneISS ACBP=A9
 0001:00002AE8 0000000E C=CODE     S=.text    G=(none)   M=pnfsNFSeW_ABRASFv2 ACBP=A9
 0001:00002AF8 0000000E C=CODE     S=.text    G=(none)   M=pnfsNFSeW_ABRASFv1 ACBP=A9
 0001:00002B08 0000000E C=CODE     S=.text    G=(none)   M=ACBrDFeReport ACBP=A9
 0001:00002B18 0000000E C=CODE     S=.text    G=(none)   M=ACBrNFSeDANFSeClass ACBP=A9
 0001:00002B28 0000000E C=CODE     S=.text    G=(none)   M=ACBrDFeWebService ACBP=A9
 0001:00002B38 0000000E C=CODE     S=.text    G=(none)   M=ACBrNFeDANFEClass ACBP=A9
 0001:00002B48 0000000E C=CODE     S=.text    G=(none)   M=ACBrDFeDANFeReport ACBP=A9
 0001:00002B58 0000000E C=CODE     S=.text    G=(none)   M=pcnNFe   ACBP=A9
 0001:00002B68 0000000E C=CODE     S=.text    G=(none)   M=pcnConversaoNFe ACBP=A9
 0001:00002B78 0000000E C=CODE     S=.text    G=(none)   M=pcnSignature ACBP=A9
 0001:00002B88 0000000E C=CODE     S=.text    G=(none)   M=pcnProcNFe ACBP=A9
 0001:00002B98 0000000E C=CODE     S=.text    G=(none)   M=pcnNFeR  ACBP=A9
 0001:00002BA8 0000000E C=CODE     S=.text    G=(none)   M=ACBrNFe  ACBP=A9
 0001:00002BB8 0000000E C=CODE     S=.text    G=(none)   M=ACBrNFeConfiguracoes ACBP=A9
 0001:00002BC8 0000000E C=CODE     S=.text    G=(none)   M=ACBrNFeWebServices ACBP=A9
 0001:00002BD8 0000000E C=CODE     S=.text    G=(none)   M=pcnRetConsReciDFe ACBP=A9
 0001:00002BE8 0000000E C=CODE     S=.text    G=(none)   M=pcnRetConsCad ACBP=A9
 0001:00002BF8 0000000E C=CODE     S=.text    G=(none)   M=pcnEnvEventoNFe ACBP=A9
 0001:00002C08 0000000E C=CODE     S=.text    G=(none)   M=pcnEventoNFe ACBP=A9
 0001:00002C18 0000000E C=CODE     S=.text    G=(none)   M=pcnNFeConsts ACBP=A9
 0001:00002C28 0000000E C=CODE     S=.text    G=(none)   M=pcnRetEnvEventoNFe ACBP=A9
 0001:00002C38 0000000E C=CODE     S=.text    G=(none)   M=pcnRetConsSitNFe ACBP=A9
 0001:00002C48 0000000E C=CODE     S=.text    G=(none)   M=pcnAdmCSCNFCe ACBP=A9
 0001:00002C58 0000000E C=CODE     S=.text    G=(none)   M=pcnRetAdmCSCNFCe ACBP=A9
 0001:00002C68 0000000E C=CODE     S=.text    G=(none)   M=pcnDistDFeInt ACBP=A9
 0001:00002C78 0000000E C=CODE     S=.text    G=(none)   M=pcnRetDistDFeInt ACBP=A9
 0001:00002C88 0000000E C=CODE     S=.text    G=(none)   M=pcnRetEnvNFe ACBP=A9
 0001:00002C98 0000000E C=CODE     S=.text    G=(none)   M=ACBrNFeNotasFiscais ACBP=A9
 0001:00002CA8 0000000E C=CODE     S=.text    G=(none)   M=pcnNFeW  ACBP=A9
 0001:00002CB8 0000000E C=CODE     S=.text    G=(none)   M=pcnLayoutTXT ACBP=A9
 0001:00002CC8 0000000E C=CODE     S=.text    G=(none)   M=pcnInutNFe ACBP=A9
 0001:00002CD8 0000000E C=CODE     S=.text    G=(none)   M=pcnRetInutNFe ACBP=A9
 0001:00002CE8 0000000E C=CODE     S=.text    G=(none)   M=pcnConsStatServ ACBP=A9
 0001:00002CF8 0000000E C=CODE     S=.text    G=(none)   M=pcnRetConsStatServ ACBP=A9
 0001:00002D08 0000000E C=CODE     S=.text    G=(none)   M=pcnConsSitNFe ACBP=A9
 0001:00002D18 0000000E C=CODE     S=.text    G=(none)   M=pcnConsReciDFe ACBP=A9
 0001:00002D28 0000000E C=CODE     S=.text    G=(none)   M=pcnConsCad ACBP=A9
 0001:00002D38 00000026 C=CODE     S=.text    G=(none)   M=clnfe    ACBP=A9
 0001:00002D60 0000000E C=CODE     S=.text    G=(none)   M=fmselecionarimpressoras ACBP=A9
 0001:00002D70 0000000E C=CODE     S=.text    G=(none)   M=pcnNFeRTXT ACBP=A9
 0001:00002D80 0000000E C=CODE     S=.text    G=(none)   M=uJson    ACBP=A9
 0001:00002D90 0000000E C=CODE     S=.text    G=(none)   M=uOAuth2Token ACBP=A9
 0001:00002DA0 0000000E C=CODE     S=.text    G=(none)   M=uOAuth2Tools ACBP=A9
 0001:00002DB0 0000000E C=CODE     S=.text    G=(none)   M=Hash     ACBP=A9
 0001:00002DC0 0000000E C=CODE     S=.text    G=(none)   M=uOAuth2Consts ACBP=A9
 0001:00002DD0 0000000E C=CODE     S=.text    G=(none)   M=uOAuth2Hmac ACBP=A9
 0001:00002DE0 0000000E C=CODE     S=.text    G=(none)   M=HashTiger ACBP=A9
 0001:00002DF0 0000000E C=CODE     S=.text    G=(none)   M=HashSHA512 ACBP=A9
 0001:00002E00 0000000E C=CODE     S=.text    G=(none)   M=HashSHA512Base ACBP=A9
 0001:00002E10 0000000E C=CODE     S=.text    G=(none)   M=HashSHA384 ACBP=A9
 0001:00002E20 0000000E C=CODE     S=.text    G=(none)   M=HashSHA256 ACBP=A9
 0001:00002E30 0000000E C=CODE     S=.text    G=(none)   M=HashSHA1 ACBP=A9
 0001:00002E40 0000000E C=CODE     S=.text    G=(none)   M=HashRipeMD160 ACBP=A9
 0001:00002E50 0000000E C=CODE     S=.text    G=(none)   M=HashRipeMD128 ACBP=A9
 0001:00002E60 0000000E C=CODE     S=.text    G=(none)   M=HashMD5  ACBP=A9
 0001:00002E70 0000000E C=CODE     S=.text    G=(none)   M=HashHaval ACBP=A9
 0001:00002E80 0000000E C=CODE     S=.text    G=(none)   M=uOAuth2Config ACBP=A9
 0001:00002E90 0000000E C=CODE     S=.text    G=(none)   M=IdLogStream ACBP=A9
 0001:00002EA0 0000000E C=CODE     S=.text    G=(none)   M=IdLogBase ACBP=A9
 0001:00002EB0 0000000E C=CODE     S=.text    G=(none)   M=IdServerInterceptLogFile ACBP=A9
 0001:00002EC0 0000000E C=CODE     S=.text    G=(none)   M=IdServerInterceptLogBase ACBP=A9
 0001:00002ED0 0000000E C=CODE     S=.text    G=(none)   M=uOAuth2HttpClient ACBP=A9
 0001:00002EE0 0000000E C=CODE     S=.text    G=(none)   M=uOAuth2Client ACBP=A9
 0001:00002EF0 0000000E C=CODE     S=.text    G=(none)   M=uIndyClient ACBP=A9
 0001:00002F00 0000000E C=CODE     S=.text    G=(none)   M=uLkJSON  ACBP=A9
 0001:00002F10 0000000E C=CODE     S=.text    G=(none)   M=ACBrDANFCeFortesFr ACBP=A9
 0001:00002F20 0000000E C=CODE     S=.text    G=(none)   M=RLTypes  ACBP=A9
 0001:00002F30 0000000E C=CODE     S=.text    G=(none)   M=RLPrinters ACBP=A9
 0001:00002F40 0000000E C=CODE     S=.text    G=(none)   M=RLConsts ACBP=A9
 0001:00002F50 0000000E C=CODE     S=.text    G=(none)   M=RLUtils  ACBP=A9
 0001:00002F60 0000000E C=CODE     S=.text    G=(none)   M=RLFilters ACBP=A9
 0001:00002F70 0000000E C=CODE     S=.text    G=(none)   M=RLMetaFile ACBP=A9
 0001:00002F80 0000000E C=CODE     S=.text    G=(none)   M=RLMetaVCL ACBP=A9
 0001:00002F90 0000000E C=CODE     S=.text    G=(none)   M=RLFeedBack ACBP=A9
 0001:00002FA0 0000000E C=CODE     S=.text    G=(none)   M=RLReport ACBP=A9
 0001:00002FB0 0000000E C=CODE     S=.text    G=(none)   M=RLParser ACBP=A9
 0001:00002FC0 0000000E C=CODE     S=.text    G=(none)   M=RLSpoolFilter ACBP=A9
 0001:00002FD0 0000000E C=CODE     S=.text    G=(none)   M=RLPrintDialog ACBP=A9
 0001:00002FE0 0000000E C=CODE     S=.text    G=(none)   M=RLPreviewForm ACBP=A9
 0001:00002FF0 0000000E C=CODE     S=.text    G=(none)   M=RLPreview ACBP=A9
 0001:00003000 0000000E C=CODE     S=.text    G=(none)   M=RLSaveDialog ACBP=A9
 0001:00003010 0000000E C=CODE     S=.text    G=(none)   M=RLFindDialog ACBP=A9
 0001:00003020 0000000E C=CODE     S=.text    G=(none)   M=RLHTMLFilter ACBP=A9
 0001:00003030 0000000E C=CODE     S=.text    G=(none)   M=RLPDFFilter ACBP=A9
 0001:00003040 0000000E C=CODE     S=.text    G=(none)   M=RLBarcode ACBP=A9
 0001:00003050 0000000E C=CODE     S=.text    G=(none)   M=ACBrDFeReportFortes ACBP=A9
 0001:00003060 0000000E C=CODE     S=.text    G=(none)   M=ACBrDANFCeFortesFrA4 ACBP=A9
 0001:00003070 0000000E C=CODE     S=.text    G=(none)   M=ACBrNFeDANFeRL ACBP=A9
 0001:00003080 0000000E C=CODE     S=.text    G=(none)   M=ACBrNFeDANFeRLClass ACBP=A9
 0001:00003090 0000000E C=CODE     S=.text    G=(none)   M=ACBrNFeDAInutRL ACBP=A9
 0001:000030A0 0000000E C=CODE     S=.text    G=(none)   M=ACBrNFeDAInutRLRetrato ACBP=A9
 0001:000030B0 0000000E C=CODE     S=.text    G=(none)   M=ACBrNFeDANFeRLSimplificado ACBP=A9
 0001:000030C0 0000000E C=CODE     S=.text    G=(none)   M=ACBrNFeDANFeEventoRLRetrato ACBP=A9
 0001:000030D0 0000000E C=CODE     S=.text    G=(none)   M=ACBrNFeDANFeEventoRL ACBP=A9
 0001:000030E0 0000000E C=CODE     S=.text    G=(none)   M=ACBrNFeDANFeRLPaisagem ACBP=A9
 0001:000030F0 0000000E C=CODE     S=.text    G=(none)   M=ACBrNFeDANFeRLRetrato ACBP=A9
 0001:00003100 0000000E C=CODE     S=.text    G=(none)   M=ACBrNFeDANFEFR ACBP=A9
 0001:00003110 0000000E C=CODE     S=.text    G=(none)   M=frxClass ACBP=A9
 0001:00003120 0000000E C=CODE     S=.text    G=(none)   M=frxVariables ACBP=A9
 0001:00003130 0000000E C=CODE     S=.text    G=(none)   M=frxXML   ACBP=A9
 0001:00003140 0000000E C=CODE     S=.text    G=(none)   M=frxXMLSerializer ACBP=A9
 0001:00003150 0000000E C=CODE     S=.text    G=(none)   M=frxProgress ACBP=A9
 0001:00003160 0000000E C=CODE     S=.text    G=(none)   M=frxRes   ACBP=A9
 0001:00003170 0000000E C=CODE     S=.text    G=(none)   M=frxUtils ACBP=A9
 0001:00003180 0000000E C=CODE     S=.text    G=(none)   M=fs_iinterpreter ACBP=A9
 0001:00003190 0000000E C=CODE     S=.text    G=(none)   M=fs_xml   ACBP=A9
 0001:000031A0 0000000E C=CODE     S=.text    G=(none)   M=fs_isysrtti ACBP=A9
 0001:000031B0 0000000E C=CODE     S=.text    G=(none)   M=fs_itools ACBP=A9
 0001:000031C0 0000000E C=CODE     S=.text    G=(none)   M=fs_iparser ACBP=A9
 0001:000031D0 0000000E C=CODE     S=.text    G=(none)   M=fs_iconst ACBP=A9
 0001:000031E0 0000000E C=CODE     S=.text    G=(none)   M=fs_iexpression ACBP=A9
 0001:000031F0 0000000E C=CODE     S=.text    G=(none)   M=fs_iilparser ACBP=A9
 0001:00003200 0000000E C=CODE     S=.text    G=(none)   M=fs_idisp ACBP=A9
 0001:00003210 0000000E C=CODE     S=.text    G=(none)   M=frxUnicodeUtils ACBP=A9
 0001:00003220 0000000E C=CODE     S=.text    G=(none)   M=frxEngine ACBP=A9
 0001:00003230 0000000E C=CODE     S=.text    G=(none)   M=frxAggregate ACBP=A9
 0001:00003240 0000000E C=CODE     S=.text    G=(none)   M=frxDMPClass ACBP=A9
 0001:00003250 0000000E C=CODE     S=.text    G=(none)   M=frxDsgnIntf ACBP=A9
 0001:00003260 0000000E C=CODE     S=.text    G=(none)   M=frxPreviewPages ACBP=A9
 0001:00003270 0000000E C=CODE     S=.text    G=(none)   M=frxPictureCache ACBP=A9
 0001:00003280 0000000E C=CODE     S=.text    G=(none)   M=frxPreview ACBP=A9
 0001:00003290 0000000E C=CODE     S=.text    G=(none)   M=frxCtrls ACBP=A9
 0001:000032A0 0000000E C=CODE     S=.text    G=(none)   M=frxPrinter ACBP=A9
 0001:000032B0 0000000E C=CODE     S=.text    G=(none)   M=frxDock  ACBP=A9
 0001:000032C0 0000000E C=CODE     S=.text    G=(none)   M=frxSearchDialog ACBP=A9
 0001:000032D0 0000000E C=CODE     S=.text    G=(none)   M=frxPreviewPageSettings ACBP=A9
 0001:000032E0 0000000E C=CODE     S=.text    G=(none)   M=frxPrintDialog ACBP=A9
 0001:000032F0 0000000E C=CODE     S=.text    G=(none)   M=frxPassw ACBP=A9
 0001:00003300 0000000E C=CODE     S=.text    G=(none)   M=frxGraphicUtils ACBP=A9
 0001:00003310 0000000E C=CODE     S=.text    G=(none)   M=frxDialogForm ACBP=A9
 0001:00003320 0000000E C=CODE     S=.text    G=(none)   M=frxrcClass ACBP=A9
 0001:00003330 0000000E C=CODE     S=.text    G=(none)   M=frxClassRTTI ACBP=A9
 0001:00003340 0000000E C=CODE     S=.text    G=(none)   M=fs_iformsrtti ACBP=A9
 0001:00003350 0000000E C=CODE     S=.text    G=(none)   M=fs_ievents ACBP=A9
 0001:00003360 0000000E C=CODE     S=.text    G=(none)   M=fs_iclassesrtti ACBP=A9
 0001:00003370 0000000E C=CODE     S=.text    G=(none)   M=fs_igraphicsrtti ACBP=A9
 0001:00003380 0000000E C=CODE     S=.text    G=(none)   M=frxInheritError ACBP=A9
 0001:00003390 0000000E C=CODE     S=.text    G=(none)   M=fs_ipascal ACBP=A9
 0001:000033A0 0000000E C=CODE     S=.text    G=(none)   M=fs_icpp  ACBP=A9
 0001:000033B0 0000000E C=CODE     S=.text    G=(none)   M=fs_ibasic ACBP=A9
 0001:000033C0 0000000E C=CODE     S=.text    G=(none)   M=fs_ijs   ACBP=A9
 0001:000033D0 0000000E C=CODE     S=.text    G=(none)   M=fs_idialogsrtti ACBP=A9
 0001:000033E0 0000000E C=CODE     S=.text    G=(none)   M=fs_iinirtti ACBP=A9
 0001:000033F0 0000000E C=CODE     S=.text    G=(none)   M=frxChm   ACBP=A9
 0001:00003400 0000000E C=CODE     S=.text    G=(none)   M=frxGZip  ACBP=A9
 0001:00003410 0000000E C=CODE     S=.text    G=(none)   M=frxZLib  ACBP=A9
 0001:00003420 0000000E C=CODE     S=.text    G=(none)   M=ACBrNFeDANFEFRDM ACBP=A9
 0001:00003430 0000000E C=CODE     S=.text    G=(none)   M=frxBarcode ACBP=A9
 0001:00003440 0000000E C=CODE     S=.text    G=(none)   M=frxBarcod ACBP=A9
 0001:00003450 0000000E C=CODE     S=.text    G=(none)   M=frxBarcodeEditor ACBP=A9
 0001:00003460 0000000E C=CODE     S=.text    G=(none)   M=frxCustomEditors ACBP=A9
 0001:00003470 0000000E C=CODE     S=.text    G=(none)   M=frxEditMemo ACBP=A9
 0001:00003480 0000000E C=CODE     S=.text    G=(none)   M=frxEditFormat ACBP=A9
 0001:00003490 0000000E C=CODE     S=.text    G=(none)   M=frxEditHighlight ACBP=A9
 0001:000034A0 0000000E C=CODE     S=.text    G=(none)   M=frxEditSysMemo ACBP=A9
 0001:000034B0 0000000E C=CODE     S=.text    G=(none)   M=frxUnicodeCtrls ACBP=A9
 0001:000034C0 0000000E C=CODE     S=.text    G=(none)   M=frxBarcodeRTTI ACBP=A9
 0001:000034D0 0000000E C=CODE     S=.text    G=(none)   M=frxDBSet ACBP=A9
 0001:000034E0 0000000E C=CODE     S=.text    G=(none)   M=frxExportPDF ACBP=A9
 0001:000034F0 0000000E C=CODE     S=.text    G=(none)   M=frxPDFFile ACBP=A9
 0001:00003500 0000000E C=CODE     S=.text    G=(none)   M=frxFileUtils ACBP=A9
 0001:00003510 0000000E C=CODE     S=.text    G=(none)   M=frxrcExports ACBP=A9
 0001:00003520 0000000E C=CODE     S=.text    G=(none)   M=fmmensagemgridnfe ACBP=A9
 0001:00003530 0000000E C=CODE     S=.text    G=(none)   M=cptexto  ACBP=A9
 0001:00003540 0000000E C=CODE     S=.text    G=(none)   M=clfinanceira ACBP=A9
 0001:00003550 0000000E C=CODE     S=.text    G=(none)   M=ACBrTEFDClass ACBP=A9
 0001:00003560 0000000E C=CODE     S=.text    G=(none)   M=ACBrTEFComum ACBP=A9
 0001:00003570 0000000E C=CODE     S=.text    G=(none)   M=ACBrTEFD ACBP=A9
 0001:00003580 0000000E C=CODE     S=.text    G=(none)   M=ACBrTEFDPayGo ACBP=A9
 0001:00003590 0000000E C=CODE     S=.text    G=(none)   M=ACBrTEFDPayGoWeb ACBP=A9
 0001:000035A0 0000000E C=CODE     S=.text    G=(none)   M=ACBrTEFPayGoWebComum ACBP=A9
 0001:000035B0 0000000E C=CODE     S=.text    G=(none)   M=ACBrTEFPayGoComum ACBP=A9
 0001:000035C0 0000000E C=CODE     S=.text    G=(none)   M=ACBrTEFDAuttar ACBP=A9
 0001:000035D0 0000000E C=CODE     S=.text    G=(none)   M=ACBrTEFDDial ACBP=A9
 0001:000035E0 0000000E C=CODE     S=.text    G=(none)   M=ACBrTEFDDisc ACBP=A9
 0001:000035F0 0000000E C=CODE     S=.text    G=(none)   M=ACBrTEFDHiper ACBP=A9
 0001:00003600 0000000E C=CODE     S=.text    G=(none)   M=ACBrTEFDCliSiTef ACBP=A9
 0001:00003610 0000000E C=CODE     S=.text    G=(none)   M=ACBrTEFCliSiTefComum ACBP=A9
 0001:00003620 0000000E C=CODE     S=.text    G=(none)   M=ACBrTEFDGpu ACBP=A9
 0001:00003630 0000000E C=CODE     S=.text    G=(none)   M=ACBrTEFDVeSPague ACBP=A9
 0001:00003640 0000000E C=CODE     S=.text    G=(none)   M=ACBrTEFDBanese ACBP=A9
 0001:00003650 0000000E C=CODE     S=.text    G=(none)   M=ACBrTEFDGoodCard ACBP=A9
 0001:00003660 0000000E C=CODE     S=.text    G=(none)   M=ACBrTEFDFoxWin ACBP=A9
 0001:00003670 0000000E C=CODE     S=.text    G=(none)   M=ACBrTEFDCliDTEF ACBP=A9
 0001:00003680 0000000E C=CODE     S=.text    G=(none)   M=ACBrTEFDPetroCard ACBP=A9
 0001:00003690 0000000E C=CODE     S=.text    G=(none)   M=ACBrTEFDCrediShop ACBP=A9
 0001:000036A0 0000000E C=CODE     S=.text    G=(none)   M=ACBrTEFDTicketCar ACBP=A9
 0001:000036B0 0000000E C=CODE     S=.text    G=(none)   M=ACBrTEFDConvCard ACBP=A9
 0001:000036C0 0000000E C=CODE     S=.text    G=(none)   M=ACBrTEFDCappta ACBP=A9
 0001:000036D0 0000000E C=CODE     S=.text    G=(none)   M=cpnumero ACBP=A9
 0001:000036E0 0000000E C=CODE     S=.text    G=(none)   M=dmsenhaautorizacao ACBP=A9
 0001:000036F0 0000000E C=CODE     S=.text    G=(none)   M=cptransact ACBP=A9
 0001:00003700 0000000E C=CODE     S=.text    G=(none)   M=fmloginbasico ACBP=A9
 0001:00003710 0000000E C=CODE     S=.text    G=(none)   M=fmsenhaautorizacao ACBP=A9
 0001:00003720 0000000E C=CODE     S=.text    G=(none)   M=dmtecsoft ACBP=A9
 0001:00003730 0000000E C=CODE     S=.text    G=(none)   M=fmrenovarsenha ACBP=A9
 0001:00003740 00000026 C=CODE     S=.text    G=(none)   M=fmsplash ACBP=A9
 0001:00003768 0000000E C=CODE     S=.text    G=(none)   M=fmlogin  ACBP=A9
 0001:00003778 0000000E C=CODE     S=.text    G=(none)   M=cttef    ACBP=A9
 0001:00003788 0000000E C=CODE     S=.text    G=(none)   M=dmimprimeboleto ACBP=A9
 0001:00003798 0000000E C=CODE     S=.text    G=(none)   M=ACBrBoletoConversao ACBP=A9
 0001:000037A8 0000000E C=CODE     S=.text    G=(none)   M=ACBrBoletoFCFortesFr ACBP=A9
 0001:000037B8 0000000E C=CODE     S=.text    G=(none)   M=ACBrBoleto ACBP=A9
 0001:000037C8 0000000E C=CODE     S=.text    G=(none)   M=ACBrBoletoRetorno ACBP=A9
 0001:000037D8 0000000E C=CODE     S=.text    G=(none)   M=ACBrBoletoWS ACBP=A9
 0001:000037E8 0000000E C=CODE     S=.text    G=(none)   M=ACBrBoletoW_Caixa ACBP=A9
 0001:000037F8 0000000E C=CODE     S=.text    G=(none)   M=ACBrBoletoPcnConsts ACBP=A9
 0001:00003808 0000000E C=CODE     S=.text    G=(none)   M=ACBrBoletoRet_Caixa ACBP=A9
 0001:00003818 0000000E C=CODE     S=.text    G=(none)   M=ACBrBoletoW_BancoBrasil ACBP=A9
 0001:00003828 0000000E C=CODE     S=.text    G=(none)   M=ACBrBoletoRet_BancoBrasil ACBP=A9
 0001:00003838 0000000E C=CODE     S=.text    G=(none)   M=ACBrBoletoW_BancoBrasil_API ACBP=A9
 0001:00003848 0000000E C=CODE     S=.text    G=(none)   M=ACBrBoletoRet_BancoBrasil_API ACBP=A9
 0001:00003858 0000000E C=CODE     S=.text    G=(none)   M=ACBrBoletoW_Itau ACBP=A9
 0001:00003868 0000000E C=CODE     S=.text    G=(none)   M=ACBrBoletoRet_Itau ACBP=A9
 0001:00003878 0000000E C=CODE     S=.text    G=(none)   M=ACBrBoletoW_Credisis ACBP=A9
 0001:00003888 0000000E C=CODE     S=.text    G=(none)   M=ACBrBoletoRet_Credisis ACBP=A9
 0001:00003898 0000000E C=CODE     S=.text    G=(none)   M=ACBrBoletoW_Sicredi_API ACBP=A9
 0001:000038A8 0000000E C=CODE     S=.text    G=(none)   M=ACBrBoletoRet_Sicredi_API ACBP=A9
 0001:000038B8 0000000E C=CODE     S=.text    G=(none)   M=ACBrBancoBradesco ACBP=A9
 0001:000038C8 0000000E C=CODE     S=.text    G=(none)   M=ACBrBancoBrasil ACBP=A9
 0001:000038D8 0000000E C=CODE     S=.text    G=(none)   M=ACBrBancoAmazonia ACBP=A9
 0001:000038E8 0000000E C=CODE     S=.text    G=(none)   M=ACBrBancoBanestes ACBP=A9
 0001:000038F8 0000000E C=CODE     S=.text    G=(none)   M=ACBrBancoItau ACBP=A9
 0001:00003908 0000000E C=CODE     S=.text    G=(none)   M=ACBrBancoSicredi ACBP=A9
 0001:00003918 0000000E C=CODE     S=.text    G=(none)   M=ACBrBancoMercantil ACBP=A9
 0001:00003928 0000000E C=CODE     S=.text    G=(none)   M=ACBrBancoCaixa ACBP=A9
 0001:00003938 0000000E C=CODE     S=.text    G=(none)   M=ACBrBancoBanrisul ACBP=A9
 0001:00003948 0000000E C=CODE     S=.text    G=(none)   M=ACBrBancoSantander ACBP=A9
 0001:00003958 0000000E C=CODE     S=.text    G=(none)   M=ACBrBancoBancoob ACBP=A9
 0001:00003968 0000000E C=CODE     S=.text    G=(none)   M=ACBrBancoCaixaSICOB ACBP=A9
 0001:00003978 0000000E C=CODE     S=.text    G=(none)   M=ACBrBancoHSBC ACBP=A9
 0001:00003988 0000000E C=CODE     S=.text    G=(none)   M=ACBrBancoNordeste ACBP=A9
 0001:00003998 0000000E C=CODE     S=.text    G=(none)   M=ACBrBancoBRB ACBP=A9
 0001:000039A8 0000000E C=CODE     S=.text    G=(none)   M=ACBrBancoBic ACBP=A9
 0001:000039B8 0000000E C=CODE     S=.text    G=(none)   M=ACBrBancoBradescoSICOOB ACBP=A9
 0001:000039C8 0000000E C=CODE     S=.text    G=(none)   M=ACBrBancoSafra ACBP=A9
 0001:000039D8 0000000E C=CODE     S=.text    G=(none)   M=ACBrBancoSafraBradesco ACBP=A9
 0001:000039E8 0000000E C=CODE     S=.text    G=(none)   M=ACBrBancoCecred ACBP=A9
 0001:000039F8 0000000E C=CODE     S=.text    G=(none)   M=ACBrBancoBrasilSicoob ACBP=A9
 0001:00003A08 0000000E C=CODE     S=.text    G=(none)   M=ACBrUniprime ACBP=A9
 0001:00003A18 0000000E C=CODE     S=.text    G=(none)   M=ACBrBancoUnicredRS ACBP=A9
 0001:00003A28 0000000E C=CODE     S=.text    G=(none)   M=ACBrBancoBanese ACBP=A9
 0001:00003A38 0000000E C=CODE     S=.text    G=(none)   M=ACBrBancoCredisis ACBP=A9
 0001:00003A48 0000000E C=CODE     S=.text    G=(none)   M=ACBrBancoUnicredES ACBP=A9
 0001:00003A58 0000000E C=CODE     S=.text    G=(none)   M=ACBrBancoCresolSCRS ACBP=A9
 0001:00003A68 0000000E C=CODE     S=.text    G=(none)   M=ACBrBancoCitiBank ACBP=A9
 0001:00003A78 0000000E C=CODE     S=.text    G=(none)   M=ACBrBancoABCBrasil ACBP=A9
 0001:00003A88 0000000E C=CODE     S=.text    G=(none)   M=ACBrBancoDaycoval ACBP=A9
 0001:00003A98 0000000E C=CODE     S=.text    G=(none)   M=ACBrUniprimeNortePR ACBP=A9
 0001:00003AA8 0000000E C=CODE     S=.text    G=(none)   M=ACBrBancoPine ACBP=A9
 0001:00003AB8 0000000E C=CODE     S=.text    G=(none)   M=ACBrBancoPineBradesco ACBP=A9
 0001:00003AC8 0000000E C=CODE     S=.text    G=(none)   M=ACBrBancoUnicredSC ACBP=A9
 0001:00003AD8 0000000E C=CODE     S=.text    G=(none)   M=ACBrBancoAlfa ACBP=A9
 0001:00003AE8 0000000E C=CODE     S=.text    G=(none)   M=ACBrBancoCresol ACBP=A9
 0001:00003AF8 0000000E C=CODE     S=.text    G=(none)   M=ACBrBancoBradescoMoneyPlus ACBP=A9
 0001:00003B08 0000000E C=CODE     S=.text    G=(none)   M=ACBrBancoC6 ACBP=A9
 0001:00003B18 0000000E C=CODE     S=.text    G=(none)   M=ACBrBancoRendimento ACBP=A9
 0001:00003B28 0000000E C=CODE     S=.text    G=(none)   M=ACBrBancoInter ACBP=A9
 0001:00003B38 0000000E C=CODE     S=.text    G=(none)   M=ACBrBancoSofisaSantander ACBP=A9
 0001:00003B48 0000000E C=CODE     S=.text    G=(none)   M=ACBrBancoBS2 ACBP=A9
 0001:00003B58 0000000E C=CODE     S=.text    G=(none)   M=RLRichText ACBP=A9
 0001:00003B68 0000000E C=CODE     S=.text    G=(none)   M=cltextprinter ACBP=A9
 0001:00003B78 0000000E C=CODE     S=.text    G=(none)   M=ctepson  ACBP=A9
 0001:00003B88 0000000E C=CODE     S=.text    G=(none)   M=fmEnquete ACBP=A9
 0001:00003B98 0000000E C=CODE     S=.text    G=(none)   M=frlistafiliais ACBP=A9
 0001:00003BA8 0000000E C=CODE     S=.text    G=(none)   M=cpdbradiogroup ACBP=A9
 0001:00003BB8 0000000E C=CODE     S=.text    G=(none)   M=cpdbfindcontrols ACBP=A9
 0001:00003BC8 0000000E C=CODE     S=.text    G=(none)   M=frordenacao_cr ACBP=A9
 0001:00003BD8 0000000E C=CODE     S=.text    G=(none)   M=fmpreviewpadrao ACBP=A9
 0001:00003BE8 0000000E C=CODE     S=.text    G=(none)   M=fr_e_csv ACBP=A9
 0001:00003BF8 0000000E C=CODE     S=.text    G=(none)   M=fr_e_txt ACBP=A9
 0001:00003C08 0000000E C=CODE     S=.text    G=(none)   M=fr_e_rtf ACBP=A9
 0001:00003C18 0000000E C=CODE     S=.text    G=(none)   M=fr_e_htm ACBP=A9
 0001:00003C28 0000000E C=CODE     S=.text    G=(none)   M=fmprincipalbasico ACBP=A9
 0001:00003C38 0000000E C=CODE     S=.text    G=(none)   M=cpdata   ACBP=A9
 0001:00003C48 0000000E C=CODE     S=.text    G=(none)   M=fmhelpviewer ACBP=A9
 0001:00003C58 0000000E C=CODE     S=.text    G=(none)   M=fmconsultabasica ACBP=A9
 0001:00003C68 0000000E C=CODE     S=.text    G=(none)   M=fmconsultaporcampo ACBP=A9
 0001:00003C78 0000000E C=CODE     S=.text    G=(none)   M=frselecaoaleatoriavendedores ACBP=A9
 0001:00003C88 0000000E C=CODE     S=.text    G=(none)   M=frconsultacodigo ACBP=A9
 0001:00003C98 0000000E C=CODE     S=.text    G=(none)   M=dmDicionarioDados ACBP=A9
 0001:00003CA8 0000000E C=CODE     S=.text    G=(none)   M=fmmensagemgridprodutosconferencia ACBP=A9
 0001:00003CB8 0000000E C=CODE     S=.text    G=(none)   M=frconsulta ACBP=A9
 0001:00003CC8 0000000E C=CODE     S=.text    G=(none)   M=lstConsultaPorCampoItens ACBP=A9
 0001:00003CD8 0000000E C=CODE     S=.text    G=(none)   M=frselecaoaleatoria ACBP=A9
 0001:00003CE8 0000000E C=CODE     S=.text    G=(none)   M=frconsultacodigocontabil ACBP=A9
 0001:00003CF8 0000000E C=CODE     S=.text    G=(none)   M=frconsultacontabil ACBP=A9
 0001:00003D08 0000000E C=CODE     S=.text    G=(none)   M=frselecaoaleatoriapromocoes ACBP=A9
 0001:00003D18 0000000E C=CODE     S=.text    G=(none)   M=frselecaoaleatorialistaspadronizadas ACBP=A9
 0001:00003D28 0000000E C=CODE     S=.text    G=(none)   M=frselecaoaleatoriagruposfornecedores ACBP=A9
 0001:00003D38 0000000E C=CODE     S=.text    G=(none)   M=frselecaoaleatoriaplanorecebimento ACBP=A9
 0001:00003D48 0000000E C=CODE     S=.text    G=(none)   M=frselecaoaleatoriatiporecebimento ACBP=A9
 0001:00003D58 0000000E C=CODE     S=.text    G=(none)   M=frselecaoaleatoriaclientes ACBP=A9
 0001:00003D68 0000000E C=CODE     S=.text    G=(none)   M=frselecaoaleatoriamarcasprodutos ACBP=A9
 0001:00003D78 0000000E C=CODE     S=.text    G=(none)   M=frselecaoaleatoriagruposprodutos ACBP=A9
 0001:00003D88 0000000E C=CODE     S=.text    G=(none)   M=frselecaoaleatoriaclassesprodutos ACBP=A9
 0001:00003D98 0000000E C=CODE     S=.text    G=(none)   M=frselecaoaleatoriaprodutos ACBP=A9
 0001:00003DA8 0000000E C=CODE     S=.text    G=(none)   M=frselecaoaleatoriaitemdeprodutos ACBP=A9
 0001:00003DB8 0000000E C=CODE     S=.text    G=(none)   M=frmultiplaselecaoaleatoria ACBP=A9
 0001:00003DC8 0000000E C=CODE     S=.text    G=(none)   M=frselecaoaleatoriaservicos ACBP=A9
 0001:00003DD8 0000000E C=CODE     S=.text    G=(none)   M=frselecaoaleatoriaatributos ACBP=A9
 0001:00003DE8 0000000E C=CODE     S=.text    G=(none)   M=frselecaoaleatorialotes ACBP=A9
 0001:00003DF8 0000000E C=CODE     S=.text    G=(none)   M=frselecaoaleatoriaespecificacoesmodelos ACBP=A9
 0001:00003E08 0000000E C=CODE     S=.text    G=(none)   M=frselecaoaleatoriamarketplace ACBP=A9
 0001:00003E18 0000000E C=CODE     S=.text    G=(none)   M=frselecaoaleatorialocalizacaoestoque ACBP=A9
 0001:00003E28 0000000E C=CODE     S=.text    G=(none)   M=frselecaoaleatoriamodelosprodutos ACBP=A9
 0001:00003E38 0000000E C=CODE     S=.text    G=(none)   M=frselecaoaleatoriacst ACBP=A9
 0001:00003E48 0000000E C=CODE     S=.text    G=(none)   M=frselecaoaleatoriacsosn ACBP=A9
 0001:00003E58 0000000E C=CODE     S=.text    G=(none)   M=fmfichafinanceira ACBP=A9
 0001:00003E68 0000000E C=CODE     S=.text    G=(none)   M=fmArquivosAnexados ACBP=A9
 0001:00003E78 0000000E C=CODE     S=.text    G=(none)   M=frVisualizarImageURL ACBP=A9
 0001:00003E88 0000000E C=CODE     S=.text    G=(none)   M=us3thread ACBP=A9
 0001:00003E98 0000000E C=CODE     S=.text    G=(none)   M=pngextra ACBP=A9
 0001:00003EA8 0000000E C=CODE     S=.text    G=(none)   M=FolderDialog ACBP=A9
 0001:00003EB8 0000000E C=CODE     S=.text    G=(none)   M=fmvisualizarlogparcelas ACBP=A9
 0001:00003EC8 0000000E C=CODE     S=.text    G=(none)   M=fmnavcontroles ACBP=A9
 0001:00003ED8 0000000E C=CODE     S=.text    G=(none)   M=DBEditDateTimePicker ACBP=A9
 0001:00003EE8 0000000E C=CODE     S=.text    G=(none)   M=cpdbmemo ACBP=A9
 0001:00003EF8 0000000E C=CODE     S=.text    G=(none)   M=DBAdvMemo ACBP=A9
 0001:00003F08 0000000E C=CODE     S=.text    G=(none)   M=frconsultadadoscliente ACBP=A9
 0001:00003F18 0000000E C=CODE     S=.text    G=(none)   M=cpfone   ACBP=A9
 0001:00003F28 0000000E C=CODE     S=.text    G=(none)   M=fmcadastrosaldoclientes ACBP=A9
 0001:00003F38 0000000E C=CODE     S=.text    G=(none)   M=dmconsultadadoscliente ACBP=A9
 0001:00003F48 0000000E C=CODE     S=.text    G=(none)   M=fmcadastropadrao ACBP=A9
 0001:00003F58 0000000E C=CODE     S=.text    G=(none)   M=cpcpfcnpj ACBP=A9
 0001:00003F68 0000000E C=CODE     S=.text    G=(none)   M=frendereco ACBP=A9
 0001:00003F78 0000000E C=CODE     S=.text    G=(none)   M=cpcep    ACBP=A9
 0001:00003F88 0000000E C=CODE     S=.text    G=(none)   M=cpdoubledts ACBP=A9
 0001:00003F98 0000000E C=CODE     S=.text    G=(none)   M=fmcadastroSaldoCashBack ACBP=A9
 0001:00003FA8 0000000E C=CODE     S=.text    G=(none)   M=AdvDBDateTimePicker ACBP=A9
 0001:00003FB8 0000000E C=CODE     S=.text    G=(none)   M=cpdbdata ACBP=A9
 0001:00003FC8 0000000E C=CODE     S=.text    G=(none)   M=cpdocumento ACBP=A9
 0001:00003FD8 0000000E C=CODE     S=.text    G=(none)   M=fmconfirmarimpressaonocontrato ACBP=A9
 0001:00003FE8 0000000E C=CODE     S=.text    G=(none)   M=fmexibirjurosdescontos ACBP=A9
 0001:00003FF8 0000000E C=CODE     S=.text    G=(none)   M=dmfichafinanceira ACBP=A9
 0001:00004008 0000000E C=CODE     S=.text    G=(none)   M=fr_desgn ACBP=A9
 0001:00004018 0000000E C=CODE     S=.text    G=(none)   M=fr_color ACBP=A9
 0001:00004028 0000000E C=CODE     S=.text    G=(none)   M=fr_insp  ACBP=A9
 0001:00004038 0000000E C=CODE     S=.text    G=(none)   M=fr_popuplb ACBP=A9
 0001:00004048 0000000E C=CODE     S=.text    G=(none)   M=fr_flds1 ACBP=A9
 0001:00004058 0000000E C=CODE     S=.text    G=(none)   M=fr_pgopt ACBP=A9
 0001:00004068 0000000E C=CODE     S=.text    G=(none)   M=fr_gedit ACBP=A9
 0001:00004078 0000000E C=CODE     S=.text    G=(none)   M=fr_edit  ACBP=A9
 0001:00004088 0000000E C=CODE     S=.text    G=(none)   M=fr_expr  ACBP=A9
 0001:00004098 0000000E C=CODE     S=.text    G=(none)   M=fr_funcs ACBP=A9
 0001:000040A8 0000000E C=CODE     S=.text    G=(none)   M=fr_arg   ACBP=A9
 0001:000040B8 0000000E C=CODE     S=.text    G=(none)   M=fr_var   ACBP=A9
 0001:000040C8 0000000E C=CODE     S=.text    G=(none)   M=fr_flds  ACBP=A9
 0001:000040D8 0000000E C=CODE     S=.text    G=(none)   M=fr_templ ACBP=A9
 0001:000040E8 0000000E C=CODE     S=.text    G=(none)   M=fr_newrp ACBP=A9
 0001:000040F8 0000000E C=CODE     S=.text    G=(none)   M=fr_dsopt ACBP=A9
 0001:00004108 0000000E C=CODE     S=.text    G=(none)   M=fr_attre ACBP=A9
 0001:00004118 0000000E C=CODE     S=.text    G=(none)   M=fr_hilit ACBP=A9
 0001:00004128 0000000E C=CODE     S=.text    G=(none)   M=fr_dopt  ACBP=A9
 0001:00004138 0000000E C=CODE     S=.text    G=(none)   M=fr_dict  ACBP=A9
 0001:00004148 0000000E C=CODE     S=.text    G=(none)   M=fr_vared ACBP=A9
 0001:00004158 0000000E C=CODE     S=.text    G=(none)   M=fr_bnded ACBP=A9
 0001:00004168 0000000E C=CODE     S=.text    G=(none)   M=fr_vbnd  ACBP=A9
 0001:00004178 0000000E C=CODE     S=.text    G=(none)   M=fr_btyp  ACBP=A9
 0001:00004188 0000000E C=CODE     S=.text    G=(none)   M=fr_grped ACBP=A9
 0001:00004198 0000000E C=CODE     S=.text    G=(none)   M=fr_about ACBP=A9
 0001:000041A8 0000000E C=CODE     S=.text    G=(none)   M=fr_iflds ACBP=A9
 0001:000041B8 0000000E C=CODE     S=.text    G=(none)   M=fr_restr ACBP=A9
 0001:000041C8 0000000E C=CODE     S=.text    G=(none)   M=fr_pagef ACBP=A9
 0001:000041D8 0000000E C=CODE     S=.text    G=(none)   M=dmimprimesaldocliente ACBP=A9
 0001:000041E8 0000000E C=CODE     S=.text    G=(none)   M=dmimprimecarne ACBP=A9
 0001:000041F8 0000000E C=CODE     S=.text    G=(none)   M=fmenviaremail ACBP=A9
 0001:00004208 0000000E C=CODE     S=.text    G=(none)   M=AdvPanel ACBP=A9
 0001:00004218 0000000E C=CODE     S=.text    G=(none)   M=AdvImage ACBP=A9
 0001:00004228 0000000E C=CODE     S=.text    G=(none)   M=APXPVS   ACBP=A9
 0001:00004238 0000000E C=CODE     S=.text    G=(none)   M=AdvListV ACBP=A9
 0001:00004248 0000000E C=CODE     S=.text    G=(none)   M=AlvUtil  ACBP=A9
 0001:00004258 0000000E C=CODE     S=.text    G=(none)   M=cpmemo   ACBP=A9
 0001:00004268 0000000E C=CODE     S=.text    G=(none)   M=dmimprimecontratos ACBP=A9
 0001:00004278 0000000E C=CODE     S=.text    G=(none)   M=frxExportHTML ACBP=A9
 0001:00004288 0000000E C=CODE     S=.text    G=(none)   M=frxExportMatrix ACBP=A9
 0001:00004298 0000000E C=CODE     S=.text    G=(none)   M=frxExportImage ACBP=A9
 0001:000042A8 0000000E C=CODE     S=.text    G=(none)   M=frxExportXLS ACBP=A9
 0001:000042B8 0000000E C=CODE     S=.text    G=(none)   M=frxExportXML ACBP=A9
 0001:000042C8 0000000E C=CODE     S=.text    G=(none)   M=frxExportRTF ACBP=A9
 0001:000042D8 0000000E C=CODE     S=.text    G=(none)   M=frxExportText ACBP=A9
 0001:000042E8 0000000E C=CODE     S=.text    G=(none)   M=frxExportCSV ACBP=A9
 0001:000042F8 0000000E C=CODE     S=.text    G=(none)   M=frxExportTXT ACBP=A9
 0001:00004308 0000000E C=CODE     S=.text    G=(none)   M=frxExportTxtPrn ACBP=A9
 0001:00004318 0000000E C=CODE     S=.text    G=(none)   M=frxExportMail ACBP=A9
 0001:00004328 0000000E C=CODE     S=.text    G=(none)   M=frxSMTP  ACBP=A9
 0001:00004338 0000000E C=CODE     S=.text    G=(none)   M=ScktComp ACBP=A9
 0001:00004348 0000000E C=CODE     S=.text    G=(none)   M=frxNetUtils ACBP=A9
 0001:00004358 0000000E C=CODE     S=.text    G=(none)   M=frxExportODF ACBP=A9
 0001:00004368 0000000E C=CODE     S=.text    G=(none)   M=frxZip   ACBP=A9
 0001:00004378 0000000E C=CODE     S=.text    G=(none)   M=fr_ptabl ACBP=A9
 0001:00004388 0000000E C=CODE     S=.text    G=(none)   M=QDBGrids ACBP=A9
 0001:00004398 0000000E C=CODE     S=.text    G=(none)   M=QDBCtrls ACBP=A9
 0001:000043A8 0000000E C=CODE     S=.text    G=(none)   M=QDBConsts ACBP=A9
 0001:000043B8 0000000E C=CODE     S=.text    G=(none)   M=QDBPWDlg ACBP=A9
 0001:000043C8 0000000E C=CODE     S=.text    G=(none)   M=QDBLogDlg ACBP=A9
 0001:000043D8 0000000E C=CODE     S=.text    G=(none)   M=QGrids   ACBP=A9
 0001:000043E8 0000000E C=CODE     S=.text    G=(none)   M=fr_shape ACBP=A9
 0001:000043F8 0000000E C=CODE     S=.text    G=(none)   M=fr_barc  ACBP=A9
 0001:00004408 0000000E C=CODE     S=.text    G=(none)   M=frbarcod ACBP=A9
 0001:00004418 0000000E C=CODE     S=.text    G=(none)   M=AdvGroupBox ACBP=A9
 0001:00004428 0000000E C=CODE     S=.text    G=(none)   M=AOBXPVS  ACBP=A9
 0001:00004438 0000000E C=CODE     S=.text    G=(none)   M=DBAdvOfficeButtons ACBP=A9
 0001:00004448 0000000E C=CODE     S=.text    G=(none)   M=AdvOfficeButtons ACBP=A9
 0001:00004458 0000000E C=CODE     S=.text    G=(none)   M=DBTabControl ACBP=A9
 0001:00004468 0000000E C=CODE     S=.text    G=(none)   M=dbcgrids ACBP=A9
 0001:00004478 0000000E C=CODE     S=.text    G=(none)   M=DBAdvEd  ACBP=A9
 0001:00004488 0000000E C=CODE     S=.text    G=(none)   M=AdvEdit  ACBP=A9
 0001:00004498 0000000E C=CODE     S=.text    G=(none)   M=AdvEddd  ACBP=A9
 0001:000044A8 0000000E C=CODE     S=.text    G=(none)   M=dmEnquete ACBP=A9
 0001:000044B8 0000000E C=CODE     S=.text    G=(none)   M=ctcontantesdmbasico ACBP=A9
 0001:000044C8 0000000E C=CODE     S=.text    G=(none)   M=fmmensagemgrid ACBP=A9
 0001:000044D8 0000000E C=CODE     S=.text    G=(none)   M=dmimprimefiscal ACBP=A9
 0001:000044E8 0000000E C=CODE     S=.text    G=(none)   M=terminal ACBP=A9
 0001:000044F8 0000000E C=CODE     S=.text    G=(none)   M=dmacertocupomcancelado ACBP=A9
 0001:00004508 0000000E C=CODE     S=.text    G=(none)   M=dmcontrolenotasfiscaiseletronicas ACBP=A9
 0001:00004518 0000000E C=CODE     S=.text    G=(none)   M=cltefdiscado ACBP=A9
 0001:00004528 0000000E C=CODE     S=.text    G=(none)   M=fmmensagemtemporizada ACBP=A9
 0001:00004538 0000000E C=CODE     S=.text    G=(none)   M=dmmenufiscal ACBP=A9
 0001:00004548 0000000E C=CODE     S=.text    G=(none)   M=ACBrPAF  ACBP=A9
 0001:00004558 0000000E C=CODE     S=.text    G=(none)   M=ACBrTXTClass ACBP=A9
 0001:00004568 0000000E C=CODE     S=.text    G=(none)   M=ACBrPAFRegistros ACBP=A9
 0001:00004578 0000000E C=CODE     S=.text    G=(none)   M=ACBrPAF_A_Class ACBP=A9
 0001:00004588 0000000E C=CODE     S=.text    G=(none)   M=ACBrTXTUtils ACBP=A9
 0001:00004598 0000000E C=CODE     S=.text    G=(none)   M=ACBrPAF_A ACBP=A9
 0001:000045A8 0000000E C=CODE     S=.text    G=(none)   M=ACBrPAF_B_Class ACBP=A9
 0001:000045B8 0000000E C=CODE     S=.text    G=(none)   M=ACBrPAF_B ACBP=A9
 0001:000045C8 0000000E C=CODE     S=.text    G=(none)   M=ACBrPAF_C_Class ACBP=A9
 0001:000045D8 0000000E C=CODE     S=.text    G=(none)   M=ACBrPAF_C ACBP=A9
 0001:000045E8 0000000E C=CODE     S=.text    G=(none)   M=ACBrPAF_D_Class ACBP=A9
 0001:000045F8 0000000E C=CODE     S=.text    G=(none)   M=ACBrPAF_D ACBP=A9
 0001:00004608 0000000E C=CODE     S=.text    G=(none)   M=ACBrPAF_E_Class ACBP=A9
 0001:00004618 0000000E C=CODE     S=.text    G=(none)   M=ACBrPAF_E ACBP=A9
 0001:00004628 0000000E C=CODE     S=.text    G=(none)   M=ACBrPAF_F_Class ACBP=A9
 0001:00004638 0000000E C=CODE     S=.text    G=(none)   M=ACBrPAF_F ACBP=A9
 0001:00004648 0000000E C=CODE     S=.text    G=(none)   M=ACBrPAF_G_Class ACBP=A9
 0001:00004658 0000000E C=CODE     S=.text    G=(none)   M=ACBrPAF_G ACBP=A9
 0001:00004668 0000000E C=CODE     S=.text    G=(none)   M=ACBrPAF_H_Class ACBP=A9
 0001:00004678 0000000E C=CODE     S=.text    G=(none)   M=ACBrPAF_H ACBP=A9
 0001:00004688 0000000E C=CODE     S=.text    G=(none)   M=ACBrPAF_J_Class ACBP=A9
 0001:00004698 0000000E C=CODE     S=.text    G=(none)   M=ACBrPAF_J ACBP=A9
 0001:000046A8 0000000E C=CODE     S=.text    G=(none)   M=ACBrPAF_L_Class ACBP=A9
 0001:000046B8 0000000E C=CODE     S=.text    G=(none)   M=ACBrPAF_L ACBP=A9
 0001:000046C8 0000000E C=CODE     S=.text    G=(none)   M=ACBrPAF_M_Class ACBP=A9
 0001:000046D8 0000000E C=CODE     S=.text    G=(none)   M=ACBrPAF_M ACBP=A9
 0001:000046E8 0000000E C=CODE     S=.text    G=(none)   M=ACBrPAF_N_Class ACBP=A9
 0001:000046F8 0000000E C=CODE     S=.text    G=(none)   M=ACBrPAF_N ACBP=A9
 0001:00004708 0000000E C=CODE     S=.text    G=(none)   M=ACBrPAF_P_Class ACBP=A9
 0001:00004718 0000000E C=CODE     S=.text    G=(none)   M=ACBrPAF_P ACBP=A9
 0001:00004728 0000000E C=CODE     S=.text    G=(none)   M=ACBrPAF_R_Class ACBP=A9
 0001:00004738 0000000E C=CODE     S=.text    G=(none)   M=ACBrPAF_R ACBP=A9
 0001:00004748 0000000E C=CODE     S=.text    G=(none)   M=ACBrPAF_S_Class ACBP=A9
 0001:00004758 0000000E C=CODE     S=.text    G=(none)   M=ACBrPAF_S ACBP=A9
 0001:00004768 0000000E C=CODE     S=.text    G=(none)   M=ACBrPAF_T_Class ACBP=A9
 0001:00004778 0000000E C=CODE     S=.text    G=(none)   M=ACBrPAF_T ACBP=A9
 0001:00004788 0000000E C=CODE     S=.text    G=(none)   M=ACBrPAF_TITP_Class ACBP=A9
 0001:00004798 0000000E C=CODE     S=.text    G=(none)   M=ACBrPAF_TITP ACBP=A9
 0001:000047A8 0000000E C=CODE     S=.text    G=(none)   M=ACBrPAF_W_Class ACBP=A9
 0001:000047B8 0000000E C=CODE     S=.text    G=(none)   M=ACBrPAF_W ACBP=A9
 0001:000047C8 0000000E C=CODE     S=.text    G=(none)   M=ACBrPAF_U_Class ACBP=A9
 0001:000047D8 0000000E C=CODE     S=.text    G=(none)   M=ACBrPAF_U ACBP=A9
 0001:000047E8 0000000E C=CODE     S=.text    G=(none)   M=ACBrPAF_V_Class ACBP=A9
 0001:000047F8 0000000E C=CODE     S=.text    G=(none)   M=ACBrPAF_V ACBP=A9
 0001:00004808 0000000E C=CODE     S=.text    G=(none)   M=ACBrPAF_Z_Class ACBP=A9
 0001:00004818 0000000E C=CODE     S=.text    G=(none)   M=ACBrPAF_Z ACBP=A9
 0001:00004828 0000000E C=CODE     S=.text    G=(none)   M=dmefd    ACBP=A9
 0001:00004838 0000000E C=CODE     S=.text    G=(none)   M=cptable  ACBP=A9
 0001:00004848 0000000E C=CODE     S=.text    G=(none)   M=ACBrEFDBlocos ACBP=A9
 0001:00004858 0000000E C=CODE     S=.text    G=(none)   M=ACBrSped ACBP=A9
 0001:00004868 0000000E C=CODE     S=.text    G=(none)   M=ACBrSpedFiscal ACBP=A9
 0001:00004878 0000000E C=CODE     S=.text    G=(none)   M=ACBrEFDBloco_0_Class ACBP=A9
 0001:00004888 0000000E C=CODE     S=.text    G=(none)   M=ACBrEFDBloco_0 ACBP=A9
 0001:00004898 0000000E C=CODE     S=.text    G=(none)   M=ACBrEFDBloco_1_Class ACBP=A9
 0001:000048A8 0000000E C=CODE     S=.text    G=(none)   M=ACBrEFDBloco_1 ACBP=A9
 0001:000048B8 0000000E C=CODE     S=.text    G=(none)   M=ACBrEFDBloco_9_Class ACBP=A9
 0001:000048C8 0000000E C=CODE     S=.text    G=(none)   M=ACBrEFDBloco_9 ACBP=A9
 0001:000048D8 0000000E C=CODE     S=.text    G=(none)   M=ACBrEFDBloco_B_Class ACBP=A9
 0001:000048E8 0000000E C=CODE     S=.text    G=(none)   M=ACBrEFDBloco_B ACBP=A9
 0001:000048F8 0000000E C=CODE     S=.text    G=(none)   M=ACBrEFDBloco_C_Class ACBP=A9
 0001:00004908 0000000E C=CODE     S=.text    G=(none)   M=ACBrEFDBloco_C ACBP=A9
 0001:00004918 0000000E C=CODE     S=.text    G=(none)   M=ACBrEFDBloco_D_Class ACBP=A9
 0001:00004928 0000000E C=CODE     S=.text    G=(none)   M=ACBrEFDBloco_D ACBP=A9
 0001:00004938 0000000E C=CODE     S=.text    G=(none)   M=ACBrEFDBloco_E_Class ACBP=A9
 0001:00004948 0000000E C=CODE     S=.text    G=(none)   M=ACBrEFDBloco_E ACBP=A9
 0001:00004958 0000000E C=CODE     S=.text    G=(none)   M=ACBrEFDBloco_G_Class ACBP=A9
 0001:00004968 0000000E C=CODE     S=.text    G=(none)   M=ACBrEFDBloco_G ACBP=A9
 0001:00004978 0000000E C=CODE     S=.text    G=(none)   M=ACBrEFDBloco_H_Class ACBP=A9
 0001:00004988 0000000E C=CODE     S=.text    G=(none)   M=ACBrEFDBloco_H ACBP=A9
 0001:00004998 0000000E C=CODE     S=.text    G=(none)   M=ACBrEFDBloco_K_Class ACBP=A9
 0001:000049A8 0000000E C=CODE     S=.text    G=(none)   M=ACBrEFDBloco_K ACBP=A9
 0001:000049B8 0000000E C=CODE     S=.text    G=(none)   M=ACBrEFDBloco_0_Events ACBP=A9
 0001:000049C8 0000000E C=CODE     S=.text    G=(none)   M=ACBrEFDBloco_B_Events ACBP=A9
 0001:000049D8 0000000E C=CODE     S=.text    G=(none)   M=ACBrEFDBloco_C_Events ACBP=A9
 0001:000049E8 0000000E C=CODE     S=.text    G=(none)   M=ACBrEFDBloco_D_Events ACBP=A9
 0001:000049F8 0000000E C=CODE     S=.text    G=(none)   M=ACBrEFDBloco_E_Events ACBP=A9
 0001:00004A08 0000000E C=CODE     S=.text    G=(none)   M=dmgerarsintegraemarquivo ACBP=A9
 0001:00004A18 0000000E C=CODE     S=.text    G=(none)   M=dmgerarmapasecf ACBP=A9
 0001:00004A28 0000000E C=CODE     S=.text    G=(none)   M=KAZip    ACBP=A9
 0001:00004A38 0000000E C=CODE     S=.text    G=(none)   M=ACBrBlocoX_Comum ACBP=A9
 0001:00004A48 0000000E C=CODE     S=.text    G=(none)   M=ACBrBlocoX ACBP=A9
 0001:00004A58 0000000E C=CODE     S=.text    G=(none)   M=ACBrBlocoX_WebServices ACBP=A9
 0001:00004A68 0000000E C=CODE     S=.text    G=(none)   M=pcnRetEnvBlocoX ACBP=A9
 0001:00004A78 0000000E C=CODE     S=.text    G=(none)   M=ACBrBlocoX_ReducaoZ ACBP=A9
 0001:00004A88 0000000E C=CODE     S=.text    G=(none)   M=ACBrBlocoX_Estoque ACBP=A9
 0001:00004A98 0000000E C=CODE     S=.text    G=(none)   M=ACBrBlocoX_Consulta ACBP=A9
 0001:00004AA8 0000000E C=CODE     S=.text    G=(none)   M=fmprogresso ACBP=A9
 0001:00004AB8 0000000E C=CODE     S=.text    G=(none)   M=clbackuptefdiscado ACBP=A9
 0001:00004AC8 0000000E C=CODE     S=.text    G=(none)   M=cltefdedicado ACBP=A9
 0001:00004AD8 0000000E C=CODE     S=.text    G=(none)   M=bbtefdedicado ACBP=A9
 0001:00004AE8 0000000E C=CODE     S=.text    G=(none)   M=climpressorachequetsp ACBP=A9
 0001:00004AF8 0000000E C=CODE     S=.text    G=(none)   M=climpressorachequepadrao ACBP=A9
 0001:00004B08 0000000E C=CODE     S=.text    G=(none)   M=climpressorachequebematech ACBP=A9
 0001:00004B18 0000000E C=CODE     S=.text    G=(none)   M=fmautorizacao ACBP=A9
 0001:00004B28 0000000E C=CODE     S=.text    G=(none)   M=MaskEdEx ACBP=A9
 0001:00004B38 00000016 C=CODE     S=.text    G=(none)   M=AdvSmoothProgressBar ACBP=A9
 0001:00004B50 0000000E C=CODE     S=.text    G=(none)   M=GDIPFill ACBP=A9
 0001:00004B60 0000000E C=CODE     S=.text    G=(none)   M=GDIPPictureContainer ACBP=A9
 0001:00004B70 0000000E C=CODE     S=.text    G=(none)   M=uProcessamentoNFE ACBP=A9
 0001:00004B80 0000000E C=CODE     S=.text    G=(none)   M=AsgListb ACBP=A9
 0001:00004B90 0000000E C=CODE     S=.text    G=(none)   M=frintervalodatas ACBP=A9
 0001:00004BA0 00002624 C=CODE     S=.text    G=(none)   M=fmMonitorNFeEntradaSefaz ACBP=A9
 0001:000071C4 00000016 C=CODE     S=.text    G=(none)   M=versao   ACBP=A9
 0001:000071DC 000023E4 C=CODE     S=.text    G=(none)   M=monitorNfe ACBP=A9
 0002:00000000 0000001C C=DATA     S=.data    G=DGROUP   M=SysInit  ACBP=A9
 0002:00001000 00000008 C=BSS      S=.bss     G=DGROUP   M=SysInit  ACBP=A9
 0002:00001008 00000004 C=BSS      S=.bss     G=DGROUP   M=ShellAPI ACBP=A9
 0002:0000100C 00000004 C=BSS      S=.bss     G=DGROUP   M=Windows  ACBP=A9
 0002:00001010 00000004 C=BSS      S=.bss     G=DGROUP   M=Messages ACBP=A9
 0002:00001014 00000004 C=BSS      S=.bss     G=DGROUP   M=CommCtrl ACBP=A9
 0002:00001018 00000004 C=BSS      S=.bss     G=DGROUP   M=Imm      ACBP=A9
 0002:0000101C 00000004 C=BSS      S=.bss     G=DGROUP   M=ShlObj   ACBP=A9
 0002:00001020 00000004 C=BSS      S=.bss     G=DGROUP   M=UrlMon   ACBP=A9
 0002:00001024 00000004 C=BSS      S=.bss     G=DGROUP   M=WinInet  ACBP=A9
 0002:00001028 00000004 C=BSS      S=.bss     G=DGROUP   M=RegStr   ACBP=A9
 0002:0000102C 00000004 C=BSS      S=.bss     G=DGROUP   M=WinSpool ACBP=A9
 0002:00001030 00000004 C=BSS      S=.bss     G=DGROUP   M=CommDlg  ACBP=A9
 0002:00001034 00000004 C=BSS      S=.bss     G=DGROUP   M=Dlgs     ACBP=A9
 0002:00001038 00000004 C=BSS      S=.bss     G=DGROUP   M=RichEdit ACBP=A9
 0002:0000103C 00000004 C=BSS      S=.bss     G=DGROUP   M=MMSystem ACBP=A9
 0002:00001040 00000004 C=BSS      S=.bss     G=DGROUP   M=TlHelp32 ACBP=A9
 0002:00001044 00000004 C=BSS      S=.bss     G=DGROUP   M=ACBr_NTStatus ACBP=A9
 0002:00001048 00000004 C=BSS      S=.bss     G=DGROUP   M=WinSock  ACBP=A9
 0002:0000104C 00000008 C=BSS      S=.bss     G=DGROUP   M=fmMonitorNFeEntradaSefaz ACBP=A9


  Address         Publics by Name

 0002:00001004       .1
 0002:00001038       .1
 0002:0000101C       .1
 0002:00001014       .1
 0002:00001034       .1
 0002:00001040       .1
 0002:00001008       .1
 0002:00001030       .1
 0002:00001048       .1
 0002:00001010       .1
 0002:00001018       .1
 0002:00001020       .1
 0002:00001044       .1
 0002:00001028       .1
 0002:00001024       .1
 0002:00001050       .2
 0002:0000100C       .3
 0002:0000102C       .3
 0002:0000103C       .7
 0001:000000C4       @InitExe
 0001:00002578       ACBr_NTStatus
 0001:000060D8       AtualizarCTesCancelados
 0001:000062CC       AtualizarNSU
 0001:000064E8       AtualizarNSUFaltantes
 0001:00000610       CommCtrl
 0001:00000A00       CommDlg
 0001:00000A38       Dlgs
 0001:00000A80       Finalization
 0001:00000A08       Finalization
 0001:000009D0       Finalization
 0001:000026A0       Finalization
 0001:00000998       Finalization
 0001:000008E8       Finalization
 0001:000008B0       Finalization
 0001:00000840       Finalization
 0001:000007B8       Finalization
 0001:000005E0       Finalization
 0001:00001350       Finalization
 0001:00000300       Finalization
 0001:0000718C       Finalization
 0001:00000178       Finalization
 0001:00000140       Finalization
 0001:000071DC       Finalization
 0001:00000108       Finalization
 0001:00001E78       Finalization
 0001:00002548       Finalization
 0001:00000878       Finalization
 0001:000071BC       fmMonitorNFeEntradaSefaz
 0002:0000104C       frmMonitorNFeEntradaSefaz
 0001:000000B0       GetModuleHandle
 0002:00001000       HInstance
 0001:000007E8       Imm
 0001:000000B8       InitializeModule
 0001:00000330       Messages
 0001:00001380       MMSystem
 0002:00000004       Module
 0001:0000942C       monitorNfe
 0001:00006078       PermiteAcessarDistribuicaoCTe
 0001:00006018       PermiteAcessarDistribuicaoNFe
 0001:00000918       RegStr
 0001:00000AB0       RichEdit
 0001:00000170       ShellAPI
 0001:00000870       ShlObj
 0001:00000138       SysInit
 0001:00006EBC       TfrmMonitorNFeEntradaSefaz.BuscarInformacoesSefaz
 0001:000057AC       TfrmMonitorNFeEntradaSefaz.Create
 0001:00006DFC       TfrmMonitorNFeEntradaSefaz.dbgFiliaisLocalDblClick
 0001:00006C2C       TfrmMonitorNFeEntradaSefaz.dbgNFESefazDrawColumnCell
 0001:00005824       TfrmMonitorNFeEntradaSefaz.Destroy
 0001:00006C00       TfrmMonitorNFeEntradaSefaz.FormCloseQuery
 0001:00006E28       TfrmMonitorNFeEntradaSefaz.MarcarFilial
 0001:000066BC       TfrmMonitorNFeEntradaSefaz.Processamento
 0001:00006F88       TfrmMonitorNFeEntradaSefaz.qryFiliaisAfterPost
 0001:00006FAC       TfrmMonitorNFeEntradaSefaz.qryFiliaisBeforePost
 0001:0000704C       TfrmMonitorNFeEntradaSefaz.qryFiliaisCalcFields
 0001:00007014       TfrmMonitorNFeEntradaSefaz.qryFiliaisFilterRecord
 0001:00005EF0       TfrmMonitorNFeEntradaSefaz.qryNSUSFilterRecord
 0001:00006EA4       TfrmMonitorNFeEntradaSefaz.sbnBuscarNFeServidorSefazClick
 0001:00006E88       TfrmMonitorNFeEntradaSefaz.sbnDesmarcarFiliaisClick
 0001:00006E6C       TfrmMonitorNFeEntradaSefaz.sbnMarcarFiliaisClick
 0001:00005F6C       TfrmMonitorNFeEntradaSefaz.sbnPararClick
 0001:00005880       TfrmMonitorNFeEntradaSefaz.Timer1Timer
 0001:00001EA8       TlHelp32
 0002:00000000       TlsIndex
 0001:000008A8       UrlMon
 0001:000001A8       Windows
 0001:000008E0       WinInet
 0001:000026D0       WinSock
 0001:000009C8       WinSpool


  Address         Publics by Value

 0001:000000B0       GetModuleHandle
 0001:000000B8       InitializeModule
 0001:000000C4       @InitExe
 0001:00000108       Finalization
 0001:00000138       SysInit
 0001:00000140       Finalization
 0001:00000170       ShellAPI
 0001:00000178       Finalization
 0001:000001A8       Windows
 0001:00000300       Finalization
 0001:00000330       Messages
 0001:000005E0       Finalization
 0001:00000610       CommCtrl
 0001:000007B8       Finalization
 0001:000007E8       Imm
 0001:00000840       Finalization
 0001:00000870       ShlObj
 0001:00000878       Finalization
 0001:000008A8       UrlMon
 0001:000008B0       Finalization
 0001:000008E0       WinInet
 0001:000008E8       Finalization
 0001:00000918       RegStr
 0001:00000998       Finalization
 0001:000009C8       WinSpool
 0001:000009D0       Finalization
 0001:00000A00       CommDlg
 0001:00000A08       Finalization
 0001:00000A38       Dlgs
 0001:00000A80       Finalization
 0001:00000AB0       RichEdit
 0001:00001350       Finalization
 0001:00001380       MMSystem
 0001:00001E78       Finalization
 0001:00001EA8       TlHelp32
 0001:00002548       Finalization
 0001:00002578       ACBr_NTStatus
 0001:000026A0       Finalization
 0001:000026D0       WinSock
 0001:000057AC       TfrmMonitorNFeEntradaSefaz.Create
 0001:00005824       TfrmMonitorNFeEntradaSefaz.Destroy
 0001:00005880       TfrmMonitorNFeEntradaSefaz.Timer1Timer
 0001:00005EF0       TfrmMonitorNFeEntradaSefaz.qryNSUSFilterRecord
 0001:00005F6C       TfrmMonitorNFeEntradaSefaz.sbnPararClick
 0001:00006018       PermiteAcessarDistribuicaoNFe
 0001:00006078       PermiteAcessarDistribuicaoCTe
 0001:000060D8       AtualizarCTesCancelados
 0001:000062CC       AtualizarNSU
 0001:000064E8       AtualizarNSUFaltantes
 0001:000066BC       TfrmMonitorNFeEntradaSefaz.Processamento
 0001:00006C00       TfrmMonitorNFeEntradaSefaz.FormCloseQuery
 0001:00006C2C       TfrmMonitorNFeEntradaSefaz.dbgNFESefazDrawColumnCell
 0001:00006DFC       TfrmMonitorNFeEntradaSefaz.dbgFiliaisLocalDblClick
 0001:00006E28       TfrmMonitorNFeEntradaSefaz.MarcarFilial
 0001:00006E6C       TfrmMonitorNFeEntradaSefaz.sbnMarcarFiliaisClick
 0001:00006E88       TfrmMonitorNFeEntradaSefaz.sbnDesmarcarFiliaisClick
 0001:00006EA4       TfrmMonitorNFeEntradaSefaz.sbnBuscarNFeServidorSefazClick
 0001:00006EBC       TfrmMonitorNFeEntradaSefaz.BuscarInformacoesSefaz
 0001:00006F88       TfrmMonitorNFeEntradaSefaz.qryFiliaisAfterPost
 0001:00006FAC       TfrmMonitorNFeEntradaSefaz.qryFiliaisBeforePost
 0001:00007014       TfrmMonitorNFeEntradaSefaz.qryFiliaisFilterRecord
 0001:0000704C       TfrmMonitorNFeEntradaSefaz.qryFiliaisCalcFields
 0001:0000718C       Finalization
 0001:000071BC       fmMonitorNFeEntradaSefaz
 0001:000071DC       Finalization
 0001:0000942C       monitorNfe
 0002:00000000       TlsIndex
 0002:00000004       Module
 0002:00001000       HInstance
 0002:00001004       .1
 0002:00001008       .1
 0002:0000100C       .3
 0002:00001010       .1
 0002:00001014       .1
 0002:00001018       .1
 0002:0000101C       .1
 0002:00001020       .1
 0002:00001024       .1
 0002:00001028       .1
 0002:0000102C       .3
 0002:00001030       .1
 0002:00001034       .1
 0002:00001038       .1
 0002:0000103C       .7
 0002:00001040       .1
 0002:00001044       .1
 0002:00001048       .1
 0002:0000104C       frmMonitorNFeEntradaSefaz
 0002:00001050       .2


Line numbers for ACBr_NTStatus(..\..\..\Fontes\Terceiros\CodeGear\ACBr_NTStatus.pas) segment .text

 18067 0001:00002578 18067 0001:0000257F

Line numbers for monitorNfe(C:\projetos.vcl\apps\tecsoft\pmonitornfe.dpr) segment .text

    20 0001:0000942C    26 0001:00009455    28 0001:00009461    30 0001:0000946F
    31 0001:00009480    32 0001:0000949C    33 0001:000094B3    35 0001:000094BF
    37 0001:000094D9    38 0001:000094F3    40 0001:00009508    41 0001:00009520
    52 0001:0000953B    53 0001:00009547    54 0001:00009551    56 0001:0000955F
    61 0001:00009595

Bound resource files

fmMonitorNFeEntradaSefaz.dfm
monitorNfe.res
monitorNfe.drf


Program entry point at 0001:0000942C
