
 Start         Length     Name                   Class
 0001:00000000 0000C35CH .text                   CODE
 0002:00000000 00000034H .data                   DATA
 0002:00000034 00000055H .bss                    BSS


Detailed map of segments

 0001:00000000 000000B6 C=CODE     S=.text    G=(none)   M=System   ACBP=A9
 0001:000000B8 00000090 C=CODE     S=.text    G=(none)   M=SysInit  ACBP=A9
 0001:00000148 00000038 C=CODE     S=.text    G=(none)   M=ShellAPI ACBP=A9
 0001:00000180 00000038 C=CODE     S=.text    G=(none)   M=Windows  ACBP=A9
 0001:000001B8 0000000E C=CODE     S=.text    G=(none)   M=Types    ACBP=A9
 0001:000001C8 0000000E C=CODE     S=.text    G=(none)   M=ctconstantes ACBP=A9
 0001:000001D8 00000038 C=CODE     S=.text    G=(none)   M=Messages ACBP=A9
 0001:00000210 00000046 C=CODE     S=.text    G=(none)   M=Classes  ACBP=A9
 0001:00000258 0000000E C=CODE     S=.text    G=(none)   M=ActiveX  ACBP=A9
 0001:00000268 0000000E C=CODE     S=.text    G=(none)   M=TypInfo  ACBP=A9
 0001:00000278 00000046 C=CODE     S=.text    G=(none)   M=SysUtils ACBP=A9
 0001:000002C0 0000000E C=CODE     S=.text    G=(none)   M=SysConst ACBP=A9
 0001:000002D0 0000000E C=CODE     S=.text    G=(none)   M=Variants ACBP=A9
 0001:000002E0 0000000E C=CODE     S=.text    G=(none)   M=VarUtils ACBP=A9
 0001:000002F0 0000000E C=CODE     S=.text    G=(none)   M=RTLConsts ACBP=A9
 0001:00000300 0000000E C=CODE     S=.text    G=(none)   M=clusuario ACBP=A9
 0001:00000310 0000000E C=CODE     S=.text    G=(none)   M=cpdatabase ACBP=A9
 0001:00000320 0000000E C=CODE     S=.text    G=(none)   M=ZPgSqlCon ACBP=A9
 0001:00000330 0000000E C=CODE     S=.text    G=(none)   M=ZConnect ACBP=A9
 0001:00000340 0000000E C=CODE     S=.text    G=(none)   M=ZToken   ACBP=A9
 0001:00000350 0000000E C=CODE     S=.text    G=(none)   M=ZDirSql  ACBP=A9
 0001:00000360 0000004E C=CODE     S=.text    G=(none)   M=DB       ACBP=A9
 0001:000003B0 0000000E C=CODE     S=.text    G=(none)   M=FMTBcd   ACBP=A9
 0001:000003C0 0000000E C=CODE     S=.text    G=(none)   M=Math     ACBP=A9
 0001:000003D0 0000000E C=CODE     S=.text    G=(none)   M=DBConsts ACBP=A9
 0001:000003E0 0000000E C=CODE     S=.text    G=(none)   M=SqlTimSt ACBP=A9
 0001:000003F0 00000026 C=CODE     S=.text    G=(none)   M=DateUtils ACBP=A9
 0001:00000418 0000000E C=CODE     S=.text    G=(none)   M=MaskUtils ACBP=A9
 0001:00000428 0000000E C=CODE     S=.text    G=(none)   M=ComObj   ACBP=A9
 0001:00000438 0000000E C=CODE     S=.text    G=(none)   M=ComConst ACBP=A9
 0001:00000448 0000000E C=CODE     S=.text    G=(none)   M=ZSqlTypes ACBP=A9
 0001:00000458 0000000E C=CODE     S=.text    G=(none)   M=ZDBaseConst ACBP=A9
 0001:00000468 0000000E C=CODE     S=.text    G=(none)   M=ZExtra   ACBP=A9
 0001:00000478 0000000E C=CODE     S=.text    G=(none)   M=ZSqlExtra ACBP=A9
 0001:00000488 0000000E C=CODE     S=.text    G=(none)   M=ZConvert ACBP=A9
 0001:00000498 000000F6 C=CODE     S=.text    G=(none)   M=Controls ACBP=A9
 0001:00000590 0000000E C=CODE     S=.text    G=(none)   M=ActnList ACBP=A9
 0001:000005A0 0000000E C=CODE     S=.text    G=(none)   M=Contnrs  ACBP=A9
 0001:000005B0 0000000E C=CODE     S=.text    G=(none)   M=ImgList  ACBP=A9
 0001:000005C0 00000038 C=CODE     S=.text    G=(none)   M=CommCtrl ACBP=A9
 0001:000005F8 0000001E C=CODE     S=.text    G=(none)   M=Graphics ACBP=A9
 0001:00000618 0000000E C=CODE     S=.text    G=(none)   M=Consts   ACBP=A9
 0001:00000628 0000014E C=CODE     S=.text    G=(none)   M=Forms    ACBP=A9
 0001:00000778 0000000E C=CODE     S=.text    G=(none)   M=HelpIntfs ACBP=A9
 0001:00000788 0000000E C=CODE     S=.text    G=(none)   M=MultiMon ACBP=A9
 0001:00000798 00000038 C=CODE     S=.text    G=(none)   M=Imm      ACBP=A9
 0001:000007D0 0000000E C=CODE     S=.text    G=(none)   M=Menus    ACBP=A9
 0001:000007E0 0000000E C=CODE     S=.text    G=(none)   M=Themes   ACBP=A9
 0001:000007F0 0000000E C=CODE     S=.text    G=(none)   M=UxTheme  ACBP=A9
 0001:00000800 0000000E C=CODE     S=.text    G=(none)   M=SyncObjs ACBP=A9
 0001:00000810 0000000E C=CODE     S=.text    G=(none)   M=ComCtrls ACBP=A9
 0001:00000820 00000038 C=CODE     S=.text    G=(none)   M=ShlObj   ACBP=A9
 0001:00000858 00000038 C=CODE     S=.text    G=(none)   M=UrlMon   ACBP=A9
 0001:00000890 00000038 C=CODE     S=.text    G=(none)   M=WinInet  ACBP=A9
 0001:000008C8 00000038 C=CODE     S=.text    G=(none)   M=RegStr   ACBP=A9
 0001:00000900 0000000E C=CODE     S=.text    G=(none)   M=ListActns ACBP=A9
 0001:00000910 00000016 C=CODE     S=.text    G=(none)   M=ExtCtrls ACBP=A9
 0001:00000928 0000000E C=CODE     S=.text    G=(none)   M=StdCtrls ACBP=A9
 0001:00000938 0000000E C=CODE     S=.text    G=(none)   M=WinHelpViewer ACBP=A9
 0001:00000948 0000000E C=CODE     S=.text    G=(none)   M=StdActns ACBP=A9
 0001:00000958 0000000E C=CODE     S=.text    G=(none)   M=Dialogs  ACBP=A9
 0001:00000968 0000000E C=CODE     S=.text    G=(none)   M=Printers ACBP=A9
 0001:00000978 00000038 C=CODE     S=.text    G=(none)   M=WinSpool ACBP=A9
 0001:000009B0 00000038 C=CODE     S=.text    G=(none)   M=CommDlg  ACBP=A9
 0001:000009E8 00000038 C=CODE     S=.text    G=(none)   M=Dlgs     ACBP=A9
 0001:00000A20 0000000E C=CODE     S=.text    G=(none)   M=StrUtils ACBP=A9
 0001:00000A30 0000000E C=CODE     S=.text    G=(none)   M=Clipbrd  ACBP=A9
 0001:00000A40 0000000E C=CODE     S=.text    G=(none)   M=FlatSB   ACBP=A9
 0001:00000A50 0000000E C=CODE     S=.text    G=(none)   M=ToolWin  ACBP=A9
 0001:00000A60 00000038 C=CODE     S=.text    G=(none)   M=RichEdit ACBP=A9
 0001:00000A98 0000000E C=CODE     S=.text    G=(none)   M=ExtActns ACBP=A9
 0001:00000AA8 0000000E C=CODE     S=.text    G=(none)   M=Registry ACBP=A9
 0001:00000AB8 0000000E C=CODE     S=.text    G=(none)   M=IniFiles ACBP=A9
 0001:00000AC8 0000000E C=CODE     S=.text    G=(none)   M=ExtDlgs  ACBP=A9
 0001:00000AD8 0000000E C=CODE     S=.text    G=(none)   M=Buttons  ACBP=A9
 0001:00000AE8 0000000E C=CODE     S=.text    G=(none)   M=Mapi     ACBP=A9
 0001:00000AF8 0000000E C=CODE     S=.text    G=(none)   M=ComStrs  ACBP=A9
 0001:00000B08 0000000E C=CODE     S=.text    G=(none)   M=ZTransact ACBP=A9
 0001:00000B18 0000000E C=CODE     S=.text    G=(none)   M=ZSqlScanner ACBP=A9
 0001:00000B28 0000000E C=CODE     S=.text    G=(none)   M=ZScanner ACBP=A9
 0001:00000B38 0000000E C=CODE     S=.text    G=(none)   M=ZSqlScript ACBP=A9
 0001:00000B48 00000016 C=CODE     S=.text    G=(none)   M=ZQuery   ACBP=A9
 0001:00000B60 0000000E C=CODE     S=.text    G=(none)   M=DBCommon ACBP=A9
 0001:00000B70 0000000E C=CODE     S=.text    G=(none)   M=ZBlobStream ACBP=A9
 0001:00000B80 0000000E C=CODE     S=.text    G=(none)   M=ZSqlItems ACBP=A9
 0001:00000B90 0000000E C=CODE     S=.text    G=(none)   M=ZList    ACBP=A9
 0001:00000BA0 0000000E C=CODE     S=.text    G=(none)   M=ZUpdateSql ACBP=A9
 0001:00000BB0 0000000E C=CODE     S=.text    G=(none)   M=ZSqlBuffer ACBP=A9
 0001:00000BC0 0000000E C=CODE     S=.text    G=(none)   M=ZParser  ACBP=A9
 0001:00000BD0 0000000E C=CODE     S=.text    G=(none)   M=ZMatch   ACBP=A9
 0001:00000BE0 0000000E C=CODE     S=.text    G=(none)   M=ZCommonConst ACBP=A9
 0001:00000BF0 0000000E C=CODE     S=.text    G=(none)   M=ZSqlParser ACBP=A9
 0001:00000C00 0000000E C=CODE     S=.text    G=(none)   M=DBLogDlg ACBP=A9
 0001:00000C10 0000000E C=CODE     S=.text    G=(none)   M=VDBConsts ACBP=A9
 0001:00000C20 0000000E C=CODE     S=.text    G=(none)   M=ZDirPgSql ACBP=A9
 0001:00000C30 0000000E C=CODE     S=.text    G=(none)   M=ZLibPgSql ACBP=A9
 0001:00000C40 0000000E C=CODE     S=.text    G=(none)   M=cpquery  ACBP=A9
 0001:00000C50 0000000E C=CODE     S=.text    G=(none)   M=constants ACBP=A9
 0001:00000C60 00000016 C=CODE     S=.text    G=(none)   M=ZPgSqlQuery ACBP=A9
 0001:00000C78 0000000E C=CODE     S=.text    G=(none)   M=ZPgSqlTr ACBP=A9
 0001:00000C88 0000000E C=CODE     S=.text    G=(none)   M=cppagecontrol ACBP=A9
 0001:00000C98 0000000E C=CODE     S=.text    G=(none)   M=cpdbtext ACBP=A9
 0001:00000CA8 0000000E C=CODE     S=.text    G=(none)   M=DBCtrls  ACBP=A9
 0001:00000CB8 0000000E C=CODE     S=.text    G=(none)   M=Mask     ACBP=A9
 0001:00000CC8 0000000E C=CODE     S=.text    G=(none)   M=DBPWDlg  ACBP=A9
 0001:00000CD8 0000000E C=CODE     S=.text    G=(none)   M=DBAdvGrid ACBP=A9
 0001:00000CE8 0000000E C=CODE     S=.text    G=(none)   M=BaseGrid ACBP=A9
 0001:00000CF8 0000000E C=CODE     S=.text    G=(none)   M=Grids    ACBP=A9
 0001:00000D08 0000000E C=CODE     S=.text    G=(none)   M=AdvObj   ACBP=A9
 0001:00000D18 0000000E C=CODE     S=.text    G=(none)   M=AdvHintInfo ACBP=A9
 0001:00000D28 0000000E C=CODE     S=.text    G=(none)   M=GDIPicture ACBP=A9
 0001:00000D38 0000000E C=CODE     S=.text    G=(none)   M=AdvGDIP  ACBP=A9
 0001:00000D48 0000000E C=CODE     S=.text    G=(none)   M=AdvXPVS  ACBP=A9
 0001:00000D58 0000000E C=CODE     S=.text    G=(none)   M=AdvUtil  ACBP=A9
 0001:00000D68 0000000E C=CODE     S=.text    G=(none)   M=AdvStyleIF ACBP=A9
 0001:00000D78 0000000E C=CODE     S=.text    G=(none)   M=AsgHTMLE ACBP=A9
 0001:00000D88 0000000E C=CODE     S=.text    G=(none)   M=PictureContainer ACBP=A9
 0001:00000D98 0000000E C=CODE     S=.text    G=(none)   M=AdvGrid  ACBP=A9
 0001:00000DA8 0000000E C=CODE     S=.text    G=(none)   M=asgspin  ACBP=A9
 0001:00000DB8 0000000E C=CODE     S=.text    G=(none)   M=ASGEdit  ACBP=A9
 0001:00000DC8 0000000E C=CODE     S=.text    G=(none)   M=AsgCombo ACBP=A9
 0001:00000DD8 0000000E C=CODE     S=.text    G=(none)   M=asgcheck ACBP=A9
 0001:00000DE8 0000000E C=CODE     S=.text    G=(none)   M=AsgDateTimePicker ACBP=A9
 0001:00000DF8 0000000E C=CODE     S=.text    G=(none)   M=CheckLst ACBP=A9
 0001:00000E08 0000000E C=CODE     S=.text    G=(none)   M=jpeg     ACBP=A9
 0001:00000E18 0000000E C=CODE     S=.text    G=(none)   M=JConsts  ACBP=A9
 0001:00000E28 0000000E C=CODE     S=.text    G=(none)   M=asgdd    ACBP=A9
 0001:00000E38 0000000E C=CODE     S=.text    G=(none)   M=AsgUni   ACBP=A9
 0001:00000E48 0000000E C=CODE     S=.text    G=(none)   M=AdvDateTimePicker ACBP=A9
 0001:00000E58 0000000E C=CODE     S=.text    G=(none)   M=AdvDropDown ACBP=A9
 0001:00000E68 0000000E C=CODE     S=.text    G=(none)   M=ATXPVS   ACBP=A9
 0001:00000E78 0000000E C=CODE     S=.text    G=(none)   M=AdvTrackBarDropDown ACBP=A9
 0001:00000E88 0000000E C=CODE     S=.text    G=(none)   M=AdvMemoDropDown ACBP=A9
 0001:00000E98 0000000E C=CODE     S=.text    G=(none)   M=AdvCalculatorDropdown ACBP=A9
 0001:00000EA8 0000000E C=CODE     S=.text    G=(none)   M=AdvTimePickerDropDown ACBP=A9
 0001:00000EB8 0000000E C=CODE     S=.text    G=(none)   M=AdvDetailDropDown ACBP=A9
 0001:00000EC8 0000000E C=CODE     S=.text    G=(none)   M=AdvMultiColumnDropDown ACBP=A9
 0001:00000ED8 0000000E C=CODE     S=.text    G=(none)   M=AdvColorPickerDropDown ACBP=A9
 0001:00000EE8 0000000E C=CODE     S=.text    G=(none)   M=AdvImagePickerDropDown ACBP=A9
 0001:00000EF8 0000000E C=CODE     S=.text    G=(none)   M=AdvCustomGridDropDown ACBP=A9
 0001:00000F08 0000000E C=CODE     S=.text    G=(none)   M=DBTables ACBP=A9
 0001:00000F18 0000000E C=CODE     S=.text    G=(none)   M=SMINTF   ACBP=A9
 0001:00000F28 0000000E C=CODE     S=.text    G=(none)   M=BDE      ACBP=A9
 0001:00000F38 0000000E C=CODE     S=.text    G=(none)   M=bdeconst ACBP=A9
 0001:00000F48 0000000E C=CODE     S=.text    G=(none)   M=DBClient ACBP=A9
 0001:00000F58 0000000E C=CODE     S=.text    G=(none)   M=Midas    ACBP=A9
 0001:00000F68 0000000E C=CODE     S=.text    G=(none)   M=DSIntf   ACBP=A9
 0001:00000F78 0000000E C=CODE     S=.text    G=(none)   M=MidConst ACBP=A9
 0001:00000F88 0000000E C=CODE     S=.text    G=(none)   M=Provider ACBP=A9
 0001:00000F98 0000000E C=CODE     S=.text    G=(none)   M=DataBkr  ACBP=A9
 0001:00000FA8 0000000E C=CODE     S=.text    G=(none)   M=AdvPageControl ACBP=A9
 0001:00000FB8 0000000E C=CODE     S=.text    G=(none)   M=Jsons    ACBP=A9
 0001:00000FC8 0000000E C=CODE     S=.text    G=(none)   M=JsonsUtilsEx ACBP=A9
 0001:00000FD8 00000016 C=CODE     S=.text    G=(none)   M=biblio   ACBP=A9
 0001:00000FF0 00000038 C=CODE     S=.text    G=(none)   M=TlHelp32 ACBP=A9
 0001:00001028 0000000E C=CODE     S=.text    G=(none)   M=IdGlobalProtocols ACBP=A9
 0001:00001038 0000000E C=CODE     S=.text    G=(none)   M=IdException ACBP=A9
 0001:00001048 0000000E C=CODE     S=.text    G=(none)   M=IdGlobal ACBP=A9
 0001:00001058 0000000E C=CODE     S=.text    G=(none)   M=IdStreamVCL ACBP=A9
 0001:00001068 0000000E C=CODE     S=.text    G=(none)   M=IdStream ACBP=A9
 0001:00001078 0000000E C=CODE     S=.text    G=(none)   M=IdResourceStrings ACBP=A9
 0001:00001088 0000000E C=CODE     S=.text    G=(none)   M=IdBaseComponent ACBP=A9
 0001:00001098 0000000E C=CODE     S=.text    G=(none)   M=IdCharsets ACBP=A9
 0001:000010A8 0000000E C=CODE     S=.text    G=(none)   M=IdStack  ACBP=A9
 0001:000010B8 0000000E C=CODE     S=.text    G=(none)   M=IdStackConsts ACBP=A9
 0001:000010C8 0000000E C=CODE     S=.text    G=(none)   M=IdWinsock2 ACBP=A9
 0001:000010D8 0000000E C=CODE     S=.text    G=(none)   M=IdWship6 ACBP=A9
 0001:000010E8 0000000E C=CODE     S=.text    G=(none)   M=IdStackWindows ACBP=A9
 0001:000010F8 0000000E C=CODE     S=.text    G=(none)   M=IdStackBSDBase ACBP=A9
 0001:00001108 0000000E C=CODE     S=.text    G=(none)   M=IdIDN    ACBP=A9
 0001:00001118 0000000E C=CODE     S=.text    G=(none)   M=IdResourceStringsProtocols ACBP=A9
 0001:00001128 0000000E C=CODE     S=.text    G=(none)   M=IdResourceStringsCore ACBP=A9
 0001:00001138 0000000E C=CODE     S=.text    G=(none)   M=IdAssignedNumbers ACBP=A9
 0001:00001148 0000000E C=CODE     S=.text    G=(none)   M=IdIPAddress ACBP=A9
 0001:00001158 00000026 C=CODE     S=.text    G=(none)   M=DBGrids  ACBP=A9
 0001:00001180 0000000E C=CODE     S=.text    G=(none)   M=IdPOP3   ACBP=A9
 0001:00001190 0000000E C=CODE     S=.text    G=(none)   M=IdComponent ACBP=A9
 0001:000011A0 0000000E C=CODE     S=.text    G=(none)   M=IdTCPClient ACBP=A9
 0001:000011B0 0000000E C=CODE     S=.text    G=(none)   M=IdTCPConnection ACBP=A9
 0001:000011C0 0000000E C=CODE     S=.text    G=(none)   M=IdSocketHandle ACBP=A9
 0001:000011D0 0000000E C=CODE     S=.text    G=(none)   M=IdAntiFreezeBase ACBP=A9
 0001:000011E0 0000000E C=CODE     S=.text    G=(none)   M=IdReply  ACBP=A9
 0001:000011F0 0000000E C=CODE     S=.text    G=(none)   M=IdIOHandlerStack ACBP=A9
 0001:00001200 0000000E C=CODE     S=.text    G=(none)   M=IdIOHandler ACBP=A9
 0001:00001210 0000000E C=CODE     S=.text    G=(none)   M=IdIntercept ACBP=A9
 0001:00001220 0000000E C=CODE     S=.text    G=(none)   M=IdBuffer ACBP=A9
 0001:00001230 0000000E C=CODE     S=.text    G=(none)   M=IdExceptionCore ACBP=A9
 0001:00001240 0000000E C=CODE     S=.text    G=(none)   M=IdIOHandlerSocket ACBP=A9
 0001:00001250 0000000E C=CODE     S=.text    G=(none)   M=IdCustomTransparentProxy ACBP=A9
 0001:00001260 0000000E C=CODE     S=.text    G=(none)   M=IdSocks  ACBP=A9
 0001:00001270 0000000E C=CODE     S=.text    G=(none)   M=IdReplyRFC ACBP=A9
 0001:00001280 0000000E C=CODE     S=.text    G=(none)   M=IdUserPassProvider ACBP=A9
 0001:00001290 0000000E C=CODE     S=.text    G=(none)   M=IdSASLCollection ACBP=A9
 0001:000012A0 0000000E C=CODE     S=.text    G=(none)   M=IdSASL   ACBP=A9
 0001:000012B0 0000000E C=CODE     S=.text    G=(none)   M=IdCoder  ACBP=A9
 0001:000012C0 0000000E C=CODE     S=.text    G=(none)   M=IdCoderMIME ACBP=A9
 0001:000012D0 0000000E C=CODE     S=.text    G=(none)   M=IdCoder3to4 ACBP=A9
 0001:000012E0 0000000E C=CODE     S=.text    G=(none)   M=IdMessageClient ACBP=A9
 0001:000012F0 0000000E C=CODE     S=.text    G=(none)   M=IdMessage ACBP=A9
 0001:00001300 0000000E C=CODE     S=.text    G=(none)   M=IdMessageParts ACBP=A9
 0001:00001310 0000000E C=CODE     S=.text    G=(none)   M=IdHeaderList ACBP=A9
 0001:00001320 0000000E C=CODE     S=.text    G=(none)   M=IdCoderHeader ACBP=A9
 0001:00001330 0000000E C=CODE     S=.text    G=(none)   M=IdHeaderCoderBase ACBP=A9
 0001:00001340 0000000E C=CODE     S=.text    G=(none)   M=IdEMailAddress ACBP=A9
 0001:00001350 0000000E C=CODE     S=.text    G=(none)   M=IdAllHeaderCoders ACBP=A9
 0001:00001360 0000000E C=CODE     S=.text    G=(none)   M=IdHeaderCoderIndy ACBP=A9
 0001:00001370 0000000E C=CODE     S=.text    G=(none)   M=IdHeaderCoder2022JP ACBP=A9
 0001:00001380 0000000E C=CODE     S=.text    G=(none)   M=IdHeaderCoderPlain ACBP=A9
 0001:00001390 0000000E C=CODE     S=.text    G=(none)   M=IdMessageCoder ACBP=A9
 0001:000013A0 0000000E C=CODE     S=.text    G=(none)   M=IdAttachment ACBP=A9
 0001:000013B0 0000000E C=CODE     S=.text    G=(none)   M=IdText   ACBP=A9
 0001:000013C0 0000000E C=CODE     S=.text    G=(none)   M=IdAttachmentFile ACBP=A9
 0001:000013D0 0000000E C=CODE     S=.text    G=(none)   M=IdIOHandlerStream ACBP=A9
 0001:000013E0 0000000E C=CODE     S=.text    G=(none)   M=IdExplicitTLSClientServerBase ACBP=A9
 0001:000013F0 0000000E C=CODE     S=.text    G=(none)   M=IdCustomTCPServer ACBP=A9
 0001:00001400 0000000E C=CODE     S=.text    G=(none)   M=IdTask   ACBP=A9
 0001:00001410 0000000E C=CODE     S=.text    G=(none)   M=IdYarn   ACBP=A9
 0001:00001420 0000000E C=CODE     S=.text    G=(none)   M=IdThread ACBP=A9
 0001:00001430 0000000E C=CODE     S=.text    G=(none)   M=IdThreadSafe ACBP=A9
 0001:00001440 0000000E C=CODE     S=.text    G=(none)   M=IdServerIOHandlerStack ACBP=A9
 0001:00001450 0000000E C=CODE     S=.text    G=(none)   M=IdServerIOHandlerSocket ACBP=A9
 0001:00001460 0000000E C=CODE     S=.text    G=(none)   M=IdScheduler ACBP=A9
 0001:00001470 0000000E C=CODE     S=.text    G=(none)   M=IdServerIOHandler ACBP=A9
 0001:00001480 0000000E C=CODE     S=.text    G=(none)   M=IdSchedulerOfThread ACBP=A9
 0001:00001490 0000000E C=CODE     S=.text    G=(none)   M=IdTCPServer ACBP=A9
 0001:000014A0 0000000E C=CODE     S=.text    G=(none)   M=IdContext ACBP=A9
 0001:000014B0 0000000E C=CODE     S=.text    G=(none)   M=IdSchedulerOfThreadDefault ACBP=A9
 0001:000014C0 0000000E C=CODE     S=.text    G=(none)   M=IdGlobalCore ACBP=A9
 0001:000014D0 0000000E C=CODE     S=.text    G=(none)   M=IdCmdTCPServer ACBP=A9
 0001:000014E0 0000000E C=CODE     S=.text    G=(none)   M=IdCommandHandlers ACBP=A9
 0001:000014F0 0000000E C=CODE     S=.text    G=(none)   M=IdSSL    ACBP=A9
 0001:00001500 0000000E C=CODE     S=.text    G=(none)   M=IdTCPStream ACBP=A9
 0001:00001510 0000000E C=CODE     S=.text    G=(none)   M=IdCoderBinHex4 ACBP=A9
 0001:00001520 0000000E C=CODE     S=.text    G=(none)   M=IdMessageCoderXXE ACBP=A9
 0001:00001530 0000000E C=CODE     S=.text    G=(none)   M=IdMessageCoderUUE ACBP=A9
 0001:00001540 0000000E C=CODE     S=.text    G=(none)   M=IdCoderXXE ACBP=A9
 0001:00001550 0000000E C=CODE     S=.text    G=(none)   M=IdCoder00E ACBP=A9
 0001:00001560 0000000E C=CODE     S=.text    G=(none)   M=IdCoderUUE ACBP=A9
 0001:00001570 0000000E C=CODE     S=.text    G=(none)   M=IdMessageCoderMIME ACBP=A9
 0001:00001580 0000000E C=CODE     S=.text    G=(none)   M=IdCoderQuotedPrintable ACBP=A9
 0001:00001590 0000000E C=CODE     S=.text    G=(none)   M=IdMessageCoderQuotedPrintable ACBP=A9
 0001:000015A0 0000000E C=CODE     S=.text    G=(none)   M=IdMessageCoderBinHex4 ACBP=A9
 0001:000015B0 0000000E C=CODE     S=.text    G=(none)   M=IdReplyPOP3 ACBP=A9
 0001:000015C0 0000000E C=CODE     S=.text    G=(none)   M=IdHashMessageDigest ACBP=A9
 0001:000015D0 0000000E C=CODE     S=.text    G=(none)   M=IdHash   ACBP=A9
 0001:000015E0 0000000E C=CODE     S=.text    G=(none)   M=IdFIPS   ACBP=A9
 0001:000015F0 0000000E C=CODE     S=.text    G=(none)   M=clserial ACBP=A9
 0001:00001600 0000000E C=CODE     S=.text    G=(none)   M=fmmensagemsimnaoopcaocancela ACBP=A9
 0001:00001610 0000000E C=CODE     S=.text    G=(none)   M=fmmensagemsimnaoopcaocancelammo ACBP=A9
 0001:00001620 0000000E C=CODE     S=.text    G=(none)   M=fmmensagemsimnaoopcaocancelammoxml ACBP=A9
 0001:00001630 0000000E C=CODE     S=.text    G=(none)   M=AdvMemo  ACBP=A9
 0001:00001640 0000000E C=CODE     S=.text    G=(none)   M=RTFEngine ACBP=A9
 0001:00001650 0000000E C=CODE     S=.text    G=(none)   M=AdvFindDialogForm ACBP=A9
 0001:00001660 0000000E C=CODE     S=.text    G=(none)   M=AdvReplaceDialogForm ACBP=A9
 0001:00001670 0000000E C=CODE     S=.text    G=(none)   M=Advmxml  ACBP=A9
 0001:00001680 0000000E C=CODE     S=.text    G=(none)   M=xmldom   ACBP=A9
 0001:00001690 0000000E C=CODE     S=.text    G=(none)   M=XMLConst ACBP=A9
 0001:000016A0 0000000E C=CODE     S=.text    G=(none)   M=msxmldom ACBP=A9
 0001:000016B0 0000000E C=CODE     S=.text    G=(none)   M=msxml    ACBP=A9
 0001:000016C0 0000000E C=CODE     S=.text    G=(none)   M=XMLIntf  ACBP=A9
 0001:000016D0 0000000E C=CODE     S=.text    G=(none)   M=XMLDoc   ACBP=A9
 0001:000016E0 0000000E C=CODE     S=.text    G=(none)   M=XMLSchema ACBP=A9
 0001:000016F0 0000000E C=CODE     S=.text    G=(none)   M=XMLSchemaTags ACBP=A9
 0001:00001700 0000000E C=CODE     S=.text    G=(none)   M=TreeList ACBP=A9
 0001:00001710 0000000E C=CODE     S=.text    G=(none)   M=Xmlxform ACBP=A9
 0001:00001720 0000000E C=CODE     S=.text    G=(none)   M=xmlutil  ACBP=A9
 0001:00001730 0000000E C=CODE     S=.text    G=(none)   M=ACBrEAD  ACBP=A9
 0001:00001740 0000000E C=CODE     S=.text    G=(none)   M=ACBrConsts ACBP=A9
 0001:00001750 0000000E C=CODE     S=.text    G=(none)   M=ACBrBase ACBP=A9
 0001:00001760 0000000E C=CODE     S=.text    G=(none)   M=ACBrUtil.Strings ACBP=A9
 0001:00001770 0000000E C=CODE     S=.text    G=(none)   M=ACBrUtil.Compatibilidade ACBP=A9
 0001:00001780 0000000E C=CODE     S=.text    G=(none)   M=ACBrUtil.Math ACBP=A9
 0001:00001790 0000000E C=CODE     S=.text    G=(none)   M=synautil ACBP=A9
 0001:000017A0 0000000E C=CODE     S=.text    G=(none)   M=synafpc  ACBP=A9
 0001:000017B0 0000000E C=CODE     S=.text    G=(none)   M=synacode ACBP=A9
 0001:000017C0 0000000E C=CODE     S=.text    G=(none)   M=ACBrUtil.FilesIO ACBP=A9
 0001:000017D0 0000000E C=CODE     S=.text    G=(none)   M=ACBrCompress ACBP=A9
 0001:000017E0 0000000E C=CODE     S=.text    G=(none)   M=ACBrZLibExGZ ACBP=A9
 0001:000017F0 0000000E C=CODE     S=.text    G=(none)   M=ACBrZLibEx ACBP=A9
 0001:00001800 0000000E C=CODE     S=.text    G=(none)   M=ACBrZLibExApi ACBP=A9
 0001:00001810 0000000E C=CODE     S=.text    G=(none)   M=ZLib     ACBP=A9
 0001:00001820 0000000E C=CODE     S=.text    G=(none)   M=ZLibConst ACBP=A9
 0001:00001830 0000000E C=CODE     S=.text    G=(none)   M=ACBrUtil.Base ACBP=A9
 0001:00001840 0000000E C=CODE     S=.text    G=(none)   M=StrUtilsEx ACBP=A9
 0001:00001850 0000000E C=CODE     S=.text    G=(none)   M=ACBrUtil.DateTime ACBP=A9
 0001:00001860 0000000E C=CODE     S=.text    G=(none)   M=ACBrUtil.XMLHTML ACBP=A9
 0001:00001870 0000000E C=CODE     S=.text    G=(none)   M=OpenSSLExt ACBP=A9
 0001:00001880 0000000E C=CODE     S=.text    G=(none)   M=clparametrossistema ACBP=A9
 0001:00001890 0000000E C=CODE     S=.text    G=(none)   M=fr_class ACBP=A9
 0001:000018A0 0000000E C=CODE     S=.text    G=(none)   M=fr_const ACBP=A9
 0001:000018B0 0000000E C=CODE     S=.text    G=(none)   M=fr_api   ACBP=A9
 0001:000018C0 0000000E C=CODE     S=.text    G=(none)   M=Qt       ACBP=A9
 0001:000018D0 0000000E C=CODE     S=.text    G=(none)   M=BindHelp ACBP=A9
 0001:000018E0 0000000E C=CODE     S=.text    G=(none)   M=fr_dbrel ACBP=A9
 0001:000018F0 0000000E C=CODE     S=.text    G=(none)   M=fr_dbset ACBP=A9
 0001:00001900 0000000E C=CODE     S=.text    G=(none)   M=ExcelExport ACBP=A9
 0001:00001910 0000000E C=CODE     S=.text    G=(none)   M=Excel97  ACBP=A9
 0001:00001920 0000000E C=CODE     S=.text    G=(none)   M=VBIDE97  ACBP=A9
 0001:00001930 0000000E C=CODE     S=.text    G=(none)   M=StdVCL   ACBP=A9
 0001:00001940 0000000E C=CODE     S=.text    G=(none)   M=OleServer ACBP=A9
 0001:00001950 0000000E C=CODE     S=.text    G=(none)   M=OleConst ACBP=A9
 0001:00001960 0000000E C=CODE     S=.text    G=(none)   M=Office97 ACBP=A9
 0001:00001970 0000000E C=CODE     S=.text    G=(none)   M=QForms   ACBP=A9
 0001:00001980 0000000E C=CODE     S=.text    G=(none)   M=QStyle   ACBP=A9
 0001:00001990 0000000E C=CODE     S=.text    G=(none)   M=QGraphics ACBP=A9
 0001:000019A0 0000000E C=CODE     S=.text    G=(none)   M=QTypes   ACBP=A9
 0001:000019B0 0000000E C=CODE     S=.text    G=(none)   M=QConsts  ACBP=A9
 0001:000019C0 0000000E C=CODE     S=.text    G=(none)   M=QActnList ACBP=A9
 0001:000019D0 0000000E C=CODE     S=.text    G=(none)   M=QImgList ACBP=A9
 0001:000019E0 0000000E C=CODE     S=.text    G=(none)   M=QControls ACBP=A9
 0001:000019F0 0000000E C=CODE     S=.text    G=(none)   M=QMenus   ACBP=A9
 0001:00001A00 0000000E C=CODE     S=.text    G=(none)   M=QExtCtrls ACBP=A9
 0001:00001A10 0000000E C=CODE     S=.text    G=(none)   M=QStdCtrls ACBP=A9
 0001:00001A20 0000000E C=CODE     S=.text    G=(none)   M=QClipbrd ACBP=A9
 0001:00001A30 0000000E C=CODE     S=.text    G=(none)   M=QStdActns ACBP=A9
 0001:00001A40 0000000E C=CODE     S=.text    G=(none)   M=QSearch  ACBP=A9
 0001:00001A50 0000000E C=CODE     S=.text    G=(none)   M=QDialogs ACBP=A9
 0001:00001A60 0000000E C=CODE     S=.text    G=(none)   M=QFileDialog ACBP=A9
 0001:00001A70 0000000E C=CODE     S=.text    G=(none)   M=QFileCtrls ACBP=A9
 0001:00001A80 0000000E C=CODE     S=.text    G=(none)   M=QComCtrls ACBP=A9
 0001:00001A90 0000000E C=CODE     S=.text    G=(none)   M=QButtons ACBP=A9
 0001:00001AA0 0000000E C=CODE     S=.text    G=(none)   M=fr_dset  ACBP=A9
 0001:00001AB0 0000000E C=CODE     S=.text    G=(none)   M=fr_intrp ACBP=A9
 0001:00001AC0 0000000E C=CODE     S=.text    G=(none)   M=fr_pars  ACBP=A9
 0001:00001AD0 0000000E C=CODE     S=.text    G=(none)   M=fr_view  ACBP=A9
 0001:00001AE0 0000000E C=CODE     S=.text    G=(none)   M=fr_dock  ACBP=A9
 0001:00001AF0 0000000E C=CODE     S=.text    G=(none)   M=fr_ctrls ACBP=A9
 0001:00001B00 0000000E C=CODE     S=.text    G=(none)   M=fr_utils ACBP=A9
 0001:00001B10 0000000E C=CODE     S=.text    G=(none)   M=QPrinters ACBP=A9
 0001:00001B20 0000000E C=CODE     S=.text    G=(none)   M=fr_progr ACBP=A9
 0001:00001B30 0000000E C=CODE     S=.text    G=(none)   M=fr_prntr ACBP=A9
 0001:00001B40 0000000E C=CODE     S=.text    G=(none)   M=fr_prdlg ACBP=A9
 0001:00001B50 0000000E C=CODE     S=.text    G=(none)   M=fr_passw ACBP=A9
 0001:00001B60 0000000E C=CODE     S=.text    G=(none)   M=QMask    ACBP=A9
 0001:00001B70 0000000E C=CODE     S=.text    G=(none)   M=fr_fmted ACBP=A9
 0001:00001B80 0000000E C=CODE     S=.text    G=(none)   M=IdHTTP   ACBP=A9
 0001:00001B90 0000000E C=CODE     S=.text    G=(none)   M=IdUriUtils ACBP=A9
 0001:00001BA0 0000000E C=CODE     S=.text    G=(none)   M=IdResourceStringsUriUtils ACBP=A9
 0001:00001BB0 0000000E C=CODE     S=.text    G=(none)   M=IdMultipartFormData ACBP=A9
 0001:00001BC0 0000000E C=CODE     S=.text    G=(none)   M=IdAuthenticationManager ACBP=A9
 0001:00001BD0 0000000E C=CODE     S=.text    G=(none)   M=IdURI    ACBP=A9
 0001:00001BE0 0000000E C=CODE     S=.text    G=(none)   M=IdAuthentication ACBP=A9
 0001:00001BF0 0000000E C=CODE     S=.text    G=(none)   M=IdCookieManager ACBP=A9
 0001:00001C00 0000000E C=CODE     S=.text    G=(none)   M=IdCookie ACBP=A9
 0001:00001C10 0000000E C=CODE     S=.text    G=(none)   M=IdZLibCompressorBase ACBP=A9
 0001:00001C20 0000000E C=CODE     S=.text    G=(none)   M=IdHTTPHeaderInfo ACBP=A9
 0001:00001C30 0000000E C=CODE     S=.text    G=(none)   M=IdAllAuthentications ACBP=A9
 0001:00001C40 0000000E C=CODE     S=.text    G=(none)   M=IdAuthenticationDigest ACBP=A9
 0001:00001C50 0000000E C=CODE     S=.text    G=(none)   M=IdAuthenticationSSPI ACBP=A9
 0001:00001C60 0000000E C=CODE     S=.text    G=(none)   M=IdSSPI   ACBP=A9
 0001:00001C70 0000000E C=CODE     S=.text    G=(none)   M=IdResourceStringsSSPI ACBP=A9
 0001:00001C80 0000000E C=CODE     S=.text    G=(none)   M=IdAuthenticationNTLM ACBP=A9
 0001:00001C90 0000000E C=CODE     S=.text    G=(none)   M=IdNTLM   ACBP=A9
 0001:00001CA0 0000000E C=CODE     S=.text    G=(none)   M=IdStruct ACBP=A9
 0001:00001CB0 0000000E C=CODE     S=.text    G=(none)   M=IdSSLOpenSSLHeaders ACBP=A9
 0001:00001CC0 0000000E C=CODE     S=.text    G=(none)   M=IdCTypes ACBP=A9
 0001:00001CD0 0000000E C=CODE     S=.text    G=(none)   M=IdResourceStringsOpenSSL ACBP=A9
 0001:00001CE0 0000000E C=CODE     S=.text    G=(none)   M=IdSSLOpenSSL ACBP=A9
 0001:00001CF0 0000000E C=CODE     S=.text    G=(none)   M=pngimage ACBP=A9
 0001:00001D00 0000000E C=CODE     S=.text    G=(none)   M=zlibpas  ACBP=A9
 0001:00001D10 0000000E C=CODE     S=.text    G=(none)   M=pnglang  ACBP=A9
 0001:00001D20 0000000E C=CODE     S=.text    G=(none)   M=fmprocessando ACBP=A9
 0001:00001D30 0000000E C=CODE     S=.text    G=(none)   M=IdSMTP   ACBP=A9
 0001:00001D40 0000000E C=CODE     S=.text    G=(none)   M=IdSMTPBase ACBP=A9
 0001:00001D50 0000000E C=CODE     S=.text    G=(none)   M=IdReplySMTP ACBP=A9
 0001:00001D60 0000000E C=CODE     S=.text    G=(none)   M=cpdatasource ACBP=A9
 0001:00001D70 0000000E C=CODE     S=.text    G=(none)   M=AdvPicture ACBP=A9
 0001:00001D80 0000000E C=CODE     S=.text    G=(none)   M=ACBrDelphiZXingQRCode ACBP=A9
 0001:00001D90 0000000E C=CODE     S=.text    G=(none)   M=pcteConversaoCTe ACBP=A9
 0001:00001DA0 0000000E C=CODE     S=.text    G=(none)   M=pcnConversao ACBP=A9
 0001:00001DB0 0000000E C=CODE     S=.text    G=(none)   M=ACBrDFe.Conversao ACBP=A9
 0001:00001DC0 0000000E C=CODE     S=.text    G=(none)   M=MPlayer  ACBP=A9
 0001:00001DD0 00000038 C=CODE     S=.text    G=(none)   M=MMSystem ACBP=A9
 0001:00001E08 0000000E C=CODE     S=.text    G=(none)   M=uS3Storage ACBP=A9
 0001:00001E18 0000000E C=CODE     S=.text    G=(none)   M=blcksock ACBP=A9
 0001:00001E28 0000000E C=CODE     S=.text    G=(none)   M=synsock  ACBP=A9
 0001:00001E38 0000000E C=CODE     S=.text    G=(none)   M=synaip   ACBP=A9
 0001:00001E48 0000000E C=CODE     S=.text    G=(none)   M=httpsend ACBP=A9
 0001:00001E58 0000000E C=CODE     S=.text    G=(none)   M=ssl_openssl ACBP=A9
 0001:00001E68 0000000E C=CODE     S=.text    G=(none)   M=ssl_openssl_lib ACBP=A9
 0001:00001E78 0000000E C=CODE     S=.text    G=(none)   M=ACBrBarCode ACBP=A9
 0001:00001E88 0000000E C=CODE     S=.text    G=(none)   M=AJBarcode ACBP=A9
 0001:00001E98 0000000E C=CODE     S=.text    G=(none)   M=IdMessageBuilder ACBP=A9
 0001:00001EA8 0000000E C=CODE     S=.text    G=(none)   M=IdAttachmentMemory ACBP=A9
 0001:00001EB8 0000000E C=CODE     S=.text    G=(none)   M=ACBrTEFDClass ACBP=A9
 0001:00001EC8 0000000E C=CODE     S=.text    G=(none)   M=ACBrTEFComum ACBP=A9
 0001:00001ED8 0000000E C=CODE     S=.text    G=(none)   M=ACBrTEFD ACBP=A9
 0001:00001EE8 0000000E C=CODE     S=.text    G=(none)   M=ACBrTEFDPayGo ACBP=A9
 0001:00001EF8 0000000E C=CODE     S=.text    G=(none)   M=ACBrTEFDPayGoWeb ACBP=A9
 0001:00001F08 0000000E C=CODE     S=.text    G=(none)   M=ACBrTEFPayGoWebComum ACBP=A9
 0001:00001F18 0000000E C=CODE     S=.text    G=(none)   M=ACBrTEFPayGoComum ACBP=A9
 0001:00001F28 0000000E C=CODE     S=.text    G=(none)   M=ACBrTEFPayGoRedes ACBP=A9
 0001:00001F38 0000000E C=CODE     S=.text    G=(none)   M=ACBrValidador ACBP=A9
 0001:00001F48 0000000E C=CODE     S=.text    G=(none)   M=ACBrTEFDAuttar ACBP=A9
 0001:00001F58 0000000E C=CODE     S=.text    G=(none)   M=ACBrTEFDDial ACBP=A9
 0001:00001F68 0000000E C=CODE     S=.text    G=(none)   M=ACBrTEFDDisc ACBP=A9
 0001:00001F78 0000000E C=CODE     S=.text    G=(none)   M=ACBrTEFDHiper ACBP=A9
 0001:00001F88 0000000E C=CODE     S=.text    G=(none)   M=ACBrTEFDCliSiTef ACBP=A9
 0001:00001F98 0000000E C=CODE     S=.text    G=(none)   M=ACBrTEFCliSiTefComum ACBP=A9
 0001:00001FA8 0000000E C=CODE     S=.text    G=(none)   M=ACBrTEFDGpu ACBP=A9
 0001:00001FB8 0000000E C=CODE     S=.text    G=(none)   M=ACBrTEFDVeSPague ACBP=A9
 0001:00001FC8 0000000E C=CODE     S=.text    G=(none)   M=ACBrTEFDBanese ACBP=A9
 0001:00001FD8 0000000E C=CODE     S=.text    G=(none)   M=ACBrTEFDGoodCard ACBP=A9
 0001:00001FE8 0000000E C=CODE     S=.text    G=(none)   M=ACBrTEFDFoxWin ACBP=A9
 0001:00001FF8 0000000E C=CODE     S=.text    G=(none)   M=ACBrTEFDCliDTEF ACBP=A9
 0001:00002008 0000000E C=CODE     S=.text    G=(none)   M=ACBrTEFDPetroCard ACBP=A9
 0001:00002018 0000000E C=CODE     S=.text    G=(none)   M=ACBrTEFDCrediShop ACBP=A9
 0001:00002028 0000000E C=CODE     S=.text    G=(none)   M=ACBrTEFDTicketCar ACBP=A9
 0001:00002038 0000000E C=CODE     S=.text    G=(none)   M=ACBrTEFDConvCard ACBP=A9
 0001:00002048 0000000E C=CODE     S=.text    G=(none)   M=ACBrTEFDCappta ACBP=A9
 0001:00002058 0000000E C=CODE     S=.text    G=(none)   M=ACBrTEFDCliSiTefModular ACBP=A9
 0001:00002068 0000000E C=CODE     S=.text    G=(none)   M=ACBrTEFDDirecao ACBP=A9
 0001:00002078 0000000E C=CODE     S=.text    G=(none)   M=WebPGraphic ACBP=A9
 0001:00002088 0000000E C=CODE     S=.text    G=(none)   M=cpdbgrid ACBP=A9
 0001:00002098 0000000E C=CODE     S=.text    G=(none)   M=fmVisualizacaoCampos ACBP=A9
 0001:000020A8 0000000E C=CODE     S=.text    G=(none)   M=AdvCGrid ACBP=A9
 0001:000020B8 0000000E C=CODE     S=.text    G=(none)   M=fmajudabt ACBP=A9
 0001:000020C8 0000000E C=CODE     S=.text    G=(none)   M=fmnavcontroles ACBP=A9
 0001:000020D8 0000000E C=CODE     S=.text    G=(none)   M=cpdbfindcontrols ACBP=A9
 0001:000020E8 0000004E C=CODE     S=.text    G=(none)   M=fmajuda  ACBP=A9
 0001:00002138 0000000E C=CODE     S=.text    G=(none)   M=fmhelpviewer ACBP=A9
 0001:00002148 00000026 C=CODE     S=.text    G=(none)   M=dmbasico ACBP=A9
 0001:00002170 0000000E C=CODE     S=.text    G=(none)   M=cttef    ACBP=A9
 0001:00002180 0000000E C=CODE     S=.text    G=(none)   M=cptransact ACBP=A9
 0001:00002190 0000000E C=CODE     S=.text    G=(none)   M=dmtecsoft ACBP=A9
 0001:000021A0 0000000E C=CODE     S=.text    G=(none)   M=fmlogin  ACBP=A9
 0001:000021B0 00000026 C=CODE     S=.text    G=(none)   M=fmsplash ACBP=A9
 0001:000021D8 0000000E C=CODE     S=.text    G=(none)   M=fmrenovarsenha ACBP=A9
 0001:000021E8 0000000E C=CODE     S=.text    G=(none)   M=dmsenhaautorizacao ACBP=A9
 0001:000021F8 0000000E C=CODE     S=.text    G=(none)   M=fmautorizacao ACBP=A9
 0001:00002208 0000000E C=CODE     S=.text    G=(none)   M=fmloginbasico ACBP=A9
 0001:00002218 0000000E C=CODE     S=.text    G=(none)   M=fmsenhaautorizacao ACBP=A9
 0001:00002228 0000000E C=CODE     S=.text    G=(none)   M=cpnumero ACBP=A9
 0001:00002238 0000000E C=CODE     S=.text    G=(none)   M=clfinanceira ACBP=A9
 0001:00002248 0000000E C=CODE     S=.text    G=(none)   M=frxClass ACBP=A9
 0001:00002258 0000000E C=CODE     S=.text    G=(none)   M=frxVariables ACBP=A9
 0001:00002268 0000000E C=CODE     S=.text    G=(none)   M=frxXML   ACBP=A9
 0001:00002278 0000000E C=CODE     S=.text    G=(none)   M=frxXMLSerializer ACBP=A9
 0001:00002288 0000000E C=CODE     S=.text    G=(none)   M=frxProgress ACBP=A9
 0001:00002298 0000000E C=CODE     S=.text    G=(none)   M=frxRes   ACBP=A9
 0001:000022A8 0000000E C=CODE     S=.text    G=(none)   M=frxUtils ACBP=A9
 0001:000022B8 0000000E C=CODE     S=.text    G=(none)   M=fs_iinterpreter ACBP=A9
 0001:000022C8 0000000E C=CODE     S=.text    G=(none)   M=fs_xml   ACBP=A9
 0001:000022D8 0000000E C=CODE     S=.text    G=(none)   M=fs_isysrtti ACBP=A9
 0001:000022E8 0000000E C=CODE     S=.text    G=(none)   M=fs_itools ACBP=A9
 0001:000022F8 0000000E C=CODE     S=.text    G=(none)   M=fs_iparser ACBP=A9
 0001:00002308 0000000E C=CODE     S=.text    G=(none)   M=fs_iconst ACBP=A9
 0001:00002318 0000000E C=CODE     S=.text    G=(none)   M=fs_iexpression ACBP=A9
 0001:00002328 0000000E C=CODE     S=.text    G=(none)   M=fs_iilparser ACBP=A9
 0001:00002338 0000000E C=CODE     S=.text    G=(none)   M=fs_idisp ACBP=A9
 0001:00002348 0000000E C=CODE     S=.text    G=(none)   M=frxUnicodeUtils ACBP=A9
 0001:00002358 0000000E C=CODE     S=.text    G=(none)   M=frxEngine ACBP=A9
 0001:00002368 0000000E C=CODE     S=.text    G=(none)   M=frxAggregate ACBP=A9
 0001:00002378 0000000E C=CODE     S=.text    G=(none)   M=frxDMPClass ACBP=A9
 0001:00002388 0000000E C=CODE     S=.text    G=(none)   M=frxDsgnIntf ACBP=A9
 0001:00002398 0000000E C=CODE     S=.text    G=(none)   M=frxPreviewPages ACBP=A9
 0001:000023A8 0000000E C=CODE     S=.text    G=(none)   M=frxPictureCache ACBP=A9
 0001:000023B8 0000000E C=CODE     S=.text    G=(none)   M=frxPreview ACBP=A9
 0001:000023C8 0000000E C=CODE     S=.text    G=(none)   M=frxCtrls ACBP=A9
 0001:000023D8 0000000E C=CODE     S=.text    G=(none)   M=frxPrinter ACBP=A9
 0001:000023E8 0000000E C=CODE     S=.text    G=(none)   M=frxDock  ACBP=A9
 0001:000023F8 0000000E C=CODE     S=.text    G=(none)   M=frxSearchDialog ACBP=A9
 0001:00002408 0000000E C=CODE     S=.text    G=(none)   M=frxPreviewPageSettings ACBP=A9
 0001:00002418 0000000E C=CODE     S=.text    G=(none)   M=frxPrintDialog ACBP=A9
 0001:00002428 0000000E C=CODE     S=.text    G=(none)   M=frxPassw ACBP=A9
 0001:00002438 0000000E C=CODE     S=.text    G=(none)   M=frxGraphicUtils ACBP=A9
 0001:00002448 0000000E C=CODE     S=.text    G=(none)   M=frxDialogForm ACBP=A9
 0001:00002458 0000000E C=CODE     S=.text    G=(none)   M=frxrcClass ACBP=A9
 0001:00002468 0000000E C=CODE     S=.text    G=(none)   M=frxClassRTTI ACBP=A9
 0001:00002478 0000000E C=CODE     S=.text    G=(none)   M=fs_iformsrtti ACBP=A9
 0001:00002488 0000000E C=CODE     S=.text    G=(none)   M=fs_ievents ACBP=A9
 0001:00002498 0000000E C=CODE     S=.text    G=(none)   M=fs_iclassesrtti ACBP=A9
 0001:000024A8 0000000E C=CODE     S=.text    G=(none)   M=fs_igraphicsrtti ACBP=A9
 0001:000024B8 0000000E C=CODE     S=.text    G=(none)   M=frxInheritError ACBP=A9
 0001:000024C8 0000000E C=CODE     S=.text    G=(none)   M=fs_ipascal ACBP=A9
 0001:000024D8 0000000E C=CODE     S=.text    G=(none)   M=fs_icpp  ACBP=A9
 0001:000024E8 0000000E C=CODE     S=.text    G=(none)   M=fs_ibasic ACBP=A9
 0001:000024F8 0000000E C=CODE     S=.text    G=(none)   M=fs_ijs   ACBP=A9
 0001:00002508 0000000E C=CODE     S=.text    G=(none)   M=fs_idialogsrtti ACBP=A9
 0001:00002518 0000000E C=CODE     S=.text    G=(none)   M=fs_iinirtti ACBP=A9
 0001:00002528 0000000E C=CODE     S=.text    G=(none)   M=frxChm   ACBP=A9
 0001:00002538 0000000E C=CODE     S=.text    G=(none)   M=frxGZip  ACBP=A9
 0001:00002548 0000000E C=CODE     S=.text    G=(none)   M=frxZLib  ACBP=A9
 0001:00002558 00000026 C=CODE     S=.text    G=(none)   M=clnfe    ACBP=A9
 0001:00002580 0000000E C=CODE     S=.text    G=(none)   M=fmmensagemgridnfe ACBP=A9
 0001:00002590 0000000E C=CODE     S=.text    G=(none)   M=cptexto  ACBP=A9
 0001:000025A0 0000000E C=CODE     S=.text    G=(none)   M=ACBrNFSe ACBP=A9
 0001:000025B0 0000000E C=CODE     S=.text    G=(none)   M=ACBrDFe  ACBP=A9
 0001:000025C0 0000000E C=CODE     S=.text    G=(none)   M=ACBrDFeConfiguracoes ACBP=A9
 0001:000025D0 0000000E C=CODE     S=.text    G=(none)   M=pcnAuxiliar ACBP=A9
 0001:000025E0 0000000E C=CODE     S=.text    G=(none)   M=ACBrDFeSSL ACBP=A9
 0001:000025F0 0000000E C=CODE     S=.text    G=(none)   M=ACBrDFeUtil ACBP=A9
 0001:00002600 0000000E C=CODE     S=.text    G=(none)   M=ACBrIBGE ACBP=A9
 0001:00002610 0000000E C=CODE     S=.text    G=(none)   M=ACBrSocket ACBP=A9
 0001:00002620 0000000E C=CODE     S=.text    G=(none)   M=ACBrMail ACBP=A9
 0001:00002630 0000000E C=CODE     S=.text    G=(none)   M=smtpsend ACBP=A9
 0001:00002640 0000000E C=CODE     S=.text    G=(none)   M=mimepart ACBP=A9
 0001:00002650 0000000E C=CODE     S=.text    G=(none)   M=synachar ACBP=A9
 0001:00002660 0000000E C=CODE     S=.text    G=(none)   M=synaicnv ACBP=A9
 0001:00002670 0000000E C=CODE     S=.text    G=(none)   M=mimeinln ACBP=A9
 0001:00002680 0000000E C=CODE     S=.text    G=(none)   M=mimemess ACBP=A9
 0001:00002690 0000000E C=CODE     S=.text    G=(none)   M=ACBrIntegrador ACBP=A9
 0001:000026A0 0000000E C=CODE     S=.text    G=(none)   M=pcnGerador ACBP=A9
 0001:000026B0 0000000E C=CODE     S=.text    G=(none)   M=pcnConsts ACBP=A9
 0001:000026C0 0000000E C=CODE     S=.text    G=(none)   M=pcnLeitor ACBP=A9
 0001:000026D0 0000000E C=CODE     S=.text    G=(none)   M=HtmlUtilsDelphi6 ACBP=A9
 0001:000026E0 0000000E C=CODE     S=.text    G=(none)   M=pcnVFPe  ACBP=A9
 0001:000026F0 0000000E C=CODE     S=.text    G=(none)   M=ACBrIntegradorResposta ACBP=A9
 0001:00002700 0000000E C=CODE     S=.text    G=(none)   M=pcnVFPeW ACBP=A9
 0001:00002710 0000000E C=CODE     S=.text    G=(none)   M=pcnVFPeR ACBP=A9
 0001:00002720 0000000E C=CODE     S=.text    G=(none)   M=ACBrDFeConsts ACBP=A9
 0001:00002730 0000000E C=CODE     S=.text    G=(none)   M=ACBrDFeException ACBP=A9
 0001:00002740 0000000E C=CODE     S=.text    G=(none)   M=ACBrDFeOpenSSL ACBP=A9
 0001:00002750 0000000E C=CODE     S=.text    G=(none)   M=ACBrDFeWinCrypt ACBP=A9
 0001:00002760 0000000E C=CODE     S=.text    G=(none)   M=ACBr_WinCrypt ACBP=A9
 0001:00002770 0000000E C=CODE     S=.text    G=(none)   M=ACBr_BCrypt ACBP=A9
 0001:00002780 00000038 C=CODE     S=.text    G=(none)   M=ACBr_NTStatus ACBP=A9
 0001:000027B8 0000000E C=CODE     S=.text    G=(none)   M=ACBr_NCrypt ACBP=A9
 0001:000027C8 0000000E C=CODE     S=.text    G=(none)   M=ACBrOpenSSLUtils ACBP=A9
 0001:000027D8 0000000E C=CODE     S=.text    G=(none)   M=ACBrDFeHttpOpenSSL ACBP=A9
 0001:000027E8 0000000E C=CODE     S=.text    G=(none)   M=ACBrDFeXsLibXml2 ACBP=A9
 0001:000027F8 0000000E C=CODE     S=.text    G=(none)   M=ACBrLibXml2 ACBP=A9
 0001:00002808 0000000E C=CODE     S=.text    G=(none)   M=ACBrDFeHttpIndy ACBP=A9
 0001:00002818 0000000E C=CODE     S=.text    G=(none)   M=SOAPHTTPClient ACBP=A9
 0001:00002828 0000000E C=CODE     S=.text    G=(none)   M=WebNode  ACBP=A9
 0001:00002838 0000000E C=CODE     S=.text    G=(none)   M=SOAPAttachIntf ACBP=A9
 0001:00002848 0000000E C=CODE     S=.text    G=(none)   M=InvokeRegistry ACBP=A9
 0001:00002858 0000000E C=CODE     S=.text    G=(none)   M=IntfInfo ACBP=A9
 0001:00002868 0000000E C=CODE     S=.text    G=(none)   M=SOAPConst ACBP=A9
 0001:00002878 0000000E C=CODE     S=.text    G=(none)   M=HTTPUtil ACBP=A9
 0001:00002888 0000000E C=CODE     S=.text    G=(none)   M=SOAPHTTPTrans ACBP=A9
 0001:00002898 00000038 C=CODE     S=.text    G=(none)   M=WinSock  ACBP=A9
 0001:000028D0 0000000E C=CODE     S=.text    G=(none)   M=SOAPAttach ACBP=A9
 0001:000028E0 0000000E C=CODE     S=.text    G=(none)   M=WSDLIntf ACBP=A9
 0001:000028F0 0000000E C=CODE     S=.text    G=(none)   M=HTTPApp  ACBP=A9
 0001:00002900 0000000E C=CODE     S=.text    G=(none)   M=Masks    ACBP=A9
 0001:00002910 0000000E C=CODE     S=.text    G=(none)   M=BrkrConst ACBP=A9
 0001:00002920 0000000E C=CODE     S=.text    G=(none)   M=WebConst ACBP=A9
 0001:00002930 0000000E C=CODE     S=.text    G=(none)   M=WSDLNode ACBP=A9
 0001:00002940 0000000E C=CODE     S=.text    G=(none)   M=WSDLItems ACBP=A9
 0001:00002950 0000000E C=CODE     S=.text    G=(none)   M=WSDLBind ACBP=A9
 0001:00002960 0000000E C=CODE     S=.text    G=(none)   M=OPConvert ACBP=A9
 0001:00002970 0000000E C=CODE     S=.text    G=(none)   M=UDDIHelper ACBP=A9
 0001:00002980 0000000E C=CODE     S=.text    G=(none)   M=inquire_v1 ACBP=A9
 0001:00002990 0000000E C=CODE     S=.text    G=(none)   M=XSBuiltIns ACBP=A9
 0001:000029A0 0000000E C=CODE     S=.text    G=(none)   M=OPToSOAPDomConv ACBP=A9
 0001:000029B0 0000000E C=CODE     S=.text    G=(none)   M=SOAPDomConv ACBP=A9
 0001:000029C0 0000000E C=CODE     S=.text    G=(none)   M=SOAPEnv  ACBP=A9
 0001:000029D0 0000000E C=CODE     S=.text    G=(none)   M=xercesxmldom ACBP=A9
 0001:000029E0 0000000E C=CODE     S=.text    G=(none)   M=oxmldom  ACBP=A9
 0001:000029F0 0000000E C=CODE     S=.text    G=(none)   M=xdom     ACBP=A9
 0001:00002A00 0000000E C=CODE     S=.text    G=(none)   M=OPToSOAPDomCustom ACBP=A9
 0001:00002A10 0000000E C=CODE     S=.text    G=(none)   M=TypeTrans ACBP=A9
 0001:00002A20 0000000E C=CODE     S=.text    G=(none)   M=EncdDecd ACBP=A9
 0001:00002A30 0000000E C=CODE     S=.text    G=(none)   M=InvRules ACBP=A9
 0001:00002A40 0000000E C=CODE     S=.text    G=(none)   M=Rio      ACBP=A9
 0001:00002A50 0000000E C=CODE     S=.text    G=(none)   M=WebServExp ACBP=A9
 0001:00002A60 0000000E C=CODE     S=.text    G=(none)   M=ACBrDFeHttpWinApi ACBP=A9
 0001:00002A70 0000000E C=CODE     S=.text    G=(none)   M=ACBrWinReqRespClass ACBP=A9
 0001:00002A80 0000000E C=CODE     S=.text    G=(none)   M=ACBr_WinHttp ACBP=A9
 0001:00002A90 0000000E C=CODE     S=.text    G=(none)   M=ACBrWinHTTPReqResp ACBP=A9
 0001:00002AA0 0000000E C=CODE     S=.text    G=(none)   M=ACBrWinINetReqResp ACBP=A9
 0001:00002AB0 0000000E C=CODE     S=.text    G=(none)   M=ACBrNFSeDANFSeClass ACBP=A9
 0001:00002AC0 0000000E C=CODE     S=.text    G=(none)   M=ACBrDFeReport ACBP=A9
 0001:00002AD0 0000000E C=CODE     S=.text    G=(none)   M=pnfsNFSe ACBP=A9
 0001:00002AE0 0000000E C=CODE     S=.text    G=(none)   M=pnfsConversao ACBP=A9
 0001:00002AF0 0000000E C=CODE     S=.text    G=(none)   M=ACBrNFSeConfiguracoes ACBP=A9
 0001:00002B00 0000000E C=CODE     S=.text    G=(none)   M=ACBrNFSeNotasFiscais ACBP=A9
 0001:00002B10 0000000E C=CODE     S=.text    G=(none)   M=pnfsNFSeR ACBP=A9
 0001:00002B20 0000000E C=CODE     S=.text    G=(none)   M=pnfsNFSeW ACBP=A9
 0001:00002B30 0000000E C=CODE     S=.text    G=(none)   M=pnfsNFSeW_ABRASFv1 ACBP=A9
 0001:00002B40 0000000E C=CODE     S=.text    G=(none)   M=pnfsConsts ACBP=A9
 0001:00002B50 0000000E C=CODE     S=.text    G=(none)   M=pnfsNFSeW_ABRASFv2 ACBP=A9
 0001:00002B60 0000000E C=CODE     S=.text    G=(none)   M=pnfsNFSeW_EGoverneISS ACBP=A9
 0001:00002B70 0000000E C=CODE     S=.text    G=(none)   M=pnfsNFSeW_EL ACBP=A9
 0001:00002B80 0000000E C=CODE     S=.text    G=(none)   M=pnfsNFSeW_Equiplano ACBP=A9
 0001:00002B90 0000000E C=CODE     S=.text    G=(none)   M=pnfsNFSeW_Infisc ACBP=A9
 0001:00002BA0 0000000E C=CODE     S=.text    G=(none)   M=pnfsNFSeW_ISSDSF ACBP=A9
 0001:00002BB0 0000000E C=CODE     S=.text    G=(none)   M=pnfsNFSeW_Governa ACBP=A9
 0001:00002BC0 0000000E C=CODE     S=.text    G=(none)   M=pnfsNFSeW_SP ACBP=A9
 0001:00002BD0 0000000E C=CODE     S=.text    G=(none)   M=pnfsNFSeW_CONAM ACBP=A9
 0001:00002BE0 0000000E C=CODE     S=.text    G=(none)   M=pnfsNFSeW_Agili ACBP=A9
 0001:00002BF0 0000000E C=CODE     S=.text    G=(none)   M=pnfsNFSeW_SMARAPD ACBP=A9
 0001:00002C00 0000000E C=CODE     S=.text    G=(none)   M=pnfsNFSeW_IPM ACBP=A9
 0001:00002C10 0000000E C=CODE     S=.text    G=(none)   M=pnfsNFSeW_AssessorPublico ACBP=A9
 0001:00002C20 0000000E C=CODE     S=.text    G=(none)   M=pnfsNFSeW_WebFisco ACBP=A9
 0001:00002C30 0000000E C=CODE     S=.text    G=(none)   M=pnfsNFSeW_Lencois ACBP=A9
 0001:00002C40 0000000E C=CODE     S=.text    G=(none)   M=pnfsNFSeW_Giap ACBP=A9
 0001:00002C50 0000000E C=CODE     S=.text    G=(none)   M=pnfsNFSeW_Elotech ACBP=A9
 0001:00002C60 0000000E C=CODE     S=.text    G=(none)   M=pnfsNFSeW_Siat ACBP=A9
 0001:00002C70 0000000E C=CODE     S=.text    G=(none)   M=pnfsNFSeW_GeisWeb ACBP=A9
 0001:00002C80 0000000E C=CODE     S=.text    G=(none)   M=pnfsNFSeW_SigISS ACBP=A9
 0001:00002C90 0000000E C=CODE     S=.text    G=(none)   M=ACBrNFSeWebServices ACBP=A9
 0001:00002CA0 0000000E C=CODE     S=.text    G=(none)   M=ACBrDFeWebService ACBP=A9
 0001:00002CB0 0000000E C=CODE     S=.text    G=(none)   M=ACBrXmlWriter ACBP=A9
 0001:00002CC0 0000000E C=CODE     S=.text    G=(none)   M=pcnSignature ACBP=A9
 0001:00002CD0 0000000E C=CODE     S=.text    G=(none)   M=ACBrXmlBase ACBP=A9
 0001:00002CE0 0000000E C=CODE     S=.text    G=(none)   M=ACBrXmlDocument ACBP=A9
 0001:00002CF0 0000000E C=CODE     S=.text    G=(none)   M=pnfsNFSeG ACBP=A9
 0001:00002D00 0000000E C=CODE     S=.text    G=(none)   M=pnfsLerListaNFSe ACBP=A9
 0001:00002D10 0000000E C=CODE     S=.text    G=(none)   M=pnfsEnvLoteRpsResposta ACBP=A9
 0001:00002D20 0000000E C=CODE     S=.text    G=(none)   M=pnfsConsSitLoteRpsResposta ACBP=A9
 0001:00002D30 0000000E C=CODE     S=.text    G=(none)   M=pnfsCancNfseResposta ACBP=A9
 0001:00002D40 0000000E C=CODE     S=.text    G=(none)   M=pnfsSubsNfseResposta ACBP=A9
 0001:00002D50 0000000E C=CODE     S=.text    G=(none)   M=pnfsAbrirSessaoResposta ACBP=A9
 0001:00002D60 0000000E C=CODE     S=.text    G=(none)   M=pnfsConsURLResposta ACBP=A9
 0001:00002D70 0000000E C=CODE     S=.text    G=(none)   M=ACBrNFe  ACBP=A9
 0001:00002D80 0000000E C=CODE     S=.text    G=(none)   M=ACBrNFeConfiguracoes ACBP=A9
 0001:00002D90 0000000E C=CODE     S=.text    G=(none)   M=pcnConversaoNFe ACBP=A9
 0001:00002DA0 0000000E C=CODE     S=.text    G=(none)   M=ACBrNFeWebServices ACBP=A9
 0001:00002DB0 0000000E C=CODE     S=.text    G=(none)   M=ACBrNFe.Classes ACBP=A9
 0001:00002DC0 0000000E C=CODE     S=.text    G=(none)   M=ACBrNFe.Conversao ACBP=A9
 0001:00002DD0 0000000E C=CODE     S=.text    G=(none)   M=pcnProcNFe ACBP=A9
 0001:00002DE0 0000000E C=CODE     S=.text    G=(none)   M=ACBrNFe.Consts ACBP=A9
 0001:00002DF0 0000000E C=CODE     S=.text    G=(none)   M=pcnRetConsReciDFe ACBP=A9
 0001:00002E00 0000000E C=CODE     S=.text    G=(none)   M=ACBrDFeComum.RetConsCad ACBP=A9
 0001:00002E10 0000000E C=CODE     S=.text    G=(none)   M=ACBrNFe.AdmCSC ACBP=A9
 0001:00002E20 0000000E C=CODE     S=.text    G=(none)   M=ACBrNFe.RetAdmCSC ACBP=A9
 0001:00002E30 0000000E C=CODE     S=.text    G=(none)   M=ACBrNFe.RetConsSit ACBP=A9
 0001:00002E40 0000000E C=CODE     S=.text    G=(none)   M=ACBrDFeComum.Proc ACBP=A9
 0001:00002E50 0000000E C=CODE     S=.text    G=(none)   M=ACBrNFe.RetEnvEvento ACBP=A9
 0001:00002E60 0000000E C=CODE     S=.text    G=(none)   M=ACBrNFe.EventoClass ACBP=A9
 0001:00002E70 0000000E C=CODE     S=.text    G=(none)   M=ACBrNFe.EnvEvento ACBP=A9
 0001:00002E80 0000000E C=CODE     S=.text    G=(none)   M=ACBrJSON ACBP=A9
 0001:00002E90 0000000E C=CODE     S=.text    G=(none)   M=ACBrDFeComum.DistDFeInt ACBP=A9
 0001:00002EA0 0000000E C=CODE     S=.text    G=(none)   M=ACBrDFeComum.RetDistDFeInt ACBP=A9
 0001:00002EB0 0000000E C=CODE     S=.text    G=(none)   M=ACBrDFeComum.RetEnvio ACBP=A9
 0001:00002EC0 0000000E C=CODE     S=.text    G=(none)   M=ACBrNFeNotasFiscais ACBP=A9
 0001:00002ED0 0000000E C=CODE     S=.text    G=(none)   M=ACBrNFe.XmlReader ACBP=A9
 0001:00002EE0 0000000E C=CODE     S=.text    G=(none)   M=ACBrXmlReader ACBP=A9
 0001:00002EF0 0000000E C=CODE     S=.text    G=(none)   M=ACBrNFe.XmlWriter ACBP=A9
 0001:00002F00 0000000E C=CODE     S=.text    G=(none)   M=ACBrNFe.IniReader ACBP=A9
 0001:00002F10 0000000E C=CODE     S=.text    G=(none)   M=ACBrNFe.IniWriter ACBP=A9
 0001:00002F20 0000000E C=CODE     S=.text    G=(none)   M=ACBrNFe.JSONReader ACBP=A9
 0001:00002F30 0000000E C=CODE     S=.text    G=(none)   M=ACBrNFe.JSONWriter ACBP=A9
 0001:00002F40 0000000E C=CODE     S=.text    G=(none)   M=ACBrDFeDANFeReport ACBP=A9
 0001:00002F50 0000000E C=CODE     S=.text    G=(none)   M=ACBrNFe.Inut ACBP=A9
 0001:00002F60 0000000E C=CODE     S=.text    G=(none)   M=ACBrNFe.RetInut ACBP=A9
 0001:00002F70 0000000E C=CODE     S=.text    G=(none)   M=ACBrDFeComum.ConsCad ACBP=A9
 0001:00002F80 0000000E C=CODE     S=.text    G=(none)   M=ACBrDFeComum.ConsStatServ ACBP=A9
 0001:00002F90 0000000E C=CODE     S=.text    G=(none)   M=ACBrDFeComum.RetConsStatServ ACBP=A9
 0001:00002FA0 0000000E C=CODE     S=.text    G=(none)   M=ACBrNFe.ConsSit ACBP=A9
 0001:00002FB0 0000000E C=CODE     S=.text    G=(none)   M=pcnConsReciDFe ACBP=A9
 0001:00002FC0 0000000E C=CODE     S=.text    G=(none)   M=ACBrNFe.ValidarRegrasdeNegocio ACBP=A9
 0001:00002FD0 0000000E C=CODE     S=.text    G=(none)   M=ACBrNFeDANFEClass ACBP=A9
 0001:00002FE0 0000000E C=CODE     S=.text    G=(none)   M=ACBrNFeDANFEFR ACBP=A9
 0001:00002FF0 0000000E C=CODE     S=.text    G=(none)   M=ACBrNFeDANFEFRDM ACBP=A9
 0001:00003000 0000000E C=CODE     S=.text    G=(none)   M=frxExportPDF ACBP=A9
 0001:00003010 0000000E C=CODE     S=.text    G=(none)   M=frxPDFFile ACBP=A9
 0001:00003020 0000000E C=CODE     S=.text    G=(none)   M=frxFileUtils ACBP=A9
 0001:00003030 0000000E C=CODE     S=.text    G=(none)   M=FileCtrl ACBP=A9
 0001:00003040 0000000E C=CODE     S=.text    G=(none)   M=frxrcExports ACBP=A9
 0001:00003050 0000000E C=CODE     S=.text    G=(none)   M=frxDBSet ACBP=A9
 0001:00003060 0000000E C=CODE     S=.text    G=(none)   M=frxBarcode ACBP=A9
 0001:00003070 0000000E C=CODE     S=.text    G=(none)   M=frxBarcod ACBP=A9
 0001:00003080 0000000E C=CODE     S=.text    G=(none)   M=frxBarcodeEditor ACBP=A9
 0001:00003090 0000000E C=CODE     S=.text    G=(none)   M=frxCustomEditors ACBP=A9
 0001:000030A0 0000000E C=CODE     S=.text    G=(none)   M=frxEditMemo ACBP=A9
 0001:000030B0 0000000E C=CODE     S=.text    G=(none)   M=frxEditFormat ACBP=A9
 0001:000030C0 0000000E C=CODE     S=.text    G=(none)   M=frxEditHighlight ACBP=A9
 0001:000030D0 0000000E C=CODE     S=.text    G=(none)   M=frxEditSysMemo ACBP=A9
 0001:000030E0 0000000E C=CODE     S=.text    G=(none)   M=frxUnicodeCtrls ACBP=A9
 0001:000030F0 0000000E C=CODE     S=.text    G=(none)   M=frxBarcodeRTTI ACBP=A9
 0001:00003100 0000000E C=CODE     S=.text    G=(none)   M=ACBrUtil.FR ACBP=A9
 0001:00003110 0000000E C=CODE     S=.text    G=(none)   M=ACBrImage ACBP=A9
 0001:00003120 0000000E C=CODE     S=.text    G=(none)   M=ACBrNFeDANFeRLClass ACBP=A9
 0001:00003130 0000000E C=CODE     S=.text    G=(none)   M=ACBrNFeDANFeRL ACBP=A9
 0001:00003140 0000000E C=CODE     S=.text    G=(none)   M=ACBrDFeReportFortes ACBP=A9
 0001:00003150 0000000E C=CODE     S=.text    G=(none)   M=RLReport ACBP=A9
 0001:00003160 0000000E C=CODE     S=.text    G=(none)   M=RLMetaVCL ACBP=A9
 0001:00003170 0000000E C=CODE     S=.text    G=(none)   M=RLMetaFile ACBP=A9
 0001:00003180 0000000E C=CODE     S=.text    G=(none)   M=RLUtils  ACBP=A9
 0001:00003190 0000000E C=CODE     S=.text    G=(none)   M=RLConsts ACBP=A9
 0001:000031A0 0000000E C=CODE     S=.text    G=(none)   M=RLFeedBack ACBP=A9
 0001:000031B0 0000000E C=CODE     S=.text    G=(none)   M=RLParser ACBP=A9
 0001:000031C0 0000000E C=CODE     S=.text    G=(none)   M=RLFilters ACBP=A9
 0001:000031D0 0000000E C=CODE     S=.text    G=(none)   M=RLTypes  ACBP=A9
 0001:000031E0 0000000E C=CODE     S=.text    G=(none)   M=RLPrinters ACBP=A9
 0001:000031F0 0000000E C=CODE     S=.text    G=(none)   M=RLSpoolFilter ACBP=A9
 0001:00003200 0000000E C=CODE     S=.text    G=(none)   M=RLPrintDialog ACBP=A9
 0001:00003210 0000000E C=CODE     S=.text    G=(none)   M=RLPreviewForm ACBP=A9
 0001:00003220 0000000E C=CODE     S=.text    G=(none)   M=RLPreview ACBP=A9
 0001:00003230 0000000E C=CODE     S=.text    G=(none)   M=RLSaveDialog ACBP=A9
 0001:00003240 0000000E C=CODE     S=.text    G=(none)   M=RLFindDialog ACBP=A9
 0001:00003250 0000000E C=CODE     S=.text    G=(none)   M=RLPDFFilter ACBP=A9
 0001:00003260 0000000E C=CODE     S=.text    G=(none)   M=ACBrNFeDANFeEventoRL ACBP=A9
 0001:00003270 0000000E C=CODE     S=.text    G=(none)   M=ACBrNFeDANFeRLRetrato ACBP=A9
 0001:00003280 0000000E C=CODE     S=.text    G=(none)   M=RLBarcode ACBP=A9
 0001:00003290 0000000E C=CODE     S=.text    G=(none)   M=ACBrNFeDANFeRLPaisagem ACBP=A9
 0001:000032A0 0000000E C=CODE     S=.text    G=(none)   M=ACBrNFeDANFeEventoRLRetrato ACBP=A9
 0001:000032B0 0000000E C=CODE     S=.text    G=(none)   M=ACBrNFeDANFeRLSimplificado ACBP=A9
 0001:000032C0 0000000E C=CODE     S=.text    G=(none)   M=ACBrNFeDANFeRLEtiqueta ACBP=A9
 0001:000032D0 0000000E C=CODE     S=.text    G=(none)   M=ACBrNFeDAInutRLRetrato ACBP=A9
 0001:000032E0 0000000E C=CODE     S=.text    G=(none)   M=ACBrNFeDAInutRL ACBP=A9
 0001:000032F0 0000000E C=CODE     S=.text    G=(none)   M=ACBrDANFCeFortesFrA4 ACBP=A9
 0001:00003300 0000000E C=CODE     S=.text    G=(none)   M=RLHTMLFilter ACBP=A9
 0001:00003310 0000000E C=CODE     S=.text    G=(none)   M=ACBrDANFCeFortesFr ACBP=A9
 0001:00003320 0000000E C=CODE     S=.text    G=(none)   M=uLkJSON  ACBP=A9
 0001:00003330 0000000E C=CODE     S=.text    G=(none)   M=uIndyClient ACBP=A9
 0001:00003340 0000000E C=CODE     S=.text    G=(none)   M=uOAuth2HttpClient ACBP=A9
 0001:00003350 0000000E C=CODE     S=.text    G=(none)   M=uOAuth2Tools ACBP=A9
 0001:00003360 0000000E C=CODE     S=.text    G=(none)   M=Hash     ACBP=A9
 0001:00003370 0000000E C=CODE     S=.text    G=(none)   M=uOAuth2Consts ACBP=A9
 0001:00003380 0000000E C=CODE     S=.text    G=(none)   M=uOAuth2Client ACBP=A9
 0001:00003390 0000000E C=CODE     S=.text    G=(none)   M=uOAuth2Token ACBP=A9
 0001:000033A0 0000000E C=CODE     S=.text    G=(none)   M=uOAuth2Hmac ACBP=A9
 0001:000033B0 0000000E C=CODE     S=.text    G=(none)   M=HashHaval ACBP=A9
 0001:000033C0 0000000E C=CODE     S=.text    G=(none)   M=HashMD5  ACBP=A9
 0001:000033D0 0000000E C=CODE     S=.text    G=(none)   M=HashRipeMD128 ACBP=A9
 0001:000033E0 0000000E C=CODE     S=.text    G=(none)   M=HashRipeMD160 ACBP=A9
 0001:000033F0 0000000E C=CODE     S=.text    G=(none)   M=HashSHA1 ACBP=A9
 0001:00003400 0000000E C=CODE     S=.text    G=(none)   M=HashSHA256 ACBP=A9
 0001:00003410 0000000E C=CODE     S=.text    G=(none)   M=HashSHA384 ACBP=A9
 0001:00003420 0000000E C=CODE     S=.text    G=(none)   M=HashSHA512Base ACBP=A9
 0001:00003430 0000000E C=CODE     S=.text    G=(none)   M=HashSHA512 ACBP=A9
 0001:00003440 0000000E C=CODE     S=.text    G=(none)   M=HashTiger ACBP=A9
 0001:00003450 0000000E C=CODE     S=.text    G=(none)   M=uOAuth2Config ACBP=A9
 0001:00003460 0000000E C=CODE     S=.text    G=(none)   M=uJson    ACBP=A9
 0001:00003470 0000000E C=CODE     S=.text    G=(none)   M=ACBrUtil ACBP=A9
 0001:00003480 0000000E C=CODE     S=.text    G=(none)   M=IdServerInterceptLogFile ACBP=A9
 0001:00003490 0000000E C=CODE     S=.text    G=(none)   M=IdServerInterceptLogBase ACBP=A9
 0001:000034A0 0000000E C=CODE     S=.text    G=(none)   M=IdLogBase ACBP=A9
 0001:000034B0 0000000E C=CODE     S=.text    G=(none)   M=IdLogStream ACBP=A9
 0001:000034C0 0000000E C=CODE     S=.text    G=(none)   M=pcnNFeRTXT ACBP=A9
 0001:000034D0 0000000E C=CODE     S=.text    G=(none)   M=pcnLayoutTXT ACBP=A9
 0001:000034E0 0000000E C=CODE     S=.text    G=(none)   M=fmselecionarimpressoras ACBP=A9
 0001:000034F0 0000000E C=CODE     S=.text    G=(none)   M=NFePrintValidator ACBP=A9
 0001:00003500 0000000E C=CODE     S=.text    G=(none)   M=ProcNFeBuilder ACBP=A9
 0001:00003510 0000000E C=CODE     S=.text    G=(none)   M=ACBrNFSeXConversao ACBP=A9
 0001:00003520 0000000E C=CODE     S=.text    G=(none)   M=ACBrNFSeXWebservicesResponse ACBP=A9
 0001:00003530 0000000E C=CODE     S=.text    G=(none)   M=ACBrNFSeXClass ACBP=A9
 0001:00003540 0000000E C=CODE     S=.text    G=(none)   M=ACBrNFSeXWebserviceBase ACBP=A9
 0001:00003550 0000000E C=CODE     S=.text    G=(none)   M=ACBrNFSeX ACBP=A9
 0001:00003560 0000000E C=CODE     S=.text    G=(none)   M=ACBrNFSeXConfiguracoes ACBP=A9
 0001:00003570 0000000E C=CODE     S=.text    G=(none)   M=ACBrNFSeXNotasFiscais ACBP=A9
 0001:00003580 0000000E C=CODE     S=.text    G=(none)   M=ACBrNFSeXWebservices ACBP=A9
 0001:00003590 0000000E C=CODE     S=.text    G=(none)   M=ACBrNFSeXInterface ACBP=A9
 0001:000035A0 0000000E C=CODE     S=.text    G=(none)   M=ACBrNFSeXParametros ACBP=A9
 0001:000035B0 0000000E C=CODE     S=.text    G=(none)   M=ACBrNFSeXDANFSeClass ACBP=A9
 0001:000035C0 0000000E C=CODE     S=.text    G=(none)   M=ACBrNFSeXProviderManager ACBP=A9
 0001:000035D0 0000000E C=CODE     S=.text    G=(none)   M=PadraoNacional.Provider ACBP=A9
 0001:000035E0 0000000E C=CODE     S=.text    G=(none)   M=ACBrNFSeXGravarXml ACBP=A9
 0001:000035F0 0000000E C=CODE     S=.text    G=(none)   M=ACBrNFSeX.GravarIni ACBP=A9
 0001:00003600 0000000E C=CODE     S=.text    G=(none)   M=ACBrNFSeXConsts ACBP=A9
 0001:00003610 0000000E C=CODE     S=.text    G=(none)   M=ACBrNFSeXLerXml ACBP=A9
 0001:00003620 0000000E C=CODE     S=.text    G=(none)   M=ACBrNFSeXProviderProprio ACBP=A9
 0001:00003630 0000000E C=CODE     S=.text    G=(none)   M=ACBrNFSeXProviderBase ACBP=A9
 0001:00003640 0000000E C=CODE     S=.text    G=(none)   M=PadraoNacional.GravarXml ACBP=A9
 0001:00003650 0000000E C=CODE     S=.text    G=(none)   M=PadraoNacional.LerXml ACBP=A9
 0001:00003660 0000000E C=CODE     S=.text    G=(none)   M=BHISS.Provider ACBP=A9
 0001:00003670 0000000E C=CODE     S=.text    G=(none)   M=ACBrNFSeXProviderABRASFv1 ACBP=A9
 0001:00003680 0000000E C=CODE     S=.text    G=(none)   M=BHISS.GravarXml ACBP=A9
 0001:00003690 0000000E C=CODE     S=.text    G=(none)   M=ACBrNFSeXGravarXml_ABRASFv1 ACBP=A9
 0001:000036A0 0000000E C=CODE     S=.text    G=(none)   M=BHISS.LerXml ACBP=A9
 0001:000036B0 0000000E C=CODE     S=.text    G=(none)   M=ACBrNFSeXLerXml_ABRASFv1 ACBP=A9
 0001:000036C0 0000000E C=CODE     S=.text    G=(none)   M=CIGA.Provider ACBP=A9
 0001:000036D0 0000000E C=CODE     S=.text    G=(none)   M=CIGA.GravarXml ACBP=A9
 0001:000036E0 0000000E C=CODE     S=.text    G=(none)   M=CIGA.LerXml ACBP=A9
 0001:000036F0 0000000E C=CODE     S=.text    G=(none)   M=Contass.Provider ACBP=A9
 0001:00003700 0000000E C=CODE     S=.text    G=(none)   M=DBSeller.Provider ACBP=A9
 0001:00003710 0000000E C=CODE     S=.text    G=(none)   M=ACBrNFSeXProviderABRASFv2 ACBP=A9
 0001:00003720 0000000E C=CODE     S=.text    G=(none)   M=DBSeller.GravarXml ACBP=A9
 0001:00003730 0000000E C=CODE     S=.text    G=(none)   M=ACBrNFSeXGravarXml_ABRASFv2 ACBP=A9
 0001:00003740 0000000E C=CODE     S=.text    G=(none)   M=DBSeller.LerXml ACBP=A9
 0001:00003750 0000000E C=CODE     S=.text    G=(none)   M=ACBrNFSeXLerXml_ABRASFv2 ACBP=A9
 0001:00003760 0000000E C=CODE     S=.text    G=(none)   M=Contass.GravarXml ACBP=A9
 0001:00003770 0000000E C=CODE     S=.text    G=(none)   M=Contass.LerXml ACBP=A9
 0001:00003780 0000000E C=CODE     S=.text    G=(none)   M=FISSLex.Provider ACBP=A9
 0001:00003790 0000000E C=CODE     S=.text    G=(none)   M=FISSLex.GravarXml ACBP=A9
 0001:000037A0 0000000E C=CODE     S=.text    G=(none)   M=FISSLex.LerXml ACBP=A9
 0001:000037B0 0000000E C=CODE     S=.text    G=(none)   M=geNFe.Provider ACBP=A9
 0001:000037C0 0000000E C=CODE     S=.text    G=(none)   M=geNFe.GravarXml ACBP=A9
 0001:000037D0 0000000E C=CODE     S=.text    G=(none)   M=geNFe.LerXml ACBP=A9
 0001:000037E0 0000000E C=CODE     S=.text    G=(none)   M=Ginfes.Provider ACBP=A9
 0001:000037F0 0000000E C=CODE     S=.text    G=(none)   M=Ginfes.GravarXml ACBP=A9
 0001:00003800 0000000E C=CODE     S=.text    G=(none)   M=Ginfes.LerXml ACBP=A9
 0001:00003810 0000000E C=CODE     S=.text    G=(none)   M=GovBr.Provider ACBP=A9
 0001:00003820 0000000E C=CODE     S=.text    G=(none)   M=GovBr.GravarXml ACBP=A9
 0001:00003830 0000000E C=CODE     S=.text    G=(none)   M=GovBr.LerXml ACBP=A9
 0001:00003840 0000000E C=CODE     S=.text    G=(none)   M=Horus.Provider ACBP=A9
 0001:00003850 0000000E C=CODE     S=.text    G=(none)   M=Horus.GravarXml ACBP=A9
 0001:00003860 0000000E C=CODE     S=.text    G=(none)   M=Horus.LerXml ACBP=A9
 0001:00003870 0000000E C=CODE     S=.text    G=(none)   M=ISSCuritiba.Provider ACBP=A9
 0001:00003880 0000000E C=CODE     S=.text    G=(none)   M=ISSCuritiba.GravarXml ACBP=A9
 0001:00003890 0000000E C=CODE     S=.text    G=(none)   M=ISSCuritiba.LerXml ACBP=A9
 0001:000038A0 0000000E C=CODE     S=.text    G=(none)   M=ISSFortaleza.Provider ACBP=A9
 0001:000038B0 0000000E C=CODE     S=.text    G=(none)   M=ISSFortaleza.GravarXml ACBP=A9
 0001:000038C0 0000000E C=CODE     S=.text    G=(none)   M=ISSFortaleza.LerXml ACBP=A9
 0001:000038D0 0000000E C=CODE     S=.text    G=(none)   M=ISSIntel.Provider ACBP=A9
 0001:000038E0 0000000E C=CODE     S=.text    G=(none)   M=ISSIntel.GravarXml ACBP=A9
 0001:000038F0 0000000E C=CODE     S=.text    G=(none)   M=ISSIntel.LerXml ACBP=A9
 0001:00003900 0000000E C=CODE     S=.text    G=(none)   M=ISSNatal.Provider ACBP=A9
 0001:00003910 0000000E C=CODE     S=.text    G=(none)   M=ISSNatal.GravarXml ACBP=A9
 0001:00003920 0000000E C=CODE     S=.text    G=(none)   M=ISSNatal.LerXml ACBP=A9
 0001:00003930 0000000E C=CODE     S=.text    G=(none)   M=ISSRecife.Provider ACBP=A9
 0001:00003940 0000000E C=CODE     S=.text    G=(none)   M=ISSRecife.GravarXml ACBP=A9
 0001:00003950 0000000E C=CODE     S=.text    G=(none)   M=ISSRecife.LerXml ACBP=A9
 0001:00003960 0000000E C=CODE     S=.text    G=(none)   M=ISSRio.Provider ACBP=A9
 0001:00003970 0000000E C=CODE     S=.text    G=(none)   M=ISSRio.GravarXml ACBP=A9
 0001:00003980 0000000E C=CODE     S=.text    G=(none)   M=ISSRio.LerXml ACBP=A9
 0001:00003990 0000000E C=CODE     S=.text    G=(none)   M=ISSSalvador.Provider ACBP=A9
 0001:000039A0 0000000E C=CODE     S=.text    G=(none)   M=ISSSalvador.GravarXml ACBP=A9
 0001:000039B0 0000000E C=CODE     S=.text    G=(none)   M=ISSSalvador.LerXml ACBP=A9
 0001:000039C0 0000000E C=CODE     S=.text    G=(none)   M=ISSSJP.Provider ACBP=A9
 0001:000039D0 0000000E C=CODE     S=.text    G=(none)   M=ISSSJP.GravarXml ACBP=A9
 0001:000039E0 0000000E C=CODE     S=.text    G=(none)   M=ISSSJP.LerXml ACBP=A9
 0001:000039F0 0000000E C=CODE     S=.text    G=(none)   M=Kalana.Provider ACBP=A9
 0001:00003A00 0000000E C=CODE     S=.text    G=(none)   M=Kalana.GravarXml ACBP=A9
 0001:00003A10 0000000E C=CODE     S=.text    G=(none)   M=Kalana.LerXml ACBP=A9
 0001:00003A20 0000000E C=CODE     S=.text    G=(none)   M=Lexsom.Provider ACBP=A9
 0001:00003A30 0000000E C=CODE     S=.text    G=(none)   M=Lexsom.GravarXml ACBP=A9
 0001:00003A40 0000000E C=CODE     S=.text    G=(none)   M=Lexsom.LerXml ACBP=A9
 0001:00003A50 0000000E C=CODE     S=.text    G=(none)   M=MetropolisWeb.Provider ACBP=A9
 0001:00003A60 0000000E C=CODE     S=.text    G=(none)   M=MetropolisWeb.GravarXml ACBP=A9
 0001:00003A70 0000000E C=CODE     S=.text    G=(none)   M=MetropolisWeb.LerXml ACBP=A9
 0001:00003A80 0000000E C=CODE     S=.text    G=(none)   M=NFEletronica.Provider ACBP=A9
 0001:00003A90 0000000E C=CODE     S=.text    G=(none)   M=NFEletronica.GravarXml ACBP=A9
 0001:00003AA0 0000000E C=CODE     S=.text    G=(none)   M=NFEletronica.LerXml ACBP=A9
 0001:00003AB0 0000000E C=CODE     S=.text    G=(none)   M=NFSeBrasil.Provider ACBP=A9
 0001:00003AC0 0000000E C=CODE     S=.text    G=(none)   M=NFSeBrasil.GravarXml ACBP=A9
 0001:00003AD0 0000000E C=CODE     S=.text    G=(none)   M=NFSeBrasil.LerXml ACBP=A9
 0001:00003AE0 0000000E C=CODE     S=.text    G=(none)   M=Publica.Provider ACBP=A9
 0001:00003AF0 0000000E C=CODE     S=.text    G=(none)   M=Publica.GravarXml ACBP=A9
 0001:00003B00 0000000E C=CODE     S=.text    G=(none)   M=Publica.LerXml ACBP=A9
 0001:00003B10 0000000E C=CODE     S=.text    G=(none)   M=SpeedGov.Provider ACBP=A9
 0001:00003B20 0000000E C=CODE     S=.text    G=(none)   M=SpeedGov.GravarXml ACBP=A9
 0001:00003B30 0000000E C=CODE     S=.text    G=(none)   M=SpeedGov.LerXml ACBP=A9
 0001:00003B40 0000000E C=CODE     S=.text    G=(none)   M=Thema.Provider ACBP=A9
 0001:00003B50 0000000E C=CODE     S=.text    G=(none)   M=Thema.GravarXml ACBP=A9
 0001:00003B60 0000000E C=CODE     S=.text    G=(none)   M=Thema.LerXml ACBP=A9
 0001:00003B70 0000000E C=CODE     S=.text    G=(none)   M=Tinus.Provider ACBP=A9
 0001:00003B80 0000000E C=CODE     S=.text    G=(none)   M=Tinus.GravarXml ACBP=A9
 0001:00003B90 0000000E C=CODE     S=.text    G=(none)   M=Tinus.LerXml ACBP=A9
 0001:00003BA0 0000000E C=CODE     S=.text    G=(none)   M=ABase.Provider ACBP=A9
 0001:00003BB0 0000000E C=CODE     S=.text    G=(none)   M=ABase.GravarXml ACBP=A9
 0001:00003BC0 0000000E C=CODE     S=.text    G=(none)   M=ABase.LerXml ACBP=A9
 0001:00003BD0 0000000E C=CODE     S=.text    G=(none)   M=Actcon.Provider ACBP=A9
 0001:00003BE0 0000000E C=CODE     S=.text    G=(none)   M=Actcon.GravarXml ACBP=A9
 0001:00003BF0 0000000E C=CODE     S=.text    G=(none)   M=Actcon.LerXml ACBP=A9
 0001:00003C00 0000000E C=CODE     S=.text    G=(none)   M=Adm.Provider ACBP=A9
 0001:00003C10 0000000E C=CODE     S=.text    G=(none)   M=Adm.GravarXml ACBP=A9
 0001:00003C20 0000000E C=CODE     S=.text    G=(none)   M=Adm.LerXml ACBP=A9
 0001:00003C30 0000000E C=CODE     S=.text    G=(none)   M=ADPM.Provider ACBP=A9
 0001:00003C40 0000000E C=CODE     S=.text    G=(none)   M=ADPM.GravarXml ACBP=A9
 0001:00003C50 0000000E C=CODE     S=.text    G=(none)   M=ADPM.LerXml ACBP=A9
 0001:00003C60 0000000E C=CODE     S=.text    G=(none)   M=AEG.Provider ACBP=A9
 0001:00003C70 0000000E C=CODE     S=.text    G=(none)   M=AEG.GravarXml ACBP=A9
 0001:00003C80 0000000E C=CODE     S=.text    G=(none)   M=AEG.LerXml ACBP=A9
 0001:00003C90 0000000E C=CODE     S=.text    G=(none)   M=Asten.Provider ACBP=A9
 0001:00003CA0 0000000E C=CODE     S=.text    G=(none)   M=Asten.GravarXml ACBP=A9
 0001:00003CB0 0000000E C=CODE     S=.text    G=(none)   M=Asten.LerXml ACBP=A9
 0001:00003CC0 0000000E C=CODE     S=.text    G=(none)   M=BWSistemas.Provider ACBP=A9
 0001:00003CD0 0000000E C=CODE     S=.text    G=(none)   M=BWSistemas.GravarXml ACBP=A9
 0001:00003CE0 0000000E C=CODE     S=.text    G=(none)   M=BWSistemas.LerXml ACBP=A9
 0001:00003CF0 0000000E C=CODE     S=.text    G=(none)   M=Centi.Provider ACBP=A9
 0001:00003D00 0000000E C=CODE     S=.text    G=(none)   M=Centi.GravarXml ACBP=A9
 0001:00003D10 0000000E C=CODE     S=.text    G=(none)   M=Centi.LerXml ACBP=A9
 0001:00003D20 0000000E C=CODE     S=.text    G=(none)   M=Citta.Provider ACBP=A9
 0001:00003D30 0000000E C=CODE     S=.text    G=(none)   M=Citta.GravarXml ACBP=A9
 0001:00003D40 0000000E C=CODE     S=.text    G=(none)   M=Citta.LerXml ACBP=A9
 0001:00003D50 0000000E C=CODE     S=.text    G=(none)   M=Coplan.Provider ACBP=A9
 0001:00003D60 0000000E C=CODE     S=.text    G=(none)   M=Coplan.GravarXml ACBP=A9
 0001:00003D70 0000000E C=CODE     S=.text    G=(none)   M=Coplan.LerXml ACBP=A9
 0001:00003D80 0000000E C=CODE     S=.text    G=(none)   M=DataSmart.Provider ACBP=A9
 0001:00003D90 0000000E C=CODE     S=.text    G=(none)   M=DataSmart.GravarXml ACBP=A9
 0001:00003DA0 0000000E C=CODE     S=.text    G=(none)   M=DataSmart.LerXml ACBP=A9
 0001:00003DB0 0000000E C=CODE     S=.text    G=(none)   M=DeISS.Provider ACBP=A9
 0001:00003DC0 0000000E C=CODE     S=.text    G=(none)   M=DeISS.GravarXml ACBP=A9
 0001:00003DD0 0000000E C=CODE     S=.text    G=(none)   M=DeISS.LerXml ACBP=A9
 0001:00003DE0 0000000E C=CODE     S=.text    G=(none)   M=Desenvolve.Provider ACBP=A9
 0001:00003DF0 0000000E C=CODE     S=.text    G=(none)   M=Desenvolve.GravarXml ACBP=A9
 0001:00003E00 0000000E C=CODE     S=.text    G=(none)   M=Desenvolve.LerXml ACBP=A9
 0001:00003E10 0000000E C=CODE     S=.text    G=(none)   M=Digifred.Provider ACBP=A9
 0001:00003E20 0000000E C=CODE     S=.text    G=(none)   M=Digifred.GravarXml ACBP=A9
 0001:00003E30 0000000E C=CODE     S=.text    G=(none)   M=Digifred.LerXml ACBP=A9
 0001:00003E40 0000000E C=CODE     S=.text    G=(none)   M=DSF.Provider ACBP=A9
 0001:00003E50 0000000E C=CODE     S=.text    G=(none)   M=DSF.GravarXml ACBP=A9
 0001:00003E60 0000000E C=CODE     S=.text    G=(none)   M=DSF.LerXml ACBP=A9
 0001:00003E70 0000000E C=CODE     S=.text    G=(none)   M=Elmar.Provider ACBP=A9
 0001:00003E80 0000000E C=CODE     S=.text    G=(none)   M=Elmar.GravarXml ACBP=A9
 0001:00003E90 0000000E C=CODE     S=.text    G=(none)   M=Elmar.LerXml ACBP=A9
 0001:00003EA0 0000000E C=CODE     S=.text    G=(none)   M=EloTech.Provider ACBP=A9
 0001:00003EB0 0000000E C=CODE     S=.text    G=(none)   M=EloTech.GravarXml ACBP=A9
 0001:00003EC0 0000000E C=CODE     S=.text    G=(none)   M=EloTech.LerXml ACBP=A9
 0001:00003ED0 0000000E C=CODE     S=.text    G=(none)   M=eReceita.Provider ACBP=A9
 0001:00003EE0 0000000E C=CODE     S=.text    G=(none)   M=eReceita.GravarXml ACBP=A9
 0001:00003EF0 0000000E C=CODE     S=.text    G=(none)   M=eReceita.LerXml ACBP=A9
 0001:00003F00 0000000E C=CODE     S=.text    G=(none)   M=Etherium.Provider ACBP=A9
 0001:00003F10 0000000E C=CODE     S=.text    G=(none)   M=Etherium.GravarXml ACBP=A9
 0001:00003F20 0000000E C=CODE     S=.text    G=(none)   M=Etherium.LerXml ACBP=A9
 0001:00003F30 0000000E C=CODE     S=.text    G=(none)   M=fintelISS.Provider ACBP=A9
 0001:00003F40 0000000E C=CODE     S=.text    G=(none)   M=fintelISS.GravarXml ACBP=A9
 0001:00003F50 0000000E C=CODE     S=.text    G=(none)   M=fintelISS.LerXml ACBP=A9
 0001:00003F60 0000000E C=CODE     S=.text    G=(none)   M=Fiorilli.Provider ACBP=A9
 0001:00003F70 0000000E C=CODE     S=.text    G=(none)   M=Fiorilli.GravarXml ACBP=A9
 0001:00003F80 0000000E C=CODE     S=.text    G=(none)   M=Fiorilli.LerXml ACBP=A9
 0001:00003F90 0000000E C=CODE     S=.text    G=(none)   M=Fisco.Provider ACBP=A9
 0001:00003FA0 0000000E C=CODE     S=.text    G=(none)   M=Fisco.GravarXml ACBP=A9
 0001:00003FB0 0000000E C=CODE     S=.text    G=(none)   M=Fisco.LerXml ACBP=A9
 0001:00003FC0 0000000E C=CODE     S=.text    G=(none)   M=Futurize.Provider ACBP=A9
 0001:00003FD0 0000000E C=CODE     S=.text    G=(none)   M=Futurize.GravarXml ACBP=A9
 0001:00003FE0 0000000E C=CODE     S=.text    G=(none)   M=Futurize.LerXml ACBP=A9
 0001:00003FF0 0000000E C=CODE     S=.text    G=(none)   M=GestaoISS.Provider ACBP=A9
 0001:00004000 0000000E C=CODE     S=.text    G=(none)   M=GestaoISS.GravarXml ACBP=A9
 0001:00004010 0000000E C=CODE     S=.text    G=(none)   M=GestaoISS.LerXml ACBP=A9
 0001:00004020 0000000E C=CODE     S=.text    G=(none)   M=Giss.Provider ACBP=A9
 0001:00004030 0000000E C=CODE     S=.text    G=(none)   M=Giss.GravarXml ACBP=A9
 0001:00004040 0000000E C=CODE     S=.text    G=(none)   M=Giss.LerXml ACBP=A9
 0001:00004050 0000000E C=CODE     S=.text    G=(none)   M=GovDigital.Provider ACBP=A9
 0001:00004060 0000000E C=CODE     S=.text    G=(none)   M=GovDigital.GravarXml ACBP=A9
 0001:00004070 0000000E C=CODE     S=.text    G=(none)   M=GovDigital.LerXml ACBP=A9
 0001:00004080 0000000E C=CODE     S=.text    G=(none)   M=iiBrasil.Provider ACBP=A9
 0001:00004090 0000000E C=CODE     S=.text    G=(none)   M=iiBrasil.GravarXml ACBP=A9
 0001:000040A0 0000000E C=CODE     S=.text    G=(none)   M=iiBrasil.LerXml ACBP=A9
 0001:000040B0 0000000E C=CODE     S=.text    G=(none)   M=Isaneto.Provider ACBP=A9
 0001:000040C0 0000000E C=CODE     S=.text    G=(none)   M=Isaneto.GravarXml ACBP=A9
 0001:000040D0 0000000E C=CODE     S=.text    G=(none)   M=Isaneto.LerXml ACBP=A9
 0001:000040E0 0000000E C=CODE     S=.text    G=(none)   M=ISSCamacari.Provider ACBP=A9
 0001:000040F0 0000000E C=CODE     S=.text    G=(none)   M=ISSCamacari.GravarXml ACBP=A9
 0001:00004100 0000000E C=CODE     S=.text    G=(none)   M=ISSCamacari.LerXml ACBP=A9
 0001:00004110 0000000E C=CODE     S=.text    G=(none)   M=ISSDigital.Provider ACBP=A9
 0001:00004120 0000000E C=CODE     S=.text    G=(none)   M=ISSDigital.GravarXml ACBP=A9
 0001:00004130 0000000E C=CODE     S=.text    G=(none)   M=ISSDigital.LerXml ACBP=A9
 0001:00004140 0000000E C=CODE     S=.text    G=(none)   M=ISSe.Provider ACBP=A9
 0001:00004150 0000000E C=CODE     S=.text    G=(none)   M=ISSe.GravarXml ACBP=A9
 0001:00004160 0000000E C=CODE     S=.text    G=(none)   M=ISSe.LerXml ACBP=A9
 0001:00004170 0000000E C=CODE     S=.text    G=(none)   M=ISSGoiania.Provider ACBP=A9
 0001:00004180 0000000E C=CODE     S=.text    G=(none)   M=ISSGoiania.GravarXml ACBP=A9
 0001:00004190 0000000E C=CODE     S=.text    G=(none)   M=ISSGoiania.LerXml ACBP=A9
 0001:000041A0 0000000E C=CODE     S=.text    G=(none)   M=ISSJoinville.Provider ACBP=A9
 0001:000041B0 0000000E C=CODE     S=.text    G=(none)   M=ISSJoinville.GravarXml ACBP=A9
 0001:000041C0 0000000E C=CODE     S=.text    G=(none)   M=ISSJoinville.LerXml ACBP=A9
 0001:000041D0 0000000E C=CODE     S=.text    G=(none)   M=ISSLegal.Provider ACBP=A9
 0001:000041E0 0000000E C=CODE     S=.text    G=(none)   M=ISSLegal.GravarXml ACBP=A9
 0001:000041F0 0000000E C=CODE     S=.text    G=(none)   M=ISSLegal.LerXml ACBP=A9
 0001:00004200 0000000E C=CODE     S=.text    G=(none)   M=ISSPortoVelho.Provider ACBP=A9
 0001:00004210 0000000E C=CODE     S=.text    G=(none)   M=ISSPortoVelho.GravarXml ACBP=A9
 0001:00004220 0000000E C=CODE     S=.text    G=(none)   M=ISSPortoVelho.LerXml ACBP=A9
 0001:00004230 0000000E C=CODE     S=.text    G=(none)   M=ISSVitoria.Provider ACBP=A9
 0001:00004240 0000000E C=CODE     S=.text    G=(none)   M=ISSVitoria.GravarXml ACBP=A9
 0001:00004250 0000000E C=CODE     S=.text    G=(none)   M=ISSVitoria.LerXml ACBP=A9
 0001:00004260 0000000E C=CODE     S=.text    G=(none)   M=Libre.Provider ACBP=A9
 0001:00004270 0000000E C=CODE     S=.text    G=(none)   M=Libre.GravarXml ACBP=A9
 0001:00004280 0000000E C=CODE     S=.text    G=(none)   M=Libre.LerXml ACBP=A9
 0001:00004290 0000000E C=CODE     S=.text    G=(none)   M=Link3.Provider ACBP=A9
 0001:000042A0 0000000E C=CODE     S=.text    G=(none)   M=Link3.GravarXml ACBP=A9
 0001:000042B0 0000000E C=CODE     S=.text    G=(none)   M=Link3.LerXml ACBP=A9
 0001:000042C0 0000000E C=CODE     S=.text    G=(none)   M=MegaSoft.Provider ACBP=A9
 0001:000042D0 0000000E C=CODE     S=.text    G=(none)   M=MegaSoft.GravarXml ACBP=A9
 0001:000042E0 0000000E C=CODE     S=.text    G=(none)   M=MegaSoft.LerXml ACBP=A9
 0001:000042F0 0000000E C=CODE     S=.text    G=(none)   M=Mitra.Provider ACBP=A9
 0001:00004300 0000000E C=CODE     S=.text    G=(none)   M=Mitra.GravarXml ACBP=A9
 0001:00004310 0000000E C=CODE     S=.text    G=(none)   M=Mitra.LerXml ACBP=A9
 0001:00004320 0000000E C=CODE     S=.text    G=(none)   M=ModernizacaoPublica.Provider ACBP=A9
 0001:00004330 0000000E C=CODE     S=.text    G=(none)   M=ModernizacaoPublica.GravarXml ACBP=A9
 0001:00004340 0000000E C=CODE     S=.text    G=(none)   M=ModernizacaoPublica.LerXml ACBP=A9
 0001:00004350 0000000E C=CODE     S=.text    G=(none)   M=NEAInformatica.Provider ACBP=A9
 0001:00004360 0000000E C=CODE     S=.text    G=(none)   M=NEAInformatica.GravarXml ACBP=A9
 0001:00004370 0000000E C=CODE     S=.text    G=(none)   M=NEAInformatica.LerXml ACBP=A9
 0001:00004380 0000000E C=CODE     S=.text    G=(none)   M=NotaInteligente.Provider ACBP=A9
 0001:00004390 0000000E C=CODE     S=.text    G=(none)   M=NotaInteligente.GravarXml ACBP=A9
 0001:000043A0 0000000E C=CODE     S=.text    G=(none)   M=NotaInteligente.LerXml ACBP=A9
 0001:000043B0 0000000E C=CODE     S=.text    G=(none)   M=Prodata.Provider ACBP=A9
 0001:000043C0 0000000E C=CODE     S=.text    G=(none)   M=Prodata.GravarXml ACBP=A9
 0001:000043D0 0000000E C=CODE     S=.text    G=(none)   M=Prodata.LerXml ACBP=A9
 0001:000043E0 0000000E C=CODE     S=.text    G=(none)   M=PRODAUB.Provider ACBP=A9
 0001:000043F0 0000000E C=CODE     S=.text    G=(none)   M=PRODAUB.GravarXml ACBP=A9
 0001:00004400 0000000E C=CODE     S=.text    G=(none)   M=PRODAUB.LerXml ACBP=A9
 0001:00004410 0000000E C=CODE     S=.text    G=(none)   M=PublicSoft.Provider ACBP=A9
 0001:00004420 0000000E C=CODE     S=.text    G=(none)   M=PublicSoft.GravarXml ACBP=A9
 0001:00004430 0000000E C=CODE     S=.text    G=(none)   M=PublicSoft.LerXml ACBP=A9
 0001:00004440 0000000E C=CODE     S=.text    G=(none)   M=RLZ.Provider ACBP=A9
 0001:00004450 0000000E C=CODE     S=.text    G=(none)   M=RLZ.GravarXml ACBP=A9
 0001:00004460 0000000E C=CODE     S=.text    G=(none)   M=RLZ.LerXml ACBP=A9
 0001:00004470 0000000E C=CODE     S=.text    G=(none)   M=Saatri.Provider ACBP=A9
 0001:00004480 0000000E C=CODE     S=.text    G=(none)   M=Saatri.GravarXml ACBP=A9
 0001:00004490 0000000E C=CODE     S=.text    G=(none)   M=Saatri.LerXml ACBP=A9
 0001:000044A0 0000000E C=CODE     S=.text    G=(none)   M=SafeWeb.Provider ACBP=A9
 0001:000044B0 0000000E C=CODE     S=.text    G=(none)   M=SafeWeb.GravarXml ACBP=A9
 0001:000044C0 0000000E C=CODE     S=.text    G=(none)   M=SafeWeb.LerXml ACBP=A9
[...]
 0001:00006548 0000000E C=CODE     S=.text    G=(none)   M=ACBrPAF_S ACBP=A9
 0001:00006558 0000000E C=CODE     S=.text    G=(none)   M=ACBrPAF_T_Class ACBP=A9
 0001:00006568 0000000E C=CODE     S=.text    G=(none)   M=ACBrPAF_T ACBP=A9
 0001:00006578 0000000E C=CODE     S=.text    G=(none)   M=ACBrPAF_TITP_Class ACBP=A9
 0001:00006588 0000000E C=CODE     S=.text    G=(none)   M=ACBrPAF_TITP ACBP=A9
 0001:00006598 0000000E C=CODE     S=.text    G=(none)   M=ACBrPAF_W_Class ACBP=A9
 0001:000065A8 0000000E C=CODE     S=.text    G=(none)   M=ACBrPAF_W ACBP=A9
 0001:000065B8 0000000E C=CODE     S=.text    G=(none)   M=ACBrPAF_U_Class ACBP=A9
 0001:000065C8 0000000E C=CODE     S=.text    G=(none)   M=ACBrPAF_U ACBP=A9
 0001:000065D8 0000000E C=CODE     S=.text    G=(none)   M=ACBrPAF_V_Class ACBP=A9
 0001:000065E8 0000000E C=CODE     S=.text    G=(none)   M=ACBrPAF_V ACBP=A9
 0001:000065F8 0000000E C=CODE     S=.text    G=(none)   M=ACBrPAF_Z_Class ACBP=A9
 0001:00006608 0000000E C=CODE     S=.text    G=(none)   M=ACBrPAF_Z ACBP=A9
 0001:00006618 0000000E C=CODE     S=.text    G=(none)   M=dmgerarmapasecf ACBP=A9
 0001:00006628 0000000E C=CODE     S=.text    G=(none)   M=ACBrBlocoX ACBP=A9
 0001:00006638 0000000E C=CODE     S=.text    G=(none)   M=ACBrBlocoX_WebServices ACBP=A9
 0001:00006648 0000000E C=CODE     S=.text    G=(none)   M=pcnRetEnvBlocoX ACBP=A9
 0001:00006658 0000000E C=CODE     S=.text    G=(none)   M=ACBrBlocoX_Comum ACBP=A9
 0001:00006668 0000000E C=CODE     S=.text    G=(none)   M=ACBrBlocoX_ReducaoZ ACBP=A9
 0001:00006678 0000000E C=CODE     S=.text    G=(none)   M=ACBrBlocoX_Estoque ACBP=A9
 0001:00006688 0000000E C=CODE     S=.text    G=(none)   M=ACBrBlocoX_Consulta ACBP=A9
 0001:00006698 0000000E C=CODE     S=.text    G=(none)   M=KAZip    ACBP=A9
 0001:000066A8 0000000E C=CODE     S=.text    G=(none)   M=fmmensagemgrid ACBP=A9
 0001:000066B8 0000000E C=CODE     S=.text    G=(none)   M=dmgerarsintegraemarquivo ACBP=A9
 0001:000066C8 0000000E C=CODE     S=.text    G=(none)   M=dmefd    ACBP=A9
 0001:000066D8 0000000E C=CODE     S=.text    G=(none)   M=ACBrSpedFiscal ACBP=A9
 0001:000066E8 0000000E C=CODE     S=.text    G=(none)   M=ACBrSped ACBP=A9
 0001:000066F8 0000000E C=CODE     S=.text    G=(none)   M=ACBrEFDBlocos ACBP=A9
 0001:00006708 0000000E C=CODE     S=.text    G=(none)   M=ACBrEFDBloco_0_Class ACBP=A9
 0001:00006718 0000000E C=CODE     S=.text    G=(none)   M=ACBrEFDBloco_0 ACBP=A9
 0001:00006728 0000000E C=CODE     S=.text    G=(none)   M=ACBrEFDBloco_1_Class ACBP=A9
 0001:00006738 0000000E C=CODE     S=.text    G=(none)   M=ACBrEFDBloco_1 ACBP=A9
 0001:00006748 0000000E C=CODE     S=.text    G=(none)   M=ACBrEFDBloco_9_Class ACBP=A9
 0001:00006758 0000000E C=CODE     S=.text    G=(none)   M=ACBrEFDBloco_9 ACBP=A9
 0001:00006768 0000000E C=CODE     S=.text    G=(none)   M=ACBrEFDBloco_B_Class ACBP=A9
 0001:00006778 0000000E C=CODE     S=.text    G=(none)   M=ACBrEFDBloco_B ACBP=A9
 0001:00006788 0000000E C=CODE     S=.text    G=(none)   M=ACBrEFDBloco_C_Class ACBP=A9
 0001:00006798 0000000E C=CODE     S=.text    G=(none)   M=ACBrEFDBloco_C ACBP=A9
 0001:000067A8 0000000E C=CODE     S=.text    G=(none)   M=ACBrEFDBloco_D_Class ACBP=A9
 0001:000067B8 0000000E C=CODE     S=.text    G=(none)   M=ACBrEFDBloco_D ACBP=A9
 0001:000067C8 0000000E C=CODE     S=.text    G=(none)   M=ACBrEFDBloco_E_Class ACBP=A9
 0001:000067D8 0000000E C=CODE     S=.text    G=(none)   M=ACBrEFDBloco_E ACBP=A9
 0001:000067E8 0000000E C=CODE     S=.text    G=(none)   M=ACBrEFDBloco_G_Class ACBP=A9
 0001:000067F8 0000000E C=CODE     S=.text    G=(none)   M=ACBrEFDBloco_G ACBP=A9
 0001:00006808 0000000E C=CODE     S=.text    G=(none)   M=ACBrEFDBloco_H_Class ACBP=A9
 0001:00006818 0000000E C=CODE     S=.text    G=(none)   M=ACBrEFDBloco_H ACBP=A9
 0001:00006828 0000000E C=CODE     S=.text    G=(none)   M=ACBrEFDBloco_K_Class ACBP=A9
 0001:00006838 0000000E C=CODE     S=.text    G=(none)   M=ACBrEFDBloco_K ACBP=A9
 0001:00006848 0000000E C=CODE     S=.text    G=(none)   M=ACBrEFDBloco_0_Events ACBP=A9
 0001:00006858 0000000E C=CODE     S=.text    G=(none)   M=ACBrEFDBloco_B_Events ACBP=A9
 0001:00006868 0000000E C=CODE     S=.text    G=(none)   M=ACBrEFDBloco_C_Events ACBP=A9
 0001:00006878 0000000E C=CODE     S=.text    G=(none)   M=ACBrEFDBloco_D_Events ACBP=A9
 0001:00006888 0000000E C=CODE     S=.text    G=(none)   M=ACBrEFDBloco_E_Events ACBP=A9
 0001:00006898 0000000E C=CODE     S=.text    G=(none)   M=cptable  ACBP=A9
 0001:000068A8 0000000E C=CODE     S=.text    G=(none)   M=dmcontrolenotasfiscaiseletronicas ACBP=A9
 0001:000068B8 0000000E C=CODE     S=.text    G=(none)   M=dmimprimefiscal ACBP=A9
 0001:000068C8 0000000E C=CODE     S=.text    G=(none)   M=terminal ACBP=A9
 0001:000068D8 0000000E C=CODE     S=.text    G=(none)   M=dmacertocupomcancelado ACBP=A9
 0001:000068E8 0000000E C=CODE     S=.text    G=(none)   M=ctcontantesdmbasico ACBP=A9
 0001:000068F8 0000000E C=CODE     S=.text    G=(none)   M=fmEnquete ACBP=A9
 0001:00006908 0000000E C=CODE     S=.text    G=(none)   M=dmEnquete ACBP=A9
 0001:00006918 0000000E C=CODE     S=.text    G=(none)   M=AdvEdit  ACBP=A9
 0001:00006928 0000000E C=CODE     S=.text    G=(none)   M=AdvEddd  ACBP=A9
 0001:00006938 0000000E C=CODE     S=.text    G=(none)   M=DBAdvEd  ACBP=A9
 0001:00006948 0000000E C=CODE     S=.text    G=(none)   M=dbcgrids ACBP=A9
 0001:00006958 0000000E C=CODE     S=.text    G=(none)   M=DBTabControl ACBP=A9
 0001:00006968 0000000E C=CODE     S=.text    G=(none)   M=AdvOfficeButtons ACBP=A9
 0001:00006978 0000000E C=CODE     S=.text    G=(none)   M=AdvGroupBox ACBP=A9
 0001:00006988 0000000E C=CODE     S=.text    G=(none)   M=AOBXPVS  ACBP=A9
 0001:00006998 0000000E C=CODE     S=.text    G=(none)   M=DBAdvOfficeButtons ACBP=A9
 0001:000069A8 0000000E C=CODE     S=.text    G=(none)   M=MaskEdEx ACBP=A9
 0001:000069B8 0000000E C=CODE     S=.text    G=(none)   M=uProcessamentoNFE ACBP=A9
 0001:000069C8 0000000E C=CODE     S=.text    G=(none)   M=AsgListb ACBP=A9
 0001:000069D8 0000000E C=CODE     S=.text    G=(none)   M=frintervalodatas ACBP=A9
 0001:000069E8 00002658 C=CODE     S=.text    G=(none)   M=fmMonitorNFeEntradaSefaz ACBP=A9
 0001:00009040 00000016 C=CODE     S=.text    G=(none)   M=versao   ACBP=A9
 0001:00009058 00003304 C=CODE     S=.text    G=(none)   M=monitorNfe ACBP=A9
 0002:00000000 0000001C C=DATA     S=.data    G=DGROUP   M=SysInit  ACBP=A9
 0002:00001000 00000008 C=BSS      S=.bss     G=DGROUP   M=SysInit  ACBP=A9
 0002:00001008 00000004 C=BSS      S=.bss     G=DGROUP   M=ShellAPI ACBP=A9
 0002:0000100C 00000004 C=BSS      S=.bss     G=DGROUP   M=Windows  ACBP=A9
 0002:00001010 00000004 C=BSS      S=.bss     G=DGROUP   M=Messages ACBP=A9
 0002:00001014 00000004 C=BSS      S=.bss     G=DGROUP   M=CommCtrl ACBP=A9
 0002:00001018 00000004 C=BSS      S=.bss     G=DGROUP   M=Imm      ACBP=A9
 0002:0000101C 00000004 C=BSS      S=.bss     G=DGROUP   M=ShlObj   ACBP=A9
 0002:00001020 00000004 C=BSS      S=.bss     G=DGROUP   M=UrlMon   ACBP=A9
 0002:00001024 00000004 C=BSS      S=.bss     G=DGROUP   M=WinInet  ACBP=A9
 0002:00001028 00000004 C=BSS      S=.bss     G=DGROUP   M=RegStr   ACBP=A9
 0002:0000102C 00000004 C=BSS      S=.bss     G=DGROUP   M=WinSpool ACBP=A9
 0002:00001030 00000004 C=BSS      S=.bss     G=DGROUP   M=CommDlg  ACBP=A9
 0002:00001034 00000004 C=BSS      S=.bss     G=DGROUP   M=Dlgs     ACBP=A9
 0002:00001038 00000004 C=BSS      S=.bss     G=DGROUP   M=RichEdit ACBP=A9
 0002:0000103C 00000004 C=BSS      S=.bss     G=DGROUP   M=TlHelp32 ACBP=A9
 0002:00001040 00000004 C=BSS      S=.bss     G=DGROUP   M=MMSystem ACBP=A9
 0002:00001044 00000004 C=BSS      S=.bss     G=DGROUP   M=ACBr_NTStatus ACBP=A9
 0002:00001048 00000004 C=BSS      S=.bss     G=DGROUP   M=WinSock  ACBP=A9
 0002:0000104C 00000008 C=BSS      S=.bss     G=DGROUP   M=fmMonitorNFeEntradaSefaz ACBP=A9


  Address         Publics by Name

 0002:00001020       .1
 0002:00001038       .1
 0002:00001018       .1
 0002:00001014       .1
 0002:00001034       .1
 0002:0000101C       .1
 0002:00001008       .1
 0002:00001030       .1
 0002:00001004       .1
 0002:00001010       .1
 0002:00001024       .1
 0002:00001048       .1
 0002:00001044       .1
 0002:00001028       .1
 0002:0000103C       .1
 0002:00001050       .2
 0002:0000102C       .3
 0002:0000100C       .3
 0002:00001040       .7
 0001:000000CC       @InitExe
 0001:000027B0       ACBr_NTStatus
 0001:00007F44       AtualizarCTesCancelados
 0001:00008140       AtualizarNSU
 0001:0000835C       AtualizarNSUFaltantes
 0001:000005F0       CommCtrl
 0001:000009E0       CommDlg
 0001:00000A18       Dlgs
 0001:00000A60       Finalization
 0001:000009E8       Finalization
 0001:000009B0       Finalization
 0001:00002898       Finalization
 0001:00000978       Finalization
 0001:000008C8       Finalization
 0001:00000890       Finalization
 0001:00000820       Finalization
 0001:00000798       Finalization
 0001:000005C0       Finalization
 0001:00000FF0       Finalization
 0001:000001D8       Finalization
 0001:00009008       Finalization
 0001:00000180       Finalization
 0001:00000148       Finalization
 0001:00009058       Finalization
 0001:00000110       Finalization
 0001:00001DD0       Finalization
 0001:00002780       Finalization
 0001:00000858       Finalization
 0001:00009038       fmMonitorNFeEntradaSefaz
 0002:0000104C       frmMonitorNFeEntradaSefaz
 0001:000000B8       GetModuleHandle
 0002:00001000       HInstance
 0001:000007C8       Imm
 0001:000000C0       InitializeModule
 0001:00000208       Messages
 0001:00001E00       MMSystem
 0002:00000004       Module
 0001:0000C1C8       monitorNfe
 0001:00007EE4       PermiteAcessarDistribuicaoCTe
 0001:00007E84       PermiteAcessarDistribuicaoNFe
 0001:000008F8       RegStr
 0001:00000A90       RichEdit
 0001:00000178       ShellAPI
 0001:00000850       ShlObj
 0001:00000140       SysInit
 0001:00008D38       TfrmMonitorNFeEntradaSefaz.BuscarInformacoesSefaz
 0001:000075F4       TfrmMonitorNFeEntradaSefaz.Create
 0001:00008C78       TfrmMonitorNFeEntradaSefaz.dbgFiliaisLocalDblClick
 0001:00008AA8       TfrmMonitorNFeEntradaSefaz.dbgNFESefazDrawColumnCell
 0001:0000766C       TfrmMonitorNFeEntradaSefaz.Destroy
 0001:00008A7C       TfrmMonitorNFeEntradaSefaz.FormCloseQuery
 0001:00008CA4       TfrmMonitorNFeEntradaSefaz.MarcarFilial
 0001:00008538       TfrmMonitorNFeEntradaSefaz.Processamento
 0001:00008E04       TfrmMonitorNFeEntradaSefaz.qryFiliaisAfterPost
 0001:00008E28       TfrmMonitorNFeEntradaSefaz.qryFiliaisBeforePost
 0001:00008EC8       TfrmMonitorNFeEntradaSefaz.qryFiliaisCalcFields
 0001:00008E90       TfrmMonitorNFeEntradaSefaz.qryFiliaisFilterRecord
 0001:00007D5C       TfrmMonitorNFeEntradaSefaz.qryNSUSFilterRecord
 0001:00008D20       TfrmMonitorNFeEntradaSefaz.sbnBuscarNFeServidorSefazClick
 0001:00008D04       TfrmMonitorNFeEntradaSefaz.sbnDesmarcarFiliaisClick
 0001:00008CE8       TfrmMonitorNFeEntradaSefaz.sbnMarcarFiliaisClick
 0001:00007DD8       TfrmMonitorNFeEntradaSefaz.sbnPararClick
 0001:000076C8       TfrmMonitorNFeEntradaSefaz.Timer1Timer
 0001:00001020       TlHelp32
 0002:00000000       TlsIndex
 0001:00000888       UrlMon
 0001:000001B0       Windows
 0001:000008C0       WinInet
 0001:000028C8       WinSock
 0001:000009A8       WinSpool


  Address         Publics by Value

 0001:000000B8       GetModuleHandle
 0001:000000C0       InitializeModule
 0001:000000CC       @InitExe
 0001:00000110       Finalization
 0001:00000140       SysInit
 0001:00000148       Finalization
 0001:00000178       ShellAPI
 0001:00000180       Finalization
 0001:000001B0       Windows
 0001:000001D8       Finalization
 0001:00000208       Messages
 0001:000005C0       Finalization
 0001:000005F0       CommCtrl
 0001:00000798       Finalization
 0001:000007C8       Imm
 0001:00000820       Finalization
 0001:00000850       ShlObj
 0001:00000858       Finalization
 0001:00000888       UrlMon
 0001:00000890       Finalization
 0001:000008C0       WinInet
 0001:000008C8       Finalization
 0001:000008F8       RegStr
 0001:00000978       Finalization
 0001:000009A8       WinSpool
 0001:000009B0       Finalization
 0001:000009E0       CommDlg
 0001:000009E8       Finalization
 0001:00000A18       Dlgs
 0001:00000A60       Finalization
 0001:00000A90       RichEdit
 0001:00000FF0       Finalization
 0001:00001020       TlHelp32
 0001:00001DD0       Finalization
 0001:00001E00       MMSystem
 0001:00002780       Finalization
 0001:000027B0       ACBr_NTStatus
 0001:00002898       Finalization
 0001:000028C8       WinSock
 0001:000075F4       TfrmMonitorNFeEntradaSefaz.Create
 0001:0000766C       TfrmMonitorNFeEntradaSefaz.Destroy
 0001:000076C8       TfrmMonitorNFeEntradaSefaz.Timer1Timer
 0001:00007D5C       TfrmMonitorNFeEntradaSefaz.qryNSUSFilterRecord
 0001:00007DD8       TfrmMonitorNFeEntradaSefaz.sbnPararClick
 0001:00007E84       PermiteAcessarDistribuicaoNFe
 0001:00007EE4       PermiteAcessarDistribuicaoCTe
 0001:00007F44       AtualizarCTesCancelados
 0001:00008140       AtualizarNSU
 0001:0000835C       AtualizarNSUFaltantes
 0001:00008538       TfrmMonitorNFeEntradaSefaz.Processamento
 0001:00008A7C       TfrmMonitorNFeEntradaSefaz.FormCloseQuery
 0001:00008AA8       TfrmMonitorNFeEntradaSefaz.dbgNFESefazDrawColumnCell
 0001:00008C78       TfrmMonitorNFeEntradaSefaz.dbgFiliaisLocalDblClick
 0001:00008CA4       TfrmMonitorNFeEntradaSefaz.MarcarFilial
 0001:00008CE8       TfrmMonitorNFeEntradaSefaz.sbnMarcarFiliaisClick
 0001:00008D04       TfrmMonitorNFeEntradaSefaz.sbnDesmarcarFiliaisClick
 0001:00008D20       TfrmMonitorNFeEntradaSefaz.sbnBuscarNFeServidorSefazClick
 0001:00008D38       TfrmMonitorNFeEntradaSefaz.BuscarInformacoesSefaz
 0001:00008E04       TfrmMonitorNFeEntradaSefaz.qryFiliaisAfterPost
 0001:00008E28       TfrmMonitorNFeEntradaSefaz.qryFiliaisBeforePost
 0001:00008E90       TfrmMonitorNFeEntradaSefaz.qryFiliaisFilterRecord
 0001:00008EC8       TfrmMonitorNFeEntradaSefaz.qryFiliaisCalcFields
 0001:00009008       Finalization
 0001:00009038       fmMonitorNFeEntradaSefaz
 0001:00009058       Finalization
 0001:0000C1C8       monitorNfe
 0002:00000000       TlsIndex
 0002:00000004       Module
 0002:00001000       HInstance
 0002:00001004       .1
 0002:00001008       .1
 0002:0000100C       .3
 0002:00001010       .1
 0002:00001014       .1
 0002:00001018       .1
 0002:0000101C       .1
 0002:00001020       .1
 0002:00001024       .1
 0002:00001028       .1
 0002:0000102C       .3
 0002:00001030       .1
 0002:00001034       .1
 0002:00001038       .1
 0002:0000103C       .1
 0002:00001040       .7
 0002:00001044       .1
 0002:00001048       .1
 0002:0000104C       frmMonitorNFeEntradaSefaz
 0002:00001050       .2


Line numbers for ACBr_NTStatus(..\..\..\Fontes\Terceiros\CodeGear\ACBr_NTStatus.pas) segment .text

 18067 0001:000027B0 18067 0001:000027B7

Line numbers for fmMonitorNFeEntradaSefaz(..\..\repositorio\fmMonitorNFeEntradaSefaz.pas) segment .text

   165 0001:000075F4   166 0001:0000760F   168 0001:0000761C   171 0001:0000762E
   173 0001:0000763C   179 0001:00007665   182 0001:0000766C   183 0001:0000767D
   184 0001:0000768D   185 0001:0000769A   186 0001:000076A8   188 0001:000076C4
   194 0001:000076C8   197 0001:000076EE   201 0001:0000771C   204 0001:00007752
   206 0001:00007778   207 0001:00007786   209 0001:00007806   213 0001:00007815
   215 0001:0000781D   219 0001:00007833   220 0001:0000783B   223 0001:0000784F
   224 0001:0000785B   226 0001:00007872   227 0001:00007886   233 0001:000078A7
   234 0001:000078EC   236 0001:00007900   237 0001:0000790C   239 0001:00007928
   250 0001:000079CF   251 0001:00007A14   253 0001:00007A28   254 0001:00007A34
   256 0001:00007A50   259 0001:00007AF2   260 0001:00007B06   266 0001:00007B27
   267 0001:00007B2F   268 0001:00007B43   275 0001:00007B58   276 0001:00007B96
   279 0001:00007BA0   284 0001:00007C05   286 0001:00007C48   290 0001:00007D5C
   292 0001:00007D7F   293 0001:00007DC0   296 0001:00007DD8   297 0001:00007DE4
   298 0001:00007DF7   299 0001:00007E01   300 0001:00007E0B   301 0001:00007E17
   303 0001:00007E25   305 0001:00007E35   306 0001:00007E51   313 0001:00007E84
   314 0001:00007E88   320 0001:00007EDD   323 0001:00007EE4   324 0001:00007EE8
   330 0001:00007F3D   333 0001:00007F44   335 0001:00007F4D   337 0001:00007F62
   339 0001:00007F90   340 0001:00007FA1   342 0001:00007FB2   345 0001:00007FC8
   347 0001:00007FF6   349 0001:0000800A   351 0001:00008020   353 0001:00008031
   354 0001:0000803F   356 0001:0000809C   358 0001:000080AC   359 0001:000080C6
   343 0001:000080D2   362 0001:000080EB   365 0001:00008140   366 0001:00008162
   368 0001:00008175   369 0001:00008193   371 0001:000081C1   372 0001:000081D2
   374 0001:000081E3   376 0001:000081FF   377 0001:0000825C   378 0001:00008269
   383 0001:000082EB   386 0001:0000835C   388 0001:0000835F   391 0001:00008372
   394 0001:0000838F   395 0001:000083A4   396 0001:000083C4   397 0001:000083F2
   399 0001:00008431   400 0001:00008442   402 0001:00008453   404 0001:0000846B
   406 0001:00008478   413 0001:000084C7   416 0001:00008538   417 0001:00008563
   418 0001:0000856D   419 0001:0000857E   421 0001:0000858C   423 0001:00008598
   426 0001:000085A8   430 0001:000085BB   436 0001:000085D5   437 0001:000085DF
   439 0001:000085F1   454 0001:000085FB   456 0001:0000860A   457 0001:00008618
   458 0001:00008633   459 0001:0000864E   460 0001:0000865F   462 0001:00008672
   463 0001:0000867E   464 0001:0000868A   466 0001:00008696   469 0001:000086A6
   470 0001:000086B2   471 0001:000086BE   472 0001:000086C9   474 0001:000086D0
   477 0001:000086E0   478 0001:000086EC   479 0001:000086F8   481 0001:00008703
   482 0001:0000870D   487 0001:0000874A   489 0001:00008755   490 0001:0000875F
   492 0001:0000879C   493 0001:000087A8   496 0001:000087AF   500 0001:000087C1
   516 0001:0000889B   519 0001:000088D9   521 0001:000088FE   524 0001:00008921
   427 0001:0000892F   532 0001:00008952   533 0001:0000895C   537 0001:0000899D
   541 0001:00008A7C   542 0001:00008A8B   543 0001:00008A99   544 0001:00008AA3
   549 0001:00008AA8   551 0001:00008AD1   553 0001:00008AEF   555 0001:00008B1B
   556 0001:00008B31   559 0001:00008B4C   561 0001:00008B78   562 0001:00008B8E
   565 0001:00008BA6   567 0001:00008BD2   568 0001:00008BE8   571 0001:00008BFE
   574 0001:00008C36   577 0001:00008C78   579 0001:00008C84   580 0001:00008C9F
   583 0001:00008CA4   584 0001:00008CB0   585 0001:00008CBE   586 0001:00008CD2
   587 0001:00008CE3   590 0001:00008CE8   592 0001:00008CF4   593 0001:00008CFE
   596 0001:00008D04   598 0001:00008D10   599 0001:00008D1A   603 0001:00008D20
   605 0001:00008D2C   606 0001:00008D34   609 0001:00008D38   610 0001:00008D3F
   612 0001:00008D4F   614 0001:00008D59   615 0001:00008D6C   616 0001:00008D88
   618 0001:00008D99   619 0001:00008DB0   620 0001:00008DC6   621 0001:00008DD4
   625 0001:00008E04   627 0001:00008E10   628 0001:00008E23   633 0001:00008E28
   635 0001:00008E47   637 0001:00008E89   641 0001:00008E90   643 0001:00008E9F
   644 0001:00008EB1   645 0001:00008EC4   649 0001:00008EC8   651 0001:00008EEA
   652 0001:00008EFF   654 0001:00008F12   656 0001:00008F64   657 0001:00008F79
   659 0001:00008F8C   661 0001:00009003   663 0001:00009038   663 0001:0000903F

Line numbers for monitorNfe(C:\projetos.vcl\apps\tecsoft\pmonitornfe.dpr) segment .text

    20 0001:0000C1C8    26 0001:0000C1F1    28 0001:0000C1FD    30 0001:0000C20B
    31 0001:0000C21C    32 0001:0000C238    33 0001:0000C24F    35 0001:0000C25B
    37 0001:0000C275    38 0001:0000C28F    40 0001:0000C2A4    41 0001:0000C2BC
    52 0001:0000C2D7    53 0001:0000C2E3    54 0001:0000C2ED    56 0001:0000C2FB
    61 0001:0000C331

Bound resource files

fmMonitorNFeEntradaSefaz.dfm
monitorNfe.res
monitorNfe.drf


Program entry point at 0001:0000C1C8
