-- 26/06 09:02:12:172 - InfoECF: ineEstadoECF
-- 26/06 09:02:12:462 -     Ret: V
-- 26/06 09:02:12:462 - InfoECF: ineSubTotal
-- 26/06 09:02:12:762 -     Ret: 10
-- 26/06 09:02:12:762 - InfoECF: ineTotalAPagar
-- 26/06 09:02:12:762 -     Ret: 0
-- 26/06 09:02:12:762 - TEF_DIAL IniciarRequisicao: CRT
-- 26/06 09:02:12:762 - ConfirmarTransacoesAnteriores
-- 26/06 09:02:12:762 - TEF_DIAL IniciarRequisicao: ATV
-- 26/06 09:02:12:762 - TEF_DIAL FinalizarRequisicao: ATV, Fechando arquivo: C:\TEF_DIAL\req\intpos.tmp
-- 26/06 09:02:12:802 - TEF_DIAL FinalizarRequisicao: ATV, Renomeando: C:\TEF_DIAL\req\intpos.tmp para: C:\TEF_DIAL\req\intpos.001
-- 26/06 09:02:12:802 - TEF_DIAL FinalizarRequisicao: ATV, Aguardando: C:\TEF_DIAL\resp\intpos.sts
-- 26/06 09:02:13:052 - TEF_DIAL FinalizarRequisicao: ATV, Fim da Espera de: C:\TEF_DIAL\resp\intpos.sts Recebido
-- 26/06 09:02:13:052 - TEF_DIAL FinalizarRequisicao: ATV, Verificando conteudo de: C:\TEF_DIAL\resp\intpos.sts
-- 26/06 09:02:13:052 - TEF_DIAL FinalizarRequisicao: CRT, Fechando arquivo: C:\TEF_DIAL\req\intpos.tmp
-- 26/06 09:02:13:072 - TEF_DIAL FinalizarRequisicao: CRT, Renomeando: C:\TEF_DIAL\req\intpos.tmp para: C:\TEF_DIAL\req\intpos.001
-- 26/06 09:02:13:072 - TEF_DIAL FinalizarRequisicao: CRT, Aguardando: C:\TEF_DIAL\resp\intpos.sts
-- 26/06 09:02:13:322 - TEF_DIAL FinalizarRequisicao: CRT, Fim da Espera de: C:\TEF_DIAL\resp\intpos.sts Recebido
-- 26/06 09:02:13:322 - TEF_DIAL FinalizarRequisicao: CRT, Verificando conteudo de: C:\TEF_DIAL\resp\intpos.sts
-- 26/06 09:02:13:322 - TEF_DIAL LerRespostaRequisicao: CRT, Aguardando: C:\TEF_DIAL\resp\intpos.001
-- 26/06 09:02:20:072 - TEF_DIAL LerRespostaRequisicao: CRT, Fim da Espera de: C:\TEF_DIAL\resp\intpos.001 Recebido
-- 26/06 09:02:20:072 - TEF_DIAL LerRespostaRequisicao: CRT, Verificando conteudo de: C:\TEF_DIAL\resp\intpos.001
-- 26/06 09:02:20:072 - TEF_DIAL ProcessarRespostaPagamento: CRT - 32450 Indice: 02 Valor:10,00
-- 26/06 09:02:20:072 -  CopiarResposta: CRT - 32450 Arq: C:\projetos.vcl\apps\tecsoft\ACBr_TEF_DIAL_001.tef
-- 26/06 09:02:20:102 - TEF_DIAL FinalizarResposta: CRT
-- 26/06 09:02:20:102 - FinalizarCupom
-- 26/06 09:02:20:102 - BloquearMouseTeclado: SIM
-- 26/06 09:02:20:102 - InfoECF: ineEstadoECF
-- 26/06 09:02:20:362 -     Ret: V
-- 26/06 09:02:20:362 - TEF_DIAL ECFSubtotaliza: DescAcres: 0,00
-- 26/06 09:02:20:812 - TEF_DIAL ComandarECF: Oper: opeImprimePagamentos
-- 26/06 09:02:21:112 - InfoECF: ineEstadoECF
-- 26/06 09:02:21:412 -     Ret: P
-- 26/06 09:02:21:412 - InfoECF: ineSubTotal
-- 26/06 09:02:21:562 -     Ret: 10
-- 26/06 09:02:21:562 - TEF_DIAL ECFPagamento: Indice: 02 Valor: 14,00
-- 26/06 09:02:21:562 - TEF_DIAL CancelarTransacoesPendentesClass 
-- 26/06 09:02:21:572 - TEF_DIAL IniciarRequisicao: NCN
-- 26/06 09:02:21:572 - TEF_DIAL IniciarRequisicao: ATV
-- 26/06 09:02:21:572 - TEF_DIAL FinalizarRequisicao: ATV, Fechando arquivo: C:\TEF_DIAL\req\intpos.tmp
-- 26/06 09:02:21:602 - TEF_DIAL FinalizarRequisicao: ATV, Renomeando: C:\TEF_DIAL\req\intpos.tmp para: C:\TEF_DIAL\req\intpos.001
-- 26/06 09:02:21:602 - TEF_DIAL FinalizarRequisicao: ATV, Aguardando: C:\TEF_DIAL\resp\intpos.sts
-- 26/06 09:02:21:852 - TEF_DIAL FinalizarRequisicao: ATV, Fim da Espera de: C:\TEF_DIAL\resp\intpos.sts Recebido
-- 26/06 09:02:21:852 - TEF_DIAL FinalizarRequisicao: ATV, Verificando conteudo de: C:\TEF_DIAL\resp\intpos.sts
-- 26/06 09:02:21:852 - TEF_DIAL FinalizarRequisicao: NCN, Fechando arquivo: C:\TEF_DIAL\req\intpos.tmp
-- 26/06 09:02:21:872 - TEF_DIAL FinalizarRequisicao: NCN, Renomeando: C:\TEF_DIAL\req\intpos.tmp para: C:\TEF_DIAL\req\intpos.001
-- 26/06 09:02:21:872 - TEF_DIAL FinalizarRequisicao: NCN, Aguardando: C:\TEF_DIAL\resp\intpos.sts
-- 26/06 09:02:22:122 - TEF_DIAL FinalizarRequisicao: NCN, Fim da Espera de: C:\TEF_DIAL\resp\intpos.sts Recebido
-- 26/06 09:02:22:122 - TEF_DIAL FinalizarRequisicao: NCN, Verificando conteudo de: C:\TEF_DIAL\resp\intpos.sts
-- 26/06 09:02:22:122 - TEF_DIAL DoExibeMsg: Oper: opmOK Mensagem: Última Transação TEF foi cancelada

Rede: CERTIF
NSU: 002437016275
Valor: 14,00
-- 26/06 09:02:22:122 - BloquearMouseTeclado: NAO
-- 26/06 09:03:11:422 - BloquearMouseTeclado: SIM
