-- 04/06 11:05:23:795 - TEF_DIAL DesInicializado
-- 04/06 11:05:23:796 - TEF_DIAL Inicializado
-- 04/06 11:05:23:796 - TEF_DIAL CancelarTransacoesPendentesClass 
-- 04/06 11:05:23:796 - TEF_DIAL IniciarRequisicao: ATV
-- 04/06 11:05:23:797 - TEF_DIAL FinalizarRequisicao: ATV, Fechando arquivo: C:\TEF_DIAL\req\intpos.tmp
-- 04/06 11:05:23:838 - TEF_DIAL FinalizarRequisicao: ATV, Renomeando: C:\TEF_DIAL\req\intpos.tmp para: C:\TEF_DIAL\req\intpos.001
-- 04/06 11:05:23:838 - TEF_DIAL FinalizarRequisicao: ATV, Aguardando: C:\TEF_DIAL\resp\intpos.sts
-- 04/06 11:05:23:849 - TEF_DIAL FinalizarRequisicao: ATV, Fim da Espera de: C:\TEF_DIAL\resp\intpos.sts Recebido
-- 04/06 11:05:23:849 - TEF_DIAL FinalizarRequisicao: ATV, Verificando conteudo de: C:\TEF_DIAL\resp\intpos.sts
-- 04/06 11:05:34:876 - TEF_DIAL CancelarTransacoesPendentesClass 
-- 04/06 11:09:23:299 - TEF_DIAL DesInicializado
-- 04/06 11:09:23:300 - TEF_DIAL Inicializado
-- 04/06 11:09:23:300 - TEF_DIAL CancelarTransacoesPendentesClass 
-- 04/06 11:09:23:301 - TEF_DIAL IniciarRequisicao: ATV
-- 04/06 11:09:23:302 - TEF_DIAL FinalizarRequisicao: ATV, Fechando arquivo: C:\TEF_DIAL\req\intpos.tmp
-- 04/06 11:09:23:339 - TEF_DIAL FinalizarRequisicao: ATV, Renomeando: C:\TEF_DIAL\req\intpos.tmp para: C:\TEF_DIAL\req\intpos.001
-- 04/06 11:09:23:340 - TEF_DIAL FinalizarRequisicao: ATV, Aguardando: C:\TEF_DIAL\resp\intpos.sts
-- 04/06 11:09:23:530 - TEF_DIAL FinalizarRequisicao: ATV, Fim da Espera de: C:\TEF_DIAL\resp\intpos.sts Recebido
-- 04/06 11:09:23:530 - TEF_DIAL FinalizarRequisicao: ATV, Verificando conteudo de: C:\TEF_DIAL\resp\intpos.sts
-- 04/06 11:09:34:515 - TEF_DIAL CancelarTransacoesPendentesClass 
