00000001	0.00000000	[7840] 2026-03-20T16:01:01 [sbprotect] {00001ea0:00001fa8} <1:Debug> (afed701e7bfe12d2\src\sbprotect\TrackingClient.cpp:58) Tracking client initialised	
00000002	0.00153160	[7840] 2026-03-20T16:01:01 [sbprotect] {00001ea0:00001fa8} <1:Debug> (afed701e7bfe12d2\src\sbprotect\RegCache.cpp:37) Registry cache initialised	
00000003	0.00162370	[7840] 2026-03-20T16:01:01 [sbprotect] {00001ea0:00001fa8} <2:Info>  (afed701e7bfe12d2\src\sbprotect\main.cpp:314) **************************************************	
00000004	0.00170710	[7840] 2026-03-20T16:01:01 [sbprotect] {00001ea0:00001fa8} <2:Info>  (afed701e7bfe12d2\src\sbprotect\main.cpp:315) *                Protect Started                 *	
00000005	0.00178630	[7840] 2026-03-20T16:01:01 [sbprotect] {00001ea0:00001fa8} <2:Info>  (afed701e7bfe12d2\src\sbprotect\main.cpp:316) **************************************************	
00000006	0.00195740	[7840] 2026-03-20T16:01:01 [sbprotect] {00001ea0:00001fa8} <2:Info>  (afed701e7bfe12d2\src\sbprotect\main.cpp:259) Command line: '--runonce'	
00000007	0.00206670	[7840] 2026-03-20T16:01:01 [sbprotect] {00001ea0:00001fa8} <2:Info>  (afed701e7bfe12d2\src\sbprotect\main.cpp:233) Product details:	
00000008	0.00215300	[7840] 2026-03-20T16:01:01 [sbprotect] {00001ea0:00001fa8} <2:Info>  (afed701e7bfe12d2\src\sbprotect\main.cpp:241)  - build date: 'Aug 24 2025'	
00000009	0.00223080	[7840] 2026-03-20T16:01:01 [sbprotect] {00001ea0:00001fa8} <2:Info>  (afed701e7bfe12d2\src\sbprotect\main.cpp:241)  - build number: '348'	
00000010	0.00230730	[7840] 2026-03-20T16:01:01 [sbprotect] {00001ea0:00001fa8} <2:Info>  (afed701e7bfe12d2\src\sbprotect\main.cpp:241)  - build time: '10:47:24'	
00000011	0.00238640	[7840] 2026-03-20T16:01:01 [sbprotect] {00001ea0:00001fa8} <2:Info>  (afed701e7bfe12d2\src\sbprotect\main.cpp:241)  - build timestamp: 'Aug 24 2025 10:47:24'	
00000012	0.00246460	[7840] 2026-03-20T16:01:01 [sbprotect] {00001ea0:00001fa8} <2:Info>  (afed701e7bfe12d2\src\sbprotect\main.cpp:241)  - company: 'Gen Digital Inc.'	
00000013	0.00254520	[7840] 2026-03-20T16:01:01 [sbprotect] {00001ea0:00001fa8} <2:Info>  (afed701e7bfe12d2\src\sbprotect\main.cpp:241)  - copyright: '(C) 2017-2025 Gen Digital Inc.'	
00000014	0.00262800	[7840] 2026-03-20T16:01:01 [sbprotect] {00001ea0:00001fa8} <2:Info>  (afed701e7bfe12d2\src\sbprotect\main.cpp:241)  - description: 'Secure Browser Protect'	
00000015	0.00270570	[7840] 2026-03-20T16:01:01 [sbprotect] {00001ea0:00001fa8} <2:Info>  (afed701e7bfe12d2\src\sbprotect\main.cpp:241)  - file name: 'AvastBrowserProtect.exe'	
00000016	0.00278330	[7840] 2026-03-20T16:01:01 [sbprotect] {00001ea0:00001fa8} <2:Info>  (afed701e7bfe12d2\src\sbprotect\main.cpp:241)  - file version: '1.0.6.348'	
00000017	0.00286170	[7840] 2026-03-20T16:01:01 [sbprotect] {00001ea0:00001fa8} <2:Info>  (afed701e7bfe12d2\src\sbprotect\main.cpp:241)  - git commit: '17e85a0bcd91265c934d35aec955726209af3f06'	
00000018	0.00293820	[7840] 2026-03-20T16:01:01 [sbprotect] {00001ea0:00001fa8} <2:Info>  (afed701e7bfe12d2\src\sbprotect\main.cpp:241)  - internal name: 'sbprotect'	
00000019	0.00301840	[7840] 2026-03-20T16:01:01 [sbprotect] {00001ea0:00001fa8} <2:Info>  (afed701e7bfe12d2\src\sbprotect\main.cpp:241)  - os arch: 'x64'	
00000020	0.00309460	[7840] 2026-03-20T16:01:01 [sbprotect] {00001ea0:00001fa8} <2:Info>  (afed701e7bfe12d2\src\sbprotect\main.cpp:241)  - product arch: 'x86'	
00000021	0.00318090	[7840] 2026-03-20T16:01:01 [sbprotect] {00001ea0:00001fa8} <2:Info>  (afed701e7bfe12d2\src\sbprotect\main.cpp:241)  - product name: 'Secure Browser Protect'	
00000022	0.00326730	[7840] 2026-03-20T16:01:01 [sbprotect] {00001ea0:00001fa8} <2:Info>  (afed701e7bfe12d2\src\sbprotect\main.cpp:241)  - product version: '1.0.6.348'	
00000023	0.00337430	[7840] 2026-03-20T16:01:01 [sbprotect] {00001ea0:00001fa8} <2:Info>  (afed701e7bfe12d2\src\sbprotect\main.cpp:241)  - target system: 'windows'	
00000024	0.00346290	[7840] 2026-03-20T16:01:01 [sbprotect] {00001ea0:00001fa8} <2:Info>  (afed701e7bfe12d2\src\sbprotect\CliOpts.cpp:156) CliOpts:	
00000025	0.00372660	[7840] 2026-03-20T16:01:01 [sbprotect] {00001ea0:00001fa8} <2:Info>  (afed701e7bfe12d2\src\sbprotect\CliOpts.cpp:157) - GetHelp: false	
00000026	0.00399220	[7840] 2026-03-20T16:01:01 [sbprotect] {00001ea0:00001fa8} <2:Info>  (afed701e7bfe12d2\src\sbprotect\CliOpts.cpp:158) - GetVersion: false	
00000027	0.00418750	[7840] 2026-03-20T16:01:01 [sbprotect] {00001ea0:00001fa8} <2:Info>  (afed701e7bfe12d2\src\sbprotect\CliOpts.cpp:159) - GetRunOnce: true	
00000028	0.00439970	[7840] 2026-03-20T16:01:01 [sbprotect] {00001ea0:00001fa8} <2:Info>  (afed701e7bfe12d2\src\sbprotect\CliOpts.cpp:160) - GetRegistration: false	
00000029	0.00457000	[7840] 2026-03-20T16:01:01 [sbprotect] {00001ea0:00001fa8} <2:Info>  (afed701e7bfe12d2\src\sbprotect\CliOpts.cpp:161) - GetForceReset: false	
00000030	0.00472980	[7840] 2026-03-20T16:01:01 [sbprotect] {00001ea0:00001fa8} <2:Info>  (afed701e7bfe12d2\src\sbprotect\CliOpts.cpp:162) - GetDevMode: false	
00000031	0.00488450	[7840] 2026-03-20T16:01:01 [sbprotect] {00001ea0:00001fa8} <2:Info>  (afed701e7bfe12d2\src\sbprotect\CliOpts.cpp:163) - GetRegMode: 0 (NONE)	
00000032	0.00502780	[7840] 2026-03-20T16:01:01 [sbprotect] {00001ea0:00001fa8} <2:Info>  (afed701e7bfe12d2\src\sbprotect\CliOpts.cpp:164) - GetTaskInterval: ''	
00000033	0.00510510	[7840] 2026-03-20T16:01:01 [sbprotect] {00001ea0:00001fa8} <2:Info>  (afed701e7bfe12d2\src\sbprotect\Settings.cpp:147) Settings:	
00000034	0.00556810	[7840] 2026-03-20T16:01:01 [sbprotect] {00001ea0:00001fa8} <2:Info>  (afed701e7bfe12d2\src\sbprotect\Settings.cpp:148) - GetDebugMode: false	
00000035	0.00596350	[7840] 2026-03-20T16:01:01 [sbprotect] {00001ea0:00001fa8} <2:Info>  (afed701e7bfe12d2\src\sbprotect\Settings.cpp:149) - GetCheckIntervalSecs: 10 (0x0000000a)	
00000036	0.00633640	[7840] 2026-03-20T16:01:01 [sbprotect] {00001ea0:00001fa8} <2:Info>  (afed701e7bfe12d2\src\sbprotect\Settings.cpp:150) - GetWuEventWindowSecs: 86400 (0x00015180)	
00000037	0.00675270	[7840] 2026-03-20T16:01:01 [sbprotect] {00001ea0:00001fa8} <2:Info>  (afed701e7bfe12d2\src\sbprotect\Settings.cpp:151) - GetEventWindowSecs: 600 (0x00000258)	
00000038	0.00688240	[7840] 2026-03-20T16:01:01 [sbprotect] {00001ea0:00001fa8} <2:Info>  (afed701e7bfe12d2\src\sbprotect\Settings.cpp:152) - GetLogLevel: 0 (Trace)	
00000039	0.00701070	[7840] 2026-03-20T16:01:01 [sbprotect] {00001ea0:00001fa8} <2:Info>  (afed701e7bfe12d2\src\sbprotect\Settings.cpp:153) - GetLogFilePath: ''	
00000040	0.00743030	[7840] 2026-03-20T16:01:01 [sbprotect] {00001ea0:00001fa8} <2:Info>  (afed701e7bfe12d2\src\sbprotect\Settings.cpp:154) - GetProtectionLevel: 2 (last)	
00000041	0.00781180	[7840] 2026-03-20T16:01:01 [sbprotect] {00001ea0:00001fa8} <2:Info>  (afed701e7bfe12d2\src\sbprotect\Settings.cpp:155) - GetMaxRelatedSearchDepth: 4294967295 (0xffffffff)	
00000042	0.00825130	[7840] 2026-03-20T16:01:01 [sbprotect] {00001ea0:00001fa8} <2:Info>  (afed701e7bfe12d2\src\sbprotect\Settings.cpp:156) - GetTrackingEventBits: 0x00000030 (unknown)	
00000043	0.00837940	[7840] 2026-03-20T16:01:01 [sbprotect] {00001ea0:00001fa8} <2:Info>  (afed701e7bfe12d2\src\sbprotect\Settings.cpp:157) - GetTrackingScheme: 'https://'	
00000044	0.00850590	[7840] 2026-03-20T16:01:01 [sbprotect] {00001ea0:00001fa8} <2:Info>  (afed701e7bfe12d2\src\sbprotect\Settings.cpp:158) - GetTrackingPrefix: ''	
00000045	0.00861320	[7840] 2026-03-20T16:01:01 [sbprotect] {00001ea0:00001fa8} <2:Info>  (afed701e7bfe12d2\src\sbprotect\Settings.cpp:159) - GetTrackingEndpointBase: 'stats.securebrowser.com'	
00000046	0.00876910	[7840] 2026-03-20T16:01:01 [sbprotect] {00001ea0:00001fa8} <2:Info>  (afed701e7bfe12d2\src\sbprotect\Settings.cpp:160) - GetTrackingEndpoint: 'https://stats.securebrowser.com'	
00000047	0.00888430	[7840] 2026-03-20T16:01:01 [sbprotect] {00001ea0:00001fa8} <2:Info>  (afed701e7bfe12d2\src\sbprotect\Settings.cpp:161) - GetTrackingMaxRetryPerClient: 1 (0x00000001)	
00000048	0.00907760	[7840] 2026-03-20T16:01:01 [sbprotect] {00001ea0:00001fa8} <2:Info>  (afed701e7bfe12d2\src\sbprotect\Settings.cpp:162) - GetTrackingMaxRetryPerClientSet: 1 (0x00000001)	
00000049	0.00925680	[7840] 2026-03-20T16:01:01 [sbprotect] {00001ea0:00001fa8} <2:Info>  (afed701e7bfe12d2\src\sbprotect\Settings.cpp:163) - GetTrackingTimeoutCnxMs: 500 (0x000001f4)	
00000050	0.00958430	[7840] 2026-03-20T16:01:01 [sbprotect] {00001ea0:00001fa8} <2:Info>  (afed701e7bfe12d2\src\sbprotect\Settings.cpp:164) - GetTrackingTimeoutXfrMs: 500 (0x000001f4)	
00000051	0.00971740	[7840] 2026-03-20T16:01:01 [sbprotect] {00001ea0:00001fa8} <2:Info>  (afed701e7bfe12d2\src\sbprotect\Settings.cpp:165) - GetSbRegKey: 'Software\Avast Software\Browser'	
00000052	0.00999070	[7840] 2026-03-20T16:01:01 [sbprotect] {00001ea0:00001fa8} <2:Info>  (afed701e7bfe12d2\src\sbprotect\Settings.cpp:166) - GetProtectRegKey: 'Software\Avast Software\Browser\Protect'	
00000053	0.01013830	[7840] 2026-03-20T16:01:01 [sbprotect] {00001ea0:00001fa8} <2:Info>  (afed701e7bfe12d2\src\sbprotect\main.cpp:248) SB Info:	
00000054	0.01032580	[7840] 2026-03-20T16:01:01 [sbprotect] {00001ea0:00001fa8} <2:Info>  (afed701e7bfe12d2\src\sbprotect\main.cpp:249)  - Name: 'Avast Secure Browser'	
00000055	0.01495970	[7840] 2026-03-20T16:01:01 [sbprotect] {00001ea0:00001fa8} <2:Info>  (afed701e7bfe12d2\src\sbprotect\main.cpp:250)  - SB ProgId: 'AvastHTML'	
00000056	0.01851740	[7840] 2026-03-20T16:01:01 [sbprotect] {00001ea0:00001fa8} <2:Info>  (afed701e7bfe12d2\src\sbprotect\main.cpp:251)  - SB Filepath: 'C:\Program Files\AVAST Software\Browser\Application\AvastBrowser.exe'	
00000057	0.01993930	[7840] 2026-03-20T16:01:01 [sbprotect] {00001ea0:00001fa8} <2:Info>  (afed701e7bfe12d2\src\sbprotect\main.cpp:368) Starting protection...	
00000058	0.47131130	[7840] 2026-03-20T16:01:01 [sbprotect] {00001ea0:00001fa8} <1:Debug> (afed701e7bfe12d2\src\sbprotect\TrackingClient.cpp:74) Tracking event 'startup' (0x000001) [0x000030] is disabled	
00000059	0.47142079	[7840] 2026-03-20T16:01:01 [sbprotect] {00001ea0:00001fa8} <1:Debug> (afed701e7bfe12d2\src\sbprotect\Protector.cpp:263) Performing initial checks	
00000060	0.47159600	[7840] 2026-03-20T16:01:01 [sbprotect] {00001ea0:00001fa8} <0:Trace> (afed701e7bfe12d2\src\sbprotect\AppAssociationManager.cpp:76) **************************************************	
00000061	0.47162139	[7840] 2026-03-20T16:01:01 [sbprotect] {00001ea0:00001fa8} <0:Trace> (afed701e7bfe12d2\src\sbprotect\AppAssociationManager.cpp:77)                  Performing checks	
00000062	0.47171539	[7840] 2026-03-20T16:01:01 [sbprotect] {00001ea0:00001fa8} <0:Trace> (afed701e7bfe12d2\src\sbprotect\AppAssociationManager.cpp:78) **************************************************	
00000063	0.47180781	[7840] 2026-03-20T16:01:01 [sbprotect] {00001ea0:00001fa8} <1:Debug> (afed701e7bfe12d2\src\sbprotect\Candidates.cpp:506) Loading Candidates	
00000064	0.47189760	[7840] 2026-03-20T16:01:01 [sbprotect] {00001ea0:00001fa8} <1:Debug> (afed701e7bfe12d2\src\sbprotect\Candidates.cpp:514) Candidates stale, reloading	
00000065	1.13888836	[7840] 2026-03-20T16:01:02 [sbprotect] {00001ea0:00001fa8} <0:Trace> (afed701e7bfe12d2\src\sbprotect\Candidates.cpp:593) Adding candidate: Internet Explorer	
00000066	1.18903065	[7840] 2026-03-20T16:01:02 [sbprotect] {00001ea0:00001fa8} <0:Trace> (afed701e7bfe12d2\src\sbprotect\Candidates.cpp:453) Watching candidate path: "C:\\Program Files\\Internet Explorer"	
00000067	1.18916476	[7840] 2026-03-20T16:01:02 [sbprotect] {00001ea0:00001fa8} <0:Trace> (afed701e7bfe12d2\src\sbprotect\Candidates.cpp:413) Adding related candidate file: "C:\\Program Files\\Internet Explorer\\ExtExport.exe"	
00000068	1.18953931	[7840] 2026-03-20T16:01:02 [sbprotect] {00001ea0:00001fa8} <0:Trace> (afed701e7bfe12d2\src\sbprotect\Candidates.cpp:413) Adding related candidate file: "C:\\Program Files\\Internet Explorer\\hmmapi.dll"	
00000069	1.18972874	[7840] 2026-03-20T16:01:02 [sbprotect] {00001ea0:00001fa8} <0:Trace> (afed701e7bfe12d2\src\sbprotect\Candidates.cpp:413) Adding related candidate file: "C:\\Program Files\\Internet Explorer\\iediagcmd.exe"	
00000070	1.18987274	[7840] 2026-03-20T16:01:02 [sbprotect] {00001ea0:00001fa8} <0:Trace> (afed701e7bfe12d2\src\sbprotect\Candidates.cpp:413) Adding related candidate file: "C:\\Program Files\\Internet Explorer\\ieinstal.exe"	
00000071	1.19001508	[7840] 2026-03-20T16:01:02 [sbprotect] {00001ea0:00001fa8} <0:Trace> (afed701e7bfe12d2\src\sbprotect\Candidates.cpp:413) Adding related candidate file: "C:\\Program Files\\Internet Explorer\\ielowutil.exe"	
00000072	1.19026685	[7840] 2026-03-20T16:01:02 [sbprotect] {00001ea0:00001fa8} <0:Trace> (afed701e7bfe12d2\src\sbprotect\Candidates.cpp:413) Adding related candidate file: "C:\\Program Files\\Internet Explorer\\IEShims.dll"	
00000073	1.19046676	[7840] 2026-03-20T16:01:02 [sbprotect] {00001ea0:00001fa8} <0:Trace> (afed701e7bfe12d2\src\sbprotect\Candidates.cpp:413) Adding related candidate file: "C:\\Program Files\\Internet Explorer\\iexplore.exe"	
00000074	1.19109344	[7840] 2026-03-20T16:01:02 [sbprotect] {00001ea0:00001fa8} <0:Trace> (afed701e7bfe12d2\src\sbprotect\Candidates.cpp:413) Adding related candidate file: "C:\\Program Files\\Internet Explorer\\sqmapi.dll"	
00000075	1.20058036	[7840] 2026-03-20T16:01:02 [sbprotect] {00001ea0:00001fa8} <0:Trace> (afed701e7bfe12d2\src\sbprotect\Candidates.cpp:639) Watching candidate capabilities: HKEY_LOCAL_MACHINE\SOFTWARE\Microsoft\Internet Explorer\Capabilities	
00000076	1.20484543	[7840] 2026-03-20T16:01:02 [sbprotect] {00001ea0:00001fa8} <0:Trace> (afed701e7bfe12d2\src\sbprotect\Candidates.cpp:593) Adding candidate: Microsoft Edge	
00000077	1.20738184	[7840] 2026-03-20T16:01:02 [sbprotect] {00001ea0:00001fa8} <0:Trace> (afed701e7bfe12d2\src\sbprotect\Candidates.cpp:453) Watching candidate path: "C:\\Program Files (x86)\\Microsoft\\Edge\\Application"	
00000078	1.20794129	[7840] 2026-03-20T16:01:02 [sbprotect] {00001ea0:00001fa8} <0:Trace> (afed701e7bfe12d2\src\sbprotect\Candidates.cpp:413) Adding related candidate file: "C:\\Program Files (x86)\\Microsoft\\Edge\\Application\\146.0.3856.62\\BHO\\ie_to_edge_bho.dll"	
00000079	1.20808947	[7840] 2026-03-20T16:01:02 [sbprotect] {00001ea0:00001fa8} <0:Trace> (afed701e7bfe12d2\src\sbprotect\Candidates.cpp:413) Adding related candidate file: "C:\\Program Files (x86)\\Microsoft\\Edge\\Application\\146.0.3856.62\\BHO\\ie_to_edge_bho_64.dll"	
00000080	1.20823228	[7840] 2026-03-20T16:01:02 [sbprotect] {00001ea0:00001fa8} <0:Trace> (afed701e7bfe12d2\src\sbprotect\Candidates.cpp:413) Adding related candidate file: "C:\\Program Files (x86)\\Microsoft\\Edge\\Application\\146.0.3856.62\\BHO\\ie_to_edge_stub.exe"	
00000081	1.20842040	[7840] 2026-03-20T16:01:02 [sbprotect] {00001ea0:00001fa8} <0:Trace> (afed701e7bfe12d2\src\sbprotect\Candidates.cpp:413) Adding related candidate file: "C:\\Program Files (x86)\\Microsoft\\Edge\\Application\\146.0.3856.62\\concrt140.dll"	
00000082	1.20856035	[7840] 2026-03-20T16:01:02 [sbprotect] {00001ea0:00001fa8} <0:Trace> (afed701e7bfe12d2\src\sbprotect\Candidates.cpp:413) Adding related candidate file: "C:\\Program Files (x86)\\Microsoft\\Edge\\Application\\146.0.3856.62\\cookie_exporter.exe"	
00000083	1.20870674	[7840] 2026-03-20T16:01:02 [sbprotect] {00001ea0:00001fa8} <0:Trace> (afed701e7bfe12d2\src\sbprotect\Candidates.cpp:413) Adding related candidate file: "C:\\Program Files (x86)\\Microsoft\\Edge\\Application\\146.0.3856.62\\d3dcompiler_47.dll"	
00000084	1.20885003	[7840] 2026-03-20T16:01:02 [sbprotect] {00001ea0:00001fa8} <0:Trace> (afed701e7bfe12d2\src\sbprotect\Candidates.cpp:413) Adding related candidate file: "C:\\Program Files (x86)\\Microsoft\\Edge\\Application\\146.0.3856.62\\dual_engine_adapter_x64.dll"	
00000085	1.20898652	[7840] 2026-03-20T16:01:02 [sbprotect] {00001ea0:00001fa8} <0:Trace> (afed701e7bfe12d2\src\sbprotect\Candidates.cpp:413) Adding related candidate file: "C:\\Program Files (x86)\\Microsoft\\Edge\\Application\\146.0.3856.62\\dxcompiler.dll"	
00000086	1.20911217	[7840] 2026-03-20T16:01:02 [sbprotect] {00001ea0:00001fa8} <0:Trace> (afed701e7bfe12d2\src\sbprotect\Candidates.cpp:413) Adding related candidate file: "C:\\Program Files (x86)\\Microsoft\\Edge\\Application\\146.0.3856.62\\dxil.dll"	
00000087	1.20940208	[7840] 2026-03-20T16:01:02 [sbprotect] {00001ea0:00001fa8} <0:Trace> (afed701e7bfe12d2\src\sbprotect\Candidates.cpp:413) Adding related candidate file: "C:\\Program Files (x86)\\Microsoft\\Edge\\Application\\146.0.3856.62\\EBWebView\\x64\\EmbeddedBrowserWebView.dll"	
00000088	1.20965993	[7840] 2026-03-20T16:01:02 [sbprotect] {00001ea0:00001fa8} <0:Trace> (afed701e7bfe12d2\src\sbprotect\Candidates.cpp:413) Adding related candidate file: "C:\\Program Files (x86)\\Microsoft\\Edge\\Application\\146.0.3856.62\\EBWebView\\x86\\EmbeddedBrowserWebView.dll"	
00000089	1.21011436	[7840] 2026-03-20T16:01:02 [sbprotect] {00001ea0:00001fa8} <0:Trace> (afed701e7bfe12d2\src\sbprotect\Candidates.cpp:413) Adding related candidate file: "C:\\Program Files (x86)\\Microsoft\\Edge\\Application\\146.0.3856.62\\elevated_tracing_service.exe"	
00000090	1.21025598	[7840] 2026-03-20T16:01:02 [sbprotect] {00001ea0:00001fa8} <0:Trace> (afed701e7bfe12d2\src\sbprotect\Candidates.cpp:413) Adding related candidate file: "C:\\Program Files (x86)\\Microsoft\\Edge\\Application\\146.0.3856.62\\elevation_service.exe"	
00000091	1.21039736	[7840] 2026-03-20T16:01:02 [sbprotect] {00001ea0:00001fa8} <0:Trace> (afed701e7bfe12d2\src\sbprotect\Candidates.cpp:413) Adding related candidate file: "C:\\Program Files (x86)\\Microsoft\\Edge\\Application\\146.0.3856.62\\eventlog_provider.dll"	
00000092	1.21066403	[7840] 2026-03-20T16:01:02 [sbprotect] {00001ea0:00001fa8} <0:Trace> (afed701e7bfe12d2\src\sbprotect\Candidates.cpp:413) Adding related candidate file: "C:\\Program Files (x86)\\Microsoft\\Edge\\Application\\146.0.3856.62\\ffmpeg.dll"	
00000093	1.21080685	[7840] 2026-03-20T16:01:02 [sbprotect] {00001ea0:00001fa8} <0:Trace> (afed701e7bfe12d2\src\sbprotect\Candidates.cpp:413) Adding related candidate file: "C:\\Program Files (x86)\\Microsoft\\Edge\\Application\\146.0.3856.62\\identity_helper.exe"	
00000094	1.21151578	[7840] 2026-03-20T16:01:02 [sbprotect] {00001ea0:00001fa8} <0:Trace> (afed701e7bfe12d2\src\sbprotect\Candidates.cpp:413) Adding related candidate file: "C:\\Program Files (x86)\\Microsoft\\Edge\\Application\\146.0.3856.62\\Installer\\copilot_setup.exe"	
00000095	1.21166289	[7840] 2026-03-20T16:01:02 [sbprotect] {00001ea0:00001fa8} <0:Trace> (afed701e7bfe12d2\src\sbprotect\Candidates.cpp:413) Adding related candidate file: "C:\\Program Files (x86)\\Microsoft\\Edge\\Application\\146.0.3856.62\\Installer\\setup.exe"	
00000096	1.21184945	[7840] 2026-03-20T16:01:02 [sbprotect] {00001ea0:00001fa8} <0:Trace> (afed701e7bfe12d2\src\sbprotect\Candidates.cpp:413) Adding related candidate file: "C:\\Program Files (x86)\\Microsoft\\Edge\\Application\\146.0.3856.62\\learning_tools.dll"	
00000097	1.21198916	[7840] 2026-03-20T16:01:02 [sbprotect] {00001ea0:00001fa8} <0:Trace> (afed701e7bfe12d2\src\sbprotect\Candidates.cpp:413) Adding related candidate file: "C:\\Program Files (x86)\\Microsoft\\Edge\\Application\\146.0.3856.62\\libEGL.dll"	
00000098	1.21213067	[7840] 2026-03-20T16:01:02 [sbprotect] {00001ea0:00001fa8} <0:Trace> (afed701e7bfe12d2\src\sbprotect\Candidates.cpp:413) Adding related candidate file: "C:\\Program Files (x86)\\Microsoft\\Edge\\Application\\146.0.3856.62\\libGLESv2.dll"	
00000099	1.21302867	[7840] 2026-03-20T16:01:02 [sbprotect] {00001ea0:00001fa8} <0:Trace> (afed701e7bfe12d2\src\sbprotect\Candidates.cpp:413) Adding related candidate file: "C:\\Program Files (x86)\\Microsoft\\Edge\\Application\\146.0.3856.62\\microsoft_shell_integration.dll"	
00000100	1.21317947	[7840] 2026-03-20T16:01:02 [sbprotect] {00001ea0:00001fa8} <0:Trace> (afed701e7bfe12d2\src\sbprotect\Candidates.cpp:413) Adding related candidate file: "C:\\Program Files (x86)\\Microsoft\\Edge\\Application\\146.0.3856.62\\mip_core.dll"	
00000101	1.21332276	[7840] 2026-03-20T16:01:02 [sbprotect] {00001ea0:00001fa8} <0:Trace> (afed701e7bfe12d2\src\sbprotect\Candidates.cpp:413) Adding related candidate file: "C:\\Program Files (x86)\\Microsoft\\Edge\\Application\\146.0.3856.62\\mip_core_gn.dll"	
00000102	1.21346414	[7840] 2026-03-20T16:01:02 [sbprotect] {00001ea0:00001fa8} <0:Trace> (afed701e7bfe12d2\src\sbprotect\Candidates.cpp:413) Adding related candidate file: "C:\\Program Files (x86)\\Microsoft\\Edge\\Application\\146.0.3856.62\\mip_protection_sdk.dll"	
00000103	1.21364558	[7840] 2026-03-20T16:01:02 [sbprotect] {00001ea0:00001fa8} <0:Trace> (afed701e7bfe12d2\src\sbprotect\Candidates.cpp:413) Adding related candidate file: "C:\\Program Files (x86)\\Microsoft\\Edge\\Application\\146.0.3856.62\\mscopilot.exe"	
00000104	1.21378207	[7840] 2026-03-20T16:01:02 [sbprotect] {00001ea0:00001fa8} <0:Trace> (afed701e7bfe12d2\src\sbprotect\Candidates.cpp:413) Adding related candidate file: "C:\\Program Files (x86)\\Microsoft\\Edge\\Application\\146.0.3856.62\\msedge.dll"	
00000105	1.21392155	[7840] 2026-03-20T16:01:02 [sbprotect] {00001ea0:00001fa8} <0:Trace> (afed701e7bfe12d2\src\sbprotect\Candidates.cpp:413) Adding related candidate file: "C:\\Program Files (x86)\\Microsoft\\Edge\\Application\\146.0.3856.62\\msedge.exe"	
00000106	1.21410215	[7840] 2026-03-20T16:01:02 [sbprotect] {00001ea0:00001fa8} <0:Trace> (afed701e7bfe12d2\src\sbprotect\Candidates.cpp:413) Adding related candidate file: "C:\\Program Files (x86)\\Microsoft\\Edge\\Application\\146.0.3856.62\\msedgewebview2.exe"	
00000107	1.21426785	[7840] 2026-03-20T16:01:02 [sbprotect] {00001ea0:00001fa8} <0:Trace> (afed701e7bfe12d2\src\sbprotect\Candidates.cpp:413) Adding related candidate file: "C:\\Program Files (x86)\\Microsoft\\Edge\\Application\\146.0.3856.62\\msedge_elf.dll"	
00000108	1.21442413	[7840] 2026-03-20T16:01:02 [sbprotect] {00001ea0:00001fa8} <0:Trace> (afed701e7bfe12d2\src\sbprotect\Candidates.cpp:413) Adding related candidate file: "C:\\Program Files (x86)\\Microsoft\\Edge\\Application\\146.0.3856.62\\msedge_proxy.exe"	
00000109	1.21458960	[7840] 2026-03-20T16:01:02 [sbprotect] {00001ea0:00001fa8} <0:Trace> (afed701e7bfe12d2\src\sbprotect\Candidates.cpp:413) Adding related candidate file: "C:\\Program Files (x86)\\Microsoft\\Edge\\Application\\146.0.3856.62\\msedge_pwa_launcher.exe"	
00000110	1.21474278	[7840] 2026-03-20T16:01:02 [sbprotect] {00001ea0:00001fa8} <0:Trace> (afed701e7bfe12d2\src\sbprotect\Candidates.cpp:413) Adding related candidate file: "C:\\Program Files (x86)\\Microsoft\\Edge\\Application\\146.0.3856.62\\msedge_wer.dll"	
00000111	1.21488261	[7840] 2026-03-20T16:01:02 [sbprotect] {00001ea0:00001fa8} <0:Trace> (afed701e7bfe12d2\src\sbprotect\Candidates.cpp:413) Adding related candidate file: "C:\\Program Files (x86)\\Microsoft\\Edge\\Application\\146.0.3856.62\\mspdf.dll"	
00000112	1.21500397	[7840] 2026-03-20T16:01:02 [sbprotect] {00001ea0:00001fa8} <0:Trace> (afed701e7bfe12d2\src\sbprotect\Candidates.cpp:413) Adding related candidate file: "C:\\Program Files (x86)\\Microsoft\\Edge\\Application\\146.0.3856.62\\msvcp140.dll"	
00000113	1.21515906	[7840] 2026-03-20T16:01:02 [sbprotect] {00001ea0:00001fa8} <0:Trace> (afed701e7bfe12d2\src\sbprotect\Candidates.cpp:413) Adding related candidate file: "C:\\Program Files (x86)\\Microsoft\\Edge\\Application\\146.0.3856.62\\msvcp140_codecvt_ids.dll"	
00000114	1.21529901	[7840] 2026-03-20T16:01:02 [sbprotect] {00001ea0:00001fa8} <0:Trace> (afed701e7bfe12d2\src\sbprotect\Candidates.cpp:413) Adding related candidate file: "C:\\Program Files (x86)\\Microsoft\\Edge\\Application\\146.0.3856.62\\notification_click_helper.exe"	
00000115	1.21543717	[7840] 2026-03-20T16:01:02 [sbprotect] {00001ea0:00001fa8} <0:Trace> (afed701e7bfe12d2\src\sbprotect\Candidates.cpp:413) Adding related candidate file: "C:\\Program Files (x86)\\Microsoft\\Edge\\Application\\146.0.3856.62\\notification_helper.exe"	
00000116	1.21557701	[7840] 2026-03-20T16:01:02 [sbprotect] {00001ea0:00001fa8} <0:Trace> (afed701e7bfe12d2\src\sbprotect\Candidates.cpp:413) Adding related candidate file: "C:\\Program Files (x86)\\Microsoft\\Edge\\Application\\146.0.3856.62\\oneauth.dll"	
00000117	1.21571362	[7840] 2026-03-20T16:01:02 [sbprotect] {00001ea0:00001fa8} <0:Trace> (afed701e7bfe12d2\src\sbprotect\Candidates.cpp:413) Adding related candidate file: "C:\\Program Files (x86)\\Microsoft\\Edge\\Application\\146.0.3856.62\\oneds.dll"	
00000118	1.21585166	[7840] 2026-03-20T16:01:02 [sbprotect] {00001ea0:00001fa8} <0:Trace> (afed701e7bfe12d2\src\sbprotect\Candidates.cpp:413) Adding related candidate file: "C:\\Program Files (x86)\\Microsoft\\Edge\\Application\\146.0.3856.62\\onnxruntime.dll"	
00000119	1.21596909	[7840] 2026-03-20T16:01:02 [sbprotect] {00001ea0:00001fa8} <0:Trace> (afed701e7bfe12d2\src\sbprotect\Candidates.cpp:413) Adding related candidate file: "C:\\Program Files (x86)\\Microsoft\\Edge\\Application\\146.0.3856.62\\onramp.dll"	
00000120	1.21611142	[7840] 2026-03-20T16:01:02 [sbprotect] {00001ea0:00001fa8} <0:Trace> (afed701e7bfe12d2\src\sbprotect\Candidates.cpp:413) Adding related candidate file: "C:\\Program Files (x86)\\Microsoft\\Edge\\Application\\146.0.3856.62\\passkey_authenticator_plugin.exe"	
00000121	1.21637607	[7840] 2026-03-20T16:01:02 [sbprotect] {00001ea0:00001fa8} <0:Trace> (afed701e7bfe12d2\src\sbprotect\Candidates.cpp:413) Adding related candidate file: "C:\\Program Files (x86)\\Microsoft\\Edge\\Application\\146.0.3856.62\\PdfPreview\\PdfPreviewHandler.dll"	
00000122	1.21657336	[7840] 2026-03-20T16:01:02 [sbprotect] {00001ea0:00001fa8} <0:Trace> (afed701e7bfe12d2\src\sbprotect\Candidates.cpp:413) Adding related candidate file: "C:\\Program Files (x86)\\Microsoft\\Edge\\Application\\146.0.3856.62\\prefs_enclave_x64.dll"	
00000123	1.21676517	[7840] 2026-03-20T16:01:02 [sbprotect] {00001ea0:00001fa8} <0:Trace> (afed701e7bfe12d2\src\sbprotect\Candidates.cpp:413) Adding related candidate file: "C:\\Program Files (x86)\\Microsoft\\Edge\\Application\\146.0.3856.62\\pwahelper.exe"	
00000124	1.22074628	[7840] 2026-03-20T16:01:02 [sbprotect] {00001ea0:00001fa8} <0:Trace> (afed701e7bfe12d2\src\sbprotect\Candidates.cpp:413) Adding related candidate file: "C:\\Program Files (x86)\\Microsoft\\Edge\\Application\\146.0.3856.62\\telclient.dll"	
00000125	1.22136915	[7840] 2026-03-20T16:01:02 [sbprotect] {00001ea0:00001fa8} <0:Trace> (afed701e7bfe12d2\src\sbprotect\Candidates.cpp:413) Adding related candidate file: "C:\\Program Files (x86)\\Microsoft\\Edge\\Application\\146.0.3856.62\\vccorlib140.dll"	
00000126	1.22152185	[7840] 2026-03-20T16:01:02 [sbprotect] {00001ea0:00001fa8} <0:Trace> (afed701e7bfe12d2\src\sbprotect\Candidates.cpp:413) Adding related candidate file: "C:\\Program Files (x86)\\Microsoft\\Edge\\Application\\146.0.3856.62\\vcruntime140.dll"	
00000127	1.22167003	[7840] 2026-03-20T16:01:02 [sbprotect] {00001ea0:00001fa8} <0:Trace> (afed701e7bfe12d2\src\sbprotect\Candidates.cpp:413) Adding related candidate file: "C:\\Program Files (x86)\\Microsoft\\Edge\\Application\\146.0.3856.62\\vcruntime140_1.dll"	
00000128	1.22255051	[7840] 2026-03-20T16:01:02 [sbprotect] {00001ea0:00001fa8} <0:Trace> (afed701e7bfe12d2\src\sbprotect\Candidates.cpp:413) Adding related candidate file: "C:\\Program Files (x86)\\Microsoft\\Edge\\Application\\146.0.3856.62\\vk_swiftshader.dll"	
00000129	1.22275352	[7840] 2026-03-20T16:01:02 [sbprotect] {00001ea0:00001fa8} <0:Trace> (afed701e7bfe12d2\src\sbprotect\Candidates.cpp:413) Adding related candidate file: "C:\\Program Files (x86)\\Microsoft\\Edge\\Application\\146.0.3856.62\\vulkan-1.dll"	
00000130	1.22289884	[7840] 2026-03-20T16:01:02 [sbprotect] {00001ea0:00001fa8} <0:Trace> (afed701e7bfe12d2\src\sbprotect\Candidates.cpp:413) Adding related candidate file: "C:\\Program Files (x86)\\Microsoft\\Edge\\Application\\146.0.3856.62\\wdag.dll"	
00000131	1.22307420	[7840] 2026-03-20T16:01:02 [sbprotect] {00001ea0:00001fa8} <0:Trace> (afed701e7bfe12d2\src\sbprotect\Candidates.cpp:413) Adding related candidate file: "C:\\Program Files (x86)\\Microsoft\\Edge\\Application\\146.0.3856.62\\webview2_integration.dll"	
00000132	1.22350776	[7840] 2026-03-20T16:01:02 [sbprotect] {00001ea0:00001fa8} <0:Trace> (afed701e7bfe12d2\src\sbprotect\Candidates.cpp:413) Adding related candidate file: "C:\\Program Files (x86)\\Microsoft\\Edge\\Application\\146.0.3856.62\\WidevineCdm\\_platform_specific\\win_x64\\widevinecdm.dll"	
00000133	1.22378325	[7840] 2026-03-20T16:01:02 [sbprotect] {00001ea0:00001fa8} <0:Trace> (afed701e7bfe12d2\src\sbprotect\Candidates.cpp:413) Adding related candidate file: "C:\\Program Files (x86)\\Microsoft\\Edge\\Application\\146.0.3856.62\\wns_push_client.dll"	
00000134	1.22397625	[7840] 2026-03-20T16:01:02 [sbprotect] {00001ea0:00001fa8} <0:Trace> (afed701e7bfe12d2\src\sbprotect\Candidates.cpp:413) Adding related candidate file: "C:\\Program Files (x86)\\Microsoft\\Edge\\Application\\msedge.exe"	
00000135	1.22412443	[7840] 2026-03-20T16:01:02 [sbprotect] {00001ea0:00001fa8} <0:Trace> (afed701e7bfe12d2\src\sbprotect\Candidates.cpp:413) Adding related candidate file: "C:\\Program Files (x86)\\Microsoft\\Edge\\Application\\msedge_proxy.exe"	
00000136	1.22426248	[7840] 2026-03-20T16:01:02 [sbprotect] {00001ea0:00001fa8} <0:Trace> (afed701e7bfe12d2\src\sbprotect\Candidates.cpp:413) Adding related candidate file: "C:\\Program Files (x86)\\Microsoft\\Edge\\Application\\pwahelper.exe"	
00000137	1.29533625	[7840] 2026-03-20T16:01:02 [sbprotect] {00001ea0:00001fa8} <0:Trace> (afed701e7bfe12d2\src\sbprotect\Candidates.cpp:639) Watching candidate capabilities: HKEY_LOCAL_MACHINE\SOFTWARE\Clients\StartMenuInternet\Microsoft Edge\Capabilities	
00000138	1.30234957	[7840] 2026-03-20T16:01:02 [sbprotect] {00001ea0:00001fa8} <0:Trace> (afed701e7bfe12d2\src\sbprotect\Candidates.cpp:593) Adding candidate: Google Chrome	
00000139	1.30483806	[7840] 2026-03-20T16:01:02 [sbprotect] {00001ea0:00001fa8} <0:Trace> (afed701e7bfe12d2\src\sbprotect\Candidates.cpp:453) Watching candidate path: "C:\\Program Files\\Google\\Chrome\\Application"	
00000140	1.30520904	[7840] 2026-03-20T16:01:02 [sbprotect] {00001ea0:00001fa8} <0:Trace> (afed701e7bfe12d2\src\sbprotect\Candidates.cpp:413) Adding related candidate file: "C:\\Program Files\\Google\\Chrome\\Application\\146.0.7680.81\\chrome.dll"	
00000141	1.30536115	[7840] 2026-03-20T16:01:02 [sbprotect] {00001ea0:00001fa8} <0:Trace> (afed701e7bfe12d2\src\sbprotect\Candidates.cpp:413) Adding related candidate file: "C:\\Program Files\\Google\\Chrome\\Application\\146.0.7680.81\\chrome_elf.dll"	
00000142	1.30550265	[7840] 2026-03-20T16:01:02 [sbprotect] {00001ea0:00001fa8} <0:Trace> (afed701e7bfe12d2\src\sbprotect\Candidates.cpp:413) Adding related candidate file: "C:\\Program Files\\Google\\Chrome\\Application\\146.0.7680.81\\chrome_pwa_launcher.exe"	
00000143	1.30564094	[7840] 2026-03-20T16:01:02 [sbprotect] {00001ea0:00001fa8} <0:Trace> (afed701e7bfe12d2\src\sbprotect\Candidates.cpp:413) Adding related candidate file: "C:\\Program Files\\Google\\Chrome\\Application\\146.0.7680.81\\chrome_wer.dll"	
00000144	1.30577922	[7840] 2026-03-20T16:01:02 [sbprotect] {00001ea0:00001fa8} <0:Trace> (afed701e7bfe12d2\src\sbprotect\Candidates.cpp:413) Adding related candidate file: "C:\\Program Files\\Google\\Chrome\\Application\\146.0.7680.81\\d3dcompiler_47.dll"	
00000145	1.30605078	[7840] 2026-03-20T16:01:02 [sbprotect] {00001ea0:00001fa8} <0:Trace> (afed701e7bfe12d2\src\sbprotect\Candidates.cpp:413) Adding related candidate file: "C:\\Program Files\\Google\\Chrome\\Application\\146.0.7680.81\\dxcompiler.dll"	
00000146	1.30618882	[7840] 2026-03-20T16:01:02 [sbprotect] {00001ea0:00001fa8} <0:Trace> (afed701e7bfe12d2\src\sbprotect\Candidates.cpp:413) Adding related candidate file: "C:\\Program Files\\Google\\Chrome\\Application\\146.0.7680.81\\dxil.dll"	
00000147	1.30632865	[7840] 2026-03-20T16:01:02 [sbprotect] {00001ea0:00001fa8} <0:Trace> (afed701e7bfe12d2\src\sbprotect\Candidates.cpp:413) Adding related candidate file: "C:\\Program Files\\Google\\Chrome\\Application\\146.0.7680.81\\elevated_tracing_service.exe"	
00000148	1.30646682	[7840] 2026-03-20T16:01:02 [sbprotect] {00001ea0:00001fa8} <0:Trace> (afed701e7bfe12d2\src\sbprotect\Candidates.cpp:413) Adding related candidate file: "C:\\Program Files\\Google\\Chrome\\Application\\146.0.7680.81\\elevation_service.exe"	
00000149	1.30660498	[7840] 2026-03-20T16:01:02 [sbprotect] {00001ea0:00001fa8} <0:Trace> (afed701e7bfe12d2\src\sbprotect\Candidates.cpp:413) Adding related candidate file: "C:\\Program Files\\Google\\Chrome\\Application\\146.0.7680.81\\eventlog_provider.dll"	
00000150	1.30692697	[7840] 2026-03-20T16:01:02 [sbprotect] {00001ea0:00001fa8} <0:Trace> (afed701e7bfe12d2\src\sbprotect\Candidates.cpp:413) Adding related candidate file: "C:\\Program Files\\Google\\Chrome\\Application\\146.0.7680.81\\Installer\\chrmstp.exe"	
00000151	1.30710006	[7840] 2026-03-20T16:01:02 [sbprotect] {00001ea0:00001fa8} <0:Trace> (afed701e7bfe12d2\src\sbprotect\Candidates.cpp:413) Adding related candidate file: "C:\\Program Files\\Google\\Chrome\\Application\\146.0.7680.81\\Installer\\setup.exe"	
00000152	1.30741835	[7840] 2026-03-20T16:01:02 [sbprotect] {00001ea0:00001fa8} <0:Trace> (afed701e7bfe12d2\src\sbprotect\Candidates.cpp:413) Adding related candidate file: "C:\\Program Files\\Google\\Chrome\\Application\\146.0.7680.81\\libEGL.dll"	
00000153	1.30753767	[7840] 2026-03-20T16:01:02 [sbprotect] {00001ea0:00001fa8} <0:Trace> (afed701e7bfe12d2\src\sbprotect\Candidates.cpp:413) Adding related candidate file: "C:\\Program Files\\Google\\Chrome\\Application\\146.0.7680.81\\libGLESv2.dll"	
00000154	1.30878973	[7840] 2026-03-20T16:01:02 [sbprotect] {00001ea0:00001fa8} <0:Trace> (afed701e7bfe12d2\src\sbprotect\Candidates.cpp:413) Adding related candidate file: "C:\\Program Files\\Google\\Chrome\\Application\\146.0.7680.81\\notification_helper.exe"	
00000155	1.30893934	[7840] 2026-03-20T16:01:02 [sbprotect] {00001ea0:00001fa8} <0:Trace> (afed701e7bfe12d2\src\sbprotect\Candidates.cpp:413) Adding related candidate file: "C:\\Program Files\\Google\\Chrome\\Application\\146.0.7680.81\\optimization_guide_internal.dll"	
00000156	1.30914283	[7840] 2026-03-20T16:01:02 [sbprotect] {00001ea0:00001fa8} <0:Trace> (afed701e7bfe12d2\src\sbprotect\Candidates.cpp:413) Adding related candidate file: "C:\\Program Files\\Google\\Chrome\\Application\\146.0.7680.81\\os_update_handler.exe"	
00000157	1.30966175	[7840] 2026-03-20T16:01:02 [sbprotect] {00001ea0:00001fa8} <0:Trace> (afed701e7bfe12d2\src\sbprotect\Candidates.cpp:413) Adding related candidate file: "C:\\Program Files\\Google\\Chrome\\Application\\146.0.7680.81\\vk_swiftshader.dll"	
00000158	1.30981207	[7840] 2026-03-20T16:01:02 [sbprotect] {00001ea0:00001fa8} <0:Trace> (afed701e7bfe12d2\src\sbprotect\Candidates.cpp:413) Adding related candidate file: "C:\\Program Files\\Google\\Chrome\\Application\\146.0.7680.81\\vulkan-1.dll"	
00000159	1.31018794	[7840] 2026-03-20T16:01:02 [sbprotect] {00001ea0:00001fa8} <0:Trace> (afed701e7bfe12d2\src\sbprotect\Candidates.cpp:413) Adding related candidate file: "C:\\Program Files\\Google\\Chrome\\Application\\146.0.7680.81\\WidevineCdm\\_platform_specific\\win_x64\\widevinecdm.dll"	
00000160	1.31051946	[7840] 2026-03-20T16:01:02 [sbprotect] {00001ea0:00001fa8} <0:Trace> (afed701e7bfe12d2\src\sbprotect\Candidates.cpp:413) Adding related candidate file: "C:\\Program Files\\Google\\Chrome\\Application\\chrome.exe"	
00000161	1.31075525	[7840] 2026-03-20T16:01:02 [sbprotect] {00001ea0:00001fa8} <0:Trace> (afed701e7bfe12d2\src\sbprotect\Candidates.cpp:413) Adding related candidate file: "C:\\Program Files\\Google\\Chrome\\Application\\chrome_proxy.exe"	
00000162	1.31100905	[7840] 2026-03-20T16:01:02 [sbprotect] {00001ea0:00001fa8} <0:Trace> (afed701e7bfe12d2\src\sbprotect\Candidates.cpp:413) Adding related candidate file: "C:\\Program Files\\Google\\Chrome\\Application\\PlatformExperienceHelper\\platform_experience_helper.exe"	
00000163	1.34240925	[7840] 2026-03-20T16:01:02 [sbprotect] {00001ea0:00001fa8} <0:Trace> (afed701e7bfe12d2\src\sbprotect\Candidates.cpp:639) Watching candidate capabilities: HKEY_LOCAL_MACHINE\SOFTWARE\Clients\StartMenuInternet\Google Chrome\Capabilities	
00000164	1.35108006	[7840] 2026-03-20T16:01:02 [sbprotect] {00001ea0:00001fa8} <0:Trace> (afed701e7bfe12d2\src\sbprotect\Candidates.cpp:593) Updating candidate: Internet Explorer	
00000165	1.35421765	[7840] 2026-03-20T16:01:02 [sbprotect] {00001ea0:00001fa8} <0:Trace> (afed701e7bfe12d2\src\sbprotect\Candidates.cpp:639) Watching candidate capabilities: HKEY_LOCAL_MACHINE\SOFTWARE\WOW6432Node\Microsoft\Internet Explorer\Capabilities	
00000166	1.35844398	[7840] 2026-03-20T16:01:02 [sbprotect] {00001ea0:00001fa8} <0:Trace> (afed701e7bfe12d2\src\sbprotect\Candidates.cpp:593) Updating candidate: Microsoft Edge	
00000167	1.36116421	[7840] 2026-03-20T16:01:02 [sbprotect] {00001ea0:00001fa8} <0:Trace> (afed701e7bfe12d2\src\sbprotect\Candidates.cpp:639) Watching candidate capabilities: HKEY_LOCAL_MACHINE\SOFTWARE\Clients\StartMenuInternet\Microsoft Edge\Capabilities	
00000168	1.36743891	[7840] 2026-03-20T16:01:02 [sbprotect] {00001ea0:00001fa8} <0:Trace> (afed701e7bfe12d2\src\sbprotect\Candidates.cpp:593) Updating candidate: Google Chrome	
00000169	1.37007403	[7840] 2026-03-20T16:01:02 [sbprotect] {00001ea0:00001fa8} <0:Trace> (afed701e7bfe12d2\src\sbprotect\Candidates.cpp:639) Watching candidate capabilities: HKEY_LOCAL_MACHINE\SOFTWARE\Clients\StartMenuInternet\Google Chrome\Capabilities	
00000170	1.37275887	[7840] 2026-03-20T16:01:02 [sbprotect] {00001ea0:00001fa8} <1:Debug> (afed701e7bfe12d2\src\sbprotect\DefaultBrowser.cpp:69) Initialising default browser status	
00000171	1.37516522	[7840] 2026-03-20T16:01:02 [sbprotect] {00001ea0:00001fa8} <1:Debug> (afed701e7bfe12d2\src\sbprotect\DefaultBrowser.cpp:265) Browser resetable status:	
00000172	1.37531114	[7840] 2026-03-20T16:01:02 [sbprotect] {00001ea0:00001fa8} <1:Debug> (afed701e7bfe12d2\src\sbprotect\DefaultBrowser.cpp:271)  - Current default browser ProgId: ChromeHTML	
00000173	1.37544429	[7840] 2026-03-20T16:01:02 [sbprotect] {00001ea0:00001fa8} <1:Debug> (afed701e7bfe12d2\src\sbprotect\DefaultBrowser.cpp:277)  - Previous default browser ProgId: <unknown>	
00000174	1.37557244	[7840] 2026-03-20T16:01:02 [sbprotect] {00001ea0:00001fa8} <1:Debug> (afed701e7bfe12d2\src\sbprotect\DefaultBrowser.cpp:283)  - SB ProgId: AvastHTML	
00000175	1.37564397	[7840] 2026-03-20T16:01:02 [sbprotect] {00001ea0:00001fa8} <1:Debug> (afed701e7bfe12d2\src\sbprotect\DefaultBrowser.cpp:289)  - Protection level: last	
00000176	1.37571061	[7840] 2026-03-20T16:01:02 [sbprotect] {00001ea0:00001fa8} <1:Debug> (afed701e7bfe12d2\src\sbprotect\DefaultBrowser.cpp:295)  - SB is default browser: no	
00000177	1.37577713	[7840] 2026-03-20T16:01:02 [sbprotect] {00001ea0:00001fa8} <1:Debug> (afed701e7bfe12d2\src\sbprotect\DefaultBrowser.cpp:301)  - SB is ressetable: no	
00000178	1.82380974	[7840] 2026-03-20T16:01:03 [sbprotect] {00001ea0:00001fa8} <1:Debug> (afed701e7bfe12d2\src\sbprotect\TrackingClient.cpp:74) Tracking event 'check' (0x000004) [0x000030] is disabled	
00000179	1.82395661	[7840] 2026-03-20T16:01:03 [sbprotect] {00001ea0:00001fa8} <1:Debug> (afed701e7bfe12d2\src\sbprotect\DefaultBrowser.cpp:265) Browser resetable status:	
00000180	1.82410181	[7840] 2026-03-20T16:01:03 [sbprotect] {00001ea0:00001fa8} <1:Debug> (afed701e7bfe12d2\src\sbprotect\DefaultBrowser.cpp:271)  - Current default browser ProgId: ChromeHTML	
00000181	1.82424438	[7840] 2026-03-20T16:01:03 [sbprotect] {00001ea0:00001fa8} <1:Debug> (afed701e7bfe12d2\src\sbprotect\DefaultBrowser.cpp:277)  - Previous default browser ProgId: <unknown>	
00000182	1.82438326	[7840] 2026-03-20T16:01:03 [sbprotect] {00001ea0:00001fa8} <1:Debug> (afed701e7bfe12d2\src\sbprotect\DefaultBrowser.cpp:283)  - SB ProgId: AvastHTML	
00000183	1.82446361	[7840] 2026-03-20T16:01:03 [sbprotect] {00001ea0:00001fa8} <1:Debug> (afed701e7bfe12d2\src\sbprotect\DefaultBrowser.cpp:289)  - Protection level: last	
00000184	1.82454145	[7840] 2026-03-20T16:01:03 [sbprotect] {00001ea0:00001fa8} <1:Debug> (afed701e7bfe12d2\src\sbprotect\DefaultBrowser.cpp:295)  - SB is default browser: no	
00000185	1.82461679	[7840] 2026-03-20T16:01:03 [sbprotect] {00001ea0:00001fa8} <1:Debug> (afed701e7bfe12d2\src\sbprotect\DefaultBrowser.cpp:301)  - SB is ressetable: no	
00000186	1.82476723	[7840] 2026-03-20T16:01:03 [sbprotect] {00001ea0:00001fa8} <1:Debug> (afed701e7bfe12d2\src\sbprotect\OperatingSystem.cpp:46) Updating OS changes cache	
00000187	1.82540965	[7840] 2026-03-20T16:01:03 [sbprotect] {00001ea0:00001fa8} <1:Debug> (afed701e7bfe12d2\src\sbprotect\OperatingSystem.cpp:23) Getting OS last successful update timestamp	
00000188	1.83003402	[7840] 2026-03-20T16:01:03 [sbprotect] {00001ea0:00001fa8} <1:Debug> (afed701e7bfe12d2\src\sbprotect\OperatingSystem.cpp:38) OS last changed: 2026-03-20T15:52:45.000 (0x01DCB88197B84480)	
00000189	1.83014286	[7840] 2026-03-20T16:01:03 [sbprotect] {00001ea0:00001fa8} <1:Debug> (afed701e7bfe12d2\src\sbprotect\OperatingSystem.cpp:66) No new OS changes seen	
00000190	1.83052564	[7840] 2026-03-20T16:01:03 [sbprotect] {00001ea0:00001fa8} <1:Debug> (afed701e7bfe12d2\src\sbprotect\OperatingSystem.cpp:78) OS last change: 2026-03-20T15:52:45.000 (0x01DCB88197B84480)	
00000191	1.83078361	[7840] 2026-03-20T16:01:03 [sbprotect] {00001ea0:00001fa8} <1:Debug> (afed701e7bfe12d2\src\sbprotect\OperatingSystem.cpp:82) OS last change seen: 2026-03-20T17:21:04.883 (0x01DCB88DEEB23C30)	
00000192	1.83104515	[7840] 2026-03-20T16:01:03 [sbprotect] {00001ea0:00001fa8} <1:Debug> (afed701e7bfe12d2\src\sbprotect\OperatingSystem.cpp:86) OS last change reset: 1601-01-01T00:00:00.000 (0x0000000000000000)	
00000193	1.83114946	[7840] 2026-03-20T16:01:03 [sbprotect] {00001ea0:00001fa8} <0:Trace> (afed701e7bfe12d2\src\sbprotect\AppAssociationManager.cpp:113) Checking associations	
00000194	1.83125436	[7840] 2026-03-20T16:01:03 [sbprotect] {00001ea0:00001fa8} <1:Debug> (afed701e7bfe12d2\src\sbprotect\Watcher.cpp:35) Watch signal reset (assoc)	
00000195	1.83386195	[7840] 2026-03-20T16:01:03 [sbprotect] {00001ea0:00001fa8} <1:Debug> (afed701e7bfe12d2\src\sbprotect\AppAssociationManager.cpp:146) UserChoice changed .htm => ChromeHTML	
00000196	1.86286175	[7840] 2026-03-20T16:01:03 [sbprotect] {00001ea0:00001fa8} <1:Debug> (afed701e7bfe12d2\src\sbprotect\AppAssociationManager.cpp:158) App association changes detected	
00000197	1.91170156	[7840] 2026-03-20T16:01:03 [sbprotect] {00001ea0:00001fa8} <1:Debug> (afed701e7bfe12d2\src\sbprotect\TrackingClient.cpp:74) Tracking event 'change' (0x000008) [0x000030] is disabled	
00000198	1.91179240	[7840] 2026-03-20T16:01:03 [sbprotect] {00001ea0:00001fa8} <1:Debug> (afed701e7bfe12d2\src\sbprotect\Candidates.cpp:506) Loading Candidates	
00000199	1.91187119	[7840] 2026-03-20T16:01:03 [sbprotect] {00001ea0:00001fa8} <1:Debug> (afed701e7bfe12d2\src\sbprotect\Candidates.cpp:510) Candidates already up-to-date	
00000200	1.91355181	[7840] 2026-03-20T16:01:03 [sbprotect] {00001ea0:00001fa8} <1:Debug> (afed701e7bfe12d2\src\sbprotect\Candidates.cpp:747) Most recent file time criteria was met: Google Chrome (nft:2026-03-19T11:04:58.063 (0x01DCB79039692228) > oft:1601-01-01T00:00:00.000 (0x0000000000000000))	
00000201	1.91363776	[7840] 2026-03-20T16:01:03 [sbprotect] {00001ea0:00001fa8} <1:Debug> (afed701e7bfe12d2\src\sbprotect\RegisteredApplications.cpp:196) Registered app changes detected	
00000202	1.91371524	[7840] 2026-03-20T16:01:03 [sbprotect] {00001ea0:00001fa8} <1:Debug> (afed701e7bfe12d2\src\sbprotect\RegisteredApplications.cpp:115) Checking if event window criteria has been met	
00000203	1.91388524	[7840] 2026-03-20T16:01:03 [sbprotect] {00001ea0:00001fa8} <1:Debug> (afed701e7bfe12d2\src\sbprotect\RegisteredApplications.cpp:39) App change time: 2026-03-19T11:04:58.063 (0x01DCB79039692228)	
00000204	1.91404879	[7840] 2026-03-20T16:01:03 [sbprotect] {00001ea0:00001fa8} <1:Debug> (afed701e7bfe12d2\src\sbprotect\RegisteredApplications.cpp:43) Asc change time: 2023-06-23T11:02:54.112 (0x01D9A5C24271B558)	
00000205	1.91433179	[7840] 2026-03-20T16:01:03 [sbprotect] {00001ea0:00001fa8} <1:Debug> (afed701e7bfe12d2\src\sbprotect\RegisteredApplications.cpp:50) Event window: 1601-01-01T00:10:00.000 (0x0000000165A0BC00)	
00000206	1.91457474	[7840] 2026-03-20T16:01:03 [sbprotect] {00001ea0:00001fa8} <1:Debug> (afed701e7bfe12d2\src\sbprotect\RegisteredApplications.cpp:54) Event actual: 1603-09-28T00:02:03.951 (0x000311CDF6F76CD0)	
00000207	1.91466558	[7840] 2026-03-20T16:01:03 [sbprotect] {00001ea0:00001fa8} <1:Debug> (afed701e7bfe12d2\src\sbprotect\RegisteredApplications.cpp:126) No changes to candidates were found	
00000208	1.91475475	[7840] 2026-03-20T16:01:03 [sbprotect] {00001ea0:00001fa8} <1:Debug> (afed701e7bfe12d2\src\sbprotect\OperatingSystem.cpp:91) Checking for OS changes	
00000209	1.91521025	[7840] 2026-03-20T16:01:03 [sbprotect] {00001ea0:00001fa8} <1:Debug> (afed701e7bfe12d2\src\sbprotect\OperatingSystem.cpp:105) OS last change reset: 1601-01-01T00:00:00.000 (0x0000000000000000)	
00000210	1.91545439	[7840] 2026-03-20T16:01:03 [sbprotect] {00001ea0:00001fa8} <1:Debug> (afed701e7bfe12d2\src\sbprotect\OperatingSystem.cpp:109) OS last change seen: 2026-03-20T17:21:04.883 (0x01DCB88DEEB23C30)	
00000211	1.91555858	[7840] 2026-03-20T16:01:03 [sbprotect] {00001ea0:00001fa8} <1:Debug> (afed701e7bfe12d2\src\sbprotect\OperatingSystem.cpp:117) OS has changes since last reset	
00000212	1.91582203	[7840] 2026-03-20T16:01:03 [sbprotect] {00001ea0:00001fa8} <1:Debug> (afed701e7bfe12d2\src\sbprotect\OperatingSystem.cpp:125) OS changed event window: 1601-01-02T00:00:00.000 (0x000000C92A69C000)	
00000213	1.91624725	[7840] 2026-03-20T16:01:03 [sbprotect] {00001ea0:00001fa8} <1:Debug> (afed701e7bfe12d2\src\sbprotect\OperatingSystem.cpp:129) OS last change: 2026-03-20T15:52:45.000 (0x01DCB88197B84480)	
00000214	1.91654599	[7840] 2026-03-20T16:01:03 [sbprotect] {00001ea0:00001fa8} <1:Debug> (afed701e7bfe12d2\src\sbprotect\OperatingSystem.cpp:137) Time now: 2026-03-20T19:01:03.274 (0x01DCB89BE60410A0)	
00000215	1.91673839	[7840] 2026-03-20T16:01:03 [sbprotect] {00001ea0:00001fa8} <1:Debug> (afed701e7bfe12d2\src\sbprotect\OperatingSystem.cpp:141) Event actual: 1601-01-01T01:39:58.391 (0x0000000DF751D470)	
00000216	1.91681135	[7840] 2026-03-20T16:01:03 [sbprotect] {00001ea0:00001fa8} <1:Debug> (afed701e7bfe12d2\src\sbprotect\OperatingSystem.cpp:150) OS has changed	
00000217	1.91690040	[7840] 2026-03-20T16:01:03 [sbprotect] {00001ea0:00001fa8} <1:Debug> (afed701e7bfe12d2\src\sbprotect\RegisteredApplications.cpp:67) Checking for related Windows Update	
00000218	1.91709399	[7840] 2026-03-20T16:01:03 [sbprotect] {00001ea0:00001fa8} <1:Debug> (afed701e7bfe12d2\src\sbprotect\RegisteredApplications.cpp:73) Last WU time: 2026-03-20T15:52:45.000 (0x01DCB88197B84480)	
00000219	1.91727841	[7840] 2026-03-20T16:01:03 [sbprotect] {00001ea0:00001fa8} <1:Debug> (afed701e7bfe12d2\src\sbprotect\RegisteredApplications.cpp:82) Asc ChromeHTML change time: 2023-06-23T11:02:54.112 (0x01D9A5C24271B558)	
00000220	1.91745579	[7840] 2026-03-20T16:01:03 [sbprotect] {00001ea0:00001fa8} <1:Debug> (afed701e7bfe12d2\src\sbprotect\RegisteredApplications.cpp:89) Event window: 1601-01-02T00:00:00.000 (0x000000C92A69C000)	
00000221	1.91765118	[7840] 2026-03-20T16:01:03 [sbprotect] {00001ea0:00001fa8} <1:Debug> (afed701e7bfe12d2\src\sbprotect\RegisteredApplications.cpp:93) Event actual: 1603-09-29T04:49:50.887 (0x000312BF55468F28)	
00000222	1.91773057	[7840] 2026-03-20T16:01:03 [sbprotect] {00001ea0:00001fa8} <1:Debug> (afed701e7bfe12d2\src\sbprotect\RegisteredApplications.cpp:102) No related Windows Updates were found	
00000223	1.91789556	[7840] 2026-03-20T16:01:03 [sbprotect] {00001ea0:00001fa8} <1:Debug> (afed701e7bfe12d2\src\sbprotect\RegisteredApplications.cpp:139) Event window criteria not met	
00000224	1.91797495	[7840] 2026-03-20T16:01:03 [sbprotect] {00001ea0:00001fa8} <1:Debug> (afed701e7bfe12d2\src\sbprotect\AppAssociationManager.cpp:180) Checks complete	
00000225	1.91807115	[7840] 2026-03-20T16:01:03 [sbprotect] {00001ea0:00001fa8} <1:Debug> (afed701e7bfe12d2\src\sbprotect\AssociationsWatcher.cpp:138) Application association watcher shutdown	
00000226	1.91887236	[7840] 2026-03-20T16:01:03 [sbprotect] {00001ea0:00001fa8} <1:Debug> (afed701e7bfe12d2\src\sbprotect\DefaultBrowser.cpp:78) Saving ResetWasPossible value to registry	
00000227	1.92162216	[7840] 2026-03-20T16:01:03 [sbprotect] {00001ea0:00001fa8} <1:Debug> (afed701e7bfe12d2\src\sbprotect\DefaultBrowser.cpp:265) Browser resetable status:	
00000228	1.92183495	[7840] 2026-03-20T16:01:03 [sbprotect] {00001ea0:00001fa8} <1:Debug> (afed701e7bfe12d2\src\sbprotect\DefaultBrowser.cpp:271)  - Current default browser ProgId: ChromeHTML	
00000229	1.92204499	[7840] 2026-03-20T16:01:03 [sbprotect] {00001ea0:00001fa8} <1:Debug> (afed701e7bfe12d2\src\sbprotect\DefaultBrowser.cpp:277)  - Previous default browser ProgId: <unknown>	
00000230	1.92225099	[7840] 2026-03-20T16:01:03 [sbprotect] {00001ea0:00001fa8} <1:Debug> (afed701e7bfe12d2\src\sbprotect\DefaultBrowser.cpp:283)  - SB ProgId: AvastHTML	
00000231	1.92235756	[7840] 2026-03-20T16:01:03 [sbprotect] {00001ea0:00001fa8} <1:Debug> (afed701e7bfe12d2\src\sbprotect\DefaultBrowser.cpp:289)  - Protection level: last	
00000232	1.92246699	[7840] 2026-03-20T16:01:03 [sbprotect] {00001ea0:00001fa8} <1:Debug> (afed701e7bfe12d2\src\sbprotect\DefaultBrowser.cpp:295)  - SB is default browser: no	
00000233	1.92257202	[7840] 2026-03-20T16:01:03 [sbprotect] {00001ea0:00001fa8} <1:Debug> (afed701e7bfe12d2\src\sbprotect\DefaultBrowser.cpp:301)  - SB is ressetable: no	
00000234	1.92267525	[7840] 2026-03-20T16:01:03 [sbprotect] {00001ea0:00001fa8} <1:Debug> (afed701e7bfe12d2\src\sbprotect\CandidatesWatcher.cpp:92) Candidate watcher shutdown	
00000235	2.07722092	[7840] 2026-03-20T16:01:03 [sbprotect] {00001ea0:00001fa8} <1:Debug> (afed701e7bfe12d2\src\sbprotect\TrackingClient.cpp:74) Tracking event 'shutdown' (0x000002) [0x000030] is disabled	
00000236	2.07747889	[7840] 2026-03-20T16:01:03 [sbprotect] {00001ea0:00001fa8} <1:Debug> (afed701e7bfe12d2\src\sbprotect\main.cpp:377) Protect application stopped	
00000237	2.07760191	[7840] 2026-03-20T16:01:03 [sbprotect] {00001ea0:00001fa8} <2:Info>  (afed701e7bfe12d2\src\sbprotect\main.cpp:386) Protect application exited	
00000238	8.06268597	[6020] [0320/160109.511:ERROR:third_party\crashpad\crashpad\util\file\filesystem_win.cc:128] GetFileAttributes C:\Users\CERON\AppData\Local\Google\Chrome\User Data\Crashpad\attachments\610813b6-a413-4344-8116-69a7a114fbbf: O sistema nÃ£o pode encontrar o arquivo especificado. (0x2)	
00000239	33.82995224	[1008] Você pressionou as teclas Ctrl+Alt+Shift+L. Para habilitar o log digite usuario e senha Para desabilitar o LOG pressione as teclas Ctrl+Alt+Shift+L novamente., solicite a autorização de um .	
00000240	33.82995224	[1008]  	
00000241	33.82998276	[1008] antes dtmsenhaautorizacao := TdtmSenhaAutorizacao.Create(Application.MainForm, TipoAutorizacao, Msg);	
00000242	33.83003998	[1008] antes TdtmSenhaAutorizacao.Create(AOwner: TComponent; TipoAutorizacao: TtecTipoAutorizacao; Texto: String)	
00000243	33.83022690	[1008] depois TdtmSenhaAutorizacao.Create(AOwner: TComponent; TipoAutorizacao: TtecTipoAutorizacao; Texto: String)	
00000244	33.83026123	[1008] ceron - 52.67.166.19 - 5433 - Você pressionou as teclas Ctrl+Alt+Shift+L. Para habilitar o log digite usuario e senha Para desabilitar o LOG pressione as teclas Ctrl+Alt+Shift+L novamente., solicite a autorização de um .	
00000245	33.83026123	[1008]  	
00000246	33.83028030	[1008] antes dbaTecSoft.Database := dtmTecSoft.Database.Database;	
00000247	33.83032990	[1008] depois dbaTecSoft.Database := dtmTecSoft.Database.Database;	
00000248	33.83033752	[1008] antes dbaTecSoft.Host     := dtmTecSoft.Database.Host;	
00000249	33.83039093	[1008] depois dbaTecSoft.Host     := dtmTecSoft.Database.Host;	
00000250	33.83040237	[1008] antes dbaTecSoft.Port     := dtmTecSoft.Database.port;	
00000251	33.83055115	[1008] depois dbaTecSoft.Port     := dtmTecSoft.Database.port;	
