
 Start         Length     Name                   Class
 0001:00000000 000395A0H .text                   CODE
 0002:00000000 00003AF8H .data                   DATA
 0002:00003AF8 00000175H .bss                    BSS


Detailed map of segments

 0001:00000000 00000196 C=CODE     S=.text    G=(none)   M=System   ACBP=A9
 0001:00000198 00000090 C=CODE     S=.text    G=(none)   M=SysInit  ACBP=A9
 0001:00000228 00000038 C=CODE     S=.text    G=(none)   M=ShellAPI ACBP=A9
 0001:00000260 000001B8 C=CODE     S=.text    G=(none)   M=Windows  ACBP=A9
 0001:00000418 0000000E C=CODE     S=.text    G=(none)   M=Types    ACBP=A9
 0001:00000428 0000008E C=CODE     S=.text    G=(none)   M=SysUtils ACBP=A9
 0001:000004B8 0000000E C=CODE     S=.text    G=(none)   M=SysConst ACBP=A9
 0001:000004C8 000001AE C=CODE     S=.text    G=(none)   M=Forms    ACBP=A9
 0001:00000678 0000000E C=CODE     S=.text    G=(none)   M=HelpIntfs ACBP=A9
 0001:00000688 0000003E C=CODE     S=.text    G=(none)   M=Classes  ACBP=A9
 0001:000006C8 00000066 C=CODE     S=.text    G=(none)   M=ActiveX  ACBP=A9
 0001:00000730 00000038 C=CODE     S=.text    G=(none)   M=Messages ACBP=A9
 0001:00000768 0000000E C=CODE     S=.text    G=(none)   M=TypInfo  ACBP=A9
 0001:00000778 0000000E C=CODE     S=.text    G=(none)   M=Variants ACBP=A9
 0001:00000788 0000000E C=CODE     S=.text    G=(none)   M=VarUtils ACBP=A9
 0001:00000798 0000000E C=CODE     S=.text    G=(none)   M=RTLConsts ACBP=A9
 0001:000007A8 0000000E C=CODE     S=.text    G=(none)   M=Contnrs  ACBP=A9
 0001:000007B8 0000000E C=CODE     S=.text    G=(none)   M=Math     ACBP=A9
 0001:000007C8 0000000E C=CODE     S=.text    G=(none)   M=MultiMon ACBP=A9
 0001:000007D8 0000000E C=CODE     S=.text    G=(none)   M=ActnList ACBP=A9
 0001:000007E8 0000000E C=CODE     S=.text    G=(none)   M=ImgList  ACBP=A9
 0001:000007F8 00000038 C=CODE     S=.text    G=(none)   M=CommCtrl ACBP=A9
 0001:00000830 0000000E C=CODE     S=.text    G=(none)   M=Graphics ACBP=A9
 0001:00000840 0000000E C=CODE     S=.text    G=(none)   M=Consts   ACBP=A9
 0001:00000850 000000FE C=CODE     S=.text    G=(none)   M=Controls ACBP=A9
 0001:00000950 00000038 C=CODE     S=.text    G=(none)   M=Imm      ACBP=A9
 0001:00000988 00000046 C=CODE     S=.text    G=(none)   M=Menus    ACBP=A9
 0001:000009D0 0000000E C=CODE     S=.text    G=(none)   M=Themes   ACBP=A9
 0001:000009E0 0000000E C=CODE     S=.text    G=(none)   M=UxTheme  ACBP=A9
 0001:000009F0 0000000E C=CODE     S=.text    G=(none)   M=SyncObjs ACBP=A9
 0001:00000A00 0000001E C=CODE     S=.text    G=(none)   M=ComCtrls ACBP=A9
 0001:00000A20 00000038 C=CODE     S=.text    G=(none)   M=ShlObj   ACBP=A9
 0001:00000A58 00000038 C=CODE     S=.text    G=(none)   M=UrlMon   ACBP=A9
 0001:00000A90 00000038 C=CODE     S=.text    G=(none)   M=WinInet  ACBP=A9
 0001:00000AC8 00000038 C=CODE     S=.text    G=(none)   M=RegStr   ACBP=A9
 0001:00000B00 0000000E C=CODE     S=.text    G=(none)   M=ListActns ACBP=A9
 0001:00000B10 0000000E C=CODE     S=.text    G=(none)   M=ExtCtrls ACBP=A9
 0001:00000B20 0000000E C=CODE     S=.text    G=(none)   M=StdCtrls ACBP=A9
 0001:00000B30 0000000E C=CODE     S=.text    G=(none)   M=WinHelpViewer ACBP=A9
 0001:00000B40 0000000E C=CODE     S=.text    G=(none)   M=StdActns ACBP=A9
 0001:00000B50 0000000E C=CODE     S=.text    G=(none)   M=Dialogs  ACBP=A9
 0001:00000B60 0000000E C=CODE     S=.text    G=(none)   M=Printers ACBP=A9
 0001:00000B70 00000038 C=CODE     S=.text    G=(none)   M=WinSpool ACBP=A9
 0001:00000BA8 00000038 C=CODE     S=.text    G=(none)   M=CommDlg  ACBP=A9
 0001:00000BE0 00000038 C=CODE     S=.text    G=(none)   M=Dlgs     ACBP=A9
 0001:00000C18 0000000E C=CODE     S=.text    G=(none)   M=StrUtils ACBP=A9
 0001:00000C28 0000000E C=CODE     S=.text    G=(none)   M=Clipbrd  ACBP=A9
 0001:00000C38 0000000E C=CODE     S=.text    G=(none)   M=FlatSB   ACBP=A9
 0001:00000C48 0000000E C=CODE     S=.text    G=(none)   M=ToolWin  ACBP=A9
 0001:00000C58 00000038 C=CODE     S=.text    G=(none)   M=RichEdit ACBP=A9
 0001:00000C90 0000000E C=CODE     S=.text    G=(none)   M=ExtActns ACBP=A9
 0001:00000CA0 0000000E C=CODE     S=.text    G=(none)   M=Registry ACBP=A9
 0001:00000CB0 0000000E C=CODE     S=.text    G=(none)   M=IniFiles ACBP=A9
 0001:00000CC0 0000000E C=CODE     S=.text    G=(none)   M=ExtDlgs  ACBP=A9
 0001:00000CD0 0000000E C=CODE     S=.text    G=(none)   M=Buttons  ACBP=A9
 0001:00000CE0 0000000E C=CODE     S=.text    G=(none)   M=Mapi     ACBP=A9
 0001:00000CF0 0000000E C=CODE     S=.text    G=(none)   M=ComStrs  ACBP=A9
 0001:00000D00 00000026 C=CODE     S=.text    G=(none)   M=fmsplash ACBP=A9
 0001:00000D28 0000005E C=CODE     S=.text    G=(none)   M=biblio   ACBP=A9
 0001:00000D88 00000038 C=CODE     S=.text    G=(none)   M=TlHelp32 ACBP=A9
 0001:00000DC0 0000000E C=CODE     S=.text    G=(none)   M=IdGlobal ACBP=A9
 0001:00000DD0 0000000E C=CODE     S=.text    G=(none)   M=IdException ACBP=A9
 0001:00000DE0 0000000E C=CODE     S=.text    G=(none)   M=IdURI    ACBP=A9
 0001:00000DF0 0000000E C=CODE     S=.text    G=(none)   M=IdResourceStrings ACBP=A9
 0001:00000E00 0000000E C=CODE     S=.text    G=(none)   M=IdStack  ACBP=A9
 0001:00000E10 0000000E C=CODE     S=.text    G=(none)   M=IdStackConsts ACBP=A9
 0001:00000E20 0000000E C=CODE     S=.text    G=(none)   M=IdWinSock2 ACBP=A9
 0001:00000E30 0000000E C=CODE     S=.text    G=(none)   M=IdStackWindows ACBP=A9
 0001:00000E40 0000000E C=CODE     S=.text    G=(none)   M=DateUtils ACBP=A9
 0001:00000E50 0000000E C=CODE     S=.text    G=(none)   M=DBGrids  ACBP=A9
 0001:00000E60 0000000E C=CODE     S=.text    G=(none)   M=DB       ACBP=A9
 0001:00000E70 0000000E C=CODE     S=.text    G=(none)   M=FMTBcd   ACBP=A9
 0001:00000E80 0000000E C=CODE     S=.text    G=(none)   M=DBConsts ACBP=A9
 0001:00000E90 0000000E C=CODE     S=.text    G=(none)   M=SqlTimSt ACBP=A9
 0001:00000EA0 0000000E C=CODE     S=.text    G=(none)   M=MaskUtils ACBP=A9
 0001:00000EB0 0000000E C=CODE     S=.text    G=(none)   M=ComObj   ACBP=A9
 0001:00000EC0 0000000E C=CODE     S=.text    G=(none)   M=ComConst ACBP=A9
 0001:00000ED0 0000000E C=CODE     S=.text    G=(none)   M=DBCtrls  ACBP=A9
 0001:00000EE0 0000000E C=CODE     S=.text    G=(none)   M=Mask     ACBP=A9
 0001:00000EF0 0000000E C=CODE     S=.text    G=(none)   M=VDBConsts ACBP=A9
 0001:00000F00 0000000E C=CODE     S=.text    G=(none)   M=DBPWDlg  ACBP=A9
 0001:00000F10 0000000E C=CODE     S=.text    G=(none)   M=DBLogDlg ACBP=A9
 0001:00000F20 0000000E C=CODE     S=.text    G=(none)   M=Grids    ACBP=A9
 0001:00000F30 0000005E C=CODE     S=.text    G=(none)   M=clusuario ACBP=A9
 0001:00000F90 0000000E C=CODE     S=.text    G=(none)   M=cpdatabase ACBP=A9
 0001:00000FA0 0000000E C=CODE     S=.text    G=(none)   M=ZPgSqlCon ACBP=A9
 0001:00000FB0 0000000E C=CODE     S=.text    G=(none)   M=ZConnect ACBP=A9
 0001:00000FC0 0000000E C=CODE     S=.text    G=(none)   M=ZToken   ACBP=A9
 0001:00000FD0 0000000E C=CODE     S=.text    G=(none)   M=ZDirSql  ACBP=A9
 0001:00000FE0 0000000E C=CODE     S=.text    G=(none)   M=ZSqlTypes ACBP=A9
 0001:00000FF0 0000000E C=CODE     S=.text    G=(none)   M=ZDBaseConst ACBP=A9
 0001:00001000 0000000E C=CODE     S=.text    G=(none)   M=ZExtra   ACBP=A9
 0001:00001010 0000000E C=CODE     S=.text    G=(none)   M=ZSqlExtra ACBP=A9
 0001:00001020 0000000E C=CODE     S=.text    G=(none)   M=ZConvert ACBP=A9
 0001:00001030 0000000E C=CODE     S=.text    G=(none)   M=ZTransact ACBP=A9
 0001:00001040 0000000E C=CODE     S=.text    G=(none)   M=ZSqlScanner ACBP=A9
 0001:00001050 0000000E C=CODE     S=.text    G=(none)   M=ZScanner ACBP=A9
 0001:00001060 0000000E C=CODE     S=.text    G=(none)   M=ZSqlScript ACBP=A9
 0001:00001070 0000000E C=CODE     S=.text    G=(none)   M=ZQuery   ACBP=A9
 0001:00001080 0000000E C=CODE     S=.text    G=(none)   M=DBCommon ACBP=A9
 0001:00001090 0000000E C=CODE     S=.text    G=(none)   M=ZBlobStream ACBP=A9
 0001:000010A0 0000000E C=CODE     S=.text    G=(none)   M=ZSqlItems ACBP=A9
 0001:000010B0 0000000E C=CODE     S=.text    G=(none)   M=ZList    ACBP=A9
 0001:000010C0 0000000E C=CODE     S=.text    G=(none)   M=ZUpdateSql ACBP=A9
 0001:000010D0 0000000E C=CODE     S=.text    G=(none)   M=ZSqlBuffer ACBP=A9
 0001:000010E0 0000000E C=CODE     S=.text    G=(none)   M=ZParser  ACBP=A9
 0001:000010F0 0000000E C=CODE     S=.text    G=(none)   M=ZMatch   ACBP=A9
 0001:00001100 0000000E C=CODE     S=.text    G=(none)   M=ZCommonConst ACBP=A9
 0001:00001110 0000000E C=CODE     S=.text    G=(none)   M=ZSqlParser ACBP=A9
 0001:00001120 0000000E C=CODE     S=.text    G=(none)   M=ZDirPgSql ACBP=A9
 0001:00001130 0000000E C=CODE     S=.text    G=(none)   M=ZLibPgSql ACBP=A9
 0001:00001140 0000000E C=CODE     S=.text    G=(none)   M=cpquery  ACBP=A9
 0001:00001150 0000000E C=CODE     S=.text    G=(none)   M=constants ACBP=A9
 0001:00001160 0000000E C=CODE     S=.text    G=(none)   M=ZPgSqlQuery ACBP=A9
 0001:00001170 0000000E C=CODE     S=.text    G=(none)   M=ZPgSqlTr ACBP=A9
 0001:00001180 0000000E C=CODE     S=.text    G=(none)   M=ctconstantes ACBP=A9
 0001:00001190 0000000E C=CODE     S=.text    G=(none)   M=cppagecontrol ACBP=A9
 0001:000011A0 0000000E C=CODE     S=.text    G=(none)   M=CheckLst ACBP=A9
 0001:000011B0 0000000E C=CODE     S=.text    G=(none)   M=IdSMTP   ACBP=A9
 0001:000011C0 0000000E C=CODE     S=.text    G=(none)   M=IdComponent ACBP=A9
 0001:000011D0 0000000E C=CODE     S=.text    G=(none)   M=IdBaseComponent ACBP=A9
 0001:000011E0 0000000E C=CODE     S=.text    G=(none)   M=IdAntiFreezeBase ACBP=A9
 0001:000011F0 0000000E C=CODE     S=.text    G=(none)   M=IdTCPConnection ACBP=A9
 0001:00001200 0000000E C=CODE     S=.text    G=(none)   M=IdIOHandlerSocket ACBP=A9
 0001:00001210 0000000E C=CODE     S=.text    G=(none)   M=IdIOHandler ACBP=A9
 0001:00001220 0000000E C=CODE     S=.text    G=(none)   M=IdSocketHandle ACBP=A9
 0001:00001230 0000000E C=CODE     S=.text    G=(none)   M=IdSocks  ACBP=A9
 0001:00001240 0000000E C=CODE     S=.text    G=(none)   M=IdAssignedNumbers ACBP=A9
 0001:00001250 0000000E C=CODE     S=.text    G=(none)   M=IdRFCReply ACBP=A9
 0001:00001260 0000000E C=CODE     S=.text    G=(none)   M=IdIntercept ACBP=A9
 0001:00001270 0000000E C=CODE     S=.text    G=(none)   M=IdStream ACBP=A9
 0001:00001280 0000000E C=CODE     S=.text    G=(none)   M=IdTCPStream ACBP=A9
 0001:00001290 0000000E C=CODE     S=.text    G=(none)   M=IdTCPClient ACBP=A9
 0001:000012A0 0000000E C=CODE     S=.text    G=(none)   M=IdMessageClient ACBP=A9
 0001:000012B0 0000000E C=CODE     S=.text    G=(none)   M=IdHeaderList ACBP=A9
 0001:000012C0 0000000E C=CODE     S=.text    G=(none)   M=IdMessage ACBP=A9
 0001:000012D0 0000000E C=CODE     S=.text    G=(none)   M=IdCoderHeader ACBP=A9
 0001:000012E0 0000000E C=CODE     S=.text    G=(none)   M=IdEMailAddress ACBP=A9
 0001:000012F0 0000000E C=CODE     S=.text    G=(none)   M=IdStrings ACBP=A9
 0001:00001300 0000000E C=CODE     S=.text    G=(none)   M=IdIOHandlerStream ACBP=A9
 0001:00001310 0000000E C=CODE     S=.text    G=(none)   M=IdMessageCoder ACBP=A9
 0001:00001320 0000000E C=CODE     S=.text    G=(none)   M=IdCoder3to4 ACBP=A9
 0001:00001330 0000000E C=CODE     S=.text    G=(none)   M=IdCoder  ACBP=A9
 0001:00001340 0000000E C=CODE     S=.text    G=(none)   M=IdMessageCoderXXE ACBP=A9
 0001:00001350 0000000E C=CODE     S=.text    G=(none)   M=IdMessageCoderUUE ACBP=A9
 0001:00001360 0000000E C=CODE     S=.text    G=(none)   M=IdCoderXXE ACBP=A9
 0001:00001370 0000000E C=CODE     S=.text    G=(none)   M=IdCoderUUE ACBP=A9
 0001:00001380 0000000E C=CODE     S=.text    G=(none)   M=IdMessageCoderMIME ACBP=A9
 0001:00001390 0000000E C=CODE     S=.text    G=(none)   M=IdCoderQuotedPrintable ACBP=A9
 0001:000013A0 0000000E C=CODE     S=.text    G=(none)   M=IdCoderMIME ACBP=A9
 0001:000013B0 0000000E C=CODE     S=.text    G=(none)   M=IdPOP3   ACBP=A9
 0001:000013C0 0000000E C=CODE     S=.text    G=(none)   M=IdHashMessageDigest ACBP=A9
 0001:000013D0 0000000E C=CODE     S=.text    G=(none)   M=IdHash   ACBP=A9
 0001:000013E0 0000000E C=CODE     S=.text    G=(none)   M=clserial ACBP=A9
 0001:000013F0 0000000E C=CODE     S=.text    G=(none)   M=fmmensagemsimnaoopcaocancela ACBP=A9
 0001:00001400 00000026 C=CODE     S=.text    G=(none)   M=clparametrossistema ACBP=A9
 0001:00001428 0000000E C=CODE     S=.text    G=(none)   M=fr_class ACBP=A9
 0001:00001438 0000000E C=CODE     S=.text    G=(none)   M=QGraphics ACBP=A9
 0001:00001448 0000000E C=CODE     S=.text    G=(none)   M=Qt       ACBP=A9
 0001:00001458 0000000E C=CODE     S=.text    G=(none)   M=BindHelp ACBP=A9
 0001:00001468 0000000E C=CODE     S=.text    G=(none)   M=QTypes   ACBP=A9
 0001:00001478 0000000E C=CODE     S=.text    G=(none)   M=QConsts  ACBP=A9
 0001:00001488 0000000E C=CODE     S=.text    G=(none)   M=QForms   ACBP=A9
 0001:00001498 0000000E C=CODE     S=.text    G=(none)   M=QStyle   ACBP=A9
 0001:000014A8 0000000E C=CODE     S=.text    G=(none)   M=QActnList ACBP=A9
 0001:000014B8 0000000E C=CODE     S=.text    G=(none)   M=QImgList ACBP=A9
 0001:000014C8 0000000E C=CODE     S=.text    G=(none)   M=QControls ACBP=A9
 0001:000014D8 0000000E C=CODE     S=.text    G=(none)   M=QMenus   ACBP=A9
 0001:000014E8 0000000E C=CODE     S=.text    G=(none)   M=QExtCtrls ACBP=A9
 0001:000014F8 0000000E C=CODE     S=.text    G=(none)   M=QStdCtrls ACBP=A9
 0001:00001508 0000000E C=CODE     S=.text    G=(none)   M=QClipbrd ACBP=A9
 0001:00001518 0000000E C=CODE     S=.text    G=(none)   M=QStdActns ACBP=A9
 0001:00001528 0000000E C=CODE     S=.text    G=(none)   M=QSearch  ACBP=A9
 0001:00001538 0000000E C=CODE     S=.text    G=(none)   M=QDialogs ACBP=A9
 0001:00001548 0000000E C=CODE     S=.text    G=(none)   M=QFileDialog ACBP=A9
 0001:00001558 0000000E C=CODE     S=.text    G=(none)   M=QFileCtrls ACBP=A9
 0001:00001568 0000000E C=CODE     S=.text    G=(none)   M=QComCtrls ACBP=A9
 0001:00001578 0000000E C=CODE     S=.text    G=(none)   M=QButtons ACBP=A9
 0001:00001588 0000000E C=CODE     S=.text    G=(none)   M=QPrinters ACBP=A9
 0001:00001598 0000000E C=CODE     S=.text    G=(none)   M=fr_progr ACBP=A9
 0001:000015A8 0000000E C=CODE     S=.text    G=(none)   M=fr_const ACBP=A9
 0001:000015B8 0000000E C=CODE     S=.text    G=(none)   M=fr_utils ACBP=A9
 0001:000015C8 0000000E C=CODE     S=.text    G=(none)   M=fr_dbrel ACBP=A9
 0001:000015D8 0000000E C=CODE     S=.text    G=(none)   M=fr_view  ACBP=A9
 0001:000015E8 0000000E C=CODE     S=.text    G=(none)   M=fr_ctrls ACBP=A9
 0001:000015F8 0000000E C=CODE     S=.text    G=(none)   M=fr_dock  ACBP=A9
 0001:00001608 0000000E C=CODE     S=.text    G=(none)   M=fr_pars  ACBP=A9
 0001:00001618 0000000E C=CODE     S=.text    G=(none)   M=fr_intrp ACBP=A9
 0001:00001628 0000000E C=CODE     S=.text    G=(none)   M=fr_dset  ACBP=A9
 0001:00001638 0000000E C=CODE     S=.text    G=(none)   M=fr_dbset ACBP=A9
 0001:00001648 0000000E C=CODE     S=.text    G=(none)   M=fr_api   ACBP=A9
 0001:00001658 0000000E C=CODE     S=.text    G=(none)   M=fr_fmted ACBP=A9
 0001:00001668 0000000E C=CODE     S=.text    G=(none)   M=fr_passw ACBP=A9
 0001:00001678 0000000E C=CODE     S=.text    G=(none)   M=QMask    ACBP=A9
 0001:00001688 0000000E C=CODE     S=.text    G=(none)   M=fr_prdlg ACBP=A9
 0001:00001698 0000000E C=CODE     S=.text    G=(none)   M=fr_prntr ACBP=A9
 0001:000016A8 0000000E C=CODE     S=.text    G=(none)   M=libeay32 ACBP=A9
 0001:000016B8 0000000E C=CODE     S=.text    G=(none)   M=ACBrEAD  ACBP=A9
 0001:000016C8 0000000E C=CODE     S=.text    G=(none)   M=ACBrConsts ACBP=A9
 0001:000016D8 0000000E C=CODE     S=.text    G=(none)   M=ACBrUtil ACBP=A9
 0001:000016E8 0000005E C=CODE     S=.text    G=(none)   M=dmbasico ACBP=A9
 0001:00001748 0000000E C=CODE     S=.text    G=(none)   M=cttef    ACBP=A9
 0001:00001758 0000000E C=CODE     S=.text    G=(none)   M=cptransact ACBP=A9
 0001:00001768 0000000E C=CODE     S=.text    G=(none)   M=cpdatasource ACBP=A9
 0001:00001778 0000000E C=CODE     S=.text    G=(none)   M=dmtecsoft ACBP=A9
 0001:00001788 0000000E C=CODE     S=.text    G=(none)   M=fmlogin  ACBP=A9
 0001:00001798 0000000E C=CODE     S=.text    G=(none)   M=fmrenovarsenha ACBP=A9
 0001:000017A8 0000000E C=CODE     S=.text    G=(none)   M=dmsenhaautorizacao ACBP=A9
 0001:000017B8 0000000E C=CODE     S=.text    G=(none)   M=fmautorizacao ACBP=A9
 0001:000017C8 0000000E C=CODE     S=.text    G=(none)   M=fmloginbasico ACBP=A9
 0001:000017D8 0000000E C=CODE     S=.text    G=(none)   M=fmsenhaautorizacao ACBP=A9
 0001:000017E8 0000000E C=CODE     S=.text    G=(none)   M=cpnumero ACBP=A9
 0001:000017F8 0000000E C=CODE     S=.text    G=(none)   M=cpdbgrid ACBP=A9
 0001:00001808 00000026 C=CODE     S=.text    G=(none)   M=clecf    ACBP=A9
 0001:00001830 0000000E C=CODE     S=.text    G=(none)   M=ACBrBase ACBP=A9
 0001:00001840 0000000E C=CODE     S=.text    G=(none)   M=ACBrECF  ACBP=A9
 0001:00001850 0000000E C=CODE     S=.text    G=(none)   M=ACBrAAC  ACBP=A9
 0001:00001860 0000000E C=CODE     S=.text    G=(none)   M=ACBrPAFClass ACBP=A9
 0001:00001870 0000000E C=CODE     S=.text    G=(none)   M=ACBrRFD  ACBP=A9
 0001:00001880 0000000E C=CODE     S=.text    G=(none)   M=ACBrECFClass ACBP=A9
 0001:00001890 0000000E C=CODE     S=.text    G=(none)   M=ACBrDevice ACBP=A9
 0001:000018A0 0000000E C=CODE     S=.text    G=(none)   M=synaser  ACBP=A9
 0001:000018B0 0000000E C=CODE     S=.text    G=(none)   M=synautil ACBP=A9
 0001:000018C0 0000000E C=CODE     S=.text    G=(none)   M=synafpc  ACBP=A9
 0001:000018D0 0000000E C=CODE     S=.text    G=(none)   M=ACBrECFEscECF ACBP=A9
 0001:000018E0 0000000E C=CODE     S=.text    G=(none)   M=ACBrECFSwedaSTX ACBP=A9
 0001:000018F0 0000000E C=CODE     S=.text    G=(none)   M=ACBrECFNCR ACBP=A9
 0001:00001900 0000000E C=CODE     S=.text    G=(none)   M=ACBrECFEpson ACBP=A9
 0001:00001910 0000000E C=CODE     S=.text    G=(none)   M=ACBrECFFiscNET ACBP=A9
 0001:00001920 0000000E C=CODE     S=.text    G=(none)   M=ACBrECFQuattro ACBP=A9
 0001:00001930 0000000E C=CODE     S=.text    G=(none)   M=ACBrECFICash ACBP=A9
 0001:00001940 0000000E C=CODE     S=.text    G=(none)   M=ACBrECFYanco ACBP=A9
 0001:00001950 0000000E C=CODE     S=.text    G=(none)   M=ACBrECFUrano ACBP=A9
 0001:00001960 0000000E C=CODE     S=.text    G=(none)   M=ACBrECFDataRegis ACBP=A9
 0001:00001970 0000000E C=CODE     S=.text    G=(none)   M=ACBrECFSweda ACBP=A9
 0001:00001980 0000000E C=CODE     S=.text    G=(none)   M=ACBrECFMecaf ACBP=A9
 0001:00001990 0000000E C=CODE     S=.text    G=(none)   M=ACBrECFSchalter ACBP=A9
 0001:000019A0 0000000E C=CODE     S=.text    G=(none)   M=ACBrECFDaruma ACBP=A9
 0001:000019B0 0000000E C=CODE     S=.text    G=(none)   M=ACBrECFNaoFiscal ACBP=A9
 0001:000019C0 0000000E C=CODE     S=.text    G=(none)   M=ACBrECFBematech ACBP=A9
 0001:000019D0 0000000E C=CODE     S=.text    G=(none)   M=ACBrCHQClass ACBP=A9
 0001:000019E0 0000000E C=CODE     S=.text    G=(none)   M=ACBrCHQ  ACBP=A9
 0001:000019F0 0000000E C=CODE     S=.text    G=(none)   M=ACBrCHQUrano ACBP=A9
 0001:00001A00 0000000E C=CODE     S=.text    G=(none)   M=ACBrCHQSotomaq ACBP=A9
 0001:00001A10 0000000E C=CODE     S=.text    G=(none)   M=ACBrCHQPerto ACBP=A9
 0001:00001A20 0000000E C=CODE     S=.text    G=(none)   M=ACBrCHQSchalter ACBP=A9
 0001:00001A30 0000000E C=CODE     S=.text    G=(none)   M=ACBrCHQChronos ACBP=A9
 0001:00001A40 0000000E C=CODE     S=.text    G=(none)   M=ACBrCHQBematech ACBP=A9
 0001:00001A50 0000000E C=CODE     S=.text    G=(none)   M=ACBrCHQImpressoraComum ACBP=A9
 0001:00001A60 0000000E C=CODE     S=.text    G=(none)   M=ACBrExtenso ACBP=A9
 0001:00001A70 0000000E C=CODE     S=.text    G=(none)   M=ACBrCHQImpressoraECF ACBP=A9
 0001:00001A80 0000000E C=CODE     S=.text    G=(none)   M=climpressorachequepadrao ACBP=A9
 0001:00001A90 0000000E C=CODE     S=.text    G=(none)   M=cltextprinter ACBP=A9
 0001:00001AA0 0000000E C=CODE     S=.text    G=(none)   M=ctepson  ACBP=A9
 0001:00001AB0 0000000E C=CODE     S=.text    G=(none)   M=climpressorachequebematech ACBP=A9
 0001:00001AC0 0000000E C=CODE     S=.text    G=(none)   M=climpressorachequetsp ACBP=A9
 0001:00001AD0 0000000E C=CODE     S=.text    G=(none)   M=cltefdedicado ACBP=A9
 0001:00001AE0 0000000E C=CODE     S=.text    G=(none)   M=bbtefdedicado ACBP=A9
 0001:00001AF0 0000002E C=CODE     S=.text    G=(none)   M=cltefdiscado ACBP=A9
 0001:00001B20 00000016 C=CODE     S=.text    G=(none)   M=fmmensagemtemporizada ACBP=A9
 0001:00001B38 0000000E C=CODE     S=.text    G=(none)   M=clbackuptefdiscado ACBP=A9
 0001:00001B48 0000000E C=CODE     S=.text    G=(none)   M=fmprogresso ACBP=A9
 0001:00001B58 0000003E C=CODE     S=.text    G=(none)   M=fmajuda  ACBP=A9
 0001:00001B98 00000016 C=CODE     S=.text    G=(none)   M=fmhelpviewer ACBP=A9
 0001:00001BB0 0000000E C=CODE     S=.text    G=(none)   M=cpdbfindcontrols ACBP=A9
 0001:00001BC0 0000000E C=CODE     S=.text    G=(none)   M=cpdata   ACBP=A9
 0001:00001BD0 0000000E C=CODE     S=.text    G=(none)   M=fmpreviewpadrao ACBP=A9
 0001:00001BE0 0000000E C=CODE     S=.text    G=(none)   M=fr_e_htm ACBP=A9
 0001:00001BF0 0000000E C=CODE     S=.text    G=(none)   M=fr_e_txt ACBP=A9
 0001:00001C00 0000000E C=CODE     S=.text    G=(none)   M=fr_e_rtf ACBP=A9
 0001:00001C10 0000000E C=CODE     S=.text    G=(none)   M=fr_e_csv ACBP=A9
 0001:00001C20 0000000E C=CODE     S=.text    G=(none)   M=fmprocessando ACBP=A9
 0001:00001C30 0000002E C=CODE     S=.text    G=(none)   M=fmprincipalbasico ACBP=A9
 0001:00001C60 00000016 C=CODE     S=.text    G=(none)   M=fmfichafinanceira ACBP=A9
 0001:00001C78 0000000E C=CODE     S=.text    G=(none)   M=cptexto  ACBP=A9
 0001:00001C88 0000000E C=CODE     S=.text    G=(none)   M=cpdocumento ACBP=A9
 0001:00001C98 0000000E C=CODE     S=.text    G=(none)   M=cpdbdata ACBP=A9
 0001:00001CA8 0000000E C=CODE     S=.text    G=(none)   M=cpdbtext ACBP=A9
 0001:00001CB8 0000000E C=CODE     S=.text    G=(none)   M=cpdbmemo ACBP=A9
 0001:00001CC8 0000000E C=CODE     S=.text    G=(none)   M=dmconsultadadoscliente ACBP=A9
 0001:00001CD8 0000000E C=CODE     S=.text    G=(none)   M=frendereco ACBP=A9
 0001:00001CE8 0000000E C=CODE     S=.text    G=(none)   M=cpdoubledts ACBP=A9
 0001:00001CF8 0000000E C=CODE     S=.text    G=(none)   M=cpcep    ACBP=A9
 0001:00001D08 0000000E C=CODE     S=.text    G=(none)   M=fmnavcontroles ACBP=A9
 0001:00001D18 0000000E C=CODE     S=.text    G=(none)   M=fmconsultabasica ACBP=A9
 0001:00001D28 0000000E C=CODE     S=.text    G=(none)   M=fmselecionarimpressoras ACBP=A9
 0001:00001D38 0000000E C=CODE     S=.text    G=(none)   M=fmajudabt ACBP=A9
 0001:00001D48 0000000E C=CODE     S=.text    G=(none)   M=fmconsultaporcampo ACBP=A9
 0001:00001D58 0000000E C=CODE     S=.text    G=(none)   M=frconsultadadoscliente ACBP=A9
 0001:00001D68 0000000E C=CODE     S=.text    G=(none)   M=cpcpfcnpj ACBP=A9
 0001:00001D78 0000000E C=CODE     S=.text    G=(none)   M=fmcadastrosaldoclientes ACBP=A9
 0001:00001D88 00000016 C=CODE     S=.text    G=(none)   M=fmcadastropadrao ACBP=A9
 0001:00001DA0 0000000E C=CODE     S=.text    G=(none)   M=cpdbradiogroup ACBP=A9
 0001:00001DB0 0000000E C=CODE     S=.text    G=(none)   M=cpfone   ACBP=A9
 0001:00001DC0 0000000E C=CODE     S=.text    G=(none)   M=dmfichafinanceira ACBP=A9
 0001:00001DD0 0000000E C=CODE     S=.text    G=(none)   M=clfinanceira ACBP=A9
 0001:00001DE0 0000000E C=CODE     S=.text    G=(none)   M=dmimprimecarne ACBP=A9
 0001:00001DF0 0000000E C=CODE     S=.text    G=(none)   M=fmconfirmarimpressaonocontrato ACBP=A9
 0001:00001E00 0000000E C=CODE     S=.text    G=(none)   M=dmimprimeboleto ACBP=A9
 0001:00001E10 0000000E C=CODE     S=.text    G=(none)   M=ACBrBoleto ACBP=A9
 0001:00001E20 0000000E C=CODE     S=.text    G=(none)   M=ACBrValidador ACBP=A9
 0001:00001E30 0000000E C=CODE     S=.text    G=(none)   M=smtpsend ACBP=A9
 0001:00001E40 0000000E C=CODE     S=.text    G=(none)   M=synacode ACBP=A9
 0001:00001E50 0000000E C=CODE     S=.text    G=(none)   M=blcksock ACBP=A9
 0001:00001E60 0000000E C=CODE     S=.text    G=(none)   M=synaip   ACBP=A9
 0001:00001E70 0000000E C=CODE     S=.text    G=(none)   M=synsock  ACBP=A9
 0001:00001E80 0000000E C=CODE     S=.text    G=(none)   M=ssl_openssl ACBP=A9
 0001:00001E90 0000000E C=CODE     S=.text    G=(none)   M=ssl_openssl_lib ACBP=A9
 0001:00001EA0 0000000E C=CODE     S=.text    G=(none)   M=mimemess ACBP=A9
 0001:00001EB0 0000000E C=CODE     S=.text    G=(none)   M=mimeinln ACBP=A9
 0001:00001EC0 0000000E C=CODE     S=.text    G=(none)   M=synachar ACBP=A9
 0001:00001ED0 0000000E C=CODE     S=.text    G=(none)   M=synaicnv ACBP=A9
 0001:00001EE0 0000000E C=CODE     S=.text    G=(none)   M=mimepart ACBP=A9
 0001:00001EF0 0000000E C=CODE     S=.text    G=(none)   M=ACBrBancoBradesco ACBP=A9
 0001:00001F00 0000000E C=CODE     S=.text    G=(none)   M=ACBrBancoBrasil ACBP=A9
 0001:00001F10 0000000E C=CODE     S=.text    G=(none)   M=ACBrBanestes ACBP=A9
 0001:00001F20 0000000E C=CODE     S=.text    G=(none)   M=ACBrBancoItau ACBP=A9
 0001:00001F30 0000000E C=CODE     S=.text    G=(none)   M=ACBrBancoSicredi ACBP=A9
 0001:00001F40 0000000E C=CODE     S=.text    G=(none)   M=ACBrBancoMercantil ACBP=A9
 0001:00001F50 0000000E C=CODE     S=.text    G=(none)   M=ACBrCaixaEconomica ACBP=A9
 0001:00001F60 0000000E C=CODE     S=.text    G=(none)   M=ACBrBancoBanrisul ACBP=A9
 0001:00001F70 0000000E C=CODE     S=.text    G=(none)   M=ACBrBancoSantander ACBP=A9
 0001:00001F80 0000000E C=CODE     S=.text    G=(none)   M=ACBrBancoob ACBP=A9
 0001:00001F90 0000000E C=CODE     S=.text    G=(none)   M=ACBrCaixaEconomicaSICOB ACBP=A9
 0001:00001FA0 0000000E C=CODE     S=.text    G=(none)   M=ACBrBancoHSBC ACBP=A9
 0001:00001FB0 0000000E C=CODE     S=.text    G=(none)   M=ACBrBancoNordeste ACBP=A9
 0001:00001FC0 0000000E C=CODE     S=.text    G=(none)   M=ACBrBancoBRB ACBP=A9
 0001:00001FD0 0000000E C=CODE     S=.text    G=(none)   M=ACBrBoletoFCFortesFr ACBP=A9
 0001:00001FE0 0000000E C=CODE     S=.text    G=(none)   M=ACBrBarCode ACBP=A9
 0001:00001FF0 0000000E C=CODE     S=.text    G=(none)   M=AJBarcode ACBP=A9
 0001:00002000 0000000E C=CODE     S=.text    G=(none)   M=RLPrinters ACBP=A9
 0001:00002010 0000000E C=CODE     S=.text    G=(none)   M=RLConsts ACBP=A9
 0001:00002020 0000000E C=CODE     S=.text    G=(none)   M=RLTypes  ACBP=A9
 0001:00002030 0000000E C=CODE     S=.text    G=(none)   M=RLUtils  ACBP=A9
 0001:00002040 0000000E C=CODE     S=.text    G=(none)   M=RLFilters ACBP=A9
 0001:00002050 0000000E C=CODE     S=.text    G=(none)   M=RLMetaFile ACBP=A9
 0001:00002060 0000000E C=CODE     S=.text    G=(none)   M=RLMetaVCL ACBP=A9
 0001:00002070 0000000E C=CODE     S=.text    G=(none)   M=RLFeedBack ACBP=A9
 0001:00002080 0000000E C=CODE     S=.text    G=(none)   M=RLReport ACBP=A9
 0001:00002090 0000000E C=CODE     S=.text    G=(none)   M=RLParser ACBP=A9
 0001:000020A0 0000000E C=CODE     S=.text    G=(none)   M=RLSpoolFilter ACBP=A9
 0001:000020B0 0000000E C=CODE     S=.text    G=(none)   M=RLPrintDialog ACBP=A9
 0001:000020C0 0000000E C=CODE     S=.text    G=(none)   M=RLPreviewForm ACBP=A9
 0001:000020D0 0000000E C=CODE     S=.text    G=(none)   M=RLPreview ACBP=A9
 0001:000020E0 0000000E C=CODE     S=.text    G=(none)   M=RLSaveDialog ACBP=A9
 0001:000020F0 0000000E C=CODE     S=.text    G=(none)   M=RLFindDialog ACBP=A9
 0001:00002100 0000000E C=CODE     S=.text    G=(none)   M=RLHTMLFilter ACBP=A9
 0001:00002110 0000000E C=CODE     S=.text    G=(none)   M=RLPDFFilter ACBP=A9
 0001:00002120 0000000E C=CODE     S=.text    G=(none)   M=jpeg     ACBP=A9
 0001:00002130 0000000E C=CODE     S=.text    G=(none)   M=JConsts  ACBP=A9
 0001:00002140 0000000E C=CODE     S=.text    G=(none)   M=RLBarcode ACBP=A9
 0001:00002150 0000000E C=CODE     S=.text    G=(none)   M=dmimprimesaldocliente ACBP=A9
 0001:00002160 0000000E C=CODE     S=.text    G=(none)   M=fr_desgn ACBP=A9
 0001:00002170 0000000E C=CODE     S=.text    G=(none)   M=fr_color ACBP=A9
 0001:00002180 0000000E C=CODE     S=.text    G=(none)   M=fr_insp  ACBP=A9
 0001:00002190 0000000E C=CODE     S=.text    G=(none)   M=fr_popuplb ACBP=A9
 0001:000021A0 0000000E C=CODE     S=.text    G=(none)   M=fr_flds1 ACBP=A9
 0001:000021B0 0000000E C=CODE     S=.text    G=(none)   M=fr_pgopt ACBP=A9
 0001:000021C0 0000000E C=CODE     S=.text    G=(none)   M=fr_gedit ACBP=A9
 0001:000021D0 0000000E C=CODE     S=.text    G=(none)   M=fr_edit  ACBP=A9
 0001:000021E0 0000000E C=CODE     S=.text    G=(none)   M=fr_expr  ACBP=A9
 0001:000021F0 0000000E C=CODE     S=.text    G=(none)   M=fr_funcs ACBP=A9
 0001:00002200 0000000E C=CODE     S=.text    G=(none)   M=fr_arg   ACBP=A9
 0001:00002210 0000000E C=CODE     S=.text    G=(none)   M=fr_var   ACBP=A9
 0001:00002220 0000000E C=CODE     S=.text    G=(none)   M=fr_flds  ACBP=A9
 0001:00002230 0000000E C=CODE     S=.text    G=(none)   M=fr_templ ACBP=A9
 0001:00002240 0000000E C=CODE     S=.text    G=(none)   M=fr_newrp ACBP=A9
 0001:00002250 0000000E C=CODE     S=.text    G=(none)   M=fr_dsopt ACBP=A9
 0001:00002260 0000000E C=CODE     S=.text    G=(none)   M=fr_attre ACBP=A9
 0001:00002270 0000000E C=CODE     S=.text    G=(none)   M=fr_hilit ACBP=A9
 0001:00002280 0000000E C=CODE     S=.text    G=(none)   M=fr_dopt  ACBP=A9
 0001:00002290 0000000E C=CODE     S=.text    G=(none)   M=fr_dict  ACBP=A9
 0001:000022A0 0000000E C=CODE     S=.text    G=(none)   M=fr_vared ACBP=A9
 0001:000022B0 0000000E C=CODE     S=.text    G=(none)   M=fr_bnded ACBP=A9
 0001:000022C0 0000000E C=CODE     S=.text    G=(none)   M=fr_vbnd  ACBP=A9
 0001:000022D0 0000000E C=CODE     S=.text    G=(none)   M=fr_btyp  ACBP=A9
 0001:000022E0 0000000E C=CODE     S=.text    G=(none)   M=fr_grped ACBP=A9
 0001:000022F0 0000000E C=CODE     S=.text    G=(none)   M=fr_about ACBP=A9
 0001:00002300 0000000E C=CODE     S=.text    G=(none)   M=fr_iflds ACBP=A9
 0001:00002310 0000000E C=CODE     S=.text    G=(none)   M=fr_restr ACBP=A9
 0001:00002320 0000000E C=CODE     S=.text    G=(none)   M=fr_pagef ACBP=A9
 0001:00002330 0000000E C=CODE     S=.text    G=(none)   M=dmimprimecontratos ACBP=A9
 0001:00002340 0000000E C=CODE     S=.text    G=(none)   M=DBClient ACBP=A9
 0001:00002350 0000000E C=CODE     S=.text    G=(none)   M=Midas    ACBP=A9
 0001:00002360 00000016 C=CODE     S=.text    G=(none)   M=DSIntf   ACBP=A9
 0001:00002378 0000000E C=CODE     S=.text    G=(none)   M=MidConst ACBP=A9
 0001:00002388 0000000E C=CODE     S=.text    G=(none)   M=Provider ACBP=A9
 0001:00002398 0000000E C=CODE     S=.text    G=(none)   M=DataBkr  ACBP=A9
 0001:000023A8 0000000E C=CODE     S=.text    G=(none)   M=fr_barc  ACBP=A9
 0001:000023B8 0000000E C=CODE     S=.text    G=(none)   M=frbarcod ACBP=A9
 0001:000023C8 0000000E C=CODE     S=.text    G=(none)   M=fr_shape ACBP=A9
 0001:000023D8 0000000E C=CODE     S=.text    G=(none)   M=fr_ptabl ACBP=A9
 0001:000023E8 0000000E C=CODE     S=.text    G=(none)   M=QDBGrids ACBP=A9
 0001:000023F8 0000000E C=CODE     S=.text    G=(none)   M=QDBCtrls ACBP=A9
 0001:00002408 0000000E C=CODE     S=.text    G=(none)   M=QDBConsts ACBP=A9
 0001:00002418 0000000E C=CODE     S=.text    G=(none)   M=QDBPWDlg ACBP=A9
 0001:00002428 0000000E C=CODE     S=.text    G=(none)   M=QDBLogDlg ACBP=A9
 0001:00002438 0000000E C=CODE     S=.text    G=(none)   M=QGrids   ACBP=A9
 0001:00002448 0000000E C=CODE     S=.text    G=(none)   M=fmexibirjurosdescontos ACBP=A9
 0001:00002458 0000000E C=CODE     S=.text    G=(none)   M=dmmenufiscal ACBP=A9
 0001:00002468 0000000E C=CODE     S=.text    G=(none)   M=ACBrTXTClass ACBP=A9
 0001:00002478 0000000E C=CODE     S=.text    G=(none)   M=ACBrPAF  ACBP=A9
 0001:00002488 0000000E C=CODE     S=.text    G=(none)   M=ACBrPAF_N_Class ACBP=A9
 0001:00002498 0000000E C=CODE     S=.text    G=(none)   M=ACBrPAF_N ACBP=A9
 0001:000024A8 0000000E C=CODE     S=.text    G=(none)   M=ACBrPAFRegistros ACBP=A9
 0001:000024B8 0000000E C=CODE     S=.text    G=(none)   M=ACBrPAF_C_Class ACBP=A9
 0001:000024C8 0000000E C=CODE     S=.text    G=(none)   M=ACBrPAF_C ACBP=A9
 0001:000024D8 0000000E C=CODE     S=.text    G=(none)   M=ACBrSpedUtils ACBP=A9
 0001:000024E8 0000000E C=CODE     S=.text    G=(none)   M=ACBrPAF_T_Class ACBP=A9
 0001:000024F8 0000000E C=CODE     S=.text    G=(none)   M=ACBrPAF_T ACBP=A9
 0001:00002508 0000000E C=CODE     S=.text    G=(none)   M=ACBrPAF_R_Class ACBP=A9
 0001:00002518 0000000E C=CODE     S=.text    G=(none)   M=ACBrPAF_R ACBP=A9
 0001:00002528 0000000E C=CODE     S=.text    G=(none)   M=ACBrPAF_P_Class ACBP=A9
 0001:00002538 0000000E C=CODE     S=.text    G=(none)   M=ACBrPAF_P ACBP=A9
 0001:00002548 0000000E C=CODE     S=.text    G=(none)   M=ACBrPAF_H_Class ACBP=A9
 0001:00002558 0000000E C=CODE     S=.text    G=(none)   M=ACBrPAF_H ACBP=A9
 0001:00002568 0000000E C=CODE     S=.text    G=(none)   M=ACBrPAF_E_Class ACBP=A9
 0001:00002578 0000000E C=CODE     S=.text    G=(none)   M=ACBrPAF_E ACBP=A9
 0001:00002588 0000000E C=CODE     S=.text    G=(none)   M=ACBrPAF_D_Class ACBP=A9
 0001:00002598 0000000E C=CODE     S=.text    G=(none)   M=ACBrPAF_D ACBP=A9
 0001:000025A8 0000000E C=CODE     S=.text    G=(none)   M=ACBrPAF_B_Class ACBP=A9
 0001:000025B8 0000000E C=CODE     S=.text    G=(none)   M=ACBrPAF_B ACBP=A9
 0001:000025C8 00000016 C=CODE     S=.text    G=(none)   M=dmgerarmapasecf ACBP=A9
 0001:000025E0 0000000E C=CODE     S=.text    G=(none)   M=dmgerarsintegraemarquivo ACBP=A9
 0001:000025F0 0000000E C=CODE     S=.text    G=(none)   M=dmefd    ACBP=A9
 0001:00002600 0000000E C=CODE     S=.text    G=(none)   M=ACBrSpedFiscal ACBP=A9
 0001:00002610 0000000E C=CODE     S=.text    G=(none)   M=ACBrSped ACBP=A9
 0001:00002620 0000000E C=CODE     S=.text    G=(none)   M=ACBrEFDBlocos ACBP=A9
 0001:00002630 0000000E C=CODE     S=.text    G=(none)   M=ACBrEFDBloco_0_Class ACBP=A9
 0001:00002640 0000000E C=CODE     S=.text    G=(none)   M=ACBrEFDBloco_0 ACBP=A9
 0001:00002650 0000000E C=CODE     S=.text    G=(none)   M=ACBrEFDBloco_1_Class ACBP=A9
 0001:00002660 0000000E C=CODE     S=.text    G=(none)   M=ACBrEFDBloco_1 ACBP=A9
 0001:00002670 0000000E C=CODE     S=.text    G=(none)   M=ACBrEFDBloco_9_Class ACBP=A9
 0001:00002680 0000000E C=CODE     S=.text    G=(none)   M=ACBrEFDBloco_9 ACBP=A9
 0001:00002690 0000000E C=CODE     S=.text    G=(none)   M=ACBrEFDBloco_C_Class ACBP=A9
 0001:000026A0 0000000E C=CODE     S=.text    G=(none)   M=ACBrEFDBloco_C ACBP=A9
 0001:000026B0 0000000E C=CODE     S=.text    G=(none)   M=ACBrEFDBloco_D_Class ACBP=A9
 0001:000026C0 0000000E C=CODE     S=.text    G=(none)   M=ACBrEFDBloco_D ACBP=A9
 0001:000026D0 0000000E C=CODE     S=.text    G=(none)   M=ACBrEFDBloco_E_Class ACBP=A9
 0001:000026E0 0000000E C=CODE     S=.text    G=(none)   M=ACBrEFDBloco_E ACBP=A9
 0001:000026F0 0000000E C=CODE     S=.text    G=(none)   M=ACBrEFDBloco_G_Class ACBP=A9
 0001:00002700 0000000E C=CODE     S=.text    G=(none)   M=ACBrEFDBloco_G ACBP=A9
 0001:00002710 0000000E C=CODE     S=.text    G=(none)   M=ACBrEFDBloco_H_Class ACBP=A9
 0001:00002720 0000000E C=CODE     S=.text    G=(none)   M=ACBrEFDBloco_H ACBP=A9
 0001:00002730 0000000E C=CODE     S=.text    G=(none)   M=ACBrEFDBloco_0_Events ACBP=A9
 0001:00002740 0000000E C=CODE     S=.text    G=(none)   M=ACBrEFDBloco_C_Events ACBP=A9
 0001:00002750 0000000E C=CODE     S=.text    G=(none)   M=ACBrEFDBloco_D_Events ACBP=A9
 0001:00002760 0000000E C=CODE     S=.text    G=(none)   M=ACBrEFDBloco_E_Events ACBP=A9
 0001:00002770 0000000E C=CODE     S=.text    G=(none)   M=cptable  ACBP=A9
 0001:00002780 0000000E C=CODE     S=.text    G=(none)   M=dmcontrolenotasfiscaiseletronicas ACBP=A9
 0001:00002790 0000000E C=CODE     S=.text    G=(none)   M=clnfe    ACBP=A9
 0001:000027A0 0000000E C=CODE     S=.text    G=(none)   M=fmmensagemgridnfe ACBP=A9
 0001:000027B0 00004830 C=CODE     S=.text    G=(none)   M=crtl     ACBP=A9
 0001:00006FE0 0002AD90 C=CODE     S=.text    G=(none)   M=MidasLib ACBP=A9
 0001:00031D70 00000016 C=CODE     S=.text    G=(none)   M=dmacertocupomcancelado ACBP=A9
 0001:00031D88 00000016 C=CODE     S=.text    G=(none)   M=fmestornorecebimentos ACBP=A9
 0001:00031DA0 0000000E C=CODE     S=.text    G=(none)   M=dmestornorecebimentos ACBP=A9
 0001:00031DB0 00000016 C=CODE     S=.text    G=(none)   M=fmquitacaolote ACBP=A9
 0001:00031DC8 0000000E C=CODE     S=.text    G=(none)   M=cpeditioncontrolvalidation ACBP=A9
 0001:00031DD8 0000000E C=CODE     S=.text    G=(none)   M=Spin     ACBP=A9
 0001:00031DE8 0000000E C=CODE     S=.text    G=(none)   M=fmrelatoriopadrao ACBP=A9
 0001:00031DF8 0000000E C=CODE     S=.text    G=(none)   M=dmquitacaolote ACBP=A9
 0001:00031E08 0000000E C=CODE     S=.text    G=(none)   M=cpdblookupcombobox ACBP=A9
 0001:00031E18 00000016 C=CODE     S=.text    G=(none)   M=fmrelatoriofluxodecaixa ACBP=A9
 0001:00031E30 0000000E C=CODE     S=.text    G=(none)   M=dmrelatoriofluxodecaixa ACBP=A9
 0001:00031E40 00000074 C=CODE     S=.text    G=(none)   M=versao   ACBP=A9
 0001:00031EB4 00000384 C=CODE     S=.text    G=(none)   M=fmdescricaoteclux ACBP=A9
 0001:00032238 00006290 C=CODE     S=.text    G=(none)   M=fmtecsoft ACBP=A9
 0001:000384C8 000010D8 C=CODE     S=.text    G=(none)   M=teclux   ACBP=A9
 0002:00000000 0000001C C=DATA     S=.data    G=DGROUP   M=SysInit  ACBP=A9
 0002:0000001C 000009B0 C=DATA     S=.data    G=DGROUP   M=crtl     ACBP=A9
 0002:000009CC 000030A8 C=DATA     S=.data    G=DGROUP   M=MidasLib ACBP=A9
 0002:00003A74 00000001 C=DATA     S=.data    G=DGROUP   M=fmtecsoft ACBP=A9
 0002:00004000 00000008 C=BSS      S=.bss     G=DGROUP   M=SysInit  ACBP=A9
 0002:00004008 00000004 C=BSS      S=.bss     G=DGROUP   M=ShellAPI ACBP=A9
 0002:0000400C 00000004 C=BSS      S=.bss     G=DGROUP   M=Windows  ACBP=A9
 0002:00004010 00000004 C=BSS      S=.bss     G=DGROUP   M=Messages ACBP=A9
 0002:00004014 00000004 C=BSS      S=.bss     G=DGROUP   M=CommCtrl ACBP=A9
 0002:00004018 00000004 C=BSS      S=.bss     G=DGROUP   M=Imm      ACBP=A9
 0002:0000401C 00000004 C=BSS      S=.bss     G=DGROUP   M=ShlObj   ACBP=A9
 0002:00004020 00000004 C=BSS      S=.bss     G=DGROUP   M=UrlMon   ACBP=A9
 0002:00004024 00000004 C=BSS      S=.bss     G=DGROUP   M=WinInet  ACBP=A9
 0002:00004028 00000004 C=BSS      S=.bss     G=DGROUP   M=RegStr   ACBP=A9
 0002:0000402C 00000004 C=BSS      S=.bss     G=DGROUP   M=WinSpool ACBP=A9
 0002:00004030 00000004 C=BSS      S=.bss     G=DGROUP   M=CommDlg  ACBP=A9
 0002:00004034 00000004 C=BSS      S=.bss     G=DGROUP   M=Dlgs     ACBP=A9
 0002:00004038 00000004 C=BSS      S=.bss     G=DGROUP   M=RichEdit ACBP=A9
 0002:0000403C 00000004 C=BSS      S=.bss     G=DGROUP   M=TlHelp32 ACBP=A9
 0002:00004040 0000011C C=BSS      S=.bss     G=DGROUP   M=crtl     ACBP=A9
 0002:0000415C 00000004 C=BSS      S=.bss     G=DGROUP   M=MidasLib ACBP=A9
 0002:00004160 00000008 C=BSS      S=.bss     G=DGROUP   M=versao   ACBP=A9
 0002:00004168 00000004 C=BSS      S=.bss     G=DGROUP   M=fmdescricaoteclux ACBP=A9
 0002:0000416C 00000008 C=BSS      S=.bss     G=DGROUP   M=fmtecsoft ACBP=A9


  Address         Publics by Name

 0002:00003428       ..
 0001:00030898       ..
 0001:00030844       ..
 0001:000307F0       ..
 0001:000307C8       ..
 0002:00003414       ..
 0002:000033FC       ..
 0001:000307A0       ..
 0001:00030750       ..
 0001:0003073C       ..
 0001:00030714       ..
 0002:000033E8       ..
 0001:000306FC       ..
 0001:000306D4       ..
 0001:00030680       ..
 0001:00030670       ..
 0001:00030648       ..
 0002:000033D4       ..
 0001:0003063C       ..
 0001:00030614       ..
 0001:000305BC       ..
 0001:00030594       ..
 0001:0003056C       ..
 0002:000033C0       ..
 0001:0003055C       ..
 0001:00030534       ..
 0001:000304F0       ..
 0001:000304D4       ..
 0001:000304AC       ..
 0002:000033A0       ..
 0001:00030494       ..
 0001:0003046C       ..
 0001:00030418       ..
 0001:00030410       ..
 0001:000303E8       ..
 0002:00003380       ..
 0001:000303CC       ..
 0001:00030374       ..
 0001:00030320       ..
 0001:00030300       ..
 0002:00003360       ..
 0002:00003340       ..
 0002:00003330       ..
 0001:000302A4       ..
 0001:00030268       ..
 0002:00003320       ..
 0002:00003300       ..
 0002:000032B0       ..
 0002:000032A0       ..
 0001:00030208       ..
 0001:000301B0       ..
 0002:00003290       ..
 0002:00003270       ..
 0002:00003220       ..
 0002:00003210       ..
 0001:00030150       ..
 0001:00030114       ..
 0002:00003200       ..
 0002:000031E0       ..
 0002:000031A4       ..
 0002:00003194       ..
 0001:000300E0       ..
 0001:0003008C       ..
 0002:00003184       ..
 0002:00003170       ..
 0002:00003134       ..
 0002:00003124       ..
 0002:00000A14       ..
 0001:00030038       ..
 0001:0002FFF4       ..
 0002:00000A04       ..
 0002:000009E4       ..
 0002:000009CC       ..
 0002:00003440       ..
 0001:000308C0       ..
 0001:000308E8       ..
 0001:0003093C       ..
 0001:00030990       ..
 0002:00003454       ..
 0002:0000346C       ..
 0001:00006B0C       ..
 0001:000309B8       ..
 0001:000309E0       ..
 0001:00030A34       ..
 0001:00030A88       ..
 0002:00003480       ..
 0002:0000090C       ..
 0002:00003498       ..
 0001:00030AB0       ..
 0002:00000890       ..
 0001:00030AD8       ..
 0001:00030B28       ..
 0001:00030B7C       ..
 0002:000034AC       ..
 0002:000034C4       ..
 0001:000067D8       ..
 0001:00030BA4       ..
 0001:00030BCC       ..
 0001:00030C24       ..
 0001:00030C78       ..
 0002:000034D8       ..
 0002:000034F0       ..
 0001:00030CA0       ..
 0001:00030CC8       ..
 0001:00030D1C       ..
 0002:00003504       ..
 0002:0000351C       ..
 0001:00030D70       ..
 0001:00030DC4       ..
 0002:00003530       ..
 0002:00003548       ..
 0001:00030E18       ..
 0001:00030E74       ..
 0002:0000355C       ..
 0002:00003574       ..
 0002:00000878       ..
 0001:00030ECC       ..
 0001:00005EE0       ..
 0002:00000850       ..
 0001:00030F24       ..
 0001:000059FC       ..
 0002:00003A70       ..
 0002:00003588       ..
 0002:000035A0       ..
 0001:000316EC       ..
 0001:000029D8       ..
 0001:000316A8       ..
 0001:00031654       ..
 0001:00002A50       ..
 0002:00003A58       ..
 0002:0000001C       ..
 0002:00003A40       ..
 0001:00031600       ..
 0001:000315AC       ..
 0002:00003A20       ..
 0002:00003A08       ..
 0001:00031578       ..
 0001:00031524       ..
 0002:00003918       ..
 0002:00003900       ..
 0001:000314D0       ..
 0001:0003147C       ..
 0001:00003590       ..
 0002:00003810       ..
 0002:000037F8       ..
 0001:0003144C       ..
 0001:000313F4       ..
 0002:0000375C       ..
 0002:00000634       ..
 0001:00003DA0       ..
 0002:00003744       ..
 0001:000313A4       ..
 0001:00031350       ..
 0002:000036A8       ..
 0002:00003690       ..
 0002:000007B4       ..
 0001:0003130C       ..
 0001:000312B8       ..
 0002:0000367C       ..
 0002:00003664       ..
 0001:00031268       ..
 0001:00031214       ..
 0002:00003650       ..
 0002:00003638       ..
 0001:000311C0       ..
 0001:0003116C       ..
 0002:00003624       ..
 0002:0000360C       ..
 0001:00031118       ..
 0001:000310C4       ..
 0002:000035F8       ..
 0002:000035E0       ..
 0001:00031070       ..
 0001:0003101C       ..
 0002:000035CC       ..
 0002:000035B4       ..
 0002:00000804       ..
 0001:00030FC8       ..
 0001:00030F74       ..
 0002:00004034       .1
 0002:00004004       .1
 0002:00004030       .1
 0002:00004038       .1
 0002:0000403C       .1
 0002:00004028       .1
 0002:00004024       .1
 0002:00004020       .1
 0002:0000415C       .1
 0002:00004050       .1
 0002:00004008       .1
 0002:00004164       .1
 0002:0000401C       .1
 0002:00004010       .1
 0002:00004018       .1
 0002:00004014       .1
 0002:00004168       .2
 0002:0000400C       .3
 0002:00004170       .3
 0002:0000402C       .3
 0001:00031CFA       @$bdele$qpv
 0001:00031D03       @$bdla$qpv
 0001:00031CE8       @$bnew$qui
 0001:00031CF1       @$bnwa$qui
 0001:000001AC       @InitExe
 0001:00031D25       @std@memchr$qpviui
 0001:00031D11       @std@strchr$qpci
 0001:00031D1B       @std@strstr$qpcpxc
 0001:00037724       ApagarTodosMenusDesligados
 0001:00037688       ApagarTodosSubMenusDesligados
 0001:00034B4C       AtribuirItemMenu
 0001:000318E6       bcdFromLongDouble
 0001:00031B9A       bcdToLongDouble
 0001:00035E2C       CadastroAberto
 0001:000003B8       CharLowerA
 0001:000003C0       CharUpperA
 0001:00000828       CommCtrl
 0001:00000BD8       CommDlg
 0001:00000288       CompareStringA
 0002:00003A74       ConsultarTermino
 0001:00006FCC       crtl
 0001:00000290       DeleteCriticalSection
 0001:00000C10       Dlgs
 0001:00006FE0       DllGetDataSnapClassObject
 0001:00000298       EnterCriticalSection
 0001:00006F9C       Finalization
 0001:00000950       Finalization
 0001:000007F8       Finalization
 0001:00032200       Finalization
 0001:00000730       Finalization
 0001:00031E70       Finalization
 0001:00038490       Finalization
 0001:000003E0       Finalization
 0001:00000A20       Finalization
 0001:00000BE0       Finalization
 0001:00000228       Finalization
 0001:00000A58       Finalization
 0001:000001F0       Finalization
 0001:00031D2C       Finalization
 0001:00000A90       Finalization
 0001:00000D88       Finalization
 0001:00000AC8       Finalization
 0001:00000B70       Finalization
 0001:00000C58       Finalization
 0001:00000BA8       Finalization
 0001:000384C8       Finalization
 0001:00032230       fmdescricaoteclux
 0001:000384C0       fmtecsoft
 0002:0000416C       frmTecsoft
 0001:000002A0       GetACP
 0001:000002A8       GetCPInfo
 0001:000002B0       GetLastError
 0001:000002C0       GetLocaleInfoA
 0001:000002B8       GetLocalTime
 0001:000002C8       GetModuleFileNameA
 0001:00000198       GetModuleHandle
 0001:000002D0       GetModuleHandleA
 0001:000002D8       GetOEMCP
 0001:000002E0       GetProcAddress
 0001:000002E8       GetStdHandle
 0001:000002F0       GetStringTypeA
 0001:000002F8       GetSystemDefaultLangID
 0001:00000300       GetUserDefaultLCID
 0001:00031E40       GetVersao
 0001:00000308       GetVersionExA
 0001:00000310       GlobalAlloc
 0001:00000318       GlobalFree
 0001:00000328       GlobalHandle
 0001:00000320       GlobalLock
 0001:00000330       GlobalUnlock
 0002:00004000       HInstance
 0001:00000980       Imm
 0001:00000338       InitializeCriticalSection
 0001:000001A0       InitializeModule
 0001:00000340       IsValidLocale
 0001:00000348       LCMapStringA
 0001:00000350       LeaveCriticalSection
 0001:000003C8       LoadString
 0001:000003D0       LoadStringA
 0001:00000388       lstrcatA
 0001:00000390       lstrcmpA
 0001:00000398       lstrcmpiA
 0001:000003A0       lstrcpyA
 0001:000003A8       lstrcpynA
 0001:000003B0       lstrlenA
 0001:000003D8       MessageBox
 0001:00000760       Messages
 0001:00031D5C       MidasLib
 0002:00000004       Module
 0001:00000358       MultiByteToWideChar
 0001:00000360       OutputDebugStringA
 0001:000377E8       PermitirConfiguracoes
 0001:00000260       RegCloseKey
 0001:00000268       RegCreateKeyExA
 0001:00000270       RegDeleteKeyA
 0001:00000278       RegOpenKeyExA
 0001:00000280       RegSetValueExA
 0001:00000AF8       RegStr
 0001:0003540C       RemoverTodosItens
 0001:0003556C       RemoverTodosMenus
 0001:00000C88       RichEdit
 0001:00000368       SetLastError
 0001:00000370       SetThreadLocale
 0001:00000258       ShellAPI
 0001:00000A50       ShlObj
 0001:00000220       SysInit
 0001:000393A0       teclux
 0001:00032138       TfrmDescricaoTecLUX.Create
 0001:000321F0       TfrmDescricaoTecLUX.lblSiteClick
 0001:000345EC       TfrmTecsoft.AbrirCaixa
 0001:00036280       TfrmTecsoft.AbrirEstornosRecebimentos
 0001:00036234       TfrmTecsoft.AbrirFichaFinanceira
 0001:0003619C       TfrmTecsoft.AbrirQuitacaoLote
 0001:000361E8       TfrmTecsoft.AbrirRelatorioFluxodeCaixa
 0001:00034880       TfrmTecsoft.CarregarMenus
 0001:000347D0       TfrmTecsoft.CarregarPacotes
 0001:000355BC       TfrmTecsoft.CopiarMenu
 0001:000358D4       TfrmTecsoft.Create
 0001:00035898       TfrmTecsoft.Destroy
 0001:00035A48       TfrmTecsoft.ExecutarItemMenu
 0001:00035CD8       TfrmTecsoft.ExecutarItemMenuMax
 0001:00035F6C       TfrmTecsoft.FormCloseQuery
 0001:000360D4       TfrmTecsoft.FormRegistrado
 0001:00036134       TfrmTecsoft.FormRegistrado
 0001:00038328       TfrmTecsoft.FormShow
 0001:00038138       TfrmTecsoft.mitAberturaGavetaClick
 0001:000362CC       TfrmTecsoft.mitAdministracaoTEFClick
 0001:000364F4       TfrmTecsoft.mitAnteriorClick
 0001:00036520       TfrmTecsoft.mitAutenticacoesCaixaClick
 0001:0003655C       TfrmTecsoft.mitCancelarCupomClick
 0001:000347EC       TfrmTecsoft.mitConfiguraMenuPorModulo
 0001:000367B0       TfrmTecsoft.mitConteudoClick
 0001:00038298       TfrmTecsoft.mitEstornoRecebimentos1Click
 0001:000382E0       TfrmTecsoft.mitEstornoRecebimentosClick
 0001:000367C8       TfrmTecsoft.mitFecharClick
 0001:00038310       TfrmTecsoft.mitFichaFinanceira1Click
 0001:00038268       TfrmTecsoft.mitFichaFinanceiraClick
 0001:000367F4       TfrmTecsoft.mitFinalizarCupomVinculadoClick
 0001:00036880       TfrmTecsoft.mitFrenteCaixaClick
 0001:0003807C       TfrmTecsoft.mitGerarRemessasSoacredClick
 0001:000369C8       TfrmTecsoft.mitLeituraXClick
 0001:00036AB0       TfrmTecsoft.mitLerParametroSistemaClick
 0001:00038030       TfrmTecsoft.mitLerRetornosClick
 0001:00036ACC       TfrmTecsoft.mitLoginClick
 0001:00036B78       TfrmTecsoft.mitProximaClick
 0001:00038280       TfrmTecsoft.mitQuitacaoLote1Click
 0001:000382C8       TfrmTecsoft.mitQuitacaoLoteClick
 0001:00036BA4       TfrmTecsoft.mitReducaoZClick
 0001:000382B0       TfrmTecsoft.mitrelatoriofluxodecaixa1Click
 0001:000382F8       TfrmTecsoft.mitrelatoriofluxodecaixaClick
 0001:00036EE4       TfrmTecsoft.mitSairSistemaClick
 0001:00036EFC       TfrmTecsoft.mitSobreClick
 0001:00036F48       TfrmTecsoft.MostrarFormRegistrado
 0001:000371E8       TfrmTecsoft.MostrarSituacaoCaixa
 0001:00037434       TfrmTecsoft.NomeForm
 0001:000374BC       TfrmTecsoft.OperacaoPadrao
 0001:00038098       TfrmTecsoft.tmrAguardandoTimer
 0001:0003820C       TfrmTecsoft.TrataException
 0001:000378AC       TfrmTecsoft.VerificarMenu
 0001:00000DB8       TlHelp32
 0002:00000000       TlsIndex
 0001:00000A88       UrlMon
 0001:00037628       VerificarTodosMenus
 0001:0003755C       VerificarTodosSubMenus
 0001:00031EAC       versao
 0002:00004160       VersaoBanco
 0001:00000378       WideCharToMultiByte
 0001:00000410       Windows
 0001:00000AC0       WinInet
 0001:00000BA0       WinSpool
 0001:00000380       WriteFile
 0001:000061DC       _atof
 0001:000061F0       _atol
 0001:00002870       _calloc
 0002:000003A8       _CLOCALE
 0002:00000298       _CMonetary
 0002:000002CC       _CNumeric
 0002:000002E4       _CTimeDate
 0002:0000084C       _errno
 0001:000028B0       _free
 0001:000028D0       _gcvt
 0001:000056F0       _isalnum
 0001:0000571C       _isalpha
 0001:00005708       _isascii
 0001:00005734       _iscntrl
 0001:00005748       _isdigit
 0001:0000575C       _isgraph
 0001:00005774       _islower
 0001:00005788       _isprint
 0001:000057A0       _ispunct
 0001:000057B4       _isspace
 0001:000057C8       _isupper
 0001:000057DC       _isxdigit
 0001:00006820       _itoa
 0001:00006898       _ltoa
 0001:00002860       _malloc
 0001:00005220       _mblen
 0001:000053E4       _mbstowcs
 0001:0000529C       _mbtowc
 0001:00006F10       _memchr
 0001:00006EA4       _memcmp
 0001:000028D8       _memcpy
 0001:0000290C       _memmove
 0001:000028F4       _memset
 0001:0000289C       _realloc
 0001:00002A00       _sprintf
 0001:00002968       _strcat
 0001:0000298C       _strchr
 0001:00002938       _strcmp
 0001:00002958       _strcpy
 0001:000029A4       _strdup
 0001:00002948       _stricmp
 0001:00002928       _strlen
 0001:00002978       _strncat
 0001:00006F30       _strstr
 0001:00006B9C       _strtod
 0001:00002A28       _vsprintf
 0001:00006F84       _wcslen
 0001:0000554C       _wcstombs
 0001:00005370       _wctomb
 0001:0000627C       __atoi64
 0001:00006268       __atold
 0002:00000094       __chartype
 0001:00006320       __control87
 0001:000061C4       __cvt_init
 0002:0000088C       __default87
 0001:000027B8       __ErrorMessage
 0001:00006350       __ftol
 0001:00006AA4       __fuildq
 0001:00006AD4       __fuistq
 0001:00006AF8       __fxam
 0001:000068A0       __gcvt
 0001:000034A4       __getLocaleNumericInfo
 0002:00000894       __huge_dble
 0001:000067F8       __i64toa
 0001:00005964       __initMBCSTable
 0001:000059E0       __ismbcspace
 0001:0000656B       __lldiv
 0001:0000662C       __llmod
 0001:00006548       __llmul
 0001:000034F8       __llocaleconv
 0001:000066F4       __llshl
 0001:00006710       __llshr
 0001:000065E3       __lludiv
 0001:000066A6       __llumod
 0001:0000672C       __llushr
 0002:000005F8       __localeconvention
 0002:000004F8       __lower
 0001:00004F20       __lsetlocale
 0001:00004F38       __lstrlwr
 0001:00006870       __ltoa
 0001:00003450       __ltolower
 0002:00004054       __mbctype
 0001:00005974       __mbscspn
 0002:00004048       __nextrealptr
 0001:000068C4       __pow10
 0001:000027B0       __pure_error_
 0001:00006A7C       __qdiv10
 0001:00006A4C       __qmul10
 0002:00004044       __realcvtptr
 0002:0000404C       __scanrsltptr
 0001:0000299C       __scantod
 0002:00004040       __scantodptr
 0001:00005EC8       __scan_init
 0001:00003D94       __setCollate
 0001:00003648       __setCType
 0001:00003E50       __setLocale32A
 0001:00005838       __setmbcp
 0001:00003730       __setMonetary
 0001:00003D0C       __setNumeric
 0001:000038B0       __setTime
 0001:00006B34       __strtold
 0001:00004F5C       __win32DateTimeToPOSIX
 0001:0000637C       ___int64toa
 0001:000057F4       ___isctype
 0001:00006430       ___ldtrunc
 0002:000003D4       ___locale
 0001:00006748       ___longtoa
 0002:0000069C       ___mb_cur_max
 0001:000028C0       ___nextreal
 0001:000028C8       ___realcvt
 0001:000067BC       ___utoa
 0001:00002B00       ___vprinter
 0001:00006BD0       ___xcvt


  Address         Publics by Value

 0001:00000198       GetModuleHandle
 0001:000001A0       InitializeModule
 0001:000001AC       @InitExe
 0001:000001F0       Finalization
 0001:00000220       SysInit
 0001:00000228       Finalization
 0001:00000258       ShellAPI
 0001:00000260       RegCloseKey
 0001:00000268       RegCreateKeyExA
 0001:00000270       RegDeleteKeyA
 0001:00000278       RegOpenKeyExA
 0001:00000280       RegSetValueExA
 0001:00000288       CompareStringA
 0001:00000290       DeleteCriticalSection
 0001:00000298       EnterCriticalSection
 0001:000002A0       GetACP
 0001:000002A8       GetCPInfo
 0001:000002B0       GetLastError
 0001:000002B8       GetLocalTime
 0001:000002C0       GetLocaleInfoA
 0001:000002C8       GetModuleFileNameA
 0001:000002D0       GetModuleHandleA
 0001:000002D8       GetOEMCP
 0001:000002E0       GetProcAddress
 0001:000002E8       GetStdHandle
 0001:000002F0       GetStringTypeA
 0001:000002F8       GetSystemDefaultLangID
 0001:00000300       GetUserDefaultLCID
 0001:00000308       GetVersionExA
 0001:00000310       GlobalAlloc
 0001:00000318       GlobalFree
 0001:00000320       GlobalLock
 0001:00000328       GlobalHandle
 0001:00000330       GlobalUnlock
 0001:00000338       InitializeCriticalSection
 0001:00000340       IsValidLocale
 0001:00000348       LCMapStringA
 0001:00000350       LeaveCriticalSection
 0001:00000358       MultiByteToWideChar
 0001:00000360       OutputDebugStringA
 0001:00000368       SetLastError
 0001:00000370       SetThreadLocale
 0001:00000378       WideCharToMultiByte
 0001:00000380       WriteFile
 0001:00000388       lstrcatA
 0001:00000390       lstrcmpA
 0001:00000398       lstrcmpiA
 0001:000003A0       lstrcpyA
 0001:000003A8       lstrcpynA
 0001:000003B0       lstrlenA
 0001:000003B8       CharLowerA
 0001:000003C0       CharUpperA
 0001:000003C8       LoadString
 0001:000003D0       LoadStringA
 0001:000003D8       MessageBox
 0001:000003E0       Finalization
 0001:00000410       Windows
 0001:00000730       Finalization
 0001:00000760       Messages
 0001:000007F8       Finalization
 0001:00000828       CommCtrl
 0001:00000950       Finalization
 0001:00000980       Imm
 0001:00000A20       Finalization
 0001:00000A50       ShlObj
 0001:00000A58       Finalization
 0001:00000A88       UrlMon
 0001:00000A90       Finalization
 0001:00000AC0       WinInet
 0001:00000AC8       Finalization
 0001:00000AF8       RegStr
 0001:00000B70       Finalization
 0001:00000BA0       WinSpool
 0001:00000BA8       Finalization
 0001:00000BD8       CommDlg
 0001:00000BE0       Finalization
 0001:00000C10       Dlgs
 0001:00000C58       Finalization
 0001:00000C88       RichEdit
 0001:00000D88       Finalization
 0001:00000DB8       TlHelp32
 0001:000027B0       __pure_error_
 0001:000027B8       __ErrorMessage
 0001:00002860       _malloc
 0001:00002870       _calloc
 0001:0000289C       _realloc
 0001:000028B0       _free
 0001:000028C0       ___nextreal
 0001:000028C8       ___realcvt
 0001:000028D0       _gcvt
 0001:000028D8       _memcpy
 0001:000028F4       _memset
 0001:0000290C       _memmove
 0001:00002928       _strlen
 0001:00002938       _strcmp
 0001:00002948       _stricmp
 0001:00002958       _strcpy
 0001:00002968       _strcat
 0001:00002978       _strncat
 0001:0000298C       _strchr
 0001:0000299C       __scantod
 0001:000029A4       _strdup
 0001:000029D8       ..
 0001:00002A00       _sprintf
 0001:00002A28       _vsprintf
 0001:00002A50       ..
 0001:00002B00       ___vprinter
 0001:00003450       __ltolower
 0001:000034A4       __getLocaleNumericInfo
 0001:000034F8       __llocaleconv
 0001:00003590       ..
 0001:00003648       __setCType
 0001:00003730       __setMonetary
 0001:000038B0       __setTime
 0001:00003D0C       __setNumeric
 0001:00003D94       __setCollate
 0001:00003DA0       ..
 0001:00003E50       __setLocale32A
 0001:00004F20       __lsetlocale
 0001:00004F38       __lstrlwr
 0001:00004F5C       __win32DateTimeToPOSIX
 0001:00005220       _mblen
 0001:0000529C       _mbtowc
 0001:00005370       _wctomb
 0001:000053E4       _mbstowcs
 0001:0000554C       _wcstombs
 0001:000056F0       _isalnum
 0001:00005708       _isascii
 0001:0000571C       _isalpha
 0001:00005734       _iscntrl
 0001:00005748       _isdigit
 0001:0000575C       _isgraph
 0001:00005774       _islower
 0001:00005788       _isprint
 0001:000057A0       _ispunct
 0001:000057B4       _isspace
 0001:000057C8       _isupper
 0001:000057DC       _isxdigit
 0001:000057F4       ___isctype
 0001:00005838       __setmbcp
 0001:00005964       __initMBCSTable
 0001:00005974       __mbscspn
 0001:000059E0       __ismbcspace
 0001:000059FC       ..
 0001:00005EC8       __scan_init
 0001:00005EE0       ..
 0001:000061C4       __cvt_init
 0001:000061DC       _atof
 0001:000061F0       _atol
 0001:00006268       __atold
 0001:0000627C       __atoi64
 0001:00006320       __control87
 0001:00006350       __ftol
 0001:0000637C       ___int64toa
 0001:00006430       ___ldtrunc
 0001:00006548       __llmul
 0001:0000656B       __lldiv
 0001:000065E3       __lludiv
 0001:0000662C       __llmod
 0001:000066A6       __llumod
 0001:000066F4       __llshl
 0001:00006710       __llshr
 0001:0000672C       __llushr
 0001:00006748       ___longtoa
 0001:000067BC       ___utoa
 0001:000067D8       ..
 0001:000067F8       __i64toa
 0001:00006820       _itoa
 0001:00006870       __ltoa
 0001:00006898       _ltoa
 0001:000068A0       __gcvt
 0001:000068C4       __pow10
 0001:00006A4C       __qmul10
 0001:00006A7C       __qdiv10
 0001:00006AA4       __fuildq
 0001:00006AD4       __fuistq
 0001:00006AF8       __fxam
 0001:00006B0C       ..
 0001:00006B34       __strtold
 0001:00006B9C       _strtod
 0001:00006BD0       ___xcvt
 0001:00006EA4       _memcmp
 0001:00006F10       _memchr
 0001:00006F30       _strstr
 0001:00006F84       _wcslen
 0001:00006F9C       Finalization
 0001:00006FCC       crtl
 0001:00006FE0       DllGetDataSnapClassObject
 0001:0002FFF4       ..
 0001:00030038       ..
 0001:0003008C       ..
 0001:000300E0       ..
 0001:00030114       ..
 0001:00030150       ..
 0001:000301B0       ..
 0001:00030208       ..
 0001:00030268       ..
 0001:000302A4       ..
 0001:00030300       ..
 0001:00030320       ..
 0001:00030374       ..
 0001:000303CC       ..
 0001:000303E8       ..
 0001:00030410       ..
 0001:00030418       ..
 0001:0003046C       ..
 0001:00030494       ..
 0001:000304AC       ..
 0001:000304D4       ..
 0001:000304F0       ..
 0001:00030534       ..
 0001:0003055C       ..
 0001:0003056C       ..
 0001:00030594       ..
 0001:000305BC       ..
 0001:00030614       ..
 0001:0003063C       ..
 0001:00030648       ..
 0001:00030670       ..
 0001:00030680       ..
 0001:000306D4       ..
 0001:000306FC       ..
 0001:00030714       ..
 0001:0003073C       ..
 0001:00030750       ..
 0001:000307A0       ..
 0001:000307C8       ..
 0001:000307F0       ..
 0001:00030844       ..
 0001:00030898       ..
 0001:000308C0       ..
 0001:000308E8       ..
 0001:0003093C       ..
 0001:00030990       ..
 0001:000309B8       ..
 0001:000309E0       ..
 0001:00030A34       ..
 0001:00030A88       ..
 0001:00030AB0       ..
 0001:00030AD8       ..
 0001:00030B28       ..
 0001:00030B7C       ..
 0001:00030BA4       ..
 0001:00030BCC       ..
 0001:00030C24       ..
 0001:00030C78       ..
 0001:00030CA0       ..
 0001:00030CC8       ..
 0001:00030D1C       ..
 0001:00030D70       ..
 0001:00030DC4       ..
 0001:00030E18       ..
 0001:00030E74       ..
 0001:00030ECC       ..
 0001:00030F24       ..
 0001:00030F74       ..
 0001:00030FC8       ..
 0001:0003101C       ..
 0001:00031070       ..
 0001:000310C4       ..
 0001:00031118       ..
 0001:0003116C       ..
 0001:000311C0       ..
 0001:00031214       ..
 0001:00031268       ..
 0001:000312B8       ..
 0001:0003130C       ..
 0001:00031350       ..
 0001:000313A4       ..
 0001:000313F4       ..
 0001:0003144C       ..
 0001:0003147C       ..
 0001:000314D0       ..
 0001:00031524       ..
 0001:00031578       ..
 0001:000315AC       ..
 0001:00031600       ..
 0001:00031654       ..
 0001:000316A8       ..
 0001:000316EC       ..
 0001:000318E6       bcdFromLongDouble
 0001:00031B9A       bcdToLongDouble
 0001:00031CE8       @$bnew$qui
 0001:00031CF1       @$bnwa$qui
 0001:00031CFA       @$bdele$qpv
 0001:00031D03       @$bdla$qpv
 0001:00031D11       @std@strchr$qpci
 0001:00031D1B       @std@strstr$qpcpxc
 0001:00031D25       @std@memchr$qpviui
 0001:00031D2C       Finalization
 0001:00031D5C       MidasLib
 0001:00031E40       GetVersao
 0001:00031E70       Finalization
 0001:00031EAC       versao
 0001:00032138       TfrmDescricaoTecLUX.Create
 0001:000321F0       TfrmDescricaoTecLUX.lblSiteClick
 0001:00032200       Finalization
 0001:00032230       fmdescricaoteclux
 0001:000345EC       TfrmTecsoft.AbrirCaixa
 0001:000347D0       TfrmTecsoft.CarregarPacotes
 0001:000347EC       TfrmTecsoft.mitConfiguraMenuPorModulo
 0001:00034880       TfrmTecsoft.CarregarMenus
 0001:00034B4C       AtribuirItemMenu
 0001:0003540C       RemoverTodosItens
 0001:0003556C       RemoverTodosMenus
 0001:000355BC       TfrmTecsoft.CopiarMenu
 0001:00035898       TfrmTecsoft.Destroy
 0001:000358D4       TfrmTecsoft.Create
 0001:00035A48       TfrmTecsoft.ExecutarItemMenu
 0001:00035CD8       TfrmTecsoft.ExecutarItemMenuMax
 0001:00035E2C       CadastroAberto
 0001:00035F6C       TfrmTecsoft.FormCloseQuery
 0001:000360D4       TfrmTecsoft.FormRegistrado
 0001:00036134       TfrmTecsoft.FormRegistrado
 0001:0003619C       TfrmTecsoft.AbrirQuitacaoLote
 0001:000361E8       TfrmTecsoft.AbrirRelatorioFluxodeCaixa
 0001:00036234       TfrmTecsoft.AbrirFichaFinanceira
 0001:00036280       TfrmTecsoft.AbrirEstornosRecebimentos
 0001:000362CC       TfrmTecsoft.mitAdministracaoTEFClick
 0001:000364F4       TfrmTecsoft.mitAnteriorClick
 0001:00036520       TfrmTecsoft.mitAutenticacoesCaixaClick
 0001:0003655C       TfrmTecsoft.mitCancelarCupomClick
 0001:000367B0       TfrmTecsoft.mitConteudoClick
 0001:000367C8       TfrmTecsoft.mitFecharClick
 0001:000367F4       TfrmTecsoft.mitFinalizarCupomVinculadoClick
 0001:00036880       TfrmTecsoft.mitFrenteCaixaClick
 0001:000369C8       TfrmTecsoft.mitLeituraXClick
 0001:00036AB0       TfrmTecsoft.mitLerParametroSistemaClick
 0001:00036ACC       TfrmTecsoft.mitLoginClick
 0001:00036B78       TfrmTecsoft.mitProximaClick
 0001:00036BA4       TfrmTecsoft.mitReducaoZClick
 0001:00036EE4       TfrmTecsoft.mitSairSistemaClick
 0001:00036EFC       TfrmTecsoft.mitSobreClick
 0001:00036F48       TfrmTecsoft.MostrarFormRegistrado
 0001:000371E8       TfrmTecsoft.MostrarSituacaoCaixa
 0001:00037434       TfrmTecsoft.NomeForm
 0001:000374BC       TfrmTecsoft.OperacaoPadrao
 0001:0003755C       VerificarTodosSubMenus
 0001:00037628       VerificarTodosMenus
 0001:00037688       ApagarTodosSubMenusDesligados
 0001:00037724       ApagarTodosMenusDesligados
 0001:000377E8       PermitirConfiguracoes
 0001:000378AC       TfrmTecsoft.VerificarMenu
 0001:00038030       TfrmTecsoft.mitLerRetornosClick
 0001:0003807C       TfrmTecsoft.mitGerarRemessasSoacredClick
 0001:00038098       TfrmTecsoft.tmrAguardandoTimer
 0001:00038138       TfrmTecsoft.mitAberturaGavetaClick
 0001:0003820C       TfrmTecsoft.TrataException
 0001:00038268       TfrmTecsoft.mitFichaFinanceiraClick
 0001:00038280       TfrmTecsoft.mitQuitacaoLote1Click
 0001:00038298       TfrmTecsoft.mitEstornoRecebimentos1Click
 0001:000382B0       TfrmTecsoft.mitrelatoriofluxodecaixa1Click
 0001:000382C8       TfrmTecsoft.mitQuitacaoLoteClick
 0001:000382E0       TfrmTecsoft.mitEstornoRecebimentosClick
 0001:000382F8       TfrmTecsoft.mitrelatoriofluxodecaixaClick
 0001:00038310       TfrmTecsoft.mitFichaFinanceira1Click
 0001:00038328       TfrmTecsoft.FormShow
 0001:00038490       Finalization
 0001:000384C0       fmtecsoft
 0001:000384C8       Finalization
 0001:000393A0       teclux
 0002:00000000       TlsIndex
 0002:00000004       Module
 0002:0000001C       ..
 0002:00000094       __chartype
 0002:00000298       _CMonetary
 0002:000002CC       _CNumeric
 0002:000002E4       _CTimeDate
 0002:000003A8       _CLOCALE
 0002:000003D4       ___locale
 0002:000004F8       __lower
 0002:000005F8       __localeconvention
 0002:00000634       ..
 0002:0000069C       ___mb_cur_max
 0002:000007B4       ..
 0002:00000804       ..
 0002:0000084C       _errno
 0002:00000850       ..
 0002:00000878       ..
 0002:0000088C       __default87
 0002:00000890       ..
 0002:00000894       __huge_dble
 0002:0000090C       ..
 0002:000009CC       ..
 0002:000009E4       ..
 0002:00000A04       ..
 0002:00000A14       ..
 0002:00003124       ..
 0002:00003134       ..
 0002:00003170       ..
 0002:00003184       ..
 0002:00003194       ..
 0002:000031A4       ..
 0002:000031E0       ..
 0002:00003200       ..
 0002:00003210       ..
 0002:00003220       ..
 0002:00003270       ..
 0002:00003290       ..
 0002:000032A0       ..
 0002:000032B0       ..
 0002:00003300       ..
 0002:00003320       ..
 0002:00003330       ..
 0002:00003340       ..
 0002:00003360       ..
 0002:00003380       ..
 0002:000033A0       ..
 0002:000033C0       ..
 0002:000033D4       ..
 0002:000033E8       ..
 0002:000033FC       ..
 0002:00003414       ..
 0002:00003428       ..
 0002:00003440       ..
 0002:00003454       ..
 0002:0000346C       ..
 0002:00003480       ..
 0002:00003498       ..
 0002:000034AC       ..
 0002:000034C4       ..
 0002:000034D8       ..
 0002:000034F0       ..
 0002:00003504       ..
 0002:0000351C       ..
 0002:00003530       ..
 0002:00003548       ..
 0002:0000355C       ..
 0002:00003574       ..
 0002:00003588       ..
 0002:000035A0       ..
 0002:000035B4       ..
 0002:000035CC       ..
 0002:000035E0       ..
 0002:000035F8       ..
 0002:0000360C       ..
 0002:00003624       ..
 0002:00003638       ..
 0002:00003650       ..
 0002:00003664       ..
 0002:0000367C       ..
 0002:00003690       ..
 0002:000036A8       ..
 0002:00003744       ..
 0002:0000375C       ..
 0002:000037F8       ..
 0002:00003810       ..
 0002:00003900       ..
 0002:00003918       ..
 0002:00003A08       ..
 0002:00003A20       ..
 0002:00003A40       ..
 0002:00003A58       ..
 0002:00003A70       ..
 0002:00003A74       ConsultarTermino
 0002:00004000       HInstance
 0002:00004004       .1
 0002:00004008       .1
 0002:0000400C       .3
 0002:00004010       .1
 0002:00004014       .1
 0002:00004018       .1
 0002:0000401C       .1
 0002:00004020       .1
 0002:00004024       .1
 0002:00004028       .1
 0002:0000402C       .3
 0002:00004030       .1
 0002:00004034       .1
 0002:00004038       .1
 0002:0000403C       .1
 0002:00004040       __scantodptr
 0002:00004044       __realcvtptr
 0002:00004048       __nextrealptr
 0002:0000404C       __scanrsltptr
 0002:00004050       .1
 0002:00004054       __mbctype
 0002:0000415C       .1
 0002:00004160       VersaoBanco
 0002:00004164       .1
 0002:00004168       .2
 0002:0000416C       frmTecsoft
 0002:00004170       .3


Line numbers for versao(versao.pas) segment .text

    13 0001:00031E40    14 0001:00031E47    15 0001:00031E54    17 0001:00031EAC
    17 0001:00031EB3

Line numbers for fmdescricaoteclux(fmdescricaoteclux.pas) segment .text

    37 0001:00032138    38 0001:00032167    39 0001:00032174    40 0001:0003218D
    41 0001:000321A3    42 0001:000321EB    49 0001:000321F0    58 0001:000321FC
    60 0001:00032230    60 0001:00032237

Line numbers for fmtecsoft(fmtecsoft.pas) segment .text

   414 0001:000345EC   415 0001:00034608   416 0001:0003461C   417 0001:0003462C
   418 0001:00034638   419 0001:00034645   420 0001:0003465C   421 0001:0003466C
   423 0001:00034689   424 0001:000346A4   425 0001:000346AA   426 0001:000346B5
   427 0001:000346BB   429 0001:000346D7   430 0001:000346DB   431 0001:000346E1
   432 0001:000346ED   435 0001:00034712   438 0001:000347D0   439 0001:000347D9
   440 0001:000347E8   445 0001:000347EC   447 0001:000347F8   448 0001:00034816
   449 0001:0003484B   447 0001:00034862   453 0001:00034868   454 0001:00034870
   455 0001:0003487B   461 0001:00034880   462 0001:0003488D   463 0001:0003489C
   466 0001:000348AB   467 0001:000348B0   469 0001:000348B5   471 0001:000348D6
   472 0001:000348E8   473 0001:0003490A   474 0001:0003492C   475 0001:0003494C
   476 0001:0003497B   477 0001:000349A8   479 0001:000349C5   481 0001:000349EA
   483 0001:000349F8   485 0001:00034A02   487 0001:00034A27   488 0001:00034A3D
   489 0001:00034A48   491 0001:00034A52   493 0001:00034A77   494 0001:00034A9F
   496 0001:00034AAC   497 0001:00034AD1   498 0001:00034B0B   469 0001:00034B0E
   499 0001:00034B17   508 0001:00034B4C   509 0001:00034B50   510 0001:00034B64
   512 0001:00034B86   513 0001:00034BC0   515 0001:00034BD6   516 0001:00034C06
   517 0001:00034C32   518 0001:00034C74   519 0001:00034CB1   520 0001:00034CEF
   522 0001:00034D34   524 0001:00034D4A   525 0001:00034D7A   526 0001:00034DB0
   527 0001:00034DFD   528 0001:00034E45   529 0001:00034E8E   530 0001:00034EDB
   532 0001:00034F35   534 0001:00034F4B   535 0001:00034F7B   536 0001:00034FB1
   537 0001:00035009   538 0001:0003505C   539 0001:000350B0   540 0001:00035108
   542 0001:0003516D   544 0001:00035183   545 0001:000351B3   546 0001:000351E9
   547 0001:0003524C   548 0001:000352AA   549 0001:00035309   550 0001:0003536C
   552 0001:000353D7   556 0001:0003540C   557 0001:0003544E   558 0001:00035458
   560 0001:0003546E   561 0001:0003548F   562 0001:000354AE   563 0001:000354D0
   564 0001:000354EF   565 0001:0003550E   566 0001:00035530   558 0001:00035533
   567 0001:00035563   572 0001:0003556C   573 0001:00035575   574 0001:0003558F
   573 0001:000355A7   575 0001:000355AD   576 0001:000355B5   578 0001:000355BC
   579 0001:000355DF   581 0001:000355E5   582 0001:0003560C   581 0001:00035624
   585 0001:0003562F   587 0001:00035635   588 0001:00035652   589 0001:00035679
   588 0001:00035691   593 0001:0003569C   594 0001:000356A1   595 0001:000356AC
   597 0001:000356D4   598 0001:000356E1   599 0001:000356E8   600 0001:000356F3
   603 0001:00035704   605 0001:00035734   606 0001:00035741   608 0001:00035748
   611 0001:00035759   613 0001:00035791   614 0001:0003579E   616 0001:000357A5
   618 0001:000357B6   620 0001:000357F2   621 0001:000357FF   623 0001:00035806
   624 0001:00035817   618 0001:0003581A   625 0001:0003581F   611 0001:00035822
   626 0001:0003582B   603 0001:0003582E   627 0001:00035837   595 0001:0003583A
   629 0001:00035860   633 0001:00035898   634 0001:000358A9   635 0001:000358B1
   636 0001:000358CD   640 0001:000358D4   641 0001:00035909   642 0001:00035916
   643 0001:00035920   644 0001:0003593A   645 0001:00035943   646 0001:00035953
   647 0001:00035964   648 0001:0003596C   651 0001:000359AD   653 0001:000359C2
   654 0001:000359CC   655 0001:000359D6   656 0001:000359F0   660 0001:00035A37
   667 0001:00035A48   669 0001:00035A6C   670 0001:00035A70   673 0001:00035AA6
   675 0001:00035AC0   676 0001:00035AF5   680 0001:00035AFB   681 0001:00035B0D
   685 0001:00035B11   688 0001:00035B1B   690 0001:00035B39   691 0001:00035B47
   693 0001:00035B4D   694 0001:00035B60   696 0001:00035B6A   698 0001:00035B76
   699 0001:00035B81   700 0001:00035B8D   702 0001:00035B97   704 0001:00035BA3
   705 0001:00035BAE   711 0001:00035BB8   715 0001:00035C47   721 0001:00035CD8
   722 0001:00035D04   724 0001:00035D22   725 0001:00035D30   727 0001:00035D36
   728 0001:00035D49   730 0001:00035D53   732 0001:00035D5F   733 0001:00035D6A
   734 0001:00035D76   735 0001:00035D80   736 0001:00035D86   738 0001:00035D90
   740 0001:00035D9C   741 0001:00035DA7   747 0001:00035DB1   750 0001:00035E26
   757 0001:00035E2C   758 0001:00035E4E   759 0001:00035E52   760 0001:00035E7B
   761 0001:00035E9D   762 0001:00035EC6   763 0001:00035F1C   764 0001:00035F20
   766 0001:00035F22   759 0001:00035F25   767 0001:00035F66   771 0001:00035F6C
   772 0001:00035F95   773 0001:00035FA3   774 0001:00035FCF   775 0001:00035FDB
   776 0001:00035FE8   777 0001:00035FF5   778 0001:00036003   779 0001:0003600B
   780 0001:00036059   781 0001:00036061   783 0001:0003606B   784 0001:0003609E
   789 0001:000360D4   790 0001:000360F3   791 0001:00036101   792 0001:0003612F
   797 0001:00036134   798 0001:00036156   799 0001:00036163   800 0001:0003616E
   801 0001:00036196   804 0001:0003619C   805 0001:000361A3   806 0001:000361AD
   809 0001:000361C7   810 0001:000361D3   812 0001:000361E2   815 0001:000361E8
   816 0001:000361EF   817 0001:000361F9   820 0001:00036213   821 0001:0003621F
   823 0001:0003622E   826 0001:00036234   827 0001:0003623B   828 0001:00036245
   831 0001:0003625F   832 0001:0003626B   834 0001:0003627A   837 0001:00036280
   838 0001:00036287   839 0001:00036291   842 0001:000362AB   843 0001:000362B7
   845 0001:000362C6   854 0001:000362CC   856 0001:000362D8   857 0001:000362F2
   858 0001:000362FD   859 0001:00036309   860 0001:00036319   861 0001:0003632D
   862 0001:0003633C   863 0001:0003634A   864 0001:00036358   865 0001:0003635C
   866 0001:0003636C   868 0001:00036383   869 0001:0003638E   870 0001:00036398
   873 0001:000363B0   875 0001:000363C0   876 0001:000363D0   878 0001:000363E1
   881 0001:000364F4   883 0001:00036500   884 0001:00036511   885 0001:00036519
   888 0001:00036520   890 0001:0003652C   891 0001:00036534   892 0001:00036544
   893 0001:00036555   901 0001:0003655C   903 0001:0003658B   904 0001:0003659B
   906 0001:000365B8   907 0001:000365D3   908 0001:000365D9   909 0001:000365E4
   910 0001:000365EA   912 0001:00036606   913 0001:0003660A   914 0001:00036614
   915 0001:00036631   917 0001:0003663D   918 0001:0003664D   921 0001:00036674
   922 0001:0003668B   923 0001:000366D6   924 0001:000366E2   926 0001:000366E8
   927 0001:000366F5   928 0001:000366FB   932 0001:00036746   935 0001:000367B0
   936 0001:000367BC   937 0001:000367C4   940 0001:000367C8   942 0001:000367D4
   943 0001:000367E0   944 0001:000367ED   947 0001:000367F4   949 0001:00036816
   950 0001:00036825   951 0001:00036835   952 0001:0003687C   955 0001:00036880
   957 0001:0003689F   958 0001:000368A9   960 0001:000368B9   961 0001:000368C3
   962 0001:000368CB   963 0001:00036902   964 0001:0003690E   966 0001:00036959
   967 0001:00036969   968 0001:0003697A   970 0001:000369A1   973 0001:000369C8
   975 0001:000369EA   977 0001:000369FD   978 0001:00036A0C   979 0001:00036A1C
   981 0001:00036A63   984 0001:00036AB0   986 0001:00036ABC   987 0001:00036AC8
   990 0001:00036ACC   993 0001:00036ADA   994 0001:00036AF7   992 0001:00036B0A
   995 0001:00036B1B   996 0001:00036B2A  1000 0001:00036B3B  1001 0001:00036B43
  1002 0001:00036B50  1004 0001:00036B62  1005 0001:00036B69  1007 0001:00036B71
  1010 0001:00036B78  1012 0001:00036B84  1013 0001:00036B95  1014 0001:00036B9D
  1019 0001:00036BA4  1021 0001:00036BF1  1022 0001:00036BFE  1024 0001:00036C15
  1025 0001:00036C24  1026 0001:00036C34  1032 0001:00036C5B  1033 0001:00036C8A
  1036 0001:00036D25  1037 0001:00036D3C  1038 0001:00036D63  1044 0001:00036DBA
  1047 0001:00036EE4  1048 0001:00036EF0  1049 0001:00036EF8  1055 0001:00036EFC
  1056 0001:00036F08  1057 0001:00036F15  1058 0001:00036F27  1059 0001:00036F32
  1060 0001:00036F3A  1061 0001:00036F42  1069 0001:00036F48  1070 0001:00036FAC
  1071 0001:00036FC6  1072 0001:00036FCA  1074 0001:00036FD9  1077 0001:00036FF8
  1078 0001:0003702D  1082 0001:00037033  1083 0001:00037043  1087 0001:00037047
  1089 0001:00037051  1090 0001:0003705C  1091 0001:00037062  1093 0001:00037078
  1094 0001:00037086  1095 0001:0003708C  1096 0001:0003709A  1097 0001:000370A0
  1098 0001:000370B1  1099 0001:000370BC  1100 0001:000370C8  1103 0001:000370D4
  1107 0001:0003715D  1112 0001:000371E8  1113 0001:00037209  1114 0001:00037255
  1115 0001:00037269  1116 0001:00037279  1118 0001:000372B7  1119 0001:000372C7
  1120 0001:000372F3  1122 0001:00037364  1123 0001:000373F2  1126 0001:00037434
  1127 0001:00037457  1128 0001:000374A5  1131 0001:000374BC  1132 0001:00037502
  1133 0001:0003750E  1135 0001:0003751A  1136 0001:00037552  1184 0001:0003755C
  1185 0001:00037566  1186 0001:00037587  1185 0001:0003759F  1188 0001:000375A4
  1194 0001:0003760C  1195 0001:00037617  1196 0001:00037622  1198 0001:00037628
  1199 0001:0003762E  1200 0001:0003765B  1199 0001:0003767C  1201 0001:00037681
  1210 0001:00037688  1211 0001:00037691  1213 0001:000376AB  1214 0001:000376C8
  1215 0001:000376CF  1216 0001:000376E4  1217 0001:000376F9  1218 0001:00037703
  1211 0001:00037706  1219 0001:0003770C  1220 0001:00037715  1221 0001:0003771D
  1222 0001:00037724  1223 0001:0003772A  1225 0001:00037754  1226 0001:00037758
  1227 0001:00037776  1229 0001:000377BB  1230 0001:000377D7  1223 0001:000377DA
  1231 0001:000377E4  1235 0001:000377E8  1236 0001:00037802  1238 0001:0003782C
  1240 0001:00037852  1241 0001:00037856  1244 0001:00037858  1245 0001:0003785C
  1236 0001:0003785F  1246 0001:00037884  1249 0001:000378AC  1250 0001:000378B6
  1251 0001:000378C0  1252 0001:000378D4  1255 0001:000378DB  1256 0001:00037903
  1258 0001:00037918  1260 0001:00037933  1261 0001:00037943  1262 0001:00037953
  1263 0001:00037963  1266 0001:00037975  1269 0001:00037985  1272 0001:000379C8
  1275 0001:00037A0B  1276 0001:00037A1B  1278 0001:00037A45  1283 0001:00037A55
  1286 0001:00037A6E  1291 0001:00037A7A  1296 0001:00037AEB  1302 0001:00037B5C
  1307 0001:00037BCD  1313 0001:00037C3E  1318 0001:00037CAF  1324 0001:00037D20
  1329 0001:00037D91  1334 0001:00037E02  1335 0001:00037E0E  1337 0001:00037E42
  1338 0001:00037E4A  1340 0001:00037E64  1341 0001:00037E6E  1342 0001:00037E76
  1343 0001:00037E86  1346 0001:00037E99  1347 0001:00037EB2  1348 0001:00037EBC
  1352 0001:00037EC3  1355 0001:00038030  1357 0001:0003803C  1358 0001:00038048
  1411 0001:0003807C  1414 0001:00038088  1418 0001:00038093  1421 0001:00038098
  1423 0001:000380A4  1425 0001:000380B6  1426 0001:000380C6  1427 0001:000380D2
  1429 0001:000380F4  1432 0001:00038111  1433 0001:0003811D  1434 0001:00038128
  1440 0001:00038138  1442 0001:00038157  1443 0001:00038175  1445 0001:0003817B
  1446 0001:00038186  1447 0001:0003818C  1450 0001:000381A8  1451 0001:000381AC
  1452 0001:000381B2  1453 0001:000381DB  1456 0001:0003820C  1457 0001:0003822F
  1458 0001:00038262  1473 0001:00038268  1475 0001:00038274  1476 0001:0003827C
  1479 0001:00038280  1481 0001:0003828C  1482 0001:00038294  1485 0001:00038298
  1487 0001:000382A4  1488 0001:000382AC  1491 0001:000382B0  1493 0001:000382BC
  1494 0001:000382C4  1497 0001:000382C8  1499 0001:000382D4  1500 0001:000382DC
  1503 0001:000382E0  1505 0001:000382EC  1506 0001:000382F4  1509 0001:000382F8
  1511 0001:00038304  1512 0001:0003830C  1515 0001:00038310  1517 0001:0003831C
  1518 0001:00038324  1521 0001:00038328  1522 0001:00038348  1523 0001:00038353
  1524 0001:0003838A  1526 0001:00038398  1529 0001:000383EE  1530 0001:000383FA
  1531 0001:00038406  1532 0001:00038410  1534 0001:0003843C  1536 0001:000384C0
  1536 0001:000384C7

Line numbers for teclux(C:\projetos.vcl\apps\tecsoft\teclux.dpr) segment .text

    17 0001:000393A0    18 0001:000393C9    19 0001:000393D5    20 0001:000393E3
    21 0001:000393F4    22 0001:00039410    23 0001:00039427    24 0001:00039433
    26 0001:0003944F    27 0001:00039469    28 0001:0003947E    29 0001:00039496
    31 0001:000394A4    32 0001:000394A9    34 0001:000394BB    36 0001:000394CD
    39 0001:000394EC    40 0001:000394F8    42 0001:00039502    45 0001:00039510
    44 0001:0003951E    47 0001:0003952E    49 0001:0003953C    51 0001:00039572

Bound resource files

c:\borland\delphi7\Lib\midas.res
fmdescricaoteclux.dfm
fmtecsoft.dfm
teclux.res
teclux.drf


Program entry point at 0001:000393A0
